Archive member included to satisfy reference by file (symbol)

c:/nxp/s32ds.3.5/s32ds/build_tools/gcc_v10.2/gcc-10.2-arm32-eabi/bin/../lib/gcc/arm-none-eabi/10.2.0/../../../../arm-none-eabi/lib/thumb/v7e-m+fp/hard\libc_nano.a(lib_a-memcpy-stub.o)
                              ./FreeRTOS/Source/queue.o (memcpy)
c:/nxp/s32ds.3.5/s32ds/build_tools/gcc_v10.2/gcc-10.2-arm32-eabi/bin/../lib/gcc/arm-none-eabi/10.2.0/../../../../arm-none-eabi/lib/thumb/v7e-m+fp/hard\libc_nano.a(lib_a-memmove.o)
                              ./RTD/src/Siul2_Port_Ip.o (memmove)
c:/nxp/s32ds.3.5/s32ds/build_tools/gcc_v10.2/gcc-10.2-arm32-eabi/bin/../lib/gcc/arm-none-eabi/10.2.0/../../../../arm-none-eabi/lib/thumb/v7e-m+fp/hard\libc_nano.a(lib_a-memset.o)
                              ./FreeRTOS/Source/stream_buffer.o (memset)
c:/nxp/s32ds.3.5/s32ds/build_tools/gcc_v10.2/gcc-10.2-arm32-eabi/bin/../lib/gcc/arm-none-eabi/10.2.0/../../../../arm-none-eabi/lib/thumb/v7e-m+fp/hard\libc_nano.a(lib_a-sprintf.o)
                              ./FreeRTOS/Source/tasks.o (sprintf)
c:/nxp/s32ds.3.5/s32ds/build_tools/gcc_v10.2/gcc-10.2-arm32-eabi/bin/../lib/gcc/arm-none-eabi/10.2.0/../../../../arm-none-eabi/lib/thumb/v7e-m+fp/hard\libc_nano.a(lib_a-strcpy.o)
                              ./FreeRTOS/Source/tasks.o (strcpy)
c:/nxp/s32ds.3.5/s32ds/build_tools/gcc_v10.2/gcc-10.2-arm32-eabi/bin/../lib/gcc/arm-none-eabi/10.2.0/../../../../arm-none-eabi/lib/thumb/v7e-m+fp/hard\libc_nano.a(lib_a-strlen.o)
                              ./FreeRTOS/Source/tasks.o (strlen)
c:/nxp/s32ds.3.5/s32ds/build_tools/gcc_v10.2/gcc-10.2-arm32-eabi/bin/../lib/gcc/arm-none-eabi/10.2.0/../../../../arm-none-eabi/lib/thumb/v7e-m+fp/hard\libc_nano.a(lib_a-impure.o)
                              c:/nxp/s32ds.3.5/s32ds/build_tools/gcc_v10.2/gcc-10.2-arm32-eabi/bin/../lib/gcc/arm-none-eabi/10.2.0/../../../../arm-none-eabi/lib/thumb/v7e-m+fp/hard\libc_nano.a(lib_a-sprintf.o) (_impure_ptr)
c:/nxp/s32ds.3.5/s32ds/build_tools/gcc_v10.2/gcc-10.2-arm32-eabi/bin/../lib/gcc/arm-none-eabi/10.2.0/../../../../arm-none-eabi/lib/thumb/v7e-m+fp/hard\libc_nano.a(lib_a-nano-svfprintf.o)
                              c:/nxp/s32ds.3.5/s32ds/build_tools/gcc_v10.2/gcc-10.2-arm32-eabi/bin/../lib/gcc/arm-none-eabi/10.2.0/../../../../arm-none-eabi/lib/thumb/v7e-m+fp/hard\libc_nano.a(lib_a-sprintf.o) (_svfprintf_r)
c:/nxp/s32ds.3.5/s32ds/build_tools/gcc_v10.2/gcc-10.2-arm32-eabi/bin/../lib/gcc/arm-none-eabi/10.2.0/../../../../arm-none-eabi/lib/thumb/v7e-m+fp/hard\libc_nano.a(lib_a-nano-vfprintf_i.o)
                              c:/nxp/s32ds.3.5/s32ds/build_tools/gcc_v10.2/gcc-10.2-arm32-eabi/bin/../lib/gcc/arm-none-eabi/10.2.0/../../../../arm-none-eabi/lib/thumb/v7e-m+fp/hard\libc_nano.a(lib_a-nano-svfprintf.o) (_printf_i)
c:/nxp/s32ds.3.5/s32ds/build_tools/gcc_v10.2/gcc-10.2-arm32-eabi/bin/../lib/gcc/arm-none-eabi/10.2.0/../../../../arm-none-eabi/lib/thumb/v7e-m+fp/hard\libc_nano.a(lib_a-memchr.o)
                              c:/nxp/s32ds.3.5/s32ds/build_tools/gcc_v10.2/gcc-10.2-arm32-eabi/bin/../lib/gcc/arm-none-eabi/10.2.0/../../../../arm-none-eabi/lib/thumb/v7e-m+fp/hard\libc_nano.a(lib_a-nano-svfprintf.o) (memchr)
c:/nxp/s32ds.3.5/s32ds/build_tools/gcc_v10.2/gcc-10.2-arm32-eabi/bin/../lib/gcc/arm-none-eabi/10.2.0/../../../../arm-none-eabi/lib/thumb/v7e-m+fp/hard\libc_nano.a(lib_a-nano-freer.o)
                              c:/nxp/s32ds.3.5/s32ds/build_tools/gcc_v10.2/gcc-10.2-arm32-eabi/bin/../lib/gcc/arm-none-eabi/10.2.0/../../../../arm-none-eabi/lib/thumb/v7e-m+fp/hard\libc_nano.a(lib_a-nano-svfprintf.o) (_free_r)
c:/nxp/s32ds.3.5/s32ds/build_tools/gcc_v10.2/gcc-10.2-arm32-eabi/bin/../lib/gcc/arm-none-eabi/10.2.0/../../../../arm-none-eabi/lib/thumb/v7e-m+fp/hard\libc_nano.a(lib_a-nano-mallocr.o)
                              c:/nxp/s32ds.3.5/s32ds/build_tools/gcc_v10.2/gcc-10.2-arm32-eabi/bin/../lib/gcc/arm-none-eabi/10.2.0/../../../../arm-none-eabi/lib/thumb/v7e-m+fp/hard\libc_nano.a(lib_a-nano-svfprintf.o) (_malloc_r)
c:/nxp/s32ds.3.5/s32ds/build_tools/gcc_v10.2/gcc-10.2-arm32-eabi/bin/../lib/gcc/arm-none-eabi/10.2.0/../../../../arm-none-eabi/lib/thumb/v7e-m+fp/hard\libc_nano.a(lib_a-nano-reallocr.o)
                              c:/nxp/s32ds.3.5/s32ds/build_tools/gcc_v10.2/gcc-10.2-arm32-eabi/bin/../lib/gcc/arm-none-eabi/10.2.0/../../../../arm-none-eabi/lib/thumb/v7e-m+fp/hard\libc_nano.a(lib_a-nano-svfprintf.o) (_realloc_r)
c:/nxp/s32ds.3.5/s32ds/build_tools/gcc_v10.2/gcc-10.2-arm32-eabi/bin/../lib/gcc/arm-none-eabi/10.2.0/../../../../arm-none-eabi/lib/thumb/v7e-m+fp/hard\libc_nano.a(lib_a-sbrkr.o)
                              c:/nxp/s32ds.3.5/s32ds/build_tools/gcc_v10.2/gcc-10.2-arm32-eabi/bin/../lib/gcc/arm-none-eabi/10.2.0/../../../../arm-none-eabi/lib/thumb/v7e-m+fp/hard\libc_nano.a(lib_a-nano-mallocr.o) (_sbrk_r)
[...]
Memory Configuration

Name             Origin             Length             Attributes
int_pflash       0x00400000         0x003d4000
int_dflash       0x10000000         0x00020000
int_itcm         0x00000000         0x00010000
int_dtcm         0x20000000         0x0001f000
int_stack_dtcm   0x2001f000         0x00001000
int_sram         0x20400000         0x0002ff00
int_sram_fls_rsv 0x2042ff00         0x00000100
int_sram_no_cacheable 0x20430000         0x0000ff00
int_sram_results 0x2043ff00         0x00000100
int_sram_shareable 0x20440000         0x00004000
ram_rsvd2        0x20444000         0x00000000
*default*        0x00000000         0xffffffff

Linker script and memory map

LOAD ./FreeRTOS/Source/croutine.o
LOAD ./FreeRTOS/Source/event_groups.o
LOAD ./FreeRTOS/Source/list.o
LOAD ./FreeRTOS/Source/queue.o
LOAD ./FreeRTOS/Source/stream_buffer.o
LOAD ./FreeRTOS/Source/tasks.o
LOAD ./FreeRTOS/Source/timers.o
LOAD ./FreeRTOS/Source/portable/GCC/ARM_CM7/r0p1/port.o
LOAD ./FreeRTOS/Source/portable/MemMang/heap_1.o
LOAD ./Project_Settings/Startup_Code/Vector_Table.o
LOAD ./Project_Settings/Startup_Code/exceptions.o
LOAD ./Project_Settings/Startup_Code/nvic.o
LOAD ./Project_Settings/Startup_Code/startup.o
LOAD ./Project_Settings/Startup_Code/startup_cm7.o
LOAD ./Project_Settings/Startup_Code/system.o
LOAD ./RTD/src/Clock_Ip.o
LOAD ./RTD/src/Clock_Ip_Data.o
LOAD ./RTD/src/Clock_Ip_Divider.o
LOAD ./RTD/src/Clock_Ip_DividerTrigger.o
LOAD ./RTD/src/Clock_Ip_ExtOsc.o
LOAD ./RTD/src/Clock_Ip_FracDiv.o
LOAD ./RTD/src/Clock_Ip_Frequency.o
LOAD ./RTD/src/Clock_Ip_Gate.o
LOAD ./RTD/src/Clock_Ip_IntOsc.o
LOAD ./RTD/src/Clock_Ip_Irq.o
LOAD ./RTD/src/Clock_Ip_Monitor.o
LOAD ./RTD/src/Clock_Ip_Pll.o
LOAD ./RTD/src/Clock_Ip_ProgFreqSwitch.o
LOAD ./RTD/src/Clock_Ip_Selector.o
LOAD ./RTD/src/Clock_Ip_Specific.o
LOAD ./RTD/src/Det.o
LOAD ./RTD/src/Det_stub.o
LOAD ./RTD/src/FlexCAN_Ip.o
LOAD ./RTD/src/FlexCAN_Ip_HwAccess.o
LOAD ./RTD/src/FlexCAN_Ip_Irq.o
LOAD ./RTD/src/Igf_Port_Ip.o
LOAD ./RTD/src/OsIf_Interrupts.o
LOAD ./RTD/src/OsIf_Timer.o
LOAD ./RTD/src/OsIf_Timer_System.o
LOAD ./RTD/src/OsIf_Timer_System_Internal_Systick.o
LOAD ./RTD/src/SchM_Can_43_FLEXCAN.o
LOAD ./RTD/src/SchM_Dio.o
LOAD ./RTD/src/SchM_Mcu.o
LOAD ./RTD/src/SchM_Port.o
LOAD ./RTD/src/Siul2_Dio_Ip.o
LOAD ./RTD/src/Siul2_Port_Ip.o
LOAD ./RTD/src/Tspc_Port_Ip.o
LOAD ./board/Siul2_Port_Ip_Cfg.o
LOAD ./board/Tspc_Port_Ip_Cfg.o
LOAD ./generate/src/Clock_Ip_Cfg.o
LOAD ./generate/src/FlexCAN_Ip_Sa_PBcfg.o
LOAD ./generate/src/Igf_Port_Ip_Cfg.o
LOAD ./generate/src/OsIf_Cfg.o
LOAD ./src/main.o
LOAD c:/nxp/s32ds.3.5/s32ds/build_tools/gcc_v10.2/gcc-10.2-arm32-eabi/bin/../lib/gcc/arm-none-eabi/10.2.0/../../../../arm-none-eabi/lib/thumb/v7e-m+fp/hard\libc_nano.a
LOAD c:/nxp/s32ds.3.5/s32ds/build_tools/gcc_v10.2/gcc-10.2-arm32-eabi/bin/../lib/gcc/arm-none-eabi/10.2.0/../../../../arm-none-eabi/lib/thumb/v7e-m+fp/hard\libm.a
LOAD c:/nxp/s32ds.3.5/s32ds/build_tools/gcc_v10.2/gcc-10.2-arm32-eabi/bin/../lib/gcc/arm-none-eabi/10.2.0/thumb/v7e-m+fp/hard\libgcc.a
START GROUP
LOAD c:/nxp/s32ds.3.5/s32ds/build_tools/gcc_v10.2/gcc-10.2-arm32-eabi/bin/../lib/gcc/arm-none-eabi/10.2.0/thumb/v7e-m+fp/hard\libgcc.a
LOAD c:/nxp/s32ds.3.5/s32ds/build_tools/gcc_v10.2/gcc-10.2-arm32-eabi/bin/../lib/gcc/arm-none-eabi/10.2.0/../../../../arm-none-eabi/lib/thumb/v7e-m+fp/hard\libg_nano.a
LOAD c:/nxp/s32ds.3.5/s32ds/build_tools/gcc_v10.2/gcc-10.2-arm32-eabi/bin/../lib/gcc/arm-none-eabi/10.2.0/../../../../arm-none-eabi/lib/thumb/v7e-m+fp/hard\libc_nano.a
END GROUP
START GROUP
LOAD c:/nxp/s32ds.3.5/s32ds/build_tools/gcc_v10.2/gcc-10.2-arm32-eabi/bin/../lib/gcc/arm-none-eabi/10.2.0/thumb/v7e-m+fp/hard\libgcc.a
LOAD c:/nxp/s32ds.3.5/s32ds/build_tools/gcc_v10.2/gcc-10.2-arm32-eabi/bin/../lib/gcc/arm-none-eabi/10.2.0/../../../../arm-none-eabi/lib/thumb/v7e-m+fp/hard\libc_nano.a
LOAD c:/nxp/s32ds.3.5/s32ds/build_tools/gcc_v10.2/gcc-10.2-arm32-eabi/bin/../lib/gcc/arm-none-eabi/10.2.0/../../../../arm-none-eabi/lib/thumb/v7e-m+fp/hard\libnosys.a
END GROUP
START GROUP
LOAD c:/nxp/s32ds.3.5/s32ds/build_tools/gcc_v10.2/gcc-10.2-arm32-eabi/bin/../lib/gcc/arm-none-eabi/10.2.0/thumb/v7e-m+fp/hard\libgcc.a
LOAD c:/nxp/s32ds.3.5/s32ds/build_tools/gcc_v10.2/gcc-10.2-arm32-eabi/bin/../lib/gcc/arm-none-eabi/10.2.0/../../../../arm-none-eabi/lib/thumb/v7e-m+fp/hard\libc_nano.a
LOAD c:/nxp/s32ds.3.5/s32ds/build_tools/gcc_v10.2/gcc-10.2-arm32-eabi/bin/../lib/gcc/arm-none-eabi/10.2.0/../../../../arm-none-eabi/lib/thumb/v7e-m+fp/hard\libnosys.a
END GROUP
                0x00002000                HEAP_SIZE = DEFINED (__heap_size__)?__heap_size__:0x2000
                0x20407fff                __STANDBY_RAM_LIMIT_END = 0x20407fff

.pflash         0x00400000     0xe784
 *(.boot_header)
 .boot_header   0x00400000       0x30 ./Project_Settings/Startup_Code/startup_cm7.o
                0x00400800                . = ALIGN (0x800)
 *fill*         0x00400030      0x7d0 
                0x00400800                __text_start = .
                0x00400800                __interrupts_init_start = .
 *(.intc_vector)
 .intc_vector   0x00400800      0x408 ./Project_Settings/Startup_Code/Vector_Table.o
                0x00400800                VTABLE
                0x00400c08                . = ALIGN (0x4)
                0x00400c08                __interrupts_init_end = .
 *(.core_loop)
 .core_loop     0x00400c08        0xc ./Project_Settings/Startup_Code/startup_cm7.o
                0x00400c08                _core_loop
                0x00400c14                . = ALIGN (0x4)
 *(.startup)
 *fill*         0x00400c14        0xc 
 .startup       0x00400c20      0x1dc ./Project_Settings/Startup_Code/startup_cm7.o
                0x00400c20                Reset_Handler
                0x00400c20                _start
                0x00400d8c                MCAL_LTB_TRACE_OFF
                0x00400d8e                _end_of_eunit_test
                0x00400dfc                . = ALIGN (0x4)
 *(.systeminit)
                0x00400dfc                . = ALIGN (0x4)
 *(.text.startup)
 .text.startup  0x00400dfc       0xd0 ./src/main.o
                0x00400dfc                main
                0x00400ecc                . = ALIGN (0x4)
 *(.text)
 .text          0x00400ecc        0x0 ./FreeRTOS/Source/croutine.o
 .text          0x00400ecc      0x3b0 ./FreeRTOS/Source/event_groups.o
                0x00400ecc                xEventGroupCreate
                0x00400ee6                xEventGroupWaitBits
                0x00401006                xEventGroupClearBits
                0x00401054                vEventGroupClearBitsCallback
                0x00401058                xEventGroupClearBitsFromISR
                0x00401068                xEventGroupGetBitsFromISR
                0x00401088                xEventGroupSetBits
                0x00401116                xEventGroupSync
                0x004011fe                vEventGroupSetBitsCallback
                0x00401202                vEventGroupDelete
                0x0040125e                xEventGroupSetBitsFromISR
                0x00401270                uxEventGroupGetNumber
                0x00401276                vEventGroupSetNumber
 .text          0x0040127c       0x82 ./FreeRTOS/Source/list.o
                0x0040127c                vListInitialise
                0x00401292                vListInitialiseItem
                0x00401298                vListInsertEnd
                0x004012b0                vListInsert
                0x004012de                uxListRemove
 *fill*         0x004012fe        0x2 
 .text          0x00401300      0xdfc ./FreeRTOS/Source/queue.o
                0x0040141a                xQueueGenericReset
                0x004014bc                xQueueGenericCreate
                0x00401514                xQueueGetMutexHolder
                0x00401546                xQueueGetMutexHolderFromISR
                0x0040156a                xQueueCreateCountingSemaphore
                0x00401598                xQueueGenericSend
                0x0040170e                xQueueCreateMutex
                0x00401732                xQueueGiveMutexRecursive
                0x00401772                xQueueGenericSendFromISR
                0x00401868                xQueueGiveFromISR
                0x00401942                xQueueReceive
                0x00401a8c                xQueueSemaphoreTake
                0x00401c0a                xQueueTakeMutexRecursive
                0x00401c52                xQueuePeek
                0x00401d9c                xQueueReceiveFromISR
                0x00401e6a                xQueuePeekFromISR
                0x00401ef0                uxQueueMessagesWaiting
                0x00401f1e                uxQueueSpacesAvailable
                0x00401f50                uxQueueMessagesWaitingFromISR
                0x00401f6c                uxQueueGetQueueNumber
                0x00401f70                vQueueSetQueueNumber
                0x00401f74                ucQueueGetQueueType
                0x00401f7a                xQueueIsQueueEmptyFromISR
                0x00401f9c                xQueueIsQueueFullFromISR
                0x00401fc0                vQueueAddToRegistry
                0x00402014                pcQueueGetName
                0x00402050                vQueueUnregisterQueue
                0x00402090                vQueueDelete
                0x004020b6                vQueueWaitForMessageRestricted
 .text          0x004020fc      0x82a ./FreeRTOS/Source/stream_buffer.o
                0x004022ca                xStreamBufferGenericCreate
                0x00402358                vStreamBufferDelete
                0x00402382                xStreamBufferReset
                0x004023d2                xStreamBufferSetTriggerLevel
                0x004023fe                xStreamBufferSpacesAvailable
                0x00402434                xStreamBufferBytesAvailable
                0x0040244e                xStreamBufferSend
                0x00402586                xStreamBufferSendFromISR
                0x0040262e                xStreamBufferReceive
                0x0040271c                xStreamBufferNextMessageLengthBytes
                0x00402776                xStreamBufferReceiveFromISR
                0x00402812                xStreamBufferIsEmpty
                0x00402836                xStreamBufferIsFull
                0x0040286a                xStreamBufferSendCompletedFromISR
                0x004028c0                xStreamBufferReceiveCompletedFromISR
                0x00402916                uxStreamBufferGetStreamBufferNumber
                0x0040291a                vStreamBufferSetStreamBufferNumber
                0x0040291e                ucStreamBufferGetStreamBufferType
 *fill*         0x00402926        0x2 
 .text          0x00402928     0x1b14 ./FreeRTOS/Source/tasks.o
                0x00402a9c                xTaskCreate
                0x00402c40                vTaskDelete
                0x00402ce8                eTaskGetState
                0x00402d64                uxTaskPriorityGet
                0x00402d84                uxTaskPriorityGetFromISR
                0x00402db8                vTaskPrioritySet
                0x00402e94                vTaskResume
                0x00402f28                xTaskResumeFromISR
                0x00402fe4                vTaskStartScheduler
                0x00403060                vTaskEndScheduler
                0x00403084                vTaskSuspendAll
                0x00403098                xTaskGetTickCount
                0x004030a4                xTaskGetTickCountFromISR
                0x004030b4                uxTaskGetNumberOfTasks
                0x004030c0                pcTaskGetName
                0x004030e8                xTaskIncrementTick
                0x00403228                xTaskResumeAll
                0x0040334c                xTaskDelayUntil
                0x004033f0                vTaskDelay
                0x00403440                xTaskGetHandle
                0x004034c4                xTaskCatchUpTicks
                0x00403508                xTaskAbortDelay
                0x004035a4                vTaskSwitchContext
                0x00403614                vTaskSuspend
                0x004036bc                vTaskPlaceOnEventList
                0x004036f4                vTaskPlaceOnUnorderedEventList
                0x00403768                vTaskPlaceOnEventListRestricted
                0x004037c8                xTaskRemoveFromEventList
                0x00403894                vTaskRemoveFromUnorderedEventList
                0x00403954                vTaskSetTimeOutState
                0x0040398c                vTaskInternalSetTimeOutState
                0x004039a0                xTaskCheckForTimeOut
                0x00403a30                vTaskMissedYield
                0x00403a40                uxTaskGetTaskNumber
                0x00403a46                vTaskSetTaskNumber
                0x00403a4c                vTaskGetInfo
                0x00403b24                uxTaskGetSystemState
                0x00403bbc                uxTaskGetStackHighWaterMark
                0x00403bdc                xTaskGetCurrentTaskHandle
                0x00403be8                xTaskGetSchedulerState
                0x00403c08                xTaskPriorityInherit
                0x00403c98                xTaskPriorityDisinherit
                0x00403d34                vTaskPriorityDisinheritAfterTimeout
                0x00403de4                vTaskList
                0x00403ea8                uxTaskResetEventItemValue
                0x00403ec0                pvTaskIncrementMutexHeldCount
                0x00403ed8                ulTaskGenericNotifyTake
                0x00403f54                xTaskGenericNotifyWait
                0x00403ffc                xTaskGenericNotify
                0x00404128                xTaskGenericNotifyFromISR
                0x0040429c                vTaskGenericNotifyGiveFromISR
                0x004043c4                xTaskGenericNotifyStateClear
                0x0040440c                ulTaskGenericNotifyValueClear
 .text          0x0040443c      0x580 ./FreeRTOS/Source/timers.o
                0x004046c8                xTimerCreateTimerTask
                0x00404714                xTimerCreate
                0x00404772                xTimerGenericCommand
                0x004047cc                xTimerGetTimerDaemonTaskHandle
                0x004047f0                xTimerGetPeriod
                0x0040480c                vTimerSetReloadMode
                0x0040484a                xTimerGetReloadMode
                0x0040487e                uxTimerGetReloadMode
                0x00404882                xTimerGetExpiryTime
                0x0040489e                pcTimerGetName
                0x004048ba                xTimerIsTimerActive
                0x004048ee                pvTimerGetTimerID
                0x0040491c                vTimerSetTimerID
                0x00404948                xTimerPendFunctionCallFromISR
                0x00404970                xTimerPendFunctionCall
                0x004049b4                uxTimerGetTimerNumber
                0x004049b8                vTimerSetTimerNumber
 *fill*         0x004049bc        0x4 
 .text          0x004049c0      0x33c ./FreeRTOS/Source/portable/GCC/ARM_CM7/r0p1/port.o
                0x00404a44                pxPortInitialiseStack
                0x00404a68                SVC_Handler
                0x00404a94                vPortEndScheduler
                0x00404abc                vPortEnterCritical
                0x00404b04                vPortExitCritical
                0x00404b30                PendSV_Handler
                0x00404b94                SysTick_Handler
                0x00404bc4                vPortSetupTimerInterrupt
                0x00404bdc                xPortStartScheduler
                0x00404ca0                vPortValidateInterruptPriority
 .text          0x00404cfc       0x8c ./FreeRTOS/Source/portable/MemMang/heap_1.o
                0x00404cfc                pvPortMalloc
                0x00404d50                vPortFree
                0x00404d6a                vPortInitialiseBlocks
                0x00404d78                xPortGetFreeHeapSize
 .text          0x00404d88        0x0 ./Project_Settings/Startup_Code/Vector_Table.o
 .text          0x00404d88        0x0 ./Project_Settings/Startup_Code/exceptions.o
 .text          0x00404d88        0x0 ./Project_Settings/Startup_Code/nvic.o
 .text          0x00404d88        0x0 ./Project_Settings/Startup_Code/startup.o
 .text          0x00404d88        0x0 ./Project_Settings/Startup_Code/startup_cm7.o
 .text          0x00404d88       0x10 ./Project_Settings/Startup_Code/system.o
                0x00404d88                Sys_GetCoreID
 .text          0x00404d98        0x0 ./RTD/src/Clock_Ip.o
 .text          0x00404d98        0x0 ./RTD/src/Clock_Ip_Data.o
 .text          0x00404d98        0x0 ./RTD/src/Clock_Ip_Divider.o
 .text          0x00404d98        0x0 ./RTD/src/Clock_Ip_DividerTrigger.o
 .text          0x00404d98        0x0 ./RTD/src/Clock_Ip_ExtOsc.o
 .text          0x00404d98        0x0 ./RTD/src/Clock_Ip_FracDiv.o
 .text          0x00404d98        0x0 ./RTD/src/Clock_Ip_Frequency.o
 .text          0x00404d98        0x0 ./RTD/src/Clock_Ip_Gate.o
 .text          0x00404d98        0x0 ./RTD/src/Clock_Ip_IntOsc.o
 .text          0x00404d98        0x0 ./RTD/src/Clock_Ip_Irq.o
 .text          0x00404d98        0x0 ./RTD/src/Clock_Ip_Monitor.o
 .text          0x00404d98        0x0 ./RTD/src/Clock_Ip_Pll.o
 .text          0x00404d98        0x0 ./RTD/src/Clock_Ip_ProgFreqSwitch.o
 .text          0x00404d98        0x0 ./RTD/src/Clock_Ip_Selector.o
 .text          0x00404d98        0x0 ./RTD/src/Clock_Ip_Specific.o
 .text          0x00404d98        0x0 ./RTD/src/Det.o
 .text          0x00404d98        0x0 ./RTD/src/Det_stub.o
 .text          0x00404d98       0x14 ./RTD/src/FlexCAN_Ip.o
 .text          0x00404dac       0x14 ./RTD/src/FlexCAN_Ip_HwAccess.o
 .text          0x00404dc0        0x0 ./RTD/src/FlexCAN_Ip_Irq.o
 .text          0x00404dc0        0x0 ./RTD/src/Igf_Port_Ip.o
 .text          0x00404dc0        0x0 ./RTD/src/OsIf_Interrupts.o
 .text          0x00404dc0        0x0 ./RTD/src/OsIf_Timer.o
 .text          0x00404dc0        0x0 ./RTD/src/OsIf_Timer_System.o
 .text          0x00404dc0        0x0 ./RTD/src/OsIf_Timer_System_Internal_Systick.o
 .text          0x00404dc0        0x6 ./RTD/src/SchM_Can_43_FLEXCAN.o
                0x00404dc0                Can_43_FLEXCAN_schm_read_msr
 .text          0x00404dc6        0x6 ./RTD/src/SchM_Dio.o
                0x00404dc6                Dio_schm_read_msr
 .text          0x00404dcc        0x6 ./RTD/src/SchM_Mcu.o
                0x00404dcc                Mcu_schm_read_msr
 .text          0x00404dd2        0x6 ./RTD/src/SchM_Port.o
                0x00404dd2                Port_schm_read_msr
 .text          0x00404dd8       0x14 ./RTD/src/Siul2_Dio_Ip.o
 .text          0x00404dec       0x14 ./RTD/src/Siul2_Port_Ip.o
 .text          0x00404e00        0x0 ./RTD/src/Tspc_Port_Ip.o
 .text          0x00404e00        0x0 ./board/Siul2_Port_Ip_Cfg.o
 .text          0x00404e00        0x0 ./board/Tspc_Port_Ip_Cfg.o
 .text          0x00404e00        0x0 ./generate/src/Clock_Ip_Cfg.o
 .text          0x00404e00        0x0 ./generate/src/FlexCAN_Ip_Sa_PBcfg.o
 .text          0x00404e00        0x0 ./generate/src/Igf_Port_Ip_Cfg.o
 .text          0x00404e00        0x0 ./generate/src/OsIf_Cfg.o
 .text          0x00404e00      0x124 ./src/main.o
                0x00404e00                RED_LED_TASK
                0x00404e74                GRN_LED_TASK
                0x00404ee8                CAN_RECEIVE_TASK
                0x00404f1c                CAN_ERROR_IRQ
                0x00404f20                CAN_IRQ
 .text          0x00404f24        0x0 c:/nxp/s32ds.3.5/s32ds/build_tools/gcc_v10.2/gcc-10.2-arm32-eabi/bin/../lib/gcc/arm-none-eabi/10.2.0/../../../../arm-none-eabi/lib/thumb/v7e-m+fp/hard\libc_nano.a(lib_a-memcpy-stub.o)
 .text          0x00404f24        0x0 c:/nxp/s32ds.3.5/s32ds/build_tools/gcc_v10.2/gcc-10.2-arm32-eabi/bin/../lib/gcc/arm-none-eabi/10.2.0/../../../../arm-none-eabi/lib/thumb/v7e-m+fp/hard\libc_nano.a(lib_a-memmove.o)
 .text          0x00404f24        0x0 c:/nxp/s32ds.3.5/s32ds/build_tools/gcc_v10.2/gcc-10.2-arm32-eabi/bin/../lib/gcc/arm-none-eabi/10.2.0/../../../../arm-none-eabi/lib/thumb/v7e-m+fp/hard\libc_nano.a(lib_a-memset.o)
 .text          0x00404f24        0x0 c:/nxp/s32ds.3.5/s32ds/build_tools/gcc_v10.2/gcc-10.2-arm32-eabi/bin/../lib/gcc/arm-none-eabi/10.2.0/../../../../arm-none-eabi/lib/thumb/v7e-m+fp/hard\libc_nano.a(lib_a-sprintf.o)
 .text          0x00404f24        0x0 c:/nxp/s32ds.3.5/s32ds/build_tools/gcc_v10.2/gcc-10.2-arm32-eabi/bin/../lib/gcc/arm-none-eabi/10.2.0/../../../../arm-none-eabi/lib/thumb/v7e-m+fp/hard\libc_nano.a(lib_a-strcpy.o)
 .text          0x00404f24       0x10 c:/nxp/s32ds.3.5/s32ds/build_tools/gcc_v10.2/gcc-10.2-arm32-eabi/bin/../lib/gcc/arm-none-eabi/10.2.0/../../../../arm-none-eabi/lib/thumb/v7e-m+fp/hard\libc_nano.a(lib_a-strlen.o)
                0x00404f24                strlen
 .text          0x00404f34        0x0 c:/nxp/s32ds.3.5/s32ds/build_tools/gcc_v10.2/gcc-10.2-arm32-eabi/bin/../lib/gcc/arm-none-eabi/10.2.0/../../../../arm-none-eabi/lib/thumb/v7e-m+fp/hard\libc_nano.a(lib_a-impure.o)
 .text          0x00404f34        0x0 c:/nxp/s32ds.3.5/s32ds/build_tools/gcc_v10.2/gcc-10.2-arm32-eabi/bin/../lib/gcc/arm-none-eabi/10.2.0/../../../../arm-none-eabi/lib/thumb/v7e-m+fp/hard\libc_nano.a(lib_a-nano-svfprintf.o)
 .text          0x00404f34        0x0 c:/nxp/s32ds.3.5/s32ds/build_tools/gcc_v10.2/gcc-10.2-arm32-eabi/bin/../lib/gcc/arm-none-eabi/10.2.0/../../../../arm-none-eabi/lib/thumb/v7e-m+fp/hard\libc_nano.a(lib_a-nano-vfprintf_i.o)
 *fill*         0x00404f34        0xc 
 .text          0x00404f40       0xa0 c:/nxp/s32ds.3.5/s32ds/build_tools/gcc_v10.2/gcc-10.2-arm32-eabi/bin/../lib/gcc/arm-none-eabi/10.2.0/../../../../arm-none-eabi/lib/thumb/v7e-m+fp/hard\libc_nano.a(lib_a-memchr.o)
                0x00404f40                memchr
 .text          0x00404fe0        0x0 c:/nxp/s32ds.3.5/s32ds/build_tools/gcc_v10.2/gcc-10.2-arm32-eabi/bin/../lib/gcc/arm-none-eabi/10.2.0/../../../../arm-none-eabi/lib/thumb/v7e-m+fp/hard\libc_nano.a(lib_a-nano-freer.o)
 .text          0x00404fe0        0x0 c:/nxp/s32ds.3.5/s32ds/build_tools/gcc_v10.2/gcc-10.2-arm32-eabi/bin/../lib/gcc/arm-none-eabi/10.2.0/../../../../arm-none-eabi/lib/thumb/v7e-m+fp/hard\libc_nano.a(lib_a-nano-mallocr.o)
 .text          0x00404fe0        0x0 c:/nxp/s32ds.3.5/s32ds/build_tools/gcc_v10.2/gcc-10.2-arm32-eabi/bin/../lib/gcc/arm-none-eabi/10.2.0/../../../../arm-none-eabi/lib/thumb/v7e-m+fp/hard\libc_nano.a(lib_a-nano-reallocr.o)
 .text          0x00404fe0        0x0 c:/nxp/s32ds.3.5/s32ds/build_tools/gcc_v10.2/gcc-10.2-arm32-eabi/bin/../lib/gcc/arm-none-eabi/10.2.0/../../../../arm-none-eabi/lib/thumb/v7e-m+fp/hard\libc_nano.a(lib_a-sbrkr.o)
 .text          0x00404fe0        0x0 c:/nxp/s32ds.3.5/s32ds/build_tools/gcc_v10.2/gcc-10.2-arm32-eabi/bin/../lib/gcc/arm-none-eabi/10.2.0/../../../../arm-none-eabi/lib/thumb/v7e-m+fp/hard\libc_nano.a(lib_a-mlock.o)
 .text          0x00404fe0        0x0 c:/nxp/s32ds.3.5/s32ds/build_tools/gcc_v10.2/gcc-10.2-arm32-eabi/bin/../lib/gcc/arm-none-eabi/10.2.0/../../../../arm-none-eabi/lib/thumb/v7e-m+fp/hard\libc_nano.a(lib_a-nano-msizer.o)
 .text          0x00404fe0        0x0 c:/nxp/s32ds.3.5/s32ds/build_tools/gcc_v10.2/gcc-10.2-arm32-eabi/bin/../lib/gcc/arm-none-eabi/10.2.0/../../../../arm-none-eabi/lib/thumb/v7e-m+fp/hard\libc_nano.a(lib_a-reent.o)
 .text          0x00404fe0        0x0 c:/nxp/s32ds.3.5/s32ds/build_tools/gcc_v10.2/gcc-10.2-arm32-eabi/bin/../lib/gcc/arm-none-eabi/10.2.0/../../../../arm-none-eabi/lib/thumb/v7e-m+fp/hard\libnosys.a(sbrk.o)
 *(.text*)
 .text.memcpy   0x00404fe0       0x1c c:/nxp/s32ds.3.5/s32ds/build_tools/gcc_v10.2/gcc-10.2-arm32-eabi/bin/../lib/gcc/arm-none-eabi/10.2.0/../../../../arm-none-eabi/lib/thumb/v7e-m+fp/hard\libc_nano.a(lib_a-memcpy-stub.o)
                0x00404fe0                memcpy
 .text.memmove  0x00404ffc       0x34 c:/nxp/s32ds.3.5/s32ds/build_tools/gcc_v10.2/gcc-10.2-arm32-eabi/bin/../lib/gcc/arm-none-eabi/10.2.0/../../../../arm-none-eabi/lib/thumb/v7e-m+fp/hard\libc_nano.a(lib_a-memmove.o)
                0x00404ffc                memmove
 .text.memset   0x00405030       0x10 c:/nxp/s32ds.3.5/s32ds/build_tools/gcc_v10.2/gcc-10.2-arm32-eabi/bin/../lib/gcc/arm-none-eabi/10.2.0/../../../../arm-none-eabi/lib/thumb/v7e-m+fp/hard\libc_nano.a(lib_a-memset.o)
                0x00405030                memset
 .text._sprintf_r
                0x00405040       0x38 c:/nxp/s32ds.3.5/s32ds/build_tools/gcc_v10.2/gcc-10.2-arm32-eabi/bin/../lib/gcc/arm-none-eabi/10.2.0/../../../../arm-none-eabi/lib/thumb/v7e-m+fp/hard\libc_nano.a(lib_a-sprintf.o)
                0x00405040                _sprintf_r
                0x00405040                _siprintf_r
 .text.sprintf  0x00405078       0x40 c:/nxp/s32ds.3.5/s32ds/build_tools/gcc_v10.2/gcc-10.2-arm32-eabi/bin/../lib/gcc/arm-none-eabi/10.2.0/../../../../arm-none-eabi/lib/thumb/v7e-m+fp/hard\libc_nano.a(lib_a-sprintf.o)
                0x00405078                siprintf
                0x00405078                sprintf
 .text.strcpy   0x004050b8       0x10 c:/nxp/s32ds.3.5/s32ds/build_tools/gcc_v10.2/gcc-10.2-arm32-eabi/bin/../lib/gcc/arm-none-eabi/10.2.0/../../../../arm-none-eabi/lib/thumb/v7e-m+fp/hard\libc_nano.a(lib_a-strcpy.o)
                0x004050b8                strcpy
 .text.__ssputs_r
                0x004050c8       0xb6 c:/nxp/s32ds.3.5/s32ds/build_tools/gcc_v10.2/gcc-10.2-arm32-eabi/bin/../lib/gcc/arm-none-eabi/10.2.0/../../../../arm-none-eabi/lib/thumb/v7e-m+fp/hard\libc_nano.a(lib_a-nano-svfprintf.o)
                0x004050c8                __ssputs_r
 .text.__ssprint_r
                0x0040517e       0xf6 c:/nxp/s32ds.3.5/s32ds/build_tools/gcc_v10.2/gcc-10.2-arm32-eabi/bin/../lib/gcc/arm-none-eabi/10.2.0/../../../../arm-none-eabi/lib/thumb/v7e-m+fp/hard\libc_nano.a(lib_a-nano-svfprintf.o)
                0x0040517e                __ssprint_r
 .text._svfprintf_r
                0x00405274      0x200 c:/nxp/s32ds.3.5/s32ds/build_tools/gcc_v10.2/gcc-10.2-arm32-eabi/bin/../lib/gcc/arm-none-eabi/10.2.0/../../../../arm-none-eabi/lib/thumb/v7e-m+fp/hard\libc_nano.a(lib_a-nano-svfprintf.o)
                0x00405274                _svfiprintf_r
                0x00405274                _svfprintf_r
 .text._printf_common
                0x00405474       0xda c:/nxp/s32ds.3.5/s32ds/build_tools/gcc_v10.2/gcc-10.2-arm32-eabi/bin/../lib/gcc/arm-none-eabi/10.2.0/../../../../arm-none-eabi/lib/thumb/v7e-m+fp/hard\libc_nano.a(lib_a-nano-vfprintf_i.o)
                0x00405474                _printf_common
 *fill*         0x0040554e        0x2 
 .text._printf_i
                0x00405550      0x24c c:/nxp/s32ds.3.5/s32ds/build_tools/gcc_v10.2/gcc-10.2-arm32-eabi/bin/../lib/gcc/arm-none-eabi/10.2.0/../../../../arm-none-eabi/lib/thumb/v7e-m+fp/hard\libc_nano.a(lib_a-nano-vfprintf_i.o)
                0x00405550                _printf_i
 .text._free_r  0x0040579c       0x98 c:/nxp/s32ds.3.5/s32ds/build_tools/gcc_v10.2/gcc-10.2-arm32-eabi/bin/../lib/gcc/arm-none-eabi/10.2.0/../../../../arm-none-eabi/lib/thumb/v7e-m+fp/hard\libc_nano.a(lib_a-nano-freer.o)
                0x0040579c                _free_r
 .text._malloc_r
                0x00405834       0xb4 c:/nxp/s32ds.3.5/s32ds/build_tools/gcc_v10.2/gcc-10.2-arm32-eabi/bin/../lib/gcc/arm-none-eabi/10.2.0/../../../../arm-none-eabi/lib/thumb/v7e-m+fp/hard\libc_nano.a(lib_a-nano-mallocr.o)
                0x00405834                _malloc_r
 .text._realloc_r
                0x004058e8       0x4c c:/nxp/s32ds.3.5/s32ds/build_tools/gcc_v10.2/gcc-10.2-arm32-eabi/bin/../lib/gcc/arm-none-eabi/10.2.0/../../../../arm-none-eabi/lib/thumb/v7e-m+fp/hard\libc_nano.a(lib_a-nano-reallocr.o)
                0x004058e8                _realloc_r
 .text._sbrk_r  0x00405934       0x20 c:/nxp/s32ds.3.5/s32ds/build_tools/gcc_v10.2/gcc-10.2-arm32-eabi/bin/../lib/gcc/arm-none-eabi/10.2.0/../../../../arm-none-eabi/lib/thumb/v7e-m+fp/hard\libc_nano.a(lib_a-sbrkr.o)
                0x00405934                _sbrk_r
 .text.__malloc_lock
                0x00405954        0x2 c:/nxp/s32ds.3.5/s32ds/build_tools/gcc_v10.2/gcc-10.2-arm32-eabi/bin/../lib/gcc/arm-none-eabi/10.2.0/../../../../arm-none-eabi/lib/thumb/v7e-m+fp/hard\libc_nano.a(lib_a-mlock.o)
                0x00405954                __malloc_lock
 .text.__malloc_unlock
                0x00405956        0x2 c:/nxp/s32ds.3.5/s32ds/build_tools/gcc_v10.2/gcc-10.2-arm32-eabi/bin/../lib/gcc/arm-none-eabi/10.2.0/../../../../arm-none-eabi/lib/thumb/v7e-m+fp/hard\libc_nano.a(lib_a-mlock.o)
                0x00405956                __malloc_unlock
 .text._malloc_usable_size_r
                0x00405958       0x10 c:/nxp/s32ds.3.5/s32ds/build_tools/gcc_v10.2/gcc-10.2-arm32-eabi/bin/../lib/gcc/arm-none-eabi/10.2.0/../../../../arm-none-eabi/lib/thumb/v7e-m+fp/hard\libc_nano.a(lib_a-nano-msizer.o)
                0x00405958                _malloc_usable_size_r
 .text.cleanup_glue
                0x00405968       0x1a c:/nxp/s32ds.3.5/s32ds/build_tools/gcc_v10.2/gcc-10.2-arm32-eabi/bin/../lib/gcc/arm-none-eabi/10.2.0/../../../../arm-none-eabi/lib/thumb/v7e-m+fp/hard\libc_nano.a(lib_a-reent.o)
                0x00405968                cleanup_glue
 *fill*         0x00405982        0x2 
 .text._reclaim_reent
                0x00405984       0xb8 c:/nxp/s32ds.3.5/s32ds/build_tools/gcc_v10.2/gcc-10.2-arm32-eabi/bin/../lib/gcc/arm-none-eabi/10.2.0/../../../../arm-none-eabi/lib/thumb/v7e-m+fp/hard\libc_nano.a(lib_a-reent.o)
                0x00405984                _reclaim_reent
 .text._sbrk    0x00405a3c       0x1c c:/nxp/s32ds.3.5/s32ds/build_tools/gcc_v10.2/gcc-10.2-arm32-eabi/bin/../lib/gcc/arm-none-eabi/10.2.0/../../../../arm-none-eabi/lib/thumb/v7e-m+fp/hard\libnosys.a(sbrk.o)
                0x00405a3c                _sbrk
                0x00405a58                . = ALIGN (0x4)
 *(.mcal_text)
 .mcal_text     0x00405a58       0x14 ./Project_Settings/Startup_Code/exceptions.o
                0x00405a58                NMI_Handler
                0x00405a5a                HardFault_Handler
                0x00405a5c                MemManage_Handler
                0x00405a5e                BusFault_Handler
                0x00405a60                UsageFault_Handler
                0x00405a64                DebugMon_Handler
                0x00405a6a                undefined_handler
 .mcal_text     0x00405a6c       0x52 ./Project_Settings/Startup_Code/nvic.o
                0x00405a6c                NVIC_SetPriorityGrouping
                0x00405a80                NVIC_EnableIRQ
                0x00405a98                NVIC_DisableIRQ
                0x00405ab0                NVIC_SetPriority
 *fill*         0x00405abe        0x2 
 .mcal_text     0x00405ac0       0xe8 ./Project_Settings/Startup_Code/startup.o
                0x00405ac0                init_data_bss
                0x00405b4c                init_data_bss_core2
 .mcal_text     0x00405ba8      0x2ec ./Project_Settings/Startup_Code/system.o
                0x00405ba8                startup_go_to_user_mode
                0x00405baa                default_interrupt_routine
                0x00405bac                SystemInit
 .mcal_text     0x00405e94      0x88c ./RTD/src/Clock_Ip.o
                0x00405e96                Clock_Ip_InitClock
                0x00406444                Clock_Ip_GetPllStatus
                0x004064e8                Clock_Ip_DistributePll
                0x004065d4                Clock_Ip_Init
                0x004065f8                Clock_Ip_DisableClockMonitor
                0x0040661c                Clock_Ip_InstallNotificationsCallback
                0x00406628                Clock_Ip_DisableModuleClock
                0x00406650                Clock_Ip_EnableModuleClock
                0x00406678                Clock_Ip_DisableFircInStandby
                0x00406690                Clock_Ip_EnableFircInStandby
                0x004066a8                Clock_Ip_DisableSircInStandby
                0x004066c0                Clock_Ip_EnableSircInStandby
                0x004066d8                Clock_Ip_ReportClockErrors
                0x004066e4                Clock_Ip_StartTimeout
                0x00406704                Clock_Ip_TimeoutExpired
 .mcal_text     0x00406720      0x120 ./RTD/src/Clock_Ip_Divider.o
 .mcal_text     0x00406840       0x9c ./RTD/src/Clock_Ip_DividerTrigger.o
 .mcal_text     0x004068dc      0x1c4 ./RTD/src/Clock_Ip_ExtOsc.o
 .mcal_text     0x00406aa0        0x6 ./RTD/src/Clock_Ip_FracDiv.o
 .mcal_text     0x00406aa6        0x2 ./RTD/src/Clock_Ip_Frequency.o
                0x00406aa6                Clock_Ip_SetExternalSignalFrequency
 .mcal_text     0x00406aa8      0x128 ./RTD/src/Clock_Ip_Gate.o
 .mcal_text     0x00406bd0      0x104 ./RTD/src/Clock_Ip_IntOsc.o
 .mcal_text     0x00406cd4        0x4 ./RTD/src/Clock_Ip_Irq.o
                0x00406cd4                Mcu_Cmu_ClockFail_IRQHandler
 .mcal_text     0x00406cd8      0x204 ./RTD/src/Clock_Ip_Monitor.o
                0x00406e84                Clock_Ip_CMU_GetInterruptStatus
                0x00406e98                Clock_Ip_CMU_ClockFailInt
 .mcal_text     0x00406edc      0x17c ./RTD/src/Clock_Ip_Pll.o
 .mcal_text     0x00407058      0x154 ./RTD/src/Clock_Ip_ProgFreqSwitch.o
 .mcal_text     0x004071ac      0x3dc ./RTD/src/Clock_Ip_Selector.o
                0x0040755c                Clock_Ip_SetRtcRtccClksel_TrustedCall
 .mcal_text     0x00407588      0x2c8 ./RTD/src/Clock_Ip_Specific.o
                0x00407588                Clock_Ip_McMeEnterKey
                0x0040759c                Clock_Ip_PowerClockIpModules
                0x0040779c                DisableFircInStandbyMode
                0x004077ac                EnableFircInStandbyMode
                0x004077c8                DisableSircInStandbyMode
                0x004077d8                EnableSircInStandbyMode
                0x004077f4                Clock_Ip_Command
                0x00407844                Clock_Ip_FLASH_SetFlashIWS
                0x00407848                Clock_Ip_SetFlashWaitStates
                0x0040784c                Clock_Ip_SetRamWaitStates
 .mcal_text     0x00407850       0xa4 ./RTD/src/Det.o
                0x00407850                Det_Init
                0x00407852                Det_ReportError
                0x00407888                Det_ReportRuntimeError
                0x004078bc                Det_ReportTransientFault
                0x004078f0                Det_Start
 .mcal_text     0x004078f4      0x21c ./RTD/src/Det_stub.o
                0x004078f4                Det_TestLastReportError
                0x0040795c                Det_TestLastReportRuntimeError
                0x004079c4                Det_TestLastReportTransientFault
                0x00407a2c                Det_TestNoError
                0x00407a78                Det_TestNoRuntimeError
                0x00407ac4                Det_TestNoTransientFault
 .mcal_text     0x00407b10     0x2198 ./RTD/src/FlexCAN_Ip.o
                0x0040831c                FlexCAN_Ip_Init_Privileged
                0x00408524                FlexCAN_Ip_Send
                0x0040859c                FlexCAN_Ip_ConfigRxMb
                0x00408630                FlexCAN_Ip_Receive
                0x00408680                FlexCAN_Ip_ReceiveBlocking
                0x0040876c                FlexCAN_Ip_RxFifo
                0x004087b4                FlexCAN_Ip_RxFifoBlocking
                0x004088a4                FlexCAN_Ip_ConfigRxFifo_Privileged
                0x00408910                FlexCAN_Ip_ConfigEnhancedRxFifo_Privileged
                0x00408980                FlexCAN_Ip_ConfigRemoteResponseMb
                0x00408a40                FlexCAN_Ip_GetTransferStatus
                0x00408a84                FlexCAN_IRQHandler
                0x00408c50                FlexCAN_Ip_ClearErrorStatus
                0x00408c6c                FlexCAN_Ip_GetErrorStatus
                0x00408c88                FlexCAN_Ip_GetControllerTxErrorCounter
                0x00408ca8                FlexCAN_Ip_GetControllerRxErrorCounter
                0x00408cc8                FlexCAN_Busoff_Error_IRQHandler
                0x00408da0                FlexCAN_Ip_SendBlocking
                0x00408e98                FlexCAN_Ip_SetRxMbGlobalMask_Privileged
                0x00408eec                FlexCAN_Ip_EnterFreezeMode_Privileged
                0x00408efc                FlexCAN_Ip_ExitFreezeMode_Privileged
                0x00408f0c                FlexCAN_Ip_SetRxIndividualMask_Privileged
                0x00408f84                FlexCAN_Ip_SetRxFifoGlobalMask_Privileged
                0x00408fdc                FlexCAN_Ip_Deinit_Privileged
                0x004090e4                FlexCAN_Ip_MainFunctionRead
                0x00409184                FlexCAN_Ip_MainFunctionBusOff_Privileged
                0x004091c8                FlexCAN_Ip_MainFunctionWrite
                0x00409278                FlexCAN_Ip_GetStopMode_Privileged
                0x0040928c                FlexCAN_Ip_GetStartMode_Privileged
                0x004092a4                FlexCAN_Ip_SetStartMode_Privileged
                0x004092d8                FlexCAN_Ip_SetStopMode_Privileged
                0x00409308                FlexCAN_Ip_SetRxMaskType_Privileged
                0x00409374                FlexCAN_Ip_SetBitrate_Privileged
                0x00409418                FlexCAN_Ip_GetBitrate
                0x004094cc                FlexCAN_Ip_ClearTDCFail
                0x00409514                FlexCAN_Ip_GetTDCFail
                0x00409548                FlexCAN_Ip_GetTDCValue
                0x0040957c                FlexCAN_Ip_SetBitrateCbt_Privileged
                0x00409644                FlexCAN_Ip_GetBitrateFD
                0x004096e0                FlexCAN_Ip_SetTDCOffset_Privileged
                0x0040978c                FlexCAN_Ip_SetTxArbitrationStartDelay_Privileged
                0x004097f8                FlexCAN_Ip_GetBuffStatusFlag
                0x0040982c                FlexCAN_Ip_ClearBuffStatusFlag
                0x0040985c                FlexCAN_Ip_EnableInterrupts_Privileged
                0x004098b8                FlexCAN_Ip_DisableInterrupts_Privileged
                0x00409908                FlexCAN_Ip_SetErrorInt_Privileged
                0x004099a0                FlexCAN_Ip_AbortTransfer
                0x00409afc                FlexCAN_Ip_SetRxMb14Mask_Privileged
                0x00409b54                FlexCAN_Ip_SetRxMb15Mask_Privileged
                0x00409bac                FlexCAN_Ip_SetListenOnlyMode_Privileged
                0x00409c1c                FlexCAN_Ip_GetListenOnlyMode
                0x00409c30                FlexCAN_Ip_ManualBusOffRecovery
 .mcal_text     0x00409ca8      0xe88 ./RTD/src/FlexCAN_Ip_HwAccess.o
                0x00409cda                FlexCAN_ComputePayloadSize
                0x00409cf4                FlexCAN_GetMsgBuffRegion
                0x00409d48                FlexCAN_GetMaxMbNum
                0x00409d94                FlexCAN_EnterFreezeMode
                0x00409df4                FlexCAN_Enable
                0x00409e3e                FlexCAN_ExitFreezeMode
                0x00409e90                FlexCAN_Disable
                0x00409ee0                FlexCAN_SetErrIntCmd
                0x00409f48                FlexCAN_Init
                0x0040a030                FlexCAN_EnableRxFifo
                0x0040a07e                FlexCAN_SetPayloadSize
                0x0040a0ec                FlexCAN_GetMbPayloadSize
                0x0040a11c                FlexCAN_LockRxMsgBuff
                0x0040a126                FlexCAN_SetMsgBuffIntCmd
                0x0040a1fc                FLEXCAN_ClearMsgBuffIntCmd
                0x0040a284                FlexCAN_DisableInterrupts
                0x0040a29e                FlexCAN_EnableInterrupts
                0x0040a2cc                FlexCAN_SetRxMsgBuff
                0x0040a358                FlexCAN_GetMsgBuffTimestamp
                0x0040a364                FlexCAN_GetMsgBuff
                0x0040a3fa                FlexCAN_SetTxMsgBuff
                0x0040a508                FlexCAN_SetMaxMsgBuffNum
                0x0040a59e                FlexCAN_SetOperationMode
                0x0040a5dc                FlexCAN_SetRxFifoFilter
                0x0040a784                FlexCAN_ReadRxFifo
                0x0040a7ec                FlexCAN_ReadEnhancedRxFifo
                0x0040a87c                FlexCAN_IsMbOutOfRange
                0x0040a89e                FlexCAN_IsEnhancedRxFifoAvailable
                0x0040a8ac                FlexCAN_EnableEnhancedRxFifo
                0x0040a93a                FlexCAN_SetEnhancedRxFifoFilter
                0x0040aa9c                FlexCAN_ConfigCtrlOptions
                0x0040ab18                FlexCAN_ResetImaskBuff
 .mcal_text     0x0040ab30       0x9c ./RTD/src/FlexCAN_Ip_Irq.o
                0x0040ab30                CAN0_ORED_IRQHandler
                0x0040ab36                CAN0_ORED_0_31_MB_IRQHandler
                0x0040ab42                CAN0_ORED_32_63_MB_IRQHandler
                0x0040ab4e                CAN0_ORED_64_95_MB_IRQHandler
                0x0040ab5a                CAN1_ORED_IRQHandler
                0x0040ab60                CAN1_ORED_0_31_MB_IRQHandler
                0x0040ab6c                CAN1_ORED_32_63_MB_IRQHandler
                0x0040ab78                CAN2_ORED_IRQHandler
                0x0040ab7e                CAN2_ORED_0_31_MB_IRQHandler
                0x0040ab8a                CAN2_ORED_32_63_MB_IRQHandler
                0x0040ab96                CAN3_ORED_IRQHandler
                0x0040ab9c                CAN3_ORED_0_31_MB_IRQHandler
                0x0040aba8                CAN4_ORED_IRQHandler
                0x0040abae                CAN4_ORED_0_31_MB_IRQHandler
                0x0040abba                CAN5_ORED_IRQHandler
                0x0040abc0                CAN5_ORED_0_31_MB_IRQHandler
 .mcal_text     0x0040abcc       0x1e ./RTD/src/OsIf_Timer.o
                0x0040abcc                OsIf_Init
                0x0040abd4                OsIf_GetCounter
                0x0040abd8                OsIf_GetElapsed
                0x0040abe0                OsIf_SetTimerFrequency
                0x0040abe2                OsIf_MicrosToTicks
 .mcal_text     0x0040abea       0x42 ./RTD/src/OsIf_Timer_System_Internal_Systick.o
                0x0040abea                OsIf_Timer_System_Internal_Init
                0x0040ac00                OsIf_Timer_System_Internal_GetCounter
                0x0040ac0c                OsIf_Timer_System_Internal_GetElapsed
 .mcal_text     0x0040ac2c      0x834 ./RTD/src/SchM_Can_43_FLEXCAN.o
                0x0040ac2c                SchM_Enter_Can_43_FLEXCAN_CAN_EXCLUSIVE_AREA_00
                0x0040ac60                SchM_Exit_Can_43_FLEXCAN_CAN_EXCLUSIVE_AREA_00
                0x0040ac90                SchM_Enter_Can_43_FLEXCAN_CAN_EXCLUSIVE_AREA_01
                0x0040acc4                SchM_Exit_Can_43_FLEXCAN_CAN_EXCLUSIVE_AREA_01
                0x0040acf4                SchM_Enter_Can_43_FLEXCAN_CAN_EXCLUSIVE_AREA_02
                0x0040ad28                SchM_Exit_Can_43_FLEXCAN_CAN_EXCLUSIVE_AREA_02
                0x0040ad58                SchM_Enter_Can_43_FLEXCAN_CAN_EXCLUSIVE_AREA_03
                0x0040ad8c                SchM_Exit_Can_43_FLEXCAN_CAN_EXCLUSIVE_AREA_03
                0x0040adbc                SchM_Enter_Can_43_FLEXCAN_CAN_EXCLUSIVE_AREA_04
                0x0040adf0                SchM_Exit_Can_43_FLEXCAN_CAN_EXCLUSIVE_AREA_04
                0x0040ae20                SchM_Enter_Can_43_FLEXCAN_CAN_EXCLUSIVE_AREA_05
                0x0040ae54                SchM_Exit_Can_43_FLEXCAN_CAN_EXCLUSIVE_AREA_05
                0x0040ae84                SchM_Enter_Can_43_FLEXCAN_CAN_EXCLUSIVE_AREA_06
                0x0040aeb8                SchM_Exit_Can_43_FLEXCAN_CAN_EXCLUSIVE_AREA_06
                0x0040aee8                SchM_Enter_Can_43_FLEXCAN_CAN_EXCLUSIVE_AREA_07
                0x0040af1c                SchM_Exit_Can_43_FLEXCAN_CAN_EXCLUSIVE_AREA_07
                0x0040af4c                SchM_Enter_Can_43_FLEXCAN_CAN_EXCLUSIVE_AREA_08
                0x0040af80                SchM_Exit_Can_43_FLEXCAN_CAN_EXCLUSIVE_AREA_08
                0x0040afb0                SchM_Enter_Can_43_FLEXCAN_CAN_EXCLUSIVE_AREA_09
                0x0040afe4                SchM_Exit_Can_43_FLEXCAN_CAN_EXCLUSIVE_AREA_09
                0x0040b014                SchM_Enter_Can_43_FLEXCAN_CAN_EXCLUSIVE_AREA_10
                0x0040b048                SchM_Exit_Can_43_FLEXCAN_CAN_EXCLUSIVE_AREA_10
                0x0040b078                SchM_Enter_Can_43_FLEXCAN_CAN_EXCLUSIVE_AREA_11
                0x0040b0ac                SchM_Exit_Can_43_FLEXCAN_CAN_EXCLUSIVE_AREA_11
                0x0040b0dc                SchM_Enter_Can_43_FLEXCAN_CAN_EXCLUSIVE_AREA_12
                0x0040b110                SchM_Exit_Can_43_FLEXCAN_CAN_EXCLUSIVE_AREA_12
                0x0040b140                SchM_Enter_Can_43_FLEXCAN_CAN_EXCLUSIVE_AREA_13
                0x0040b174                SchM_Exit_Can_43_FLEXCAN_CAN_EXCLUSIVE_AREA_13
                0x0040b1a4                SchM_Enter_Can_43_FLEXCAN_CAN_EXCLUSIVE_AREA_14
                0x0040b1d8                SchM_Exit_Can_43_FLEXCAN_CAN_EXCLUSIVE_AREA_14
                0x0040b208                SchM_Enter_Can_43_FLEXCAN_CAN_EXCLUSIVE_AREA_15
                0x0040b23c                SchM_Exit_Can_43_FLEXCAN_CAN_EXCLUSIVE_AREA_15
                0x0040b26c                SchM_Enter_Can_43_FLEXCAN_CAN_EXCLUSIVE_AREA_16
                0x0040b2a0                SchM_Exit_Can_43_FLEXCAN_CAN_EXCLUSIVE_AREA_16
                0x0040b2d0                SchM_Enter_Can_43_FLEXCAN_CAN_EXCLUSIVE_AREA_17
                0x0040b304                SchM_Exit_Can_43_FLEXCAN_CAN_EXCLUSIVE_AREA_17
                0x0040b334                SchM_Enter_Can_43_FLEXCAN_CAN_EXCLUSIVE_AREA_18
                0x0040b368                SchM_Exit_Can_43_FLEXCAN_CAN_EXCLUSIVE_AREA_18
                0x0040b398                SchM_Enter_Can_43_FLEXCAN_CAN_EXCLUSIVE_AREA_19
                0x0040b3cc                SchM_Exit_Can_43_FLEXCAN_CAN_EXCLUSIVE_AREA_19
                0x0040b3fc                SchM_Enter_Can_43_FLEXCAN_CAN_EXCLUSIVE_AREA_20
                0x0040b430                SchM_Exit_Can_43_FLEXCAN_CAN_EXCLUSIVE_AREA_20
 .mcal_text     0x0040b460       0xc8 ./RTD/src/SchM_Dio.o
                0x0040b460                SchM_Enter_Dio_DIO_EXCLUSIVE_AREA_00
                0x0040b494                SchM_Exit_Dio_DIO_EXCLUSIVE_AREA_00
                0x0040b4c4                SchM_Enter_Dio_DIO_EXCLUSIVE_AREA_01
                0x0040b4f8                SchM_Exit_Dio_DIO_EXCLUSIVE_AREA_01
 .mcal_text     0x0040b528      0x12c ./RTD/src/SchM_Mcu.o
                0x0040b528                SchM_Enter_Mcu_MCU_EXCLUSIVE_AREA_00
                0x0040b55c                SchM_Exit_Mcu_MCU_EXCLUSIVE_AREA_00
                0x0040b58c                SchM_Enter_Mcu_MCU_EXCLUSIVE_AREA_01
                0x0040b5c0                SchM_Exit_Mcu_MCU_EXCLUSIVE_AREA_01
                0x0040b5f0                SchM_Enter_Mcu_MCU_EXCLUSIVE_AREA_02
                0x0040b624                SchM_Exit_Mcu_MCU_EXCLUSIVE_AREA_02
 .mcal_text     0x0040b654      0xaf0 ./RTD/src/SchM_Port.o
                0x0040b654                SchM_Enter_Port_PORT_EXCLUSIVE_AREA_00
                0x0040b688                SchM_Exit_Port_PORT_EXCLUSIVE_AREA_00
                0x0040b6b8                SchM_Enter_Port_PORT_EXCLUSIVE_AREA_01
                0x0040b6ec                SchM_Exit_Port_PORT_EXCLUSIVE_AREA_01
                0x0040b71c                SchM_Enter_Port_PORT_EXCLUSIVE_AREA_02
                0x0040b750                SchM_Exit_Port_PORT_EXCLUSIVE_AREA_02
                0x0040b780                SchM_Enter_Port_PORT_EXCLUSIVE_AREA_03
                0x0040b7b4                SchM_Exit_Port_PORT_EXCLUSIVE_AREA_03
                0x0040b7e4                SchM_Enter_Port_PORT_EXCLUSIVE_AREA_04
                0x0040b818                SchM_Exit_Port_PORT_EXCLUSIVE_AREA_04
                0x0040b848                SchM_Enter_Port_PORT_EXCLUSIVE_AREA_05
                0x0040b87c                SchM_Exit_Port_PORT_EXCLUSIVE_AREA_05
                0x0040b8ac                SchM_Enter_Port_PORT_EXCLUSIVE_AREA_06
                0x0040b8e0                SchM_Exit_Port_PORT_EXCLUSIVE_AREA_06
                0x0040b910                SchM_Enter_Port_PORT_EXCLUSIVE_AREA_07
                0x0040b944                SchM_Exit_Port_PORT_EXCLUSIVE_AREA_07
                0x0040b974                SchM_Enter_Port_PORT_EXCLUSIVE_AREA_08
                0x0040b9a8                SchM_Exit_Port_PORT_EXCLUSIVE_AREA_08
                0x0040b9d8                SchM_Enter_Port_PORT_EXCLUSIVE_AREA_09
                0x0040ba0c                SchM_Exit_Port_PORT_EXCLUSIVE_AREA_09
                0x0040ba3c                SchM_Enter_Port_PORT_EXCLUSIVE_AREA_10
                0x0040ba70                SchM_Exit_Port_PORT_EXCLUSIVE_AREA_10
                0x0040baa0                SchM_Enter_Port_PORT_EXCLUSIVE_AREA_11
                0x0040bad4                SchM_Exit_Port_PORT_EXCLUSIVE_AREA_11
                0x0040bb04                SchM_Enter_Port_PORT_EXCLUSIVE_AREA_12
                0x0040bb38                SchM_Exit_Port_PORT_EXCLUSIVE_AREA_12
                0x0040bb68                SchM_Enter_Port_PORT_EXCLUSIVE_AREA_13
                0x0040bb9c                SchM_Exit_Port_PORT_EXCLUSIVE_AREA_13
                0x0040bbcc                SchM_Enter_Port_PORT_EXCLUSIVE_AREA_14
                0x0040bc00                SchM_Exit_Port_PORT_EXCLUSIVE_AREA_14
                0x0040bc30                SchM_Enter_Port_PORT_EXCLUSIVE_AREA_15
                0x0040bc64                SchM_Exit_Port_PORT_EXCLUSIVE_AREA_15
                0x0040bc94                SchM_Enter_Port_PORT_EXCLUSIVE_AREA_16
                0x0040bcc8                SchM_Exit_Port_PORT_EXCLUSIVE_AREA_16
                0x0040bcf8                SchM_Enter_Port_PORT_EXCLUSIVE_AREA_17
                0x0040bd2c                SchM_Exit_Port_PORT_EXCLUSIVE_AREA_17
                0x0040bd5c                SchM_Enter_Port_PORT_EXCLUSIVE_AREA_18
                0x0040bd90                SchM_Exit_Port_PORT_EXCLUSIVE_AREA_18
                0x0040bdc0                SchM_Enter_Port_PORT_EXCLUSIVE_AREA_19
                0x0040bdf4                SchM_Exit_Port_PORT_EXCLUSIVE_AREA_19
                0x0040be24                SchM_Enter_Port_PORT_EXCLUSIVE_AREA_20
                0x0040be58                SchM_Exit_Port_PORT_EXCLUSIVE_AREA_20
                0x0040be88                SchM_Enter_Port_PORT_EXCLUSIVE_AREA_21
                0x0040bebc                SchM_Exit_Port_PORT_EXCLUSIVE_AREA_21
                0x0040beec                SchM_Enter_Port_PORT_EXCLUSIVE_AREA_22
                0x0040bf20                SchM_Exit_Port_PORT_EXCLUSIVE_AREA_22
                0x0040bf50                SchM_Enter_Port_PORT_EXCLUSIVE_AREA_23
                0x0040bf84                SchM_Exit_Port_PORT_EXCLUSIVE_AREA_23
                0x0040bfb4                SchM_Enter_Port_PORT_EXCLUSIVE_AREA_24
                0x0040bfe8                SchM_Exit_Port_PORT_EXCLUSIVE_AREA_24
                0x0040c018                SchM_Enter_Port_PORT_EXCLUSIVE_AREA_25
                0x0040c04c                SchM_Exit_Port_PORT_EXCLUSIVE_AREA_25
                0x0040c07c                SchM_Enter_Port_PORT_EXCLUSIVE_AREA_26
                0x0040c0b0                SchM_Exit_Port_PORT_EXCLUSIVE_AREA_26
                0x0040c0e0                SchM_Enter_Port_PORT_EXCLUSIVE_AREA_27
                0x0040c114                SchM_Exit_Port_PORT_EXCLUSIVE_AREA_27
 .mcal_text     0x0040c144      0x190 ./RTD/src/Siul2_Dio_Ip.o
                0x0040c17a                Siul2_Dio_Ip_WritePin
                0x0040c1ce                Siul2_Dio_Ip_WritePins
                0x0040c1e6                Siul2_Dio_Ip_GetPinsOutput
                0x0040c1fe                Siul2_Dio_Ip_SetPins
                0x0040c21c                Siul2_Dio_Ip_ClearPins
                0x0040c23c                Siul2_Dio_Ip_TogglePins
                0x0040c25a                Siul2_Dio_Ip_ReadPins
                0x0040c274                Siul2_Dio_Ip_ReadPin
                0x0040c2a6                Siul2_Dio_Ip_MaskedWritePins
 .mcal_text     0x0040c2d4      0x458 ./RTD/src/Siul2_Port_Ip.o
                0x0040c428                Siul2_Port_Ip_Init
                0x0040c458                Siul2_Port_Ip_SetPullSel
                0x0040c4b4                Siul2_Port_Ip_SetOutputBuffer
                0x0040c51a                Siul2_Port_Ip_SetInputBuffer
                0x0040c58a                Siul2_Port_Ip_SetPinDirection
                0x0040c602                Siul2_Port_Ip_RevertPinConfiguration
                0x0040c664                Siul2_Port_Ip_GetPinConfiguration
 .mcal_text     0x0040c72c       0xd0 ./RTD/src/Tspc_Port_Ip.o
                0x0040c72c                Tspc_Port_Ip_EnableObeGroup
                0x0040c75c                Tspc_Port_Ip_ConfigureObeGroup
                0x0040c7fc                . = ALIGN (0x4)
 *(.acmcu_code_rom)
                0x0040c7fc                . = ALIGN (0x4)
                0x0040c7fc                __acfls_code_rom_start = .
 *(.acfls_code_rom)
 .acfls_code_rom
                0x0040c7fc       0x58 ./RTD/src/Clock_Ip_Specific.o
                0x0040c7fc                Clock_Ip_PRAMCSetRamIWS
 *fill*         0x0040c854        0x4 
 .acfls_code_rom.__stub
                0x0040c858        0x8 linker stubs
                0x0040c860                . = ALIGN (0x4)
                0x0040c860                __acfls_code_rom_end = .
 *(.init)
                0x0040c860                . = ALIGN (0x4)
 *(.fini)
                0x0040c860                . = ALIGN (0x4)
 *(.rodata)
 .rodata        0x0040c860        0x5 ./FreeRTOS/Source/tasks.o
 .rodata        0x0040c865        0x3 ./RTD/src/Clock_Ip_IntOsc.o
 .rodata        0x0040c868       0x48 ./RTD/src/FlexCAN_Ip_HwAccess.o
 .rodata        0x0040c8b0        0x4 ./RTD/src/Siul2_Port_Ip.o
                0x0040c8b0                Port_au32Siul2BaseAddr
 *(.rodata*)
 .rodata.str1.1
                0x0040c8b4       0x14 ./FreeRTOS/Source/tasks.o
 .rodata.str1.1
                0x0040c8c8        0xd ./FreeRTOS/Source/timers.o
 .rodata.str1.1
                0x0040c8d5       0x2d ./src/main.o
 *fill*         0x0040c902        0x2 
 .rodata._global_impure_ptr
                0x0040c904        0x4 c:/nxp/s32ds.3.5/s32ds/build_tools/gcc_v10.2/gcc-10.2-arm32-eabi/bin/../lib/gcc/arm-none-eabi/10.2.0/../../../../arm-none-eabi/lib/thumb/v7e-m+fp/hard\libc_nano.a(lib_a-impure.o)
                0x0040c904                _global_impure_ptr
 .rodata._svfprintf_r.str1.1
                0x0040c908       0x11 c:/nxp/s32ds.3.5/s32ds/build_tools/gcc_v10.2/gcc-10.2-arm32-eabi/bin/../lib/gcc/arm-none-eabi/10.2.0/../../../../arm-none-eabi/lib/thumb/v7e-m+fp/hard\libc_nano.a(lib_a-nano-svfprintf.o)
 .rodata._printf_i.str1.1
                0x0040c919       0x22 c:/nxp/s32ds.3.5/s32ds/build_tools/gcc_v10.2/gcc-10.2-arm32-eabi/bin/../lib/gcc/arm-none-eabi/10.2.0/../../../../arm-none-eabi/lib/thumb/v7e-m+fp/hard\libc_nano.a(lib_a-nano-vfprintf_i.o)
                0x0040c93c                . = ALIGN (0x4)
 *fill*         0x0040c93b        0x1 
 *(.mcal_const_cfg)
 .mcal_const_cfg
                0x0040c93c      0x524 ./board/Siul2_Port_Ip_Cfg.o
                0x0040c93c                g_pin_mux_InitConfigArr0
 .mcal_const_cfg
                0x0040ce60      0x5d8 ./generate/src/Clock_Ip_Cfg.o
                0x0040ce60                Clock_Ip_aClockConfig
 .mcal_const_cfg
                0x0040d438       0xd0 ./generate/src/FlexCAN_Ip_Sa_PBcfg.o
                0x0040d438                FlexCAN_Config2
                0x0040d4a0                FlexCAN_Config0
                0x0040d508                . = ALIGN (0x4)
 *(.mcal_const)
 .mcal_const    0x0040d508     0x10da ./RTD/src/Clock_Ip_Data.o
                0x0040d508                Clock_Ip_axGateInfo
                0x0040dbe0                Clock_Ip_axFeatureExtensions
                0x0040de00                Clock_Ip_aeHwDfsName
                0x0040de04                Clock_Ip_aeHwPllName
                0x0040de08                Clock_Ip_aeSourceTypeClockName
                0x0040de60                Clock_Ip_apxMcMeTriggerPartitions
                0x0040de70                Clock_Ip_apxMcMeGetPartitions
                0x0040de80                Clock_Ip_apxMcMeSetPartitions
                0x0040de90                Clock_Ip_axCmuInfo
                0x0040df00                Clock_Ip_aeCmuNames
                0x0040df1c                Clock_Ip_apxCmu
                0x0040df38                Clock_Ip_apxPll
                0x0040df48                Clock_Ip_apxXosc
                0x0040df50                Clock_Ip_apxCgmPcfs
                0x0040df54                Clock_Ip_apxCgm
                0x0040dfa4                Clock_Ip_au16SelectorEntryRtcHardwareValue
                0x0040dfd0                Clock_Ip_au16SelectorEntryHardwareValue
                0x0040dffc                Clock_Ip_au8SoftwareMuxResetValue
                0x0040e08a                Clock_Ip_au8ClockFeatures
                0x0040e588                Clock_Ip_au8CmuCallbackIndex
                0x0040e591                Clock_Ip_au8PcfsCallbackIndex
                0x0040e59a                Clock_Ip_au8SelectorCallbackIndex
                0x0040e5a3                Clock_Ip_au8PllCallbackIndex
                0x0040e5ac                Clock_Ip_au8FractionalDividerCallbackIndex
                0x0040e5b5                Clock_Ip_au8GateCallbackIndex
                0x0040e5be                Clock_Ip_au8IrcoscCallbackIndex
                0x0040e5c7                Clock_Ip_au8XoscCallbackIndex
                0x0040e5d0                Clock_Ip_au8DividerTriggerCallbackIndex
                0x0040e5d9                Clock_Ip_au8DividerCallbackIndex
 *fill*         0x0040e5e2        0x2 
 .mcal_const    0x0040e5e4       0x10 ./RTD/src/Clock_Ip_Divider.o
                0x0040e5e4                Clock_Ip_axDividerCallbacks
 .mcal_const    0x0040e5f4       0x10 ./RTD/src/Clock_Ip_DividerTrigger.o
                0x0040e5f4                Clock_Ip_axDividerTriggerCallbacks
 .mcal_const    0x0040e604       0x3c ./RTD/src/Clock_Ip_ExtOsc.o
                0x0040e604                Clock_Ip_axExtOscCallbacks
 .mcal_const    0x0040e640        0xc ./RTD/src/Clock_Ip_FracDiv.o
                0x0040e640                Clock_Ip_axFracDivCallbacks
 .mcal_const    0x0040e64c       0x10 ./RTD/src/Clock_Ip_Gate.o
                0x0040e64c                Clock_Ip_axGateCallbacks
 .mcal_const    0x0040e65c       0x30 ./RTD/src/Clock_Ip_IntOsc.o
                0x0040e65c                Clock_Ip_axIntOscCallbacks
 .mcal_const    0x0040e68c       0x20 ./RTD/src/Clock_Ip_Monitor.o
                0x0040e68c                Clock_Ip_axCmuCallbacks
 .mcal_const    0x0040e6ac       0x28 ./RTD/src/Clock_Ip_Pll.o
                0x0040e6ac                Clock_Ip_axPllCallbacks
 .mcal_const    0x0040e6d4        0x8 ./RTD/src/Clock_Ip_ProgFreqSwitch.o
                0x0040e6d4                Clock_Ip_axPcfsCallbacks
 .mcal_const    0x0040e6dc       0x28 ./RTD/src/Clock_Ip_Selector.o
                0x0040e6dc                Clock_Ip_axSelectorCallbacks
 .mcal_const    0x0040e704       0x18 ./RTD/src/FlexCAN_Ip.o
                0x0040e71c                . = ALIGN (0x4)
                0x0040e71c                __init_table = .
 *(.init_table)
 .init_table    0x0040e71c       0x4c ./Project_Settings/Startup_Code/startup_cm7.o
                0x0040e768                . = ALIGN (0x4)
                0x0040e768                __zero_table = .
 *(.zero_table)
 .zero_table    0x0040e768       0x1c ./Project_Settings/Startup_Code/startup_cm7.o

.glue_7         0x0040e784        0x0
 .glue_7        0x0040e784        0x0 linker stubs

.glue_7t        0x0040e784        0x0
 .glue_7t       0x0040e784        0x0 linker stubs

.vfp11_veneer   0x0040e784        0x0
 .vfp11_veneer  0x0040e784        0x0 linker stubs

.v4_bx          0x0040e784        0x0
 .v4_bx         0x0040e784        0x0 linker stubs

.iplt           0x0040e784        0x0
 .iplt          0x0040e784        0x0 ./FreeRTOS/Source/event_groups.o

.rel.dyn        0x0040e784        0x0
 .rel.iplt      0x0040e784        0x0 ./FreeRTOS/Source/event_groups.o
                0x0040e784                . = ALIGN (0x4)
                0x0040e784                __text_end = .
                0x0040e784                __sram_data_rom = __text_end

.sram_bss       0x20400000     0x2ff8
                0x20400000                . = ALIGN (0x8)
                0x20400000                __standby_ram_begin__ = .
 *(.standby_data)
                0x20400000                . = ALIGN (0x8)
                0x20400000                __standby_ram_end__ = .
                0x20400000                . = ALIGN (0x10)
                0x20400000                __sram_bss_start = .
 *(.bss)
 .bss           0x20400000        0x0 ./FreeRTOS/Source/croutine.o
 .bss           0x20400000        0x0 ./FreeRTOS/Source/event_groups.o
 .bss           0x20400000        0x0 ./FreeRTOS/Source/list.o
 .bss           0x20400000       0x10 ./FreeRTOS/Source/queue.o
                0x20400000                xQueueRegistry
 .bss           0x20400010        0x0 ./FreeRTOS/Source/stream_buffer.o
 .bss           0x20400010      0x104 ./FreeRTOS/Source/tasks.o
                0x20400014                pxCurrentTCB
 .bss           0x20400114       0x3c ./FreeRTOS/Source/timers.o
 .bss           0x20400150        0x8 ./FreeRTOS/Source/portable/GCC/ARM_CM7/r0p1/port.o
 .bss           0x20400158     0x2008 ./FreeRTOS/Source/portable/MemMang/heap_1.o
 .bss           0x20402160        0x0 ./Project_Settings/Startup_Code/Vector_Table.o
 .bss           0x20402160        0x0 ./Project_Settings/Startup_Code/exceptions.o
 .bss           0x20402160        0x0 ./Project_Settings/Startup_Code/nvic.o
 .bss           0x20402160        0x0 ./Project_Settings/Startup_Code/startup.o
 .bss           0x20402160        0x0 ./Project_Settings/Startup_Code/startup_cm7.o
 .bss           0x20402160       0x78 ./Project_Settings/Startup_Code/system.o
                0x20402160                rbar
                0x2040219c                rasr
 .bss           0x204021d8        0x0 ./RTD/src/Clock_Ip.o
 .bss           0x204021d8        0x0 ./RTD/src/Clock_Ip_Data.o
 .bss           0x204021d8        0x0 ./RTD/src/Clock_Ip_Divider.o
 .bss           0x204021d8        0x0 ./RTD/src/Clock_Ip_DividerTrigger.o
 .bss           0x204021d8        0x0 ./RTD/src/Clock_Ip_ExtOsc.o
 .bss           0x204021d8        0x0 ./RTD/src/Clock_Ip_FracDiv.o
 .bss           0x204021d8        0x0 ./RTD/src/Clock_Ip_Frequency.o
 .bss           0x204021d8        0x0 ./RTD/src/Clock_Ip_Gate.o
 .bss           0x204021d8        0x0 ./RTD/src/Clock_Ip_IntOsc.o
 .bss           0x204021d8        0x0 ./RTD/src/Clock_Ip_Irq.o
 .bss           0x204021d8        0x0 ./RTD/src/Clock_Ip_Monitor.o
 .bss           0x204021d8        0x0 ./RTD/src/Clock_Ip_Pll.o
 .bss           0x204021d8        0x0 ./RTD/src/Clock_Ip_ProgFreqSwitch.o
 .bss           0x204021d8        0x0 ./RTD/src/Clock_Ip_Selector.o
 .bss           0x204021d8        0x0 ./RTD/src/Clock_Ip_Specific.o
 .bss           0x204021d8        0x0 ./RTD/src/Det.o
 .bss           0x204021d8        0x0 ./RTD/src/Det_stub.o
 .bss           0x204021d8        0x0 ./RTD/src/FlexCAN_Ip.o
 .bss           0x204021d8        0x0 ./RTD/src/FlexCAN_Ip_HwAccess.o
 .bss           0x204021d8        0x0 ./RTD/src/FlexCAN_Ip_Irq.o
 .bss           0x204021d8        0x0 ./RTD/src/Igf_Port_Ip.o
 .bss           0x204021d8        0x0 ./RTD/src/OsIf_Interrupts.o
 .bss           0x204021d8        0x0 ./RTD/src/OsIf_Timer.o
 .bss           0x204021d8        0x0 ./RTD/src/OsIf_Timer_System.o
 .bss           0x204021d8        0x0 ./RTD/src/OsIf_Timer_System_Internal_Systick.o
 .bss           0x204021d8        0x0 ./RTD/src/SchM_Can_43_FLEXCAN.o
 .bss           0x204021d8        0x0 ./RTD/src/SchM_Dio.o
 .bss           0x204021d8        0x0 ./RTD/src/SchM_Mcu.o
 .bss           0x204021d8        0x0 ./RTD/src/SchM_Port.o
 .bss           0x204021d8        0x0 ./RTD/src/Siul2_Dio_Ip.o
 .bss           0x204021d8        0x0 ./RTD/src/Siul2_Port_Ip.o
 .bss           0x204021d8        0x0 ./RTD/src/Tspc_Port_Ip.o
 .bss           0x204021d8        0x0 ./board/Siul2_Port_Ip_Cfg.o
 .bss           0x204021d8        0x0 ./board/Tspc_Port_Ip_Cfg.o
 .bss           0x204021d8        0x0 ./generate/src/Clock_Ip_Cfg.o
 .bss           0x204021d8        0x0 ./generate/src/FlexCAN_Ip_Sa_PBcfg.o
 .bss           0x204021d8        0x0 ./generate/src/Igf_Port_Ip_Cfg.o
 .bss           0x204021d8        0x0 ./generate/src/OsIf_Cfg.o
 .bss           0x204021d8        0x8 ./src/main.o
                0x204021d8                sem
                0x204021dc                exit_code
 .bss           0x204021e0        0x0 c:/nxp/s32ds.3.5/s32ds/build_tools/gcc_v10.2/gcc-10.2-arm32-eabi/bin/../lib/gcc/arm-none-eabi/10.2.0/../../../../arm-none-eabi/lib/thumb/v7e-m+fp/hard\libc_nano.a(lib_a-memcpy-stub.o)
 .bss           0x204021e0        0x0 c:/nxp/s32ds.3.5/s32ds/build_tools/gcc_v10.2/gcc-10.2-arm32-eabi/bin/../lib/gcc/arm-none-eabi/10.2.0/../../../../arm-none-eabi/lib/thumb/v7e-m+fp/hard\libc_nano.a(lib_a-memmove.o)
 .bss           0x204021e0        0x0 c:/nxp/s32ds.3.5/s32ds/build_tools/gcc_v10.2/gcc-10.2-arm32-eabi/bin/../lib/gcc/arm-none-eabi/10.2.0/../../../../arm-none-eabi/lib/thumb/v7e-m+fp/hard\libc_nano.a(lib_a-memset.o)
 .bss           0x204021e0        0x0 c:/nxp/s32ds.3.5/s32ds/build_tools/gcc_v10.2/gcc-10.2-arm32-eabi/bin/../lib/gcc/arm-none-eabi/10.2.0/../../../../arm-none-eabi/lib/thumb/v7e-m+fp/hard\libc_nano.a(lib_a-sprintf.o)
 .bss           0x204021e0        0x0 c:/nxp/s32ds.3.5/s32ds/build_tools/gcc_v10.2/gcc-10.2-arm32-eabi/bin/../lib/gcc/arm-none-eabi/10.2.0/../../../../arm-none-eabi/lib/thumb/v7e-m+fp/hard\libc_nano.a(lib_a-strcpy.o)
 .bss           0x204021e0        0x0 c:/nxp/s32ds.3.5/s32ds/build_tools/gcc_v10.2/gcc-10.2-arm32-eabi/bin/../lib/gcc/arm-none-eabi/10.2.0/../../../../arm-none-eabi/lib/thumb/v7e-m+fp/hard\libc_nano.a(lib_a-strlen.o)
 .bss           0x204021e0        0x0 c:/nxp/s32ds.3.5/s32ds/build_tools/gcc_v10.2/gcc-10.2-arm32-eabi/bin/../lib/gcc/arm-none-eabi/10.2.0/../../../../arm-none-eabi/lib/thumb/v7e-m+fp/hard\libc_nano.a(lib_a-impure.o)
 .bss           0x204021e0        0x0 c:/nxp/s32ds.3.5/s32ds/build_tools/gcc_v10.2/gcc-10.2-arm32-eabi/bin/../lib/gcc/arm-none-eabi/10.2.0/../../../../arm-none-eabi/lib/thumb/v7e-m+fp/hard\libc_nano.a(lib_a-nano-svfprintf.o)
 .bss           0x204021e0        0x0 c:/nxp/s32ds.3.5/s32ds/build_tools/gcc_v10.2/gcc-10.2-arm32-eabi/bin/../lib/gcc/arm-none-eabi/10.2.0/../../../../arm-none-eabi/lib/thumb/v7e-m+fp/hard\libc_nano.a(lib_a-nano-vfprintf_i.o)
 .bss           0x204021e0        0x0 c:/nxp/s32ds.3.5/s32ds/build_tools/gcc_v10.2/gcc-10.2-arm32-eabi/bin/../lib/gcc/arm-none-eabi/10.2.0/../../../../arm-none-eabi/lib/thumb/v7e-m+fp/hard\libc_nano.a(lib_a-memchr.o)
 .bss           0x204021e0        0x0 c:/nxp/s32ds.3.5/s32ds/build_tools/gcc_v10.2/gcc-10.2-arm32-eabi/bin/../lib/gcc/arm-none-eabi/10.2.0/../../../../arm-none-eabi/lib/thumb/v7e-m+fp/hard\libc_nano.a(lib_a-nano-freer.o)
 .bss           0x204021e0        0x0 c:/nxp/s32ds.3.5/s32ds/build_tools/gcc_v10.2/gcc-10.2-arm32-eabi/bin/../lib/gcc/arm-none-eabi/10.2.0/../../../../arm-none-eabi/lib/thumb/v7e-m+fp/hard\libc_nano.a(lib_a-nano-mallocr.o)
 .bss           0x204021e0        0x0 c:/nxp/s32ds.3.5/s32ds/build_tools/gcc_v10.2/gcc-10.2-arm32-eabi/bin/../lib/gcc/arm-none-eabi/10.2.0/../../../../arm-none-eabi/lib/thumb/v7e-m+fp/hard\libc_nano.a(lib_a-nano-reallocr.o)
 .bss           0x204021e0        0x0 c:/nxp/s32ds.3.5/s32ds/build_tools/gcc_v10.2/gcc-10.2-arm32-eabi/bin/../lib/gcc/arm-none-eabi/10.2.0/../../../../arm-none-eabi/lib/thumb/v7e-m+fp/hard\libc_nano.a(lib_a-sbrkr.o)
 .bss           0x204021e0        0x0 c:/nxp/s32ds.3.5/s32ds/build_tools/gcc_v10.2/gcc-10.2-arm32-eabi/bin/../lib/gcc/arm-none-eabi/10.2.0/../../../../arm-none-eabi/lib/thumb/v7e-m+fp/hard\libc_nano.a(lib_a-mlock.o)
 .bss           0x204021e0        0x0 c:/nxp/s32ds.3.5/s32ds/build_tools/gcc_v10.2/gcc-10.2-arm32-eabi/bin/../lib/gcc/arm-none-eabi/10.2.0/../../../../arm-none-eabi/lib/thumb/v7e-m+fp/hard\libc_nano.a(lib_a-nano-msizer.o)
 .bss           0x204021e0        0x0 c:/nxp/s32ds.3.5/s32ds/build_tools/gcc_v10.2/gcc-10.2-arm32-eabi/bin/../lib/gcc/arm-none-eabi/10.2.0/../../../../arm-none-eabi/lib/thumb/v7e-m+fp/hard\libc_nano.a(lib_a-reent.o)
 .bss           0x204021e0        0x0 c:/nxp/s32ds.3.5/s32ds/build_tools/gcc_v10.2/gcc-10.2-arm32-eabi/bin/../lib/gcc/arm-none-eabi/10.2.0/../../../../arm-none-eabi/lib/thumb/v7e-m+fp/hard\libnosys.a(sbrk.o)
 *(.bss*)
 .bss.__malloc_free_list
                0x204021e0        0x4 c:/nxp/s32ds.3.5/s32ds/build_tools/gcc_v10.2/gcc-10.2-arm32-eabi/bin/../lib/gcc/arm-none-eabi/10.2.0/../../../../arm-none-eabi/lib/thumb/v7e-m+fp/hard\libc_nano.a(lib_a-nano-mallocr.o)
                0x204021e0                __malloc_free_list
 .bss.__malloc_sbrk_start
                0x204021e4        0x4 c:/nxp/s32ds.3.5/s32ds/build_tools/gcc_v10.2/gcc-10.2-arm32-eabi/bin/../lib/gcc/arm-none-eabi/10.2.0/../../../../arm-none-eabi/lib/thumb/v7e-m+fp/hard\libc_nano.a(lib_a-nano-mallocr.o)
                0x204021e4                __malloc_sbrk_start
 .bss.errno     0x204021e8        0x4 c:/nxp/s32ds.3.5/s32ds/build_tools/gcc_v10.2/gcc-10.2-arm32-eabi/bin/../lib/gcc/arm-none-eabi/10.2.0/../../../../arm-none-eabi/lib/thumb/v7e-m+fp/hard\libc_nano.a(lib_a-reent.o)
                0x204021e8                errno
 .bss.heap_end.0
                0x204021ec        0x4 c:/nxp/s32ds.3.5/s32ds/build_tools/gcc_v10.2/gcc-10.2-arm32-eabi/bin/../lib/gcc/arm-none-eabi/10.2.0/../../../../arm-none-eabi/lib/thumb/v7e-m+fp/hard\libnosys.a(sbrk.o)
                0x204021f0                . = ALIGN (0x10)
 *(.mcal_bss)
 .mcal_bss      0x204021f0        0x4 ./Project_Settings/Startup_Code/system.o
                0x204021f0                RESET_CATCH_CORE
 .mcal_bss      0x204021f4       0x99 ./RTD/src/Clock_Ip.o
                0x204021f8                Clock_Ip_FreqIds
                0x20402288                Clock_Ip_pxConfig
 *fill*         0x2040228d        0x3 
 .mcal_bss      0x20402290       0x10 ./RTD/src/Clock_Ip_Monitor.o
 .mcal_bss      0x204022a0        0x4 ./RTD/src/Clock_Ip_ProgFreqSwitch.o
 .mcal_bss      0x204022a4        0xc ./RTD/src/Clock_Ip_Specific.o
 .mcal_bss      0x204022b0       0x18 ./RTD/src/FlexCAN_Ip.o
 .mcal_bss      0x204022c8       0xc8 ./RTD/src/FlexCAN_Ip_HwAccess.o
 .mcal_bss      0x20402390        0x8 ./RTD/src/Siul2_Port_Ip.o
 .mcal_bss      0x20402398      0xc60 ./generate/src/FlexCAN_Ip_Sa_PBcfg.o
                0x20402398                FlexCAN_State1
                0x204029c8                FlexCAN_State0
                0x20402ff8                . = ALIGN (0x4)
                0x20402ff8                __sram_bss_end = .

.sram_data      0x20402ff8      0x124 load address 0x0040e784
                0x20402ff8                . = ALIGN (0x4)
                0x20402ff8                __sram_data_begin__ = .
                0x20402ff8                . = ALIGN (0x4)
 *(.ramcode)
 .ramcode       0x20402ff8       0x90 ./RTD/src/Clock_Ip_Specific.o
                0x20403088                . = ALIGN (0x4)
 *(.data)
 .data          0x20403088        0x0 ./FreeRTOS/Source/croutine.o
 .data          0x20403088        0x0 ./FreeRTOS/Source/event_groups.o
 .data          0x20403088        0x0 ./FreeRTOS/Source/list.o
 .data          0x20403088        0x0 ./FreeRTOS/Source/queue.o
 .data          0x20403088        0x0 ./FreeRTOS/Source/stream_buffer.o
 .data          0x20403088        0x4 ./FreeRTOS/Source/tasks.o
                0x20403088                uxTopUsedPriority
 .data          0x2040308c        0x0 ./FreeRTOS/Source/timers.o
 .data          0x2040308c        0x4 ./FreeRTOS/Source/portable/GCC/ARM_CM7/r0p1/port.o
 .data          0x20403090        0x0 ./FreeRTOS/Source/portable/MemMang/heap_1.o
 .data          0x20403090        0x0 ./Project_Settings/Startup_Code/Vector_Table.o
 .data          0x20403090        0x0 ./Project_Settings/Startup_Code/exceptions.o
 .data          0x20403090        0x0 ./Project_Settings/Startup_Code/nvic.o
 .data          0x20403090        0x0 ./Project_Settings/Startup_Code/startup.o
 .data          0x20403090        0x0 ./Project_Settings/Startup_Code/startup_cm7.o
 .data          0x20403090        0x0 ./Project_Settings/Startup_Code/system.o
 .data          0x20403090        0x4 ./RTD/src/Clock_Ip.o
 .data          0x20403094        0x0 ./RTD/src/Clock_Ip_Data.o
 .data          0x20403094        0x0 ./RTD/src/Clock_Ip_Divider.o
 .data          0x20403094        0x0 ./RTD/src/Clock_Ip_DividerTrigger.o
 .data          0x20403094        0x0 ./RTD/src/Clock_Ip_ExtOsc.o
 .data          0x20403094        0x0 ./RTD/src/Clock_Ip_FracDiv.o
 .data          0x20403094        0x0 ./RTD/src/Clock_Ip_Frequency.o
 .data          0x20403094        0x0 ./RTD/src/Clock_Ip_Gate.o
 .data          0x20403094        0x0 ./RTD/src/Clock_Ip_IntOsc.o
 .data          0x20403094        0x0 ./RTD/src/Clock_Ip_Irq.o
 .data          0x20403094        0x0 ./RTD/src/Clock_Ip_Monitor.o
 .data          0x20403094        0x0 ./RTD/src/Clock_Ip_Pll.o
 .data          0x20403094        0x0 ./RTD/src/Clock_Ip_ProgFreqSwitch.o
 .data          0x20403094        0x0 ./RTD/src/Clock_Ip_Selector.o
 .data          0x20403094        0x0 ./RTD/src/Clock_Ip_Specific.o
 .data          0x20403094        0x0 ./RTD/src/Det.o
 .data          0x20403094        0x0 ./RTD/src/Det_stub.o
 .data          0x20403094        0x0 ./RTD/src/FlexCAN_Ip.o
 .data          0x20403094        0x0 ./RTD/src/FlexCAN_Ip_HwAccess.o
 .data          0x20403094        0x0 ./RTD/src/FlexCAN_Ip_Irq.o
 .data          0x20403094        0x0 ./RTD/src/Igf_Port_Ip.o
 .data          0x20403094        0x0 ./RTD/src/OsIf_Interrupts.o
 .data          0x20403094        0x0 ./RTD/src/OsIf_Timer.o
 .data          0x20403094        0x0 ./RTD/src/OsIf_Timer_System.o
 .data          0x20403094        0x0 ./RTD/src/OsIf_Timer_System_Internal_Systick.o
 .data          0x20403094        0x0 ./RTD/src/SchM_Can_43_FLEXCAN.o
 .data          0x20403094        0x0 ./RTD/src/SchM_Dio.o
 .data          0x20403094        0x0 ./RTD/src/SchM_Mcu.o
 .data          0x20403094        0x0 ./RTD/src/SchM_Port.o
 .data          0x20403094        0x0 ./RTD/src/Siul2_Dio_Ip.o
 .data          0x20403094        0x0 ./RTD/src/Siul2_Port_Ip.o
 .data          0x20403094        0x0 ./RTD/src/Tspc_Port_Ip.o
 .data          0x20403094        0x0 ./board/Siul2_Port_Ip_Cfg.o
 .data          0x20403094        0x0 ./board/Tspc_Port_Ip_Cfg.o
 .data          0x20403094        0x0 ./generate/src/Clock_Ip_Cfg.o
 .data          0x20403094        0x0 ./generate/src/FlexCAN_Ip_Sa_PBcfg.o
 .data          0x20403094        0x0 ./generate/src/Igf_Port_Ip_Cfg.o
 .data          0x20403094        0x0 ./generate/src/OsIf_Cfg.o
 .data          0x20403094       0x20 ./src/main.o
                0x20403094                GREEN_LED
                0x20403098                GPIOC_L
                0x2040309c                RED_LED
                0x204030a0                GPIOA_H
                0x204030a4                can_data
                0x204030ac                GPIOA_L
                0x204030b0                GPIOC_H
 .data          0x204030b4        0x0 c:/nxp/s32ds.3.5/s32ds/build_tools/gcc_v10.2/gcc-10.2-arm32-eabi/bin/../lib/gcc/arm-none-eabi/10.2.0/../../../../arm-none-eabi/lib/thumb/v7e-m+fp/hard\libc_nano.a(lib_a-memcpy-stub.o)
 .data          0x204030b4        0x0 c:/nxp/s32ds.3.5/s32ds/build_tools/gcc_v10.2/gcc-10.2-arm32-eabi/bin/../lib/gcc/arm-none-eabi/10.2.0/../../../../arm-none-eabi/lib/thumb/v7e-m+fp/hard\libc_nano.a(lib_a-memmove.o)
 .data          0x204030b4        0x0 c:/nxp/s32ds.3.5/s32ds/build_tools/gcc_v10.2/gcc-10.2-arm32-eabi/bin/../lib/gcc/arm-none-eabi/10.2.0/../../../../arm-none-eabi/lib/thumb/v7e-m+fp/hard\libc_nano.a(lib_a-memset.o)
 .data          0x204030b4        0x0 c:/nxp/s32ds.3.5/s32ds/build_tools/gcc_v10.2/gcc-10.2-arm32-eabi/bin/../lib/gcc/arm-none-eabi/10.2.0/../../../../arm-none-eabi/lib/thumb/v7e-m+fp/hard\libc_nano.a(lib_a-sprintf.o)
 .data          0x204030b4        0x0 c:/nxp/s32ds.3.5/s32ds/build_tools/gcc_v10.2/gcc-10.2-arm32-eabi/bin/../lib/gcc/arm-none-eabi/10.2.0/../../../../arm-none-eabi/lib/thumb/v7e-m+fp/hard\libc_nano.a(lib_a-strcpy.o)
 .data          0x204030b4        0x0 c:/nxp/s32ds.3.5/s32ds/build_tools/gcc_v10.2/gcc-10.2-arm32-eabi/bin/../lib/gcc/arm-none-eabi/10.2.0/../../../../arm-none-eabi/lib/thumb/v7e-m+fp/hard\libc_nano.a(lib_a-strlen.o)
 .data          0x204030b4        0x0 c:/nxp/s32ds.3.5/s32ds/build_tools/gcc_v10.2/gcc-10.2-arm32-eabi/bin/../lib/gcc/arm-none-eabi/10.2.0/../../../../arm-none-eabi/lib/thumb/v7e-m+fp/hard\libc_nano.a(lib_a-impure.o)
 .data          0x204030b4        0x0 c:/nxp/s32ds.3.5/s32ds/build_tools/gcc_v10.2/gcc-10.2-arm32-eabi/bin/../lib/gcc/arm-none-eabi/10.2.0/../../../../arm-none-eabi/lib/thumb/v7e-m+fp/hard\libc_nano.a(lib_a-nano-svfprintf.o)
 .data          0x204030b4        0x0 c:/nxp/s32ds.3.5/s32ds/build_tools/gcc_v10.2/gcc-10.2-arm32-eabi/bin/../lib/gcc/arm-none-eabi/10.2.0/../../../../arm-none-eabi/lib/thumb/v7e-m+fp/hard\libc_nano.a(lib_a-nano-vfprintf_i.o)
 .data          0x204030b4        0x0 c:/nxp/s32ds.3.5/s32ds/build_tools/gcc_v10.2/gcc-10.2-arm32-eabi/bin/../lib/gcc/arm-none-eabi/10.2.0/../../../../arm-none-eabi/lib/thumb/v7e-m+fp/hard\libc_nano.a(lib_a-memchr.o)
 .data          0x204030b4        0x0 c:/nxp/s32ds.3.5/s32ds/build_tools/gcc_v10.2/gcc-10.2-arm32-eabi/bin/../lib/gcc/arm-none-eabi/10.2.0/../../../../arm-none-eabi/lib/thumb/v7e-m+fp/hard\libc_nano.a(lib_a-nano-freer.o)
 .data          0x204030b4        0x0 c:/nxp/s32ds.3.5/s32ds/build_tools/gcc_v10.2/gcc-10.2-arm32-eabi/bin/../lib/gcc/arm-none-eabi/10.2.0/../../../../arm-none-eabi/lib/thumb/v7e-m+fp/hard\libc_nano.a(lib_a-nano-mallocr.o)
 .data          0x204030b4        0x0 c:/nxp/s32ds.3.5/s32ds/build_tools/gcc_v10.2/gcc-10.2-arm32-eabi/bin/../lib/gcc/arm-none-eabi/10.2.0/../../../../arm-none-eabi/lib/thumb/v7e-m+fp/hard\libc_nano.a(lib_a-nano-reallocr.o)
 .data          0x204030b4        0x0 c:/nxp/s32ds.3.5/s32ds/build_tools/gcc_v10.2/gcc-10.2-arm32-eabi/bin/../lib/gcc/arm-none-eabi/10.2.0/../../../../arm-none-eabi/lib/thumb/v7e-m+fp/hard\libc_nano.a(lib_a-sbrkr.o)
 .data          0x204030b4        0x0 c:/nxp/s32ds.3.5/s32ds/build_tools/gcc_v10.2/gcc-10.2-arm32-eabi/bin/../lib/gcc/arm-none-eabi/10.2.0/../../../../arm-none-eabi/lib/thumb/v7e-m+fp/hard\libc_nano.a(lib_a-mlock.o)
 .data          0x204030b4        0x0 c:/nxp/s32ds.3.5/s32ds/build_tools/gcc_v10.2/gcc-10.2-arm32-eabi/bin/../lib/gcc/arm-none-eabi/10.2.0/../../../../arm-none-eabi/lib/thumb/v7e-m+fp/hard\libc_nano.a(lib_a-nano-msizer.o)
 .data          0x204030b4        0x0 c:/nxp/s32ds.3.5/s32ds/build_tools/gcc_v10.2/gcc-10.2-arm32-eabi/bin/../lib/gcc/arm-none-eabi/10.2.0/../../../../arm-none-eabi/lib/thumb/v7e-m+fp/hard\libc_nano.a(lib_a-reent.o)
 .data          0x204030b4        0x0 c:/nxp/s32ds.3.5/s32ds/build_tools/gcc_v10.2/gcc-10.2-arm32-eabi/bin/../lib/gcc/arm-none-eabi/10.2.0/../../../../arm-none-eabi/lib/thumb/v7e-m+fp/hard\libnosys.a(sbrk.o)
 *(.data*)
 .data._impure_ptr
                0x204030b4        0x4 c:/nxp/s32ds.3.5/s32ds/build_tools/gcc_v10.2/gcc-10.2-arm32-eabi/bin/../lib/gcc/arm-none-eabi/10.2.0/../../../../arm-none-eabi/lib/thumb/v7e-m+fp/hard\libc_nano.a(lib_a-impure.o)
                0x204030b4                _impure_ptr
 .data.impure_data
                0x204030b8       0x60 c:/nxp/s32ds.3.5/s32ds/build_tools/gcc_v10.2/gcc-10.2-arm32-eabi/bin/../lib/gcc/arm-none-eabi/10.2.0/../../../../arm-none-eabi/lib/thumb/v7e-m+fp/hard\libc_nano.a(lib_a-impure.o)
                0x20403118                . = ALIGN (0x4)
 *(.mcal_data)
 .mcal_data     0x20403118        0x4 ./RTD/src/Siul2_Dio_Ip.o
                0x20403118                Siul2_Dio_Ip_au32BaseAdresses
                0x2040311c                . = ALIGN (0x4)
                0x2040311c                __sram_data_end__ = .
                0x0040e8a8                __sram_data_rom_end = (__sram_data_rom + (__sram_data_end__ - __sram_data_begin__))

.heap           0x2040311c     0x2000 load address 0x0040e8a8
                0x00000000                . = (. + ALIGN (0x4))
                0x2040311c                _end = .
                0x2040311c                end = .
                0x2040311c                _heap_start = .
                0x00002000                . = (. + HEAP_SIZE)
 *fill*         0x2040311c     0x2000 
                0x2040511c                _heap_end = .

.acfls_code_ram
                0x2042ff00        0x0
                0x2042ff00                acfls_code_ram_start = .
 *(.acfls_code_ram)
                0x2042ff00                acfls_code_ram_stop = .
                0x0040e8a8                __non_cacheable_data_rom = __sram_data_rom_end

.non_cacheable_data
                0x20430000        0x4 load address 0x0040e8a8
                0x20430000                . = ALIGN (0x4)
                0x20430000                __non_cacheable_data_start__ = .
 *(.mcal_data_no_cacheable)
                0x20430000                . = ALIGN (0x4)
 *(.mcal_const_no_cacheable)
                0x20430000                . = ALIGN (0x4)
                0x20430000                HSE_LOOP_ADDR = .
                0x20430000        0x4 LONG 0x0
                0x20430004                __non_cacheable_data_end__ = .
                0x0040e8ac                __non_cacheable_data_rom_end = (__non_cacheable_data_rom + (__non_cacheable_data_end__ - __non_cacheable_data_start__))

.igot.plt       0x20430004        0x0 load address 0x0040e8ac
 .igot.plt      0x20430004        0x0 ./FreeRTOS/Source/event_groups.o

.non_cacheable_bss
                0x20430004      0x708 load address 0x0040e8ac
                0x20430010                . = ALIGN (0x10)
 *fill*         0x20430004        0xc 
                0x20430010                __non_cacheable_bss_start = .
 *(.mcal_bss_no_cacheable)
 .mcal_bss_no_cacheable
                0x20430010       0x3c ./RTD/src/Det.o
                0x20430010                Det_TransientModuleId
                0x20430018                Det_ApiId
                0x2043001c                Det_TransientInstanceId
                0x20430020                Det_ErrorId
                0x20430024                Det_TransientApiId
                0x20430028                Det_RuntimeModuleId
                0x20430030                Det_TransientFaultId
                0x20430034                Det_RuntimeInstanceId
                0x20430038                Det_RuntimeApiId
                0x2043003c                Det_ModuleId
                0x20430044                Det_RuntimeErrorId
                0x20430048                Det_InstanceId
 .mcal_bss_no_cacheable
                0x2043004c      0x2a0 ./RTD/src/SchM_Can_43_FLEXCAN.o
 .mcal_bss_no_cacheable
                0x204302ec       0x40 ./RTD/src/SchM_Dio.o
 .mcal_bss_no_cacheable
                0x2043032c       0x60 ./RTD/src/SchM_Mcu.o
 .mcal_bss_no_cacheable
                0x2043038c      0x380 ./RTD/src/SchM_Port.o
                0x2043070c                . = ALIGN (0x4)
                0x2043070c                __non_cacheable_bss_end = .

.int_results    0x2043ff00      0x100
                0x2043ff00                . = ALIGN (0x4)
 *(.int_results)
                0x20440000                . = (. + 0x100)
 *fill*         0x2043ff00      0x100 
                0x0040e8ac                __shareable_data_rom = __non_cacheable_data_rom_end

.shareable_data
                0x20440000        0x0 load address 0x0040e8ac
                0x20440000                . = ALIGN (0x4)
                0x20440000                __shareable_data_start__ = .
 *(.mcal_shared_data)
                0x20440000                . = ALIGN (0x4)
                0x20440000                __shareable_data_end__ = .
                0x0040e8ac                __shareable_data_rom_end = (__shareable_data_rom + (__shareable_data_end__ - __shareable_data_start__))

.int_vector     0x20000000      0x408
                0x20000000                . = ALIGN (0x800)
                0x20000000                __interrupts_ram_start = .
                0x20000408                . = (. + (__interrupts_init_end - __interrupts_init_start))
 *fill*         0x20000000      0x408 
                0x20000408                . = ALIGN (0x4)
                0x20000408                __interrupts_ram_end = .
                0x0040e8ac                __tcm_data_rom = __shareable_data_rom_end

.data_tcm_data  0x20000408        0x0 load address 0x0040e8ac
                0x20000408                . = ALIGN (0x4)
                0x20000408                __dtcm_data_start__ = .
 *(.dtcm_data*)
                0x20000408                . = ALIGN (0x4)
                0x20000408                __dtcm_data_end__ = .
                0x0040e8ac                __tcm_data_rom_end = (__tcm_data_rom + (__dtcm_data_end__ - __dtcm_data_start__))

.bss_tcm_data   0x20000408        0x0
                0x20000408                . = ALIGN (0x4)
                0x20000408                __dtcm_bss_start__ = .
 *(.dtcm_bss*)
                0x20000408                . = ALIGN (0x4)
                0x20000408                __dtcm_bss_end__ = .
                0x0040e8ac                __tcm_code_rom_start = __tcm_data_rom_end

.itcm_text      0x00000000        0x0 load address 0x0040e8ac
                0x00000000                . = ALIGN (0x4)
                0x00000000                __itcm_start__ = .
 *(.itcm_text*)
                0x00000000                . = ALIGN (0x4)
                0x00000000                __itcm_end__ = .
                0x0040e8ac                __tcm_code_rom_end = (__tcm_code_rom_start + (__itcm_end__ - __itcm_start__))

.shareable_bss  0x20440000        0x0
                0x20440000                . = ALIGN (0x10)
                0x20440000                __shareable_bss_start = .
 *(.mcal_shared_bss)
                0x20440000                . = ALIGN (0x4)
                0x20440000                __shareable_bss_end = .
                0x2001f000                __Stack_dtcm_end = ORIGIN (int_stack_dtcm)
                0x20020000                __Stack_dtcm_start = (ORIGIN (int_stack_dtcm) + LENGTH (int_stack_dtcm))
                0x20400000                __INT_SRAM_START = ORIGIN (int_sram)
                0x20444000                __INT_SRAM_END = ORIGIN (ram_rsvd2)
                0x00000000                __INT_ITCM_START = ORIGIN (int_itcm)
                0x00010000                __INT_ITCM_END = (ORIGIN (int_itcm) + LENGTH (int_itcm))
                0x20000000                __INT_DTCM_START = ORIGIN (int_dtcm)
                0x20020000                __INT_DTCM_END = ((ORIGIN (int_dtcm) + LENGTH (int_dtcm)) + LENGTH (int_stack_dtcm))
                0x20440000                __RAM_SHAREABLE_START = ORIGIN (int_sram_shareable)
                0x20444000                __RAM_SHAREABLE_END = (ORIGIN (int_sram_shareable) + LENGTH (int_sram_shareable))
                0x0000000e                __RAM_SHAREABLE_SIZE = 0xe
                0x0040e8ac                __ROM_SHAREABLE_START = __shareable_data_rom
                0x0040e8ac                __ROM_SHAREABLE_END = __shareable_data_rom_end
                0x20430000                __RAM_NO_CACHEABLE_START = ORIGIN (int_sram_no_cacheable)
                0x2043ffff                __RAM_NO_CACHEABLE_END = (ORIGIN (int_sram_shareable) - 0x1)
                0x00000010                __RAM_NO_CACHEABLE_SIZE = 0x10
                0x0040e8a8                __ROM_NO_CACHEABLE_START = __non_cacheable_data_rom
                0x0040e8ac                __ROM_NO_CACHEABLE_END = __non_cacheable_data_rom_end
                0x20402ff8                __RAM_CACHEABLE_START = __sram_data_begin__
                0x2042ffff                __RAM_CACHEABLE_END = (ORIGIN (int_sram_no_cacheable) - 0x1)
                0x00000012                __RAM_CACHEABLE_SIZE = 0x12
                0x0040e784                __ROM_CACHEABLE_START = __sram_data_rom
                0x0040e8a8                __ROM_CACHEABLE_END = __sram_data_rom_end
                0x00400000                __ROM_CODE_START = ORIGIN (int_pflash)
                0x10000000                __ROM_DATA_START = ORIGIN (int_dflash)
                0x20400000                __BSS_SRAM_START = __sram_bss_start
                0x20402ff8                __BSS_SRAM_END = __sram_bss_end
                0x00002ff8                __BSS_SRAM_SIZE = (__sram_bss_end - __sram_bss_start)
                0x20430010                __BSS_SRAM_NC_START = __non_cacheable_bss_start
                0x000006fc                __BSS_SRAM_NC_SIZE = (__non_cacheable_bss_end - __non_cacheable_bss_start)
                0x2043070c                __BSS_SRAM_NC_END = __non_cacheable_bss_end
                0x20440000                __BSS_SRAM_SH_START = __shareable_bss_start
                0x00000000                __BSS_SRAM_SH_SIZE = (__shareable_bss_end - __shareable_bss_start)
                0x20440000                __BSS_SRAM_SH_END = __shareable_bss_end
                0x20000000                __RAM_INTERRUPT_START = __interrupts_ram_start
                0x00400800                __INIT_INTERRUPT_START = __interrupts_init_start
                0x00400c08                __INIT_INTERRUPT_END = __interrupts_init_end
                0x00000000                __RAM_ITCM_START = __itcm_start__
                0x0040e8ac                __ROM_ITCM_START = __tcm_code_rom_start
                0x0040e8ac                __ROM_ITCM_END = __tcm_code_rom_end
                0x20000408                __RAM_DTCM_DATA_START = __dtcm_data_start__
                0x0040e8ac                __ROM_DTCM_DATA_START = __tcm_data_rom
                0x0040e8ac                __ROM_DTCM_END = __tcm_data_rom_end
                0x0040e71c                __INIT_TABLE = __init_table
                0x0040e768                __ZERO_TABLE = __zero_table
                0x00000001                __RAM_INIT = 0x1
                0x00000001                __ITCM_INIT = 0x1
                0x00000001                __DTCM_INIT = 0x1
                0x0040c7fc                Fls_ACEraseRomStart = __acfls_code_rom_start
                0x0040c860                Fls_ACEraseRomEnd = __acfls_code_rom_end
                0x00000019                Fls_ACEraseSize = ((__acfls_code_rom_end - __acfls_code_rom_start) / 0x4)
                0x0040c7fc                Fls_ACWriteRomStart = __acfls_code_rom_start
                0x0040c860                Fls_ACWriteRomEnd = __acfls_code_rom_end
                0x00000019                Fls_ACWriteSize = ((__acfls_code_rom_end - __acfls_code_rom_start) / 0x4)
                0x2042ff00                _ERASE_FUNC_ADDRESS_ = ADDR (.acfls_code_ram)
                0x2042ff00                _WRITE_FUNC_ADDRESS_ = ADDR (.acfls_code_ram)
                0x00400800                __ENTRY_VTABLE = __INIT_INTERRUPT_START
                0x00400800                __CORE0_VTOR = __INIT_INTERRUPT_START
                0x00400800                __CORE1_VTOR = __INIT_INTERRUPT_START
                0x00400800                __CORE2_VTOR = __INIT_INTERRUPT_START
                0x00000003                __INDEX_COPY_CORE2 = 0x3
                0x00000001                ASSERT ((__standby_ram_end__ <= __STANDBY_RAM_LIMIT_END), Memory for standby ram overflow)
OUTPUT(CanBus_Rcv_Transmit.elf elf32-littlearm)
LOAD linker stubs

.debug_info     0x00000000    0x33222
 .debug_info    0x00000000       0x6f ./FreeRTOS/Source/croutine.o
 .debug_info    0x0000006f      0xeef ./FreeRTOS/Source/event_groups.o
 .debug_info    0x00000f5e      0x2dd ./FreeRTOS/Source/list.o
 .debug_info    0x0000123b     0x255d ./FreeRTOS/Source/queue.o
 .debug_info    0x00003798     0x1d43 ./FreeRTOS/Source/stream_buffer.o
 .debug_info    0x000054db     0x39c2 ./FreeRTOS/Source/tasks.o
 .debug_info    0x00008e9d     0x15b2 ./FreeRTOS/Source/timers.o
 .debug_info    0x0000a44f      0x562 ./FreeRTOS/Source/portable/GCC/ARM_CM7/r0p1/port.o
 .debug_info    0x0000a9b1      0x1f2 ./FreeRTOS/Source/portable/MemMang/heap_1.o
 .debug_info    0x0000aba3      0x139 ./Project_Settings/Startup_Code/exceptions.o
 .debug_info    0x0000acdc      0x76a ./Project_Settings/Startup_Code/nvic.o
 .debug_info    0x0000b446      0x36f ./Project_Settings/Startup_Code/startup.o
 .debug_info    0x0000b7b5       0x22 ./Project_Settings/Startup_Code/startup_cm7.o
 .debug_info    0x0000b7d7      0xbb0 ./Project_Settings/Startup_Code/system.o
 .debug_info    0x0000c387     0x1fc6 ./RTD/src/Clock_Ip.o
 .debug_info    0x0000e34d     0x1676 ./RTD/src/Clock_Ip_Data.o
 .debug_info    0x0000f9c3      0xa42 ./RTD/src/Clock_Ip_Divider.o
 .debug_info    0x00010405      0x820 ./RTD/src/Clock_Ip_DividerTrigger.o
 .debug_info    0x00010c25      0xacf ./RTD/src/Clock_Ip_ExtOsc.o
 .debug_info    0x000116f4      0x5e3 ./RTD/src/Clock_Ip_FracDiv.o
 .debug_info    0x00011cd7      0x451 ./RTD/src/Clock_Ip_Frequency.o