
Discarded input sections

 .group         0x00000000        0xc ./Project_Settings/Startup_Code/exceptions.o
 .group         0x00000000        0xc ./Project_Settings/Startup_Code/exceptions.o
 .group         0x00000000        0xc ./Project_Settings/Startup_Code/exceptions.o
 .group         0x00000000        0xc ./Project_Settings/Startup_Code/exceptions.o
 .group         0x00000000        0xc ./Project_Settings/Startup_Code/exceptions.o
 .group         0x00000000        0xc ./Project_Settings/Startup_Code/exceptions.o
 .group         0x00000000        0xc ./Project_Settings/Startup_Code/exceptions.o
 .group         0x00000000        0xc ./Project_Settings/Startup_Code/exceptions.o
 .group         0x00000000        0xc ./Project_Settings/Startup_Code/exceptions.o
 .group         0x00000000        0xc ./Project_Settings/Startup_Code/exceptions.o
 .group         0x00000000        0xc ./Project_Settings/Startup_Code/exceptions.o
 .group         0x00000000        0xc ./Project_Settings/Startup_Code/exceptions.o
 .group         0x00000000        0xc ./Project_Settings/Startup_Code/exceptions.o
 .group         0x00000000        0xc ./Project_Settings/Startup_Code/exceptions.o
 .group         0x00000000        0xc ./Project_Settings/Startup_Code/exceptions.o
 .group         0x00000000        0xc ./Project_Settings/Startup_Code/exceptions.o
 .group         0x00000000        0xc ./Project_Settings/Startup_Code/exceptions.o
 .group         0x00000000        0xc ./Project_Settings/Startup_Code/exceptions.o
 .group         0x00000000        0xc ./Project_Settings/Startup_Code/exceptions.o
 .group         0x00000000        0xc ./Project_Settings/Startup_Code/exceptions.o
 .group         0x00000000        0xc ./Project_Settings/Startup_Code/exceptions.o
 .group         0x00000000        0xc ./Project_Settings/Startup_Code/exceptions.o
 .group         0x00000000        0xc ./Project_Settings/Startup_Code/exceptions.o
 .group         0x00000000        0xc ./Project_Settings/Startup_Code/exceptions.o
 .group         0x00000000        0xc ./Project_Settings/Startup_Code/exceptions.o
 .group         0x00000000        0xc ./Project_Settings/Startup_Code/exceptions.o
 .group         0x00000000        0xc ./Project_Settings/Startup_Code/nvic.o
 .group         0x00000000        0xc ./Project_Settings/Startup_Code/nvic.o
 .group         0x00000000        0xc ./Project_Settings/Startup_Code/nvic.o
 .group         0x00000000        0xc ./Project_Settings/Startup_Code/nvic.o
 .group         0x00000000        0xc ./Project_Settings/Startup_Code/nvic.o
 .group         0x00000000        0xc ./Project_Settings/Startup_Code/nvic.o
 .group         0x00000000        0xc ./Project_Settings/Startup_Code/nvic.o
 .group         0x00000000        0xc ./Project_Settings/Startup_Code/nvic.o
 .group         0x00000000        0xc ./Project_Settings/Startup_Code/nvic.o
 .group         0x00000000        0xc ./Project_Settings/Startup_Code/nvic.o
 .group         0x00000000        0xc ./Project_Settings/Startup_Code/nvic.o
 .group         0x00000000        0xc ./Project_Settings/Startup_Code/nvic.o
 .group         0x00000000        0xc ./Project_Settings/Startup_Code/nvic.o
 .group         0x00000000        0xc ./Project_Settings/Startup_Code/nvic.o
 .group         0x00000000        0xc ./Project_Settings/Startup_Code/nvic.o
 .group         0x00000000        0xc ./Project_Settings/Startup_Code/nvic.o
 .group         0x00000000        0xc ./Project_Settings/Startup_Code/nvic.o
 .group         0x00000000        0xc ./Project_Settings/Startup_Code/nvic.o
 .group         0x00000000        0xc ./Project_Settings/Startup_Code/nvic.o
 .group         0x00000000        0xc ./Project_Settings/Startup_Code/nvic.o
 .group         0x00000000        0xc ./Project_Settings/Startup_Code/nvic.o
 .group         0x00000000        0xc ./Project_Settings/Startup_Code/nvic.o
 .group         0x00000000        0xc ./Project_Settings/Startup_Code/nvic.o
 .group         0x00000000        0xc ./Project_Settings/Startup_Code/nvic.o
 .group         0x00000000        0xc ./Project_Settings/Startup_Code/nvic.o
 .group         0x00000000        0xc ./Project_Settings/Startup_Code/nvic.o
 .group         0x00000000        0xc ./Project_Settings/Startup_Code/nvic.o
 .group         0x00000000        0xc ./Project_Settings/Startup_Code/nvic.o
 .group         0x00000000        0xc ./Project_Settings/Startup_Code/nvic.o
 .group         0x00000000        0xc ./Project_Settings/Startup_Code/nvic.o
 .group         0x00000000        0xc ./Project_Settings/Startup_Code/nvic.o
 .group         0x00000000        0xc ./Project_Settings/Startup_Code/nvic.o
 .group         0x00000000        0xc ./Project_Settings/Startup_Code/nvic.o
 .group         0x00000000        0xc ./Project_Settings/Startup_Code/nvic.o
 .group         0x00000000        0xc ./Project_Settings/Startup_Code/nvic.o
 .group         0x00000000        0xc ./Project_Settings/Startup_Code/nvic.o
[...]
Memory Configuration

Name             Origin             Length             Attributes
int_flash        0x00502000         0x002fd000
int_itcm         0x00000000         0x00010000
int_dtcm         0x20000000         0x00020000
int_sram         0x20400000         0x0002df00
int_sram_fls_rsv 0x2042df00         0x00000100
int_sram_stack_c0 0x2042e000         0x00001000
int_sram_stack_c1 0x2042f000         0x00001000
int_sram_no_cacheable 0x20430000         0x0000ff00
int_sram_results 0x2043ff00         0x00000100
int_sram_shareable 0x20440000         0x00004000
ram_rsvd2        0x20444000         0x00000000
*default*        0x00000000         0xffffffff

Linker script and memory map

LOAD ./Project_Settings/Startup_Code/Vector_Table.o
LOAD ./Project_Settings/Startup_Code/exceptions.o
LOAD ./Project_Settings/Startup_Code/nvic.o
LOAD ./Project_Settings/Startup_Code/startup.o
LOAD ./Project_Settings/Startup_Code/startup_cm7.o
LOAD ./Project_Settings/Startup_Code/system.o
LOAD ./RTD/src/Clock_Ip.o
LOAD ./RTD/src/Clock_Ip_Data.o
LOAD ./RTD/src/Clock_Ip_Divider.o
LOAD ./RTD/src/Clock_Ip_DividerTrigger.o
LOAD ./RTD/src/Clock_Ip_ExtOsc.o
LOAD ./RTD/src/Clock_Ip_FracDiv.o
LOAD ./RTD/src/Clock_Ip_Frequency.o
LOAD ./RTD/src/Clock_Ip_Gate.o
LOAD ./RTD/src/Clock_Ip_IntOsc.o
LOAD ./RTD/src/Clock_Ip_Irq.o
LOAD ./RTD/src/Clock_Ip_Monitor.o
LOAD ./RTD/src/Clock_Ip_Pll.o
LOAD ./RTD/src/Clock_Ip_ProgFreqSwitch.o
LOAD ./RTD/src/Clock_Ip_Selector.o
LOAD ./RTD/src/Clock_Ip_Specific.o
LOAD ./RTD/src/Det.o
LOAD ./RTD/src/Det_stub.o
LOAD ./RTD/src/FlexCAN_Ip.o
LOAD ./RTD/src/FlexCAN_Ip_HwAccess.o
LOAD ./RTD/src/FlexCAN_Ip_Irq.o
LOAD ./RTD/src/IntCtrl_Ip.o
LOAD ./RTD/src/OsIf_Interrupts.o
LOAD ./RTD/src/OsIf_Timer.o
LOAD ./RTD/src/OsIf_Timer_System.o
LOAD ./RTD/src/OsIf_Timer_System_Internal_Systick.o
LOAD ./RTD/src/SchM_Can.o
LOAD ./RTD/src/SchM_Dio.o
LOAD ./RTD/src/SchM_Mcu.o
LOAD ./RTD/src/SchM_Port.o
LOAD ./RTD/src/Siul2_Dio_Ip.o
LOAD ./RTD/src/Siul2_Port_Ip.o
LOAD ./RTD/src/Tspc_Port_Ip.o
LOAD ./board/Siul2_Port_Ip_Cfg.o
LOAD ./board/Tspc_Port_Ip_Cfg.o
LOAD ./generate/src/Clock_Ip_Cfg.o
LOAD ./generate/src/FlexCAN_Ip_Sa_BOARD_InitPeripherals_PBcfg.o
LOAD ./generate/src/IntCtrl_Ip_Cfg.o
LOAD ./generate/src/OsIf_Cfg.o
LOAD ./src/main.o
LOAD c:/nxp/s32ds.3.6.0/s32ds/build_tools/gcc_v10.2/gcc-10.2-arm32-eabi/bin/../lib/gcc/arm-none-eabi/10.2.0/../../../../arm-none-eabi/lib/thumb/v7e-m+fp/hard\libc_nano.a
LOAD c:/nxp/s32ds.3.6.0/s32ds/build_tools/gcc_v10.2/gcc-10.2-arm32-eabi/bin/../lib/gcc/arm-none-eabi/10.2.0/../../../../arm-none-eabi/lib/thumb/v7e-m+fp/hard\libm.a
LOAD c:/nxp/s32ds.3.6.0/s32ds/build_tools/gcc_v10.2/gcc-10.2-arm32-eabi/bin/../lib/gcc/arm-none-eabi/10.2.0/thumb/v7e-m+fp/hard\libgcc.a
LOAD c:/nxp/s32ds.3.6.0/s32ds/build_tools/gcc_v10.2/gcc-10.2-arm32-eabi/bin/../lib/gcc/arm-none-eabi/10.2.0/../../../../arm-none-eabi/lib/thumb/v7e-m+fp/hard\libc_nano.a
LOAD c:/nxp/s32ds.3.6.0/s32ds/build_tools/gcc_v10.2/gcc-10.2-arm32-eabi/bin/../lib/gcc/arm-none-eabi/10.2.0/../../../../arm-none-eabi/lib/thumb/v7e-m+fp/hard\libm.a
LOAD c:/nxp/s32ds.3.6.0/s32ds/build_tools/gcc_v10.2/gcc-10.2-arm32-eabi/bin/../lib/gcc/arm-none-eabi/10.2.0/thumb/v7e-m+fp/hard\libgcc.a
START GROUP
LOAD c:/nxp/s32ds.3.6.0/s32ds/build_tools/gcc_v10.2/gcc-10.2-arm32-eabi/bin/../lib/gcc/arm-none-eabi/10.2.0/thumb/v7e-m+fp/hard\libgcc.a
LOAD c:/nxp/s32ds.3.6.0/s32ds/build_tools/gcc_v10.2/gcc-10.2-arm32-eabi/bin/../lib/gcc/arm-none-eabi/10.2.0/../../../../arm-none-eabi/lib/thumb/v7e-m+fp/hard\libg_nano.a
LOAD c:/nxp/s32ds.3.6.0/s32ds/build_tools/gcc_v10.2/gcc-10.2-arm32-eabi/bin/../lib/gcc/arm-none-eabi/10.2.0/../../../../arm-none-eabi/lib/thumb/v7e-m+fp/hard\libc_nano.a
END GROUP
START GROUP
LOAD c:/nxp/s32ds.3.6.0/s32ds/build_tools/gcc_v10.2/gcc-10.2-arm32-eabi/bin/../lib/gcc/arm-none-eabi/10.2.0/thumb/v7e-m+fp/hard\libgcc.a
LOAD c:/nxp/s32ds.3.6.0/s32ds/build_tools/gcc_v10.2/gcc-10.2-arm32-eabi/bin/../lib/gcc/arm-none-eabi/10.2.0/../../../../arm-none-eabi/lib/thumb/v7e-m+fp/hard\libc_nano.a
LOAD c:/nxp/s32ds.3.6.0/s32ds/build_tools/gcc_v10.2/gcc-10.2-arm32-eabi/bin/../lib/gcc/arm-none-eabi/10.2.0/../../../../arm-none-eabi/lib/thumb/v7e-m+fp/hard\libnosys.a
END GROUP
START GROUP
LOAD c:/nxp/s32ds.3.6.0/s32ds/build_tools/gcc_v10.2/gcc-10.2-arm32-eabi/bin/../lib/gcc/arm-none-eabi/10.2.0/thumb/v7e-m+fp/hard\libgcc.a
LOAD c:/nxp/s32ds.3.6.0/s32ds/build_tools/gcc_v10.2/gcc-10.2-arm32-eabi/bin/../lib/gcc/arm-none-eabi/10.2.0/../../../../arm-none-eabi/lib/thumb/v7e-m+fp/hard\libc_nano.a
LOAD c:/nxp/s32ds.3.6.0/s32ds/build_tools/gcc_v10.2/gcc-10.2-arm32-eabi/bin/../lib/gcc/arm-none-eabi/10.2.0/../../../../arm-none-eabi/lib/thumb/v7e-m+fp/hard\libnosys.a
END GROUP
                0x00002000                HEAP_SIZE = DEFINED (__heap_size__)?__heap_size__:0x2000

.flash          0x00502000    0x10de8
 *(.boot_header)
 .boot_header   0x00502000       0x2c ./Project_Settings/Startup_Code/startup_cm7.o
                0x00503000                . = ALIGN (0x1000)
 *fill*         0x0050202c      0xfd4 
                0x00503000                __text_start = .
                0x00503000                __interrupts_rom_start = .
 *(.intc_vector)
 .intc_vector   0x00503000      0x408 ./Project_Settings/Startup_Code/Vector_Table.o
                0x00503000                VTABLE
                0x00503408                . = ALIGN (0x4)
                0x00503408                __interrupts_rom_end = .
 *(.core_loop)
 .core_loop     0x00503408        0xc ./Project_Settings/Startup_Code/startup_cm7.o
                0x00503408                _core_loop
                0x00503414                . = ALIGN (0x4)
 *(.startup)
 *fill*         0x00503414        0xc 
 .startup       0x00503420      0x1c8 ./Project_Settings/Startup_Code/startup_cm7.o
                0x00503420                Reset_Handler
                0x00503420                _start
                0x00503572                MCAL_LTB_TRACE_OFF
                0x00503574                _end_of_eunit_test
                0x005035e8                . = ALIGN (0x4)
 *(.systeminit)
                0x005035e8                . = ALIGN (0x4)
 *(.text.startup)
                0x005035e8                . = ALIGN (0x4)
 *(.text)
 .text          0x005035e8        0x0 ./Project_Settings/Startup_Code/Vector_Table.o
 .text          0x005035e8        0x0 ./Project_Settings/Startup_Code/exceptions.o
 .text          0x005035e8        0x0 ./Project_Settings/Startup_Code/nvic.o
 .text          0x005035e8        0x0 ./Project_Settings/Startup_Code/startup.o
 .text          0x005035e8        0x0 ./Project_Settings/Startup_Code/startup_cm7.o
 .text          0x005035e8       0x14 ./Project_Settings/Startup_Code/system.o
                0x005035e8                Sys_GetCoreID
 .text          0x005035fc        0x0 ./RTD/src/Clock_Ip.o
 .text          0x005035fc        0x0 ./RTD/src/Clock_Ip_Data.o
 .text          0x005035fc        0x0 ./RTD/src/Clock_Ip_Divider.o
 .text          0x005035fc        0x0 ./RTD/src/Clock_Ip_DividerTrigger.o
 .text          0x005035fc        0x0 ./RTD/src/Clock_Ip_ExtOsc.o
 .text          0x005035fc        0x0 ./RTD/src/Clock_Ip_FracDiv.o
 .text          0x005035fc        0x0 ./RTD/src/Clock_Ip_Frequency.o
 .text          0x005035fc        0x0 ./RTD/src/Clock_Ip_Gate.o
 .text          0x005035fc        0x0 ./RTD/src/Clock_Ip_IntOsc.o
 .text          0x005035fc        0x0 ./RTD/src/Clock_Ip_Irq.o
 .text          0x005035fc        0x0 ./RTD/src/Clock_Ip_Monitor.o
 .text          0x005035fc        0x0 ./RTD/src/Clock_Ip_Pll.o
 .text          0x005035fc        0x0 ./RTD/src/Clock_Ip_ProgFreqSwitch.o
 .text          0x005035fc        0x0 ./RTD/src/Clock_Ip_Selector.o
 .text          0x005035fc      0x250 ./RTD/src/Clock_Ip_Specific.o
 .text          0x0050384c        0x0 ./RTD/src/Det.o
 .text          0x0050384c        0x0 ./RTD/src/Det_stub.o
 .text          0x0050384c        0x0 ./RTD/src/FlexCAN_Ip.o
 .text          0x0050384c        0x0 ./RTD/src/FlexCAN_Ip_HwAccess.o
 .text          0x0050384c        0x0 ./RTD/src/FlexCAN_Ip_Irq.o
 .text          0x0050384c       0x1c ./RTD/src/IntCtrl_Ip.o
 .text          0x00503868        0x0 ./RTD/src/OsIf_Interrupts.o
 .text          0x00503868       0x1c ./RTD/src/OsIf_Timer.o
 .text          0x00503884        0x0 ./RTD/src/OsIf_Timer_System.o
 .text          0x00503884        0x0 ./RTD/src/OsIf_Timer_System_Internal_Systick.o
 .text          0x00503884       0x12 ./RTD/src/SchM_Can.o
                0x00503884                Can_schm_read_msr
 .text          0x00503896       0x12 ./RTD/src/SchM_Dio.o
                0x00503896                Dio_schm_read_msr
 .text          0x005038a8       0x12 ./RTD/src/SchM_Mcu.o
                0x005038a8                Mcu_schm_read_msr
 .text          0x005038ba       0x12 ./RTD/src/SchM_Port.o
                0x005038ba                Port_schm_read_msr
 .text          0x005038cc       0x1c ./RTD/src/Siul2_Dio_Ip.o
 .text          0x005038e8       0x1c ./RTD/src/Siul2_Port_Ip.o
 .text          0x00503904       0x1c ./RTD/src/Tspc_Port_Ip.o
 .text          0x00503920        0x0 ./board/Siul2_Port_Ip_Cfg.o
 .text          0x00503920        0x0 ./board/Tspc_Port_Ip_Cfg.o
 .text          0x00503920        0x0 ./generate/src/Clock_Ip_Cfg.o
 .text          0x00503920        0x0 ./generate/src/FlexCAN_Ip_Sa_BOARD_InitPeripherals_PBcfg.o
 .text          0x00503920        0x0 ./generate/src/IntCtrl_Ip_Cfg.o
 .text          0x00503920        0x0 ./generate/src/OsIf_Cfg.o
 .text          0x00503920      0x2a0 ./src/main.o
                0x00503920                flexcan0_Callback
                0x00503a08                main
                0x00503aec                Comparator
                0x00503b3a                delay_ms
                0x00503b96                JumpToBoot
 *(.text*)
                0x00503bc0                . = ALIGN (0x4)
 *(.mcal_text)
 .mcal_text     0x00503bc0       0x14 ./Project_Settings/Startup_Code/exceptions.o
                0x00503bc0                NMI_Handler
                0x00503bc2                HardFault_Handler
                0x00503bc4                MemManage_Handler
                0x00503bc6                BusFault_Handler
                0x00503bc8                UsageFault_Handler
                0x00503bca                SVC_Handler
                0x00503bcc                DebugMon_Handler
                0x00503bce                PendSV_Handler
                0x00503bd0                SysTick_Handler
                0x00503bd2                undefined_handler
 .mcal_text     0x00503bd4       0xbc ./Project_Settings/Startup_Code/nvic.o
                0x00503bd4                NVIC_SetPriorityGrouping
                0x00503bf6                NVIC_EnableIRQ
                0x00503c26                NVIC_DisableIRQ
                0x00503c56                NVIC_SetPriority
 .mcal_text     0x00503c90      0x12c ./Project_Settings/Startup_Code/startup.o
                0x00503c90                init_data_bss
 .mcal_text     0x00503dbc      0x490 ./Project_Settings/Startup_Code/system.o
                0x00503dbc                startup_go_to_user_mode
                0x00503dc0                default_interrupt_routine
                0x00503dc2                SystemInit
 .mcal_text     0x0050424c      0xf48 ./RTD/src/Clock_Ip.o
                0x0050456c                Clock_Ip_Init
                0x005045ac                Clock_Ip_InitClock
                0x00504c88                Clock_Ip_GetPllStatus
                0x00504d90                Clock_Ip_DistributePll
                0x00504f1c                Clock_Ip_DisableClockMonitor
                0x00504f64                Clock_Ip_GetClockMonitorStatus
                0x00504fb0                Clock_Ip_ClearClockMonitorStatus
                0x00504ff8                Clock_Ip_InstallNotificationsCallback
                0x0050500c                Clock_Ip_DisableModuleClock
                0x00505050                Clock_Ip_EnableModuleClock
                0x00505098                Clock_Ip_DisableFircInStandby
                0x005050b4                Clock_Ip_EnableFircInStandby
                0x005050d0                Clock_Ip_DisableSircInStandby
                0x005050ec                Clock_Ip_EnableSircInStandby
                0x00505108                Clock_Ip_ReportClockErrors
                0x00505128                Clock_Ip_StartTimeout
                0x0050515c                Clock_Ip_TimeoutExpired
 .mcal_text     0x00505194      0x3c0 ./RTD/src/Clock_Ip_Divider.o
 .mcal_text     0x00505554      0x15c ./RTD/src/Clock_Ip_DividerTrigger.o
 .mcal_text     0x005056b0      0x328 ./RTD/src/Clock_Ip_ExtOsc.o
 .mcal_text     0x005059d8       0x16 ./RTD/src/Clock_Ip_FracDiv.o
 .mcal_text     0x005059ee        0xc ./RTD/src/Clock_Ip_Frequency.o
                0x005059ee                Clock_Ip_SetExternalSignalFrequency
 *fill*         0x005059fa        0x2 
 .mcal_text     0x005059fc      0x238 ./RTD/src/Clock_Ip_Gate.o
 .mcal_text     0x00505c34       0xe4 ./RTD/src/Clock_Ip_IntOsc.o
 .mcal_text     0x00505d18        0xa ./RTD/src/Clock_Ip_Irq.o
                0x00505d18                Mcu_Cmu_ClockFail_IRQHandler
 *fill*         0x00505d22        0x2 
 .mcal_text     0x00505d24      0x4fc ./RTD/src/Clock_Ip_Monitor.o
                0x00506178                Clock_Ip_CMU_GetInterruptStatus
                0x005061a0                Clock_Ip_CMU_ClockFailInt
 .mcal_text     0x00506220      0x23c ./RTD/src/Clock_Ip_Pll.o
 .mcal_text     0x0050645c      0x280 ./RTD/src/Clock_Ip_ProgFreqSwitch.o
 .mcal_text     0x005066dc      0xa68 ./RTD/src/Clock_Ip_Selector.o
                0x00507104                Clock_Ip_SetRtcRtccClksel_TrustedCall
 .mcal_text     0x00507144      0x12c ./RTD/src/Clock_Ip_Specific.o
                0x00507144                Clock_Ip_McMeEnterKey
                0x0050716e                DisableFircInStandbyMode
                0x00507184                EnableFircInStandbyMode
                0x005071a8                DisableSircInStandbyMode
                0x005071bc                EnableSircInStandbyMode
                0x00507238                Clock_Ip_ClockPowerModeChangeNotification
                0x00507244                Clock_Ip_Command
 .mcal_text     0x00507270      0x164 ./RTD/src/Det.o
                0x00507270                Det_Init
                0x00507274                Det_ReportError
                0x005072e8                Det_ReportRuntimeError
                0x0050735c                Det_ReportTransientFault
                0x005073d0                Det_Start
 .mcal_text     0x005073d4      0x480 ./RTD/src/Det_stub.o
                0x005073d4                Det_TestLastReportError
                0x005074a0                Det_TestLastReportRuntimeError
                0x0050756c                Det_TestLastReportTransientFault
                0x00507638                Det_TestNoError
                0x005076ec                Det_TestNoRuntimeError
                0x005077a0                Det_TestNoTransientFault
 .mcal_text     0x00507854     0x3948 ./RTD/src/FlexCAN_Ip.o
                0x005092d8                FlexCAN_Ip_Init_Privileged
                0x005093ec                FlexCAN_Ip_Send
                0x00509484                FlexCAN_Ip_ConfigRxMb
                0x0050950c                FlexCAN_Ip_Receive
                0x00509594                FlexCAN_Ip_ReceiveBlocking
                0x00509708                FlexCAN_Ip_RxFifo
                0x00509778                FlexCAN_Ip_RxFifoBlocking
                0x00509828                FlexCAN_Ip_ConfigRxFifo_Privileged
                0x005098bc                FlexCAN_Ip_ConfigEnhancedRxFifo_Privileged
                0x0050994c                FlexCAN_Ip_ConfigRemoteResponseMb
                0x00509a10                FlexCAN_Ip_GetTransferStatus
                0x00509b04                FlexCAN_IRQHandler
                0x00509cac                FlexCAN_Ip_ClearErrorStatus
                0x00509cd4                FlexCAN_Ip_GetErrorStatus
                0x00509cf8                FlexCAN_Ip_GetControllerTxErrorCounter
                0x00509d1c                FlexCAN_Ip_GetControllerRxErrorCounter
                0x00509d44                FlexCAN_Busoff_Error_IRQHandler
                0x00509ef0                FlexCAN_Ip_SendBlocking
                0x0050a090                FlexCAN_Ip_SetRxMbGlobalMask_Privileged
                0x0050a120                FlexCAN_Ip_EnterFreezeMode_Privileged
                0x0050a14c                FlexCAN_Ip_ExitFreezeMode_Privileged
                0x0050a178                FlexCAN_Ip_SetRxIndividualMask_Privileged
                0x0050a214                FlexCAN_Ip_SetRxFifoGlobalMask_Privileged
                0x0050a2a4                FlexCAN_Ip_Deinit_Privileged
                0x0050a2f8                FlexCAN_Ip_MainFunctionRead
                0x0050a3dc                FlexCAN_Ip_MainFunctionBusOff_Privileged
                0x0050a44c                FlexCAN_Ip_MainFunctionWrite
                0x0050a560                FlexCAN_Ip_GetStopMode_Privileged
                0x0050a594                FlexCAN_Ip_GetStartMode_Privileged
                0x0050a5c4                FlexCAN_Ip_SetStartMode_Privileged
                0x0050a604                FlexCAN_Ip_SetStopMode_Privileged
                0x0050a640                FlexCAN_Ip_SetRxMaskType_Privileged
                0x0050a6d8                FlexCAN_Ip_SetBitrate_Privileged
                0x0050a78c                FlexCAN_Ip_GetBitrate
                0x0050a7f8                FlexCAN_Ip_ClearTDCFail
                0x0050a850                FlexCAN_Ip_GetTDCFail
                0x0050a8bc                FlexCAN_Ip_GetTDCValue
                0x0050a910                FlexCAN_Ip_SetBitrateCbt_Privileged
                0x0050a9c8                FlexCAN_Ip_GetBitrateFD
                0x0050aa1c                FlexCAN_Ip_SetTDCOffset_Privileged
                0x0050aae4                FlexCAN_Ip_SetTxArbitrationStartDelay_Privileged
                0x0050ab84                FlexCAN_Ip_GetBuffStatusFlag
                0x0050abf4                FlexCAN_Ip_ClearBuffStatusFlag
                0x0050ac3c                FlexCAN_Ip_EnableInterrupts_Privileged
                0x0050acc8                FlexCAN_Ip_DisableInterrupts_Privileged
                0x0050ad40                FlexCAN_Ip_SetErrorInt_Privileged
                0x0050ae4c                FlexCAN_Ip_AbortTransfer
                0x0050af08                FlexCAN_Ip_SetRxMb14Mask_Privileged
                0x0050af94                FlexCAN_Ip_SetRxMb15Mask_Privileged
                0x0050b020                FlexCAN_Ip_SetListenOnlyMode_Privileged
                0x0050b0c0                FlexCAN_Ip_GetListenOnlyMode
                0x0050b0ec                FlexCAN_Ip_ManualBusOffRecovery
 .mcal_text     0x0050b19c     0x1f98 ./RTD/src/FlexCAN_Ip_HwAccess.o
                0x0050b418                FlexCAN_ComputePayloadSize
                0x0050b4a8                FlexCAN_GetMsgBuffRegion
                0x0050b586                FlexCAN_GetMaxMbNum
                0x0050b5c8                FlexCAN_EnterFreezeMode
                0x0050b65a                FlexCAN_Enable
                0x0050b6cc                FlexCAN_ExitFreezeMode
                0x0050b74a                FlexCAN_Disable
                0x0050b7c4                FlexCAN_SetErrIntCmd
                0x0050b87c                FlexCAN_Init
                0x0050b9ac                FlexCAN_EnableRxFifo
                0x0050ba34                FlexCAN_SetPayloadSize
                0x0050bb22                FlexCAN_GetMbPayloadSize
                0x0050bbb8                FlexCAN_LockRxMsgBuff
                0x0050bbd6                FlexCAN_SetMsgBuffIntCmd
                0x0050be24                FLEXCAN_ClearMsgBuffIntCmd
                0x0050bf40                FlexCAN_DisableInterrupts
                0x0050bf74                FlexCAN_EnableInterrupts
                0x0050bfe8                FlexCAN_SetRxMsgBuff
                0x0050c0b8                FlexCAN_GetMsgBuffTimestamp
                0x0050c0e0                FlexCAN_GetMsgBuff
                0x0050c230                FlexCAN_SetTxMsgBuff
                0x0050c454                FlexCAN_SetMaxMsgBuffNum
                0x0050c584                FlexCAN_SetOperationMode
                0x0050c5fa                FlexCAN_SetRxFifoFilter
                0x0050ca02                FlexCAN_ReadRxFifo
                0x0050caf2                FlexCAN_ReadEnhancedRxFifo
                0x0050cc1c                FlexCAN_IsMbOutOfRange
                0x0050cc92                FlexCAN_IsEnhancedRxFifoAvailable
                0x0050ccd8                FlexCAN_EnableEnhancedRxFifo
                0x0050cdc6                FlexCAN_SetEnhancedRxFifoFilter
                0x0050d008                FlexCAN_ConfigCtrlOptions
                0x0050d0e8                FlexCAN_ResetImaskBuff
 .mcal_text     0x0050d134       0xfc ./RTD/src/FlexCAN_Ip_Irq.o
                0x0050d134                CAN0_ORED_IRQHandler
                0x0050d140                CAN0_ORED_0_31_MB_IRQHandler
                0x0050d152                CAN0_ORED_32_63_MB_IRQHandler
                0x0050d164                CAN0_ORED_64_95_MB_IRQHandler
                0x0050d176                CAN1_ORED_IRQHandler
                0x0050d182                CAN1_ORED_0_31_MB_IRQHandler
                0x0050d194                CAN1_ORED_32_63_MB_IRQHandler
                0x0050d1a6                CAN2_ORED_IRQHandler
                0x0050d1b2                CAN2_ORED_0_31_MB_IRQHandler
                0x0050d1c4                CAN2_ORED_32_63_MB_IRQHandler
                0x0050d1d6                CAN3_ORED_IRQHandler
                0x0050d1e2                CAN3_ORED_0_31_MB_IRQHandler
                0x0050d1f4                CAN4_ORED_IRQHandler
                0x0050d200                CAN4_ORED_0_31_MB_IRQHandler
                0x0050d212                CAN5_ORED_IRQHandler
                0x0050d21e                CAN5_ORED_0_31_MB_IRQHandler
 .mcal_text     0x0050d230      0x5ec ./RTD/src/IntCtrl_Ip.o
                0x0050d230                IntCtrl_Ip_InstallHandlerPrivileged
                0x0050d2bc                IntCtrl_Ip_EnableIrqPrivileged
                0x0050d304                IntCtrl_Ip_DisableIrqPrivileged
                0x0050d34c                IntCtrl_Ip_SetPriorityPrivileged
                0x0050d3b6                IntCtrl_Ip_GetPriorityPrivileged
                0x0050d40a                IntCtrl_Ip_ClearPendingPrivileged
                0x0050d452                IntCtrl_Ip_SetPendingPrivileged
                0x0050d49a                IntCtrl_Ip_GetPendingPrivileged
                0x0050d4ee                IntCtrl_Ip_GetActivePrivileged
                0x0050d542                IntCtrl_Ip_SetTargetCoresPrivileged
                0x0050d5c4                IntCtrl_Ip_Init
                0x0050d676                IntCtrl_Ip_ConfigIrqRouting
                0x0050d718                IntCtrl_Ip_InstallHandler
                0x0050d734                IntCtrl_Ip_EnableIrq
                0x0050d748                IntCtrl_Ip_DisableIrq
                0x0050d75c                IntCtrl_Ip_SetPriority
                0x0050d77c                IntCtrl_Ip_GetPriority
                0x0050d792                IntCtrl_Ip_ClearPending
                0x0050d7a6                IntCtrl_Ip_SetPending
                0x0050d7ba                IntCtrl_Ip_GetPending
                0x0050d7da                IntCtrl_Ip_GetActive
                0x0050d7fa                IntCtrl_Ip_SetTargetCores
 .mcal_text     0x0050d81c       0xd6 ./RTD/src/OsIf_Timer.o
                0x0050d844                OsIf_Init
                0x0050d85e                OsIf_GetCounter
                0x0050d882                OsIf_GetElapsed
                0x0050d8aa                OsIf_SetTimerFrequency
                0x0050d8ca                OsIf_MicrosToTicks
 *fill*         0x0050d8f2        0x2 
 .mcal_text     0x0050d8f4       0x84 ./RTD/src/OsIf_Timer_System_Internal_Systick.o
                0x0050d8f4                OsIf_Timer_System_Internal_Init
                0x0050d91c                OsIf_Timer_System_Internal_GetCounter
                0x0050d92c                OsIf_Timer_System_Internal_GetElapsed
 .mcal_text     0x0050d978      0xdc8 ./RTD/src/SchM_Can.o
                0x0050d978                SchM_Enter_Can_CAN_EXCLUSIVE_AREA_00
                0x0050d9d4                SchM_Exit_Can_CAN_EXCLUSIVE_AREA_00
                0x0050da20                SchM_Enter_Can_CAN_EXCLUSIVE_AREA_01
                0x0050da7c                SchM_Exit_Can_CAN_EXCLUSIVE_AREA_01
                0x0050dac8                SchM_Enter_Can_CAN_EXCLUSIVE_AREA_02
                0x0050db24                SchM_Exit_Can_CAN_EXCLUSIVE_AREA_02
                0x0050db70                SchM_Enter_Can_CAN_EXCLUSIVE_AREA_03
                0x0050dbcc                SchM_Exit_Can_CAN_EXCLUSIVE_AREA_03
                0x0050dc18                SchM_Enter_Can_CAN_EXCLUSIVE_AREA_04
                0x0050dc74                SchM_Exit_Can_CAN_EXCLUSIVE_AREA_04
                0x0050dcc0                SchM_Enter_Can_CAN_EXCLUSIVE_AREA_05
                0x0050dd1c                SchM_Exit_Can_CAN_EXCLUSIVE_AREA_05
                0x0050dd68                SchM_Enter_Can_CAN_EXCLUSIVE_AREA_06
                0x0050ddc4                SchM_Exit_Can_CAN_EXCLUSIVE_AREA_06
                0x0050de10                SchM_Enter_Can_CAN_EXCLUSIVE_AREA_07
                0x0050de6c                SchM_Exit_Can_CAN_EXCLUSIVE_AREA_07
                0x0050deb8                SchM_Enter_Can_CAN_EXCLUSIVE_AREA_08
                0x0050df14                SchM_Exit_Can_CAN_EXCLUSIVE_AREA_08
                0x0050df60                SchM_Enter_Can_CAN_EXCLUSIVE_AREA_09
                0x0050dfbc                SchM_Exit_Can_CAN_EXCLUSIVE_AREA_09
                0x0050e008                SchM_Enter_Can_CAN_EXCLUSIVE_AREA_10
                0x0050e064                SchM_Exit_Can_CAN_EXCLUSIVE_AREA_10
                0x0050e0b0                SchM_Enter_Can_CAN_EXCLUSIVE_AREA_11
                0x0050e10c                SchM_Exit_Can_CAN_EXCLUSIVE_AREA_11
                0x0050e158                SchM_Enter_Can_CAN_EXCLUSIVE_AREA_12
                0x0050e1b4                SchM_Exit_Can_CAN_EXCLUSIVE_AREA_12
                0x0050e200                SchM_Enter_Can_CAN_EXCLUSIVE_AREA_13
                0x0050e25c                SchM_Exit_Can_CAN_EXCLUSIVE_AREA_13
                0x0050e2a8                SchM_Enter_Can_CAN_EXCLUSIVE_AREA_14
                0x0050e304                SchM_Exit_Can_CAN_EXCLUSIVE_AREA_14
                0x0050e350                SchM_Enter_Can_CAN_EXCLUSIVE_AREA_15
                0x0050e3ac                SchM_Exit_Can_CAN_EXCLUSIVE_AREA_15
                0x0050e3f8                SchM_Enter_Can_CAN_EXCLUSIVE_AREA_16
                0x0050e454                SchM_Exit_Can_CAN_EXCLUSIVE_AREA_16
                0x0050e4a0                SchM_Enter_Can_CAN_EXCLUSIVE_AREA_17
                0x0050e4fc                SchM_Exit_Can_CAN_EXCLUSIVE_AREA_17
                0x0050e548                SchM_Enter_Can_CAN_EXCLUSIVE_AREA_18
                0x0050e5a4                SchM_Exit_Can_CAN_EXCLUSIVE_AREA_18
                0x0050e5f0                SchM_Enter_Can_CAN_EXCLUSIVE_AREA_19
                0x0050e64c                SchM_Exit_Can_CAN_EXCLUSIVE_AREA_19
                0x0050e698                SchM_Enter_Can_CAN_EXCLUSIVE_AREA_20
                0x0050e6f4                SchM_Exit_Can_CAN_EXCLUSIVE_AREA_20
 .mcal_text     0x0050e740      0x150 ./RTD/src/SchM_Dio.o
                0x0050e740                SchM_Enter_Dio_DIO_EXCLUSIVE_AREA_00
                0x0050e79c                SchM_Exit_Dio_DIO_EXCLUSIVE_AREA_00
                0x0050e7e8                SchM_Enter_Dio_DIO_EXCLUSIVE_AREA_01
                0x0050e844                SchM_Exit_Dio_DIO_EXCLUSIVE_AREA_01
 .mcal_text     0x0050e890      0x1f8 ./RTD/src/SchM_Mcu.o
                0x0050e890                SchM_Enter_Mcu_MCU_EXCLUSIVE_AREA_00
                0x0050e8ec                SchM_Exit_Mcu_MCU_EXCLUSIVE_AREA_00
                0x0050e938                SchM_Enter_Mcu_MCU_EXCLUSIVE_AREA_01
                0x0050e994                SchM_Exit_Mcu_MCU_EXCLUSIVE_AREA_01
                0x0050e9e0                SchM_Enter_Mcu_MCU_EXCLUSIVE_AREA_02
                0x0050ea3c                SchM_Exit_Mcu_MCU_EXCLUSIVE_AREA_02
 .mcal_text     0x0050ea88     0x1260 ./RTD/src/SchM_Port.o
                0x0050ea88                SchM_Enter_Port_PORT_EXCLUSIVE_AREA_00
                0x0050eae4                SchM_Exit_Port_PORT_EXCLUSIVE_AREA_00
                0x0050eb30                SchM_Enter_Port_PORT_EXCLUSIVE_AREA_01
                0x0050eb8c                SchM_Exit_Port_PORT_EXCLUSIVE_AREA_01
                0x0050ebd8                SchM_Enter_Port_PORT_EXCLUSIVE_AREA_02
                0x0050ec34                SchM_Exit_Port_PORT_EXCLUSIVE_AREA_02
                0x0050ec80                SchM_Enter_Port_PORT_EXCLUSIVE_AREA_03
                0x0050ecdc                SchM_Exit_Port_PORT_EXCLUSIVE_AREA_03
                0x0050ed28                SchM_Enter_Port_PORT_EXCLUSIVE_AREA_04
                0x0050ed84                SchM_Exit_Port_PORT_EXCLUSIVE_AREA_04
                0x0050edd0                SchM_Enter_Port_PORT_EXCLUSIVE_AREA_05
                0x0050ee2c                SchM_Exit_Port_PORT_EXCLUSIVE_AREA_05
                0x0050ee78                SchM_Enter_Port_PORT_EXCLUSIVE_AREA_06
                0x0050eed4                SchM_Exit_Port_PORT_EXCLUSIVE_AREA_06
                0x0050ef20                SchM_Enter_Port_PORT_EXCLUSIVE_AREA_07
                0x0050ef7c                SchM_Exit_Port_PORT_EXCLUSIVE_AREA_07
                0x0050efc8                SchM_Enter_Port_PORT_EXCLUSIVE_AREA_08
                0x0050f024                SchM_Exit_Port_PORT_EXCLUSIVE_AREA_08
                0x0050f070                SchM_Enter_Port_PORT_EXCLUSIVE_AREA_09
                0x0050f0cc                SchM_Exit_Port_PORT_EXCLUSIVE_AREA_09
                0x0050f118                SchM_Enter_Port_PORT_EXCLUSIVE_AREA_10
                0x0050f174                SchM_Exit_Port_PORT_EXCLUSIVE_AREA_10
                0x0050f1c0                SchM_Enter_Port_PORT_EXCLUSIVE_AREA_11
                0x0050f21c                SchM_Exit_Port_PORT_EXCLUSIVE_AREA_11
                0x0050f268                SchM_Enter_Port_PORT_EXCLUSIVE_AREA_12
                0x0050f2c4                SchM_Exit_Port_PORT_EXCLUSIVE_AREA_12
                0x0050f310                SchM_Enter_Port_PORT_EXCLUSIVE_AREA_13
                0x0050f36c                SchM_Exit_Port_PORT_EXCLUSIVE_AREA_13
                0x0050f3b8                SchM_Enter_Port_PORT_EXCLUSIVE_AREA_14
                0x0050f414                SchM_Exit_Port_PORT_EXCLUSIVE_AREA_14
                0x0050f460                SchM_Enter_Port_PORT_EXCLUSIVE_AREA_15
                0x0050f4bc                SchM_Exit_Port_PORT_EXCLUSIVE_AREA_15
                0x0050f508                SchM_Enter_Port_PORT_EXCLUSIVE_AREA_16
                0x0050f564                SchM_Exit_Port_PORT_EXCLUSIVE_AREA_16
                0x0050f5b0                SchM_Enter_Port_PORT_EXCLUSIVE_AREA_17
                0x0050f60c                SchM_Exit_Port_PORT_EXCLUSIVE_AREA_17
                0x0050f658                SchM_Enter_Port_PORT_EXCLUSIVE_AREA_18
                0x0050f6b4                SchM_Exit_Port_PORT_EXCLUSIVE_AREA_18
                0x0050f700                SchM_Enter_Port_PORT_EXCLUSIVE_AREA_19
                0x0050f75c                SchM_Exit_Port_PORT_EXCLUSIVE_AREA_19
                0x0050f7a8                SchM_Enter_Port_PORT_EXCLUSIVE_AREA_20
                0x0050f804                SchM_Exit_Port_PORT_EXCLUSIVE_AREA_20
                0x0050f850                SchM_Enter_Port_PORT_EXCLUSIVE_AREA_21
                0x0050f8ac                SchM_Exit_Port_PORT_EXCLUSIVE_AREA_21
                0x0050f8f8                SchM_Enter_Port_PORT_EXCLUSIVE_AREA_22
                0x0050f954                SchM_Exit_Port_PORT_EXCLUSIVE_AREA_22
                0x0050f9a0                SchM_Enter_Port_PORT_EXCLUSIVE_AREA_23
                0x0050f9fc                SchM_Exit_Port_PORT_EXCLUSIVE_AREA_23
                0x0050fa48                SchM_Enter_Port_PORT_EXCLUSIVE_AREA_24
                0x0050faa4                SchM_Exit_Port_PORT_EXCLUSIVE_AREA_24
                0x0050faf0                SchM_Enter_Port_PORT_EXCLUSIVE_AREA_25
                0x0050fb4c                SchM_Exit_Port_PORT_EXCLUSIVE_AREA_25
                0x0050fb98                SchM_Enter_Port_PORT_EXCLUSIVE_AREA_26
                0x0050fbf4                SchM_Exit_Port_PORT_EXCLUSIVE_AREA_26
                0x0050fc40                SchM_Enter_Port_PORT_EXCLUSIVE_AREA_27
                0x0050fc9c                SchM_Exit_Port_PORT_EXCLUSIVE_AREA_27
 .mcal_text     0x0050fce8      0x37c ./RTD/src/Siul2_Dio_Ip.o
                0x0050fd64                Siul2_Dio_Ip_WritePin
                0x0050fe0e                Siul2_Dio_Ip_WritePins
                0x0050fe46                Siul2_Dio_Ip_GetPinsOutput
                0x0050fe82                Siul2_Dio_Ip_SetPins
                0x0050fec4                Siul2_Dio_Ip_ClearPins
                0x0050ff08                Siul2_Dio_Ip_TogglePins
                0x0050ff4a                Siul2_Dio_Ip_ReadPins
                0x0050ff88                Siul2_Dio_Ip_ReadPin
                0x0050fff8                Siul2_Dio_Ip_MaskedWritePins
 .mcal_text     0x00510064      0x924 ./RTD/src/Siul2_Port_Ip.o
                0x00510388                Siul2_Port_Ip_Init
                0x005103d8                Siul2_Port_Ip_SetPullSel
                0x005104bc                Siul2_Port_Ip_SetOutputBuffer
                0x00510578                Siul2_Port_Ip_SetInputBuffer
                0x00510654                Siul2_Port_Ip_SetPinDirection
                0x0051074e                Siul2_Port_Ip_RevertPinConfiguration
                0x0051081c                Siul2_Port_Ip_GetPinConfiguration
 .mcal_text     0x00510988      0x1dc ./RTD/src/Tspc_Port_Ip.o
                0x00510988                Tspc_Port_Ip_EnableObeGroup
                0x005109f0                Tspc_Port_Ip_ConfigureObeGroup
                0x00510b64                . = ALIGN (0x4)
 *(.acmcu_code_rom)
                0x00510b64                . = ALIGN (0x4)
                0x00510b64                __acfls_code_rom_start = .
 *(.acfls_code_rom)
                0x00510b64                . = ALIGN (0x4)
                0x00510b64                __acfls_code_rom_end = .
 *(.init)
                0x00510b64                . = ALIGN (0x4)
 *(.fini)
                0x00510b64                . = ALIGN (0x4)
 *(.rodata)
 .rodata        0x00510b64       0x30 ./RTD/src/Clock_Ip_ProgFreqSwitch.o
 .rodata        0x00510b94       0x78 ./RTD/src/FlexCAN_Ip_HwAccess.o
 .rodata        0x00510c0c        0x4 ./RTD/src/Siul2_Port_Ip.o
                0x00510c0c                Port_au32Siul2BaseAddr
 .rodata        0x00510c10        0x9 ./src/main.o
 *(.rodata*)
                0x00510c1c                . = ALIGN (0x4)
 *fill*         0x00510c19        0x3 
 *(.mcal_const_cfg)
 .mcal_const_cfg
                0x00510c1c      0x26c ./board/Siul2_Port_Ip_Cfg.o
                0x00510c1c                g_pin_mux_InitConfigArr0
 .mcal_const_cfg
                0x00510e88      0x5e0 ./generate/src/Clock_Ip_Cfg.o
                0x00510e88                Clock_Ip_aClockConfig
 .mcal_const_cfg
                0x00511468       0x68 ./generate/src/FlexCAN_Ip_Sa_BOARD_InitPeripherals_PBcfg.o
                0x00511468                FlexCAN_Config0
 .mcal_const_cfg
                0x005114d0      0xb78 ./generate/src/IntCtrl_Ip_Cfg.o
                0x00511960                IntCtrlConfig_0
                0x00512040                intRouteConfig
                0x00512048                . = ALIGN (0x4)
 *(.mcal_const)
 .mcal_const    0x00512048      0xc10 ./RTD/src/Clock_Ip_Data.o
                0x00512048                Clock_Ip_au8DividerCallbackIndex
                0x00512054                Clock_Ip_au8DividerTriggerCallbackIndex
                0x00512060                Clock_Ip_au8XoscCallbackIndex
                0x0051206c                Clock_Ip_au8IrcoscCallbackIndex
                0x00512078                Clock_Ip_au8GateCallbackIndex
                0x00512084                Clock_Ip_au8FractionalDividerCallbackIndex
                0x00512090                Clock_Ip_au8PllCallbackIndex
                0x0051209c                Clock_Ip_au8SelectorCallbackIndex
                0x005120a8                Clock_Ip_au8PcfsCallbackIndex
                0x005120b4                Clock_Ip_au8CmuCallbackIndex
                0x005120c0                Clock_Ip_au8ClockFeatures
                0x005125c8                Clock_Ip_au8SoftwareMuxResetValue
                0x00512658                Clock_Ip_au16SelectorEntryHardwareValue
                0x00512688                Clock_Ip_au16SelectorEntryRtcHardwareValue
                0x005126b8                Clock_Ip_apxCgm
                0x005126e8                Clock_Ip_apxCgmPcfs
                0x005126ec                Clock_Ip_apxXosc
                0x005126f4                Clock_Ip_pxPll
                0x005126f8                Clock_Ip_apxCmu
                0x00512708                Clock_Ip_aeCmuNames
                0x00512718                Clock_Ip_axCmuInfo
                0x00512778                Clock_Ip_apxMcMeSetPartitions
                0x00512784                Clock_Ip_apxMcMeGetPartitions
                0x00512790                Clock_Ip_apxMcMeTriggerPartitions
                0x0051279c                Clock_Ip_aeSourceTypeClockName
                0x005127f8                Clock_Ip_aeHwPllName
                0x005127fc                Clock_Ip_aeHwDfsName
                0x00512800                Clock_Ip_axFeatureExtensions
                0x00512930                Clock_Ip_axGateInfo
 .mcal_const    0x00512c58       0x14 ./RTD/src/Clock_Ip_Divider.o
                0x00512c58                Clock_Ip_axDividerCallbacks
 .mcal_const    0x00512c6c       0x10 ./RTD/src/Clock_Ip_DividerTrigger.o
                0x00512c6c                Clock_Ip_axDividerTriggerCallbacks
 .mcal_const    0x00512c7c       0x3c ./RTD/src/Clock_Ip_ExtOsc.o
                0x00512c7c                Clock_Ip_axExtOscCallbacks
 .mcal_const    0x00512cb8        0xc ./RTD/src/Clock_Ip_FracDiv.o
                0x00512cb8                Clock_Ip_axFracDivCallbacks
 .mcal_const    0x00512cc4       0x10 ./RTD/src/Clock_Ip_Gate.o
                0x00512cc4                Clock_Ip_axGateCallbacks
 .mcal_const    0x00512cd4       0x24 ./RTD/src/Clock_Ip_IntOsc.o
                0x00512cd4                Clock_Ip_axIntOscCallbacks
 .mcal_const    0x00512cf8       0x30 ./RTD/src/Clock_Ip_Monitor.o
                0x00512cf8                Clock_Ip_axCmuCallbacks
 .mcal_const    0x00512d28       0x28 ./RTD/src/Clock_Ip_Pll.o
                0x00512d28                Clock_Ip_axPllCallbacks
 .mcal_const    0x00512d50        0x8 ./RTD/src/Clock_Ip_ProgFreqSwitch.o
                0x00512d50                Clock_Ip_axPcfsCallbacks
 .mcal_const    0x00512d58       0x28 ./RTD/src/Clock_Ip_Selector.o
                0x00512d58                Clock_Ip_axSelectorCallbacks
 .mcal_const    0x00512d80       0x18 ./RTD/src/FlexCAN_Ip.o
                0x00512d98                . = ALIGN (0x4)
                0x00512d98                __init_table = .
 *(.init_table)
 .init_table    0x00512d98       0x34 ./Project_Settings/Startup_Code/startup_cm7.o
                0x00512dcc                . = ALIGN (0x4)
                0x00512dcc                __zero_table = .
 *(.zero_table)
 .zero_table    0x00512dcc       0x1c ./Project_Settings/Startup_Code/startup_cm7.o

.glue_7         0x00512de8        0x0
 .glue_7        0x00512de8        0x0 linker stubs

.glue_7t        0x00512de8        0x0
 .glue_7t       0x00512de8        0x0 linker stubs

.vfp11_veneer   0x00512de8        0x0
 .vfp11_veneer  0x00512de8        0x0 linker stubs

.v4_bx          0x00512de8        0x0
 .v4_bx         0x00512de8        0x0 linker stubs

.iplt           0x00512de8        0x0
 .iplt          0x00512de8        0x0 ./Project_Settings/Startup_Code/Vector_Table.o

.rel.dyn        0x00512de8        0x0
 .rel.iplt      0x00512de8        0x0 ./Project_Settings/Startup_Code/Vector_Table.o
                0x00512de8                . = ALIGN (0x4)
                0x00512de8                __text_end = .
                0x00512de8                __sram_data_rom = __text_end

.sram_data      0x20400000       0x38 load address 0x00512de8
                0x20400000                . = ALIGN (0x4)
                0x20400000                __sram_data_begin__ = .
                0x20400000                . = ALIGN (0x4)
 *(.ramcode)
                0x20400000                . = ALIGN (0x4)
 *(.data)
 .data          0x20400000        0x0 ./Project_Settings/Startup_Code/Vector_Table.o
 .data          0x20400000        0x0 ./Project_Settings/Startup_Code/exceptions.o
 .data          0x20400000        0x0 ./Project_Settings/Startup_Code/nvic.o
 .data          0x20400000        0x0 ./Project_Settings/Startup_Code/startup.o
 .data          0x20400000        0x0 ./Project_Settings/Startup_Code/startup_cm7.o
 .data          0x20400000        0x0 ./Project_Settings/Startup_Code/system.o
 .data          0x20400000        0x4 ./RTD/src/Clock_Ip.o
 .data          0x20400004        0x0 ./RTD/src/Clock_Ip_Data.o
 .data          0x20400004        0x0 ./RTD/src/Clock_Ip_Divider.o
 .data          0x20400004        0x0 ./RTD/src/Clock_Ip_DividerTrigger.o
 .data          0x20400004        0x0 ./RTD/src/Clock_Ip_ExtOsc.o
 .data          0x20400004        0x0 ./RTD/src/Clock_Ip_FracDiv.o
 .data          0x20400004        0x0 ./RTD/src/Clock_Ip_Frequency.o
 .data          0x20400004        0x0 ./RTD/src/Clock_Ip_Gate.o
 .data          0x20400004        0x0 ./RTD/src/Clock_Ip_IntOsc.o
 .data          0x20400004        0x0 ./RTD/src/Clock_Ip_Irq.o
 .data          0x20400004        0x0 ./RTD/src/Clock_Ip_Monitor.o
 .data          0x20400004        0x0 ./RTD/src/Clock_Ip_Pll.o
 .data          0x20400004        0x0 ./RTD/src/Clock_Ip_ProgFreqSwitch.o
 .data          0x20400004        0x0 ./RTD/src/Clock_Ip_Selector.o
 .data          0x20400004        0x0 ./RTD/src/Clock_Ip_Specific.o
 .data          0x20400004        0x0 ./RTD/src/Det.o
 .data          0x20400004        0x0 ./RTD/src/Det_stub.o
 .data          0x20400004        0x0 ./RTD/src/FlexCAN_Ip.o
 .data          0x20400004        0x0 ./RTD/src/FlexCAN_Ip_HwAccess.o
 .data          0x20400004        0x0 ./RTD/src/FlexCAN_Ip_Irq.o
 .data          0x20400004        0x0 ./RTD/src/IntCtrl_Ip.o
 .data          0x20400004        0x0 ./RTD/src/OsIf_Interrupts.o
 .data          0x20400004        0x0 ./RTD/src/OsIf_Timer.o
 .data          0x20400004        0x0 ./RTD/src/OsIf_Timer_System.o
 .data          0x20400004        0x0 ./RTD/src/OsIf_Timer_System_Internal_Systick.o
 .data          0x20400004        0x0 ./RTD/src/SchM_Can.o
 .data          0x20400004        0x0 ./RTD/src/SchM_Dio.o
 .data          0x20400004        0x0 ./RTD/src/SchM_Mcu.o
 .data          0x20400004        0x0 ./RTD/src/SchM_Port.o
 .data          0x20400004        0x0 ./RTD/src/Siul2_Dio_Ip.o
 .data          0x20400004        0x0 ./RTD/src/Siul2_Port_Ip.o
 .data          0x20400004        0x0 ./RTD/src/Tspc_Port_Ip.o
 .data          0x20400004        0x0 ./board/Siul2_Port_Ip_Cfg.o
 .data          0x20400004        0x0 ./board/Tspc_Port_Ip_Cfg.o
 .data          0x20400004        0x0 ./generate/src/Clock_Ip_Cfg.o
 .data          0x20400004        0x0 ./generate/src/FlexCAN_Ip_Sa_BOARD_InitPeripherals_PBcfg.o
 .data          0x20400004        0x0 ./generate/src/IntCtrl_Ip_Cfg.o
 .data          0x20400004        0x0 ./generate/src/OsIf_Cfg.o
 .data          0x20400004       0x30 ./src/main.o
                0x20400004                dummyData
                0x2040000c                AppStartData
                0x20400014                rx_info
                0x20400024                tx_info
 *(.data*)
                0x20400034                . = ALIGN (0x4)
 *(.mcal_data)
 .mcal_data     0x20400034        0x4 ./RTD/src/Siul2_Dio_Ip.o
                0x20400034                Siul2_Dio_Ip_au32BaseAdresses
                0x20400038                . = ALIGN (0x4)
                0x20400038                __sram_data_end__ = .
                0x00512e20                __sram_data_rom_end = (__sram_data_rom + (__sram_data_end__ - __sram_data_begin__))

.sram_bss       0x20400038      0x844 load address 0x00512e20
                0x20400040                . = ALIGN (0x10)
 *fill*         0x20400038        0x8 
                0x20400040                __sram_bss_start = .
 *(.bss)
 .bss           0x20400040        0x0 ./Project_Settings/Startup_Code/Vector_Table.o
 .bss           0x20400040        0x0 ./Project_Settings/Startup_Code/exceptions.o
 .bss           0x20400040        0x0 ./Project_Settings/Startup_Code/nvic.o
 .bss           0x20400040        0x0 ./Project_Settings/Startup_Code/startup.o
 .bss           0x20400040        0x0 ./Project_Settings/Startup_Code/startup_cm7.o
 .bss           0x20400040       0x78 ./Project_Settings/Startup_Code/system.o
                0x20400040                rbar
                0x2040007c                rasr
 .bss           0x204000b8        0x1 ./RTD/src/Clock_Ip.o
 .bss           0x204000b9        0x0 ./RTD/src/Clock_Ip_Data.o
 .bss           0x204000b9        0x0 ./RTD/src/Clock_Ip_Divider.o
 .bss           0x204000b9        0x0 ./RTD/src/Clock_Ip_DividerTrigger.o
 .bss           0x204000b9        0x0 ./RTD/src/Clock_Ip_ExtOsc.o
 .bss           0x204000b9        0x0 ./RTD/src/Clock_Ip_FracDiv.o
 .bss           0x204000b9        0x0 ./RTD/src/Clock_Ip_Frequency.o
 .bss           0x204000b9        0x0 ./RTD/src/Clock_Ip_Gate.o
 .bss           0x204000b9        0x0 ./RTD/src/Clock_Ip_IntOsc.o
 .bss           0x204000b9        0x0 ./RTD/src/Clock_Ip_Irq.o
 *fill*         0x204000b9        0x3 
 .bss           0x204000bc       0x10 ./RTD/src/Clock_Ip_Monitor.o
 .bss           0x204000cc        0x0 ./RTD/src/Clock_Ip_Pll.o
 .bss           0x204000cc        0x4 ./RTD/src/Clock_Ip_ProgFreqSwitch.o
 .bss           0x204000d0        0x0 ./RTD/src/Clock_Ip_Selector.o
 .bss           0x204000d0        0x1 ./RTD/src/Clock_Ip_Specific.o
 .bss           0x204000d1        0x0 ./RTD/src/Det.o
 .bss           0x204000d1        0x0 ./RTD/src/Det_stub.o
 .bss           0x204000d1        0x0 ./RTD/src/FlexCAN_Ip.o
 .bss           0x204000d1        0x0 ./RTD/src/FlexCAN_Ip_HwAccess.o
 .bss           0x204000d1        0x0 ./RTD/src/FlexCAN_Ip_Irq.o
 .bss           0x204000d1        0x0 ./RTD/src/IntCtrl_Ip.o
 .bss           0x204000d1        0x0 ./RTD/src/OsIf_Interrupts.o
 .bss           0x204000d1        0x0 ./RTD/src/OsIf_Timer.o
 .bss           0x204000d1        0x0 ./RTD/src/OsIf_Timer_System.o
 .bss           0x204000d1        0x0 ./RTD/src/OsIf_Timer_System_Internal_Systick.o
 .bss           0x204000d1        0x0 ./RTD/src/SchM_Can.o
 .bss           0x204000d1        0x0 ./RTD/src/SchM_Dio.o
 .bss           0x204000d1        0x0 ./RTD/src/SchM_Mcu.o
 .bss           0x204000d1        0x0 ./RTD/src/SchM_Port.o
 .bss           0x204000d1        0x0 ./RTD/src/Siul2_Dio_Ip.o
 .bss           0x204000d1        0x0 ./RTD/src/Siul2_Port_Ip.o
 .bss           0x204000d1        0x0 ./RTD/src/Tspc_Port_Ip.o
 .bss           0x204000d1        0x0 ./board/Siul2_Port_Ip_Cfg.o
 .bss           0x204000d1        0x0 ./board/Tspc_Port_Ip_Cfg.o
 .bss           0x204000d1        0x0 ./generate/src/Clock_Ip_Cfg.o
 .bss           0x204000d1        0x0 ./generate/src/FlexCAN_Ip_Sa_BOARD_InitPeripherals_PBcfg.o
 .bss           0x204000d1        0x0 ./generate/src/IntCtrl_Ip_Cfg.o
 .bss           0x204000d1        0x0 ./generate/src/OsIf_Cfg.o
 *fill*         0x204000d1        0x3 
 .bss           0x204000d4       0x60 ./src/main.o
                0x204000d4                exit_code
                0x204000d8                systemid
                0x204000dc                rxData
                0x2040012c                JumpBootState
                0x20400130                JumpBootAddr
 *(.bss*)
                0x20400140                . = ALIGN (0x10)
 *fill*         0x20400134        0xc 
 *(.mcal_bss)
 .mcal_bss      0x20400140        0x4 ./Project_Settings/Startup_Code/system.o
                0x20400140                RESET_CATCH_CORE
 .mcal_bss      0x20400144       0x97 ./RTD/src/Clock_Ip.o
                0x20400144                Clock_Ip_pxConfig
                0x2040014c                Clock_Ip_FreqIds
 *fill*         0x204001db        0x1 
 .mcal_bss      0x204001dc        0x8 ./RTD/src/Clock_Ip_Specific.o
 .mcal_bss      0x204001e4       0x18 ./RTD/src/FlexCAN_Ip.o
 .mcal_bss      0x204001fc       0x48 ./RTD/src/FlexCAN_Ip_HwAccess.o
 .mcal_bss      0x20400244        0x8 ./RTD/src/Siul2_Port_Ip.o
 .mcal_bss      0x2040024c      0x630 ./generate/src/FlexCAN_Ip_Sa_BOARD_InitPeripherals_PBcfg.o
                0x2040024c                FlexCAN_State0
                0x2040087c                . = ALIGN (0x4)
                0x2040087c                __sram_bss_end = .

.heap           0x2040087c     0x2000 load address 0x00513664
                0x00000000                . = (. + ALIGN (0x4))
                0x2040087c                _end = .
                0x2040087c                end = .
                0x2040087c                _heap_start = .
                0x00002000                . = (. + HEAP_SIZE)
 *fill*         0x2040087c     0x2000 
                0x2040287c                _heap_end = .

.acfls_code_ram
                0x2042df00        0x0
                0x2042df00                acfls_code_ram_start = .
 *(.acfls_code_ram)
                0x2042df00                acfls_code_ram_stop = .
                0x00512e20                __non_cacheable_data_rom = __sram_data_rom_end

.non_cacheable_data
                0x20430000      0x40c load address 0x00512e20
                0x20430000                . = ALIGN (0x4)
                0x20430000                __non_cacheable_data_start__ = .
                0x20430000                . = ALIGN (0x1000)
                0x20430000                __interrupts_ram_start = .
                0x20430408                . = (. + (__interrupts_rom_end - __interrupts_rom_start))
 *fill*         0x20430000      0x408 
                0x20430408                . = ALIGN (0x4)
                0x20430408                __interrupts_ram_end = .
 *(.mcal_data_no_cacheable)
                0x20430408                . = ALIGN (0x4)
 *(.mcal_const_no_cacheable)
                0x20430408                . = ALIGN (0x4)
                0x20430408                HSE_LOOP_ADDR = .
                0x20430408        0x4 LONG 0x0
                0x2043040c                __non_cacheable_data_end__ = .

.igot.plt       0x2043040c        0x0 load address 0x0051322c
 .igot.plt      0x2043040c        0x0 ./Project_Settings/Startup_Code/Vector_Table.o

int_results     0x2043ff00      0x100
                0x2043ff00                . = ALIGN (0x4)
 *(.int_results)
                0x20440000                . = (. + 0x100)
 *fill*         0x2043ff00      0x100 
                0x0051322c                __non_cacheable_data_rom_end = (__non_cacheable_data_rom + (__non_cacheable_data_end__ - __non_cacheable_data_start__))

.non_cacheable_bss
                0x2043040c      0x40c load address 0x0051322c
                0x20430410                . = ALIGN (0x10)
 *fill*         0x2043040c        0x4 
                0x20430410                __non_cacheable_bss_start = .
 *(.mcal_bss_no_cacheable)
 .mcal_bss_no_cacheable
                0x20430410       0xa8 ./RTD/src/Det.o
                0x20430410                Det_InstanceId
                0x2043041c                Det_ApiId
                0x20430428                Det_ErrorId
                0x20430434                Det_RuntimeInstanceId
                0x20430440                Det_RuntimeApiId
                0x2043044c                Det_RuntimeErrorId
                0x20430458                Det_TransientInstanceId
                0x20430464                Det_TransientApiId
                0x20430470                Det_TransientFaultId
                0x2043047c                Det_TransientModuleId
                0x20430490                Det_ModuleId
                0x204304a4                Det_RuntimeModuleId
 .mcal_bss_no_cacheable
                0x204304b8      0x150 ./RTD/src/SchM_Can.o
 .mcal_bss_no_cacheable
                0x20430608       0x20 ./RTD/src/SchM_Dio.o
 .mcal_bss_no_cacheable
                0x20430628       0x30 ./RTD/src/SchM_Mcu.o
 .mcal_bss_no_cacheable
                0x20430658      0x1c0 ./RTD/src/SchM_Port.o
                0x20430818                . = ALIGN (0x4)
                0x20430818                __non_cacheable_bss_end = .
                0x0051322c                __shareable_data_rom = __non_cacheable_data_rom_end

.shareable_data
                0x20440000        0x0 load address 0x0051322c
                0x20440000                . = ALIGN (0x4)
                0x20440000                __shareable_data_start__ = .
 *(.mcal_shared_data)
                0x20440000                . = ALIGN (0x4)
                0x20440000                __shareable_data_end__ = .
                0x0051322c                __shareable_data_rom_end = (__shareable_data_rom + (__shareable_data_end__ - __shareable_data_start__))

.shareable_bss  0x20440000        0x0
                0x20440000                . = ALIGN (0x10)
                0x20440000                __shareable_bss_start = .
 *(.mcal_shared_bss)
                0x20440000                . = ALIGN (0x4)
                0x20440000                __shareable_bss_end = .
                0x2042e000                __Stack_end_c0 = ORIGIN (int_sram_stack_c0)
                0x2042f000                __Stack_start_c0 = (ORIGIN (int_sram_stack_c0) + LENGTH (int_sram_stack_c0))
                0x2042f000                __Stack_end_c1 = ORIGIN (int_sram_stack_c1)
                0x20430000                __Stack_start_c1 = (ORIGIN (int_sram_stack_c1) + LENGTH (int_sram_stack_c1))
                0x20400000                __INT_SRAM_START = ORIGIN (int_sram)
                0x20444000                __INT_SRAM_END = ORIGIN (ram_rsvd2)
                0x00000000                __INT_ITCM_START = ORIGIN (int_itcm)
                0x00010000                __INT_ITCM_END = (ORIGIN (int_itcm) + LENGTH (int_itcm))
                0x20000000                __INT_DTCM_START = ORIGIN (int_dtcm)
                0x20020000                __INT_DTCM_END = (ORIGIN (int_dtcm) + LENGTH (int_dtcm))
                0x20440000                __RAM_SHAREABLE_START = ORIGIN (int_sram_shareable)
                0x20443fff                __RAM_SHAREABLE_END = (ORIGIN (ram_rsvd2) - 0x1)
                0x0000000e                __RAM_SHAREABLE_SIZE = 0xe
                0x0051322c                __ROM_SHAREABLE_START = __shareable_data_rom
                0x0051322c                __ROM_SHAREABLE_END = __shareable_data_rom_end
                0x20430000                __RAM_NO_CACHEABLE_START = ORIGIN (int_sram_no_cacheable)
                0x2043ffff                __RAM_NO_CACHEABLE_END = (ORIGIN (int_sram_shareable) - 0x1)
                0x00000010                __RAM_NO_CACHEABLE_SIZE = 0x10
                0x00512e20                __ROM_NO_CACHEABLE_START = __non_cacheable_data_rom
                0x0051322c                __ROM_NO_CACHEABLE_END = __non_cacheable_data_rom_end
                0x20400000                __RAM_CACHEABLE_START = ORIGIN (int_sram)
                0x2042ffff                __RAM_CACHEABLE_END = (ORIGIN (int_sram_no_cacheable) - 0x1)
                0x00000012                __RAM_CACHEABLE_SIZE = 0x12
                0x00512de8                __ROM_CACHEABLE_START = __sram_data_rom
                0x00512e20                __ROM_CACHEABLE_END = __sram_data_rom_end
                0x00502000                __ROM_CODE_START = ORIGIN (int_flash)
                0x10000000                __ROM_DATA_START = 0x10000000
                0x20400040                __BSS_SRAM_START = __sram_bss_start
                0x2040087c                __BSS_SRAM_END = __sram_bss_end
                0x0000083c                __BSS_SRAM_SIZE = (__sram_bss_end - __sram_bss_start)
                0x20430410                __BSS_SRAM_NC_START = __non_cacheable_bss_start
                0x00000408                __BSS_SRAM_NC_SIZE = (__non_cacheable_bss_end - __non_cacheable_bss_start)
                0x20430818                __BSS_SRAM_NC_END = __non_cacheable_bss_end
                0x20440000                __BSS_SRAM_SH_START = __shareable_bss_start
                0x00000000                __BSS_SRAM_SH_SIZE = (__shareable_bss_end - __shareable_bss_start)
                0x20440000                __BSS_SRAM_SH_END = __shareable_bss_end
                0x20430000                __RAM_INTERRUPT_START = __interrupts_ram_start
                0x00503000                __ROM_INTERRUPT_START = __interrupts_rom_start
                0x00503408                __ROM_INTERRUPT_END = __interrupts_rom_end
                0x00512d98                __INIT_TABLE = __init_table
                0x00512dcc                __ZERO_TABLE = __zero_table
                0x00000001                __RAM_INIT = 0x1
                0x00000001                __ITCM_INIT = 0x1
                0x00000001                __DTCM_INIT = 0x1
                0x00510b64                Fls_ACEraseRomStart = __acfls_code_rom_start
                0x00510b64                Fls_ACEraseRomEnd = __acfls_code_rom_end
                0x00000000                Fls_ACEraseSize = ((__acfls_code_rom_end - __acfls_code_rom_start) / 0x4)
                0x00510b64                Fls_ACWriteRomStart = __acfls_code_rom_start
                0x00510b64                Fls_ACWriteRomEnd = __acfls_code_rom_end
                0x00000000                Fls_ACWriteSize = ((__acfls_code_rom_end - __acfls_code_rom_start) / 0x4)
                0x2042df00                _ERASE_FUNC_ADDRESS_ = ADDR (.acfls_code_ram)
                0x2042df00                _WRITE_FUNC_ADDRESS_ = ADDR (.acfls_code_ram)
                0x00503000                __ENTRY_VTABLE = __ROM_INTERRUPT_START
                0x00503000                __CORE0_VTOR = __interrupts_rom_start
                0x00503000                __CORE1_VTOR = __interrupts_rom_start
OUTPUT(FlexCAN_Ip_Example_S32K344.elf elf32-littlearm)
LOAD linker stubs

.ARM.attributes
                0x00000000       0x30
 .ARM.attributes
                0x00000000       0x20 ./Project_Settings/Startup_Code/Vector_Table.o
 .ARM.attributes
                0x00000020       0x34 ./Project_Settings/Startup_Code/exceptions.o
 .ARM.attributes
                0x00000054       0x34 ./Project_Settings/Startup_Code/nvic.o
 .ARM.attributes
                0x00000088       0x34 ./Project_Settings/Startup_Code/startup.o
 .ARM.attributes
                0x000000bc       0x1f ./Project_Settings/Startup_Code/startup_cm7.o
 .ARM.attributes
                0x000000db       0x34 ./Project_Settings/Startup_Code/system.o
 .ARM.attributes
                0x0000010f       0x34 ./RTD/src/Clock_Ip.o
 .ARM.attributes
                0x00000143       0x39 ./RTD/src/Clock_Ip_Data.o
 .ARM.attributes
                0x0000017c       0x34 ./RTD/src/Clock_Ip_Divider.o
 .ARM.attributes
                0x000001b0       0x34 ./RTD/src/Clock_Ip_DividerTrigger.o
 .ARM.attributes
                0x000001e4       0x34 ./RTD/src/Clock_Ip_ExtOsc.o
 .ARM.attributes
                0x00000218       0x34 ./RTD/src/Clock_Ip_FracDiv.o
 .ARM.attributes
                0x0000024c       0x34 ./RTD/src/Clock_Ip_Frequency.o
 .ARM.attributes
                0x00000280       0x34 ./RTD/src/Clock_Ip_Gate.o
 .ARM.attributes
                0x000002b4       0x34 ./RTD/src/Clock_Ip_IntOsc.o
 .ARM.attributes
                0x000002e8       0x34 ./RTD/src/Clock_Ip_Irq.o
 .ARM.attributes
                0x0000031c       0x34 ./RTD/src/Clock_Ip_Monitor.o
 .ARM.attributes
                0x00000350       0x34 ./RTD/src/Clock_Ip_Pll.o
 .ARM.attributes
                0x00000384       0x34 ./RTD/src/Clock_Ip_ProgFreqSwitch.o
 .ARM.attributes
                0x000003b8       0x34 ./RTD/src/Clock_Ip_Selector.o
 .ARM.attributes
                0x000003ec       0x34 ./RTD/src/Clock_Ip_Specific.o
 .ARM.attributes
                0x00000420       0x34 ./RTD/src/Det.o
 .ARM.attributes
                0x00000454       0x34 ./RTD/src/Det_stub.o
 .ARM.attributes
                0x00000488       0x34 ./RTD/src/FlexCAN_Ip.o
 .ARM.attributes
                0x000004bc       0x34 ./RTD/src/FlexCAN_Ip_HwAccess.o
 .ARM.attributes
                0x000004f0       0x34 ./RTD/src/FlexCAN_Ip_Irq.o
 .ARM.attributes
                0x00000524       0x34 ./RTD/src/IntCtrl_Ip.o
 .ARM.attributes
                0x00000558       0x39 ./RTD/src/OsIf_Interrupts.o
 .ARM.attributes
                0x00000591       0x34 ./RTD/src/OsIf_Timer.o
 .ARM.attributes
                0x000005c5       0x39 ./RTD/src/OsIf_Timer_System.o
 .ARM.attributes
                0x000005fe       0x34 ./RTD/src/OsIf_Timer_System_Internal_Systick.o
 .ARM.attributes
                0x00000632       0x34 ./RTD/src/SchM_Can.o
 .ARM.attributes
                0x00000666       0x34 ./RTD/src/SchM_Dio.o
 .ARM.attributes
                0x0000069a       0x34 ./RTD/src/SchM_Mcu.o
 .ARM.attributes
                0x000006ce       0x34 ./RTD/src/SchM_Port.o
 .ARM.attributes
                0x00000702       0x34 ./RTD/src/Siul2_Dio_Ip.o
 .ARM.attributes
                0x00000736       0x34 ./RTD/src/Siul2_Port_Ip.o
 .ARM.attributes
                0x0000076a       0x34 ./RTD/src/Tspc_Port_Ip.o
 .ARM.attributes
                0x0000079e       0x39 ./board/Siul2_Port_Ip_Cfg.o
 .ARM.attributes
                0x000007d7       0x39 ./board/Tspc_Port_Ip_Cfg.o
 .ARM.attributes
                0x00000810       0x39 ./generate/src/Clock_Ip_Cfg.o
 .ARM.attributes
                0x00000849       0x39 ./generate/src/FlexCAN_Ip_Sa_BOARD_InitPeripherals_PBcfg.o
 .ARM.attributes
                0x00000882       0x39 ./generate/src/IntCtrl_Ip_Cfg.o
 .ARM.attributes
                0x000008bb       0x39 ./generate/src/OsIf_Cfg.o
 .ARM.attributes
                0x000008f4       0x34 ./src/main.o

.comment        0x00000000       0x88
 .comment       0x00000000       0x88 ./Project_Settings/Startup_Code/exceptions.o
                                 0x89 (size before relaxing)
 .comment       0x00000088       0x89 ./Project_Settings/Startup_Code/nvic.o
 .comment       0x00000088       0x89 ./Project_Settings/Startup_Code/startup.o
 .comment       0x00000088       0x89 ./Project_Settings/Startup_Code/system.o
 .comment       0x00000088       0x89 ./RTD/src/Clock_Ip.o
 .comment       0x00000088       0x89 ./RTD/src/Clock_Ip_Data.o
 .comment       0x00000088       0x89 ./RTD/src/Clock_Ip_Divider.o
 .comment       0x00000088       0x89 ./RTD/src/Clock_Ip_DividerTrigger.o
 .comment       0x00000088       0x89 ./RTD/src/Clock_Ip_ExtOsc.o
 .comment       0x00000088       0x89 ./RTD/src/Clock_Ip_FracDiv.o
 .comment       0x00000088       0x89 ./RTD/src/Clock_Ip_Frequency.o
 .comment       0x00000088       0x89 ./RTD/src/Clock_Ip_Gate.o
 .comment       0x00000088       0x89 ./RTD/src/Clock_Ip_IntOsc.o
 .comment       0x00000088       0x89 ./RTD/src/Clock_Ip_Irq.o
 .comment       0x00000088       0x89 ./RTD/src/Clock_Ip_Monitor.o
 .comment       0x00000088       0x89 ./RTD/src/Clock_Ip_Pll.o
 .comment       0x00000088       0x89 ./RTD/src/Clock_Ip_ProgFreqSwitch.o
 .comment       0x00000088       0x89 ./RTD/src/Clock_Ip_Selector.o
 .comment       0x00000088       0x89 ./RTD/src/Clock_Ip_Specific.o
 .comment       0x00000088       0x89 ./RTD/src/Det.o
 .comment       0x00000088       0x89 ./RTD/src/Det_stub.o
 .comment       0x00000088       0x89 ./RTD/src/FlexCAN_Ip.o
 .comment       0x00000088       0x89 ./RTD/src/FlexCAN_Ip_HwAccess.o
 .comment       0x00000088       0x89 ./RTD/src/FlexCAN_Ip_Irq.o
 .comment       0x00000088       0x89 ./RTD/src/IntCtrl_Ip.o
 .comment       0x00000088       0x89 ./RTD/src/OsIf_Interrupts.o
 .comment       0x00000088       0x89 ./RTD/src/OsIf_Timer.o
 .comment       0x00000088       0x89 ./RTD/src/OsIf_Timer_System.o
 .comment       0x00000088       0x89 ./RTD/src/OsIf_Timer_System_Internal_Systick.o
 .comment       0x00000088       0x89 ./RTD/src/SchM_Can.o
 .comment       0x00000088       0x89 ./RTD/src/SchM_Dio.o
 .comment       0x00000088       0x89 ./RTD/src/SchM_Mcu.o
 .comment       0x00000088       0x89 ./RTD/src/SchM_Port.o
 .comment       0x00000088       0x89 ./RTD/src/Siul2_Dio_Ip.o
 .comment       0x00000088       0x89 ./RTD/src/Siul2_Port_Ip.o
 .comment       0x00000088       0x89 ./RTD/src/Tspc_Port_Ip.o
 .comment       0x00000088       0x89 ./board/Siul2_Port_Ip_Cfg.o
 .comment       0x00000088       0x89 ./board/Tspc_Port_Ip_Cfg.o
 .comment       0x00000088       0x89 ./generate/src/Clock_Ip_Cfg.o
 .comment       0x00000088       0x89 ./generate/src/FlexCAN_Ip_Sa_BOARD_InitPeripherals_PBcfg.o
 .comment       0x00000088       0x89 ./generate/src/IntCtrl_Ip_Cfg.o
 .comment       0x00000088       0x89 ./generate/src/OsIf_Cfg.o
 .comment       0x00000088       0x89 ./src/main.o

.debug_info     0x00000000    0x22a4d
 .debug_info    0x00000000      0x139 ./Project_Settings/Startup_Code/exceptions.o
 .debug_info    0x00000139      0x753 ./Project_Settings/Startup_Code/nvic.o
 .debug_info    0x0000088c      0x238 ./Project_Settings/Startup_Code/startup.o
 .debug_info    0x00000ac4       0x22 ./Project_Settings/Startup_Code/startup_cm7.o
 .debug_info    0x00000ae6      0xb3a ./Project_Settings/Startup_Code/system.o
 .debug_info    0x00001620     0x1c39 ./RTD/src/Clock_Ip.o
 .debug_info    0x00003259     0x1648 ./RTD/src/Clock_Ip_Data.o
 .debug_info    0x000048a1      0xe07 ./RTD/src/Clock_Ip_Divider.o
 .debug_info    0x000056a8      0x7a4 ./RTD/src/Clock_Ip_DividerTrigger.o
 .debug_info    0x00005e4c      0x9cc ./RTD/src/Clock_Ip_ExtOsc.o
 .debug_info    0x00006818      0x5e5 ./RTD/src/Clock_Ip_FracDiv.o
 .debug_info    0x00006dfd      0x459 ./RTD/src/Clock_Ip_Frequency.o
 .debug_info    0x00007256      0x8f4 ./RTD/src/Clock_Ip_Gate.o
 .debug_info    0x00007b4a      0x764 ./RTD/src/Clock_Ip_IntOsc.o
 .debug_info    0x000082ae       0x97 ./RTD/src/Clock_Ip_Irq.o
 .debug_info    0x00008345     0x147a ./RTD/src/Clock_Ip_Monitor.o
 .debug_info    0x000097bf      0x9b5 ./RTD/src/Clock_Ip_Pll.o
 .debug_info    0x0000a174      0xff5 ./RTD/src/Clock_Ip_ProgFreqSwitch.o
 .debug_info    0x0000b169      0xc29 ./RTD/src/Clock_Ip_Selector.o
 .debug_info    0x0000bd92     0x1372 ./RTD/src/Clock_Ip_Specific.o
 .debug_info    0x0000d104      0x3b2 ./RTD/src/Det.o
 .debug_info    0x0000d4b6      0x3b3 ./RTD/src/Det_stub.o
 .debug_info    0x0000d869     0x366c ./RTD/src/FlexCAN_Ip.o
 .debug_info    0x00010ed5     0x1bfd ./RTD/src/FlexCAN_Ip_HwAccess.o
 .debug_info    0x00012ad2      0x1a9 ./RTD/src/FlexCAN_Ip_Irq.o
 .debug_info    0x00012c7b     0x1366 ./RTD/src/IntCtrl_Ip.o
 .debug_info    0x00013fe1       0x7d ./RTD/src/OsIf_Interrupts.o
 .debug_info    0x0001405e      0x2df ./RTD/src/OsIf_Timer.o
 .debug_info    0x0001433d       0x7d ./RTD/src/OsIf_Timer_System.o
 .debug_info    0x000143ba      0x188 ./RTD/src/OsIf_Timer_System_Internal_Systick.o
 .debug_info    0x00014542      0xa92 ./RTD/src/SchM_Can.o
 .debug_info    0x00014fd4      0x1f6 ./RTD/src/SchM_Dio.o
 .debug_info    0x000151ca      0x26a ./RTD/src/SchM_Mcu.o
 .debug_info    0x00015434      0xdbe ./RTD/src/SchM_Port.o
 .debug_info    0x000161f2     0x2223 ./RTD/src/Siul2_Dio_Ip.o
 .debug_info    0x00018415     0x2bd2 ./RTD/src/Siul2_Port_Ip.o
 .debug_info    0x0001afe7      0x277 ./RTD/src/Tspc_Port_Ip.o
 .debug_info    0x0001b25e     0x228e ./board/Siul2_Port_Ip_Cfg.o
 .debug_info    0x0001d4ec       0x7d ./board/Tspc_Port_Ip_Cfg.o
 .debug_info    0x0001d569      0xce8 ./generate/src/Clock_Ip_Cfg.o
 .debug_info    0x0001e251      0x676 ./generate/src/FlexCAN_Ip_Sa_BOARD_InitPeripherals_PBcfg.o
 .debug_info    0x0001e8c7      0x626 ./generate/src/IntCtrl_Ip_Cfg.o
 .debug_info    0x0001eeed       0x7d ./generate/src/OsIf_Cfg.o
 .debug_info    0x0001ef6a     0x3ae3 ./src/main.o

.debug_abbrev   0x00000000     0x3761
 .debug_abbrev  0x00000000       0x47 ./Project_Settings/Startup_Code/exceptions.o
 .debug_abbrev  0x00000047       0xff ./Project_Settings/Startup_Code/nvic.o
 .debug_abbrev  0x00000146       0xcb ./Project_Settings/Startup_Code/startup.o
 .debug_abbrev  0x00000211       0x12 ./Project_Settings/Startup_Code/startup_cm7.o
 .debug_abbrev  0x00000223      0x1b5 ./Project_Settings/Startup_Code/system.o
 .debug_abbrev  0x000003d8      0x267 ./RTD/src/Clock_Ip.o
 .debug_abbrev  0x0000063f      0x14c ./RTD/src/Clock_Ip_Data.o
 .debug_abbrev  0x0000078b      0x1f9 ./RTD/src/Clock_Ip_Divider.o
 .debug_abbrev  0x00000984      0x174 ./RTD/src/Clock_Ip_DividerTrigger.o
 .debug_abbrev  0x00000af8      0x1ca ./RTD/src/Clock_Ip_ExtOsc.o
 .debug_abbrev  0x00000cc2      0x14f ./RTD/src/Clock_Ip_FracDiv.o
 .debug_abbrev  0x00000e11       0x92 ./RTD/src/Clock_Ip_Frequency.o
 .debug_abbrev  0x00000ea3      0x174 ./RTD/src/Clock_Ip_Gate.o
 .debug_abbrev  0x00001017      0x167 ./RTD/src/Clock_Ip_IntOsc.o
 .debug_abbrev  0x0000117e       0x47 ./RTD/src/Clock_Ip_Irq.o
 .debug_abbrev  0x000011c5      0x26c ./RTD/src/Clock_Ip_Monitor.o
 .debug_abbrev  0x00001431      0x1bd ./RTD/src/Clock_Ip_Pll.o
 .debug_abbrev  0x000015ee      0x190 ./RTD/src/Clock_Ip_ProgFreqSwitch.o
 .debug_abbrev  0x0000177e      0x206 ./RTD/src/Clock_Ip_Selector.o
 .debug_abbrev  0x00001984      0x241 ./RTD/src/Clock_Ip_Specific.o
 .debug_abbrev  0x00001bc5      0x124 ./RTD/src/Det.o
 .debug_abbrev  0x00001ce9       0xbd ./RTD/src/Det_stub.o
 .debug_abbrev  0x00001da6      0x2c6 ./RTD/src/FlexCAN_Ip.o
 .debug_abbrev  0x0000206c      0x2a6 ./RTD/src/FlexCAN_Ip_HwAccess.o
 .debug_abbrev  0x00002312       0x61 ./RTD/src/FlexCAN_Ip_Irq.o
 .debug_abbrev  0x00002373      0x1d0 ./RTD/src/IntCtrl_Ip.o
 .debug_abbrev  0x00002543       0x29 ./RTD/src/OsIf_Interrupts.o
 .debug_abbrev  0x0000256c      0x176 ./RTD/src/OsIf_Timer.o
 .debug_abbrev  0x000026e2       0x29 ./RTD/src/OsIf_Timer_System.o
 .debug_abbrev  0x0000270b      0x10b ./RTD/src/OsIf_Timer_System_Internal_Systick.o
 .debug_abbrev  0x00002816       0xaf ./RTD/src/SchM_Can.o
 .debug_abbrev  0x000028c5       0xaf ./RTD/src/SchM_Dio.o
 .debug_abbrev  0x00002974       0xaf ./RTD/src/SchM_Mcu.o
 .debug_abbrev  0x00002a23       0xaf ./RTD/src/SchM_Port.o
 .debug_abbrev  0x00002ad2      0x20f ./RTD/src/Siul2_Dio_Ip.o
 .debug_abbrev  0x00002ce1      0x23d ./RTD/src/Siul2_Port_Ip.o
 .debug_abbrev  0x00002f1e       0xfd ./RTD/src/Tspc_Port_Ip.o
 .debug_abbrev  0x0000301b      0x146 ./board/Siul2_Port_Ip_Cfg.o
 .debug_abbrev  0x00003161       0x29 ./board/Tspc_Port_Ip_Cfg.o
 .debug_abbrev  0x0000318a      0x101 ./generate/src/Clock_Ip_Cfg.o
 .debug_abbrev  0x0000328b      0x11c ./generate/src/FlexCAN_Ip_Sa_BOARD_InitPeripherals_PBcfg.o
 .debug_abbrev  0x000033a7       0xf7 ./generate/src/IntCtrl_Ip_Cfg.o
 .debug_abbrev  0x0000349e       0x29 ./generate/src/OsIf_Cfg.o
 .debug_abbrev  0x000034c7      0x29a ./src/main.o

.debug_aranges  0x00000000     0x1310
 .debug_aranges
                0x00000000       0x68 ./Project_Settings/Startup_Code/exceptions.o
 .debug_aranges
                0x00000068       0x38 ./Project_Settings/Startup_Code/nvic.o
 .debug_aranges
                0x000000a0       0x20 ./Project_Settings/Startup_Code/startup.o
 .debug_aranges
                0x000000c0       0x28 ./Project_Settings/Startup_Code/startup_cm7.o
 .debug_aranges
                0x000000e8       0x38 ./Project_Settings/Startup_Code/system.o
 .debug_aranges
                0x00000120       0xc8 ./RTD/src/Clock_Ip.o
 .debug_aranges
                0x000001e8       0x18 ./RTD/src/Clock_Ip_Data.o
 .debug_aranges
                0x00000200       0x40 ./RTD/src/Clock_Ip_Divider.o
 .debug_aranges
                0x00000240       0x30 ./RTD/src/Clock_Ip_DividerTrigger.o
 .debug_aranges
                0x00000270       0x78 ./RTD/src/Clock_Ip_ExtOsc.o
 .debug_aranges
                0x000002e8       0x28 ./RTD/src/Clock_Ip_FracDiv.o
 .debug_aranges
                0x00000310       0x20 ./RTD/src/Clock_Ip_Frequency.o
 .debug_aranges
                0x00000330       0x38 ./RTD/src/Clock_Ip_Gate.o
 .debug_aranges
                0x00000368       0x58 ./RTD/src/Clock_Ip_IntOsc.o
 .debug_aranges
                0x000003c0       0x20 ./RTD/src/Clock_Ip_Irq.o
 .debug_aranges
                0x000003e0       0x80 ./RTD/src/Clock_Ip_Monitor.o
 .debug_aranges
                0x00000460       0x50 ./RTD/src/Clock_Ip_Pll.o
 .debug_aranges
                0x000004b0       0x28 ./RTD/src/Clock_Ip_ProgFreqSwitch.o
 .debug_aranges
                0x000004d8       0x60 ./RTD/src/Clock_Ip_Selector.o
 .debug_aranges
                0x00000538       0x68 ./RTD/src/Clock_Ip_Specific.o
 .debug_aranges
                0x000005a0       0x40 ./RTD/src/Det.o
 .debug_aranges
                0x000005e0       0x48 ./RTD/src/Det_stub.o
 .debug_aranges
                0x00000628      0x398 ./RTD/src/FlexCAN_Ip.o
 .debug_aranges
                0x000009c0      0x178 ./RTD/src/FlexCAN_Ip_HwAccess.o
 .debug_aranges
                0x00000b38       0x98 ./RTD/src/FlexCAN_Ip_Irq.o
 .debug_aranges
                0x00000bd0       0xd0 ./RTD/src/IntCtrl_Ip.o
 .debug_aranges
                0x00000ca0       0x18 ./RTD/src/OsIf_Interrupts.o
 .debug_aranges
                0x00000cb8       0x68 ./RTD/src/OsIf_Timer.o
 .debug_aranges
                0x00000d20       0x18 ./RTD/src/OsIf_Timer_System.o
 .debug_aranges
                0x00000d38       0x30 ./RTD/src/OsIf_Timer_System_Internal_Systick.o
 .debug_aranges
                0x00000d68      0x170 ./RTD/src/SchM_Can.o
 .debug_aranges
                0x00000ed8       0x40 ./RTD/src/SchM_Dio.o
 .debug_aranges
                0x00000f18       0x50 ./RTD/src/SchM_Mcu.o
 .debug_aranges
                0x00000f68      0x1e0 ./RTD/src/SchM_Port.o
 .debug_aranges
                0x00001148       0x70 ./RTD/src/Siul2_Dio_Ip.o
 .debug_aranges
                0x000011b8       0x78 ./RTD/src/Siul2_Port_Ip.o
 .debug_aranges
                0x00001230       0x30 ./RTD/src/Tspc_Port_Ip.o
 .debug_aranges
                0x00001260       0x18 ./board/Siul2_Port_Ip_Cfg.o
 .debug_aranges
                0x00001278       0x18 ./board/Tspc_Port_Ip_Cfg.o
 .debug_aranges
                0x00001290       0x18 ./generate/src/Clock_Ip_Cfg.o
 .debug_aranges
                0x000012a8       0x18 ./generate/src/FlexCAN_Ip_Sa_BOARD_InitPeripherals_PBcfg.o
 .debug_aranges
                0x000012c0       0x18 ./generate/src/IntCtrl_Ip_Cfg.o
 .debug_aranges
                0x000012d8       0x18 ./generate/src/OsIf_Cfg.o
 .debug_aranges
                0x000012f0       0x20 ./src/main.o

.debug_ranges   0x00000000     0x1000
 .debug_ranges  0x00000000       0x58 ./Project_Settings/Startup_Code/exceptions.o
 .debug_ranges  0x00000058       0x28 ./Project_Settings/Startup_Code/nvic.o
 .debug_ranges  0x00000080       0x10 ./Project_Settings/Startup_Code/startup.o
 .debug_ranges  0x00000090       0x20 ./Project_Settings/Startup_Code/startup_cm7.o
 .debug_ranges  0x000000b0       0x28 ./Project_Settings/Startup_Code/system.o
 .debug_ranges  0x000000d8       0xb8 ./RTD/src/Clock_Ip.o
 .debug_ranges  0x00000190       0x30 ./RTD/src/Clock_Ip_Divider.o
 .debug_ranges  0x000001c0       0x20 ./RTD/src/Clock_Ip_DividerTrigger.o
 .debug_ranges  0x000001e0       0x68 ./RTD/src/Clock_Ip_ExtOsc.o
 .debug_ranges  0x00000248       0x18 ./RTD/src/Clock_Ip_FracDiv.o
 .debug_ranges  0x00000260       0x10 ./RTD/src/Clock_Ip_Frequency.o
 .debug_ranges  0x00000270       0x28 ./RTD/src/Clock_Ip_Gate.o
 .debug_ranges  0x00000298       0x48 ./RTD/src/Clock_Ip_IntOsc.o
 .debug_ranges  0x000002e0       0x10 ./RTD/src/Clock_Ip_Irq.o
 .debug_ranges  0x000002f0       0x70 ./RTD/src/Clock_Ip_Monitor.o
 .debug_ranges  0x00000360       0x40 ./RTD/src/Clock_Ip_Pll.o
 .debug_ranges  0x000003a0       0x18 ./RTD/src/Clock_Ip_ProgFreqSwitch.o
 .debug_ranges  0x000003b8       0x50 ./RTD/src/Clock_Ip_Selector.o
 .debug_ranges  0x00000408       0x58 ./RTD/src/Clock_Ip_Specific.o
 .debug_ranges  0x00000460       0x30 ./RTD/src/Det.o
 .debug_ranges  0x00000490       0x38 ./RTD/src/Det_stub.o
 .debug_ranges  0x000004c8      0x388 ./RTD/src/FlexCAN_Ip.o
 .debug_ranges  0x00000850      0x168 ./RTD/src/FlexCAN_Ip_HwAccess.o
 .debug_ranges  0x000009b8       0x88 ./RTD/src/FlexCAN_Ip_Irq.o
 .debug_ranges  0x00000a40       0xc0 ./RTD/src/IntCtrl_Ip.o
 .debug_ranges  0x00000b00       0x58 ./RTD/src/OsIf_Timer.o
 .debug_ranges  0x00000b58       0x20 ./RTD/src/OsIf_Timer_System_Internal_Systick.o
 .debug_ranges  0x00000b78      0x160 ./RTD/src/SchM_Can.o
 .debug_ranges  0x00000cd8       0x30 ./RTD/src/SchM_Dio.o
 .debug_ranges  0x00000d08       0x40 ./RTD/src/SchM_Mcu.o
 .debug_ranges  0x00000d48      0x1d0 ./RTD/src/SchM_Port.o
 .debug_ranges  0x00000f18       0x60 ./RTD/src/Siul2_Dio_Ip.o
 .debug_ranges  0x00000f78       0x68 ./RTD/src/Siul2_Port_Ip.o
 .debug_ranges  0x00000fe0       0x20 ./RTD/src/Tspc_Port_Ip.o

.debug_macro    0x00000000    0x5c457
 .debug_macro   0x00000000      0x164 ./Project_Settings/Startup_Code/exceptions.o
 .debug_macro   0x00000164      0xa96 ./Project_Settings/Startup_Code/exceptions.o
 .debug_macro   0x00000bfa       0x22 ./Project_Settings/Startup_Code/exceptions.o
 .debug_macro   0x00000c1c       0x56 ./Project_Settings/Startup_Code/exceptions.o
 .debug_macro   0x00000c72       0x51 ./Project_Settings/Startup_Code/exceptions.o
 .debug_macro   0x00000cc3      0x103 ./Project_Settings/Startup_Code/exceptions.o
 .debug_macro   0x00000dc6       0x6a ./Project_Settings/Startup_Code/exceptions.o
 .debug_macro   0x00000e30      0x1df ./Project_Settings/Startup_Code/exceptions.o
 .debug_macro   0x0000100f       0x22 ./Project_Settings/Startup_Code/exceptions.o
 .debug_macro   0x00001031      0x16d ./Project_Settings/Startup_Code/exceptions.o
 .debug_macro   0x0000119e       0x82 ./Project_Settings/Startup_Code/exceptions.o
 .debug_macro   0x00001220      0x97b ./Project_Settings/Startup_Code/exceptions.o
 .debug_macro   0x00001b9b       0x3a ./Project_Settings/Startup_Code/exceptions.o
 .debug_macro   0x00001bd5       0xa2 ./Project_Settings/Startup_Code/exceptions.o
 .debug_macro   0x00001c77       0x68 ./Project_Settings/Startup_Code/exceptions.o
 .debug_macro   0x00001cdf       0x94 ./Project_Settings/Startup_Code/exceptions.o
 .debug_macro   0x00001d73       0xc8 ./Project_Settings/Startup_Code/exceptions.o
 .debug_macro   0x00001e3b      0x112 ./Project_Settings/Startup_Code/exceptions.o
 .debug_macro   0x00001f4d       0x52 ./Project_Settings/Startup_Code/exceptions.o
 .debug_macro   0x00001f9f       0x16 ./Project_Settings/Startup_Code/exceptions.o
 .debug_macro   0x00001fb5       0x7c ./Project_Settings/Startup_Code/exceptions.o
 .debug_macro   0x00002031      0x130 ./Project_Settings/Startup_Code/exceptions.o
 .debug_macro   0x00002161       0x6a ./Project_Settings/Startup_Code/exceptions.o
 .debug_macro   0x000021cb       0x58 ./Project_Settings/Startup_Code/exceptions.o
 .debug_macro   0x00002223       0x81 ./Project_Settings/Startup_Code/exceptions.o
 .debug_macro   0x000022a4       0x50 ./Project_Settings/Startup_Code/exceptions.o
 .debug_macro   0x000022f4       0x50 ./Project_Settings/Startup_Code/exceptions.o
 .debug_macro   0x00002344      0x3c6 ./Project_Settings/Startup_Code/nvic.o
 .debug_macro   0x0000270a     0x51e9 ./Project_Settings/Startup_Code/nvic.o
 .debug_macro   0x000078f3      0xa20 ./Project_Settings/Startup_Code/nvic.o
 .debug_macro   0x00008313     0x10a6 ./Project_Settings/Startup_Code/nvic.o
 .debug_macro   0x000093b9      0x180 ./Project_Settings/Startup_Code/nvic.o
 .debug_macro   0x00009539       0xf8 ./Project_Settings/Startup_Code/nvic.o
 .debug_macro   0x00009631      0x370 ./Project_Settings/Startup_Code/nvic.o
 .debug_macro   0x000099a1      0x158 ./Project_Settings/Startup_Code/nvic.o
 .debug_macro   0x00009af9      0xd4e ./Project_Settings/Startup_Code/nvic.o
 .debug_macro   0x0000a847     0x2311 ./Project_Settings/Startup_Code/nvic.o
 .debug_macro   0x0000cb58      0x2ea ./Project_Settings/Startup_Code/nvic.o
 .debug_macro   0x0000ce42       0x8e ./Project_Settings/Startup_Code/nvic.o
 .debug_macro   0x0000ced0     0xd22d ./Project_Settings/Startup_Code/nvic.o
 .debug_macro   0x0001a0fd      0xe49 ./Project_Settings/Startup_Code/nvic.o
 .debug_macro   0x0001af46     0x7375 ./Project_Settings/Startup_Code/nvic.o
 .debug_macro   0x000222bb      0xbaa ./Project_Settings/Startup_Code/nvic.o
 .debug_macro   0x00022e65      0xd69 ./Project_Settings/Startup_Code/nvic.o
 .debug_macro   0x00023bce      0xb4d ./Project_Settings/Startup_Code/nvic.o
 .debug_macro   0x0002471b       0x5c ./Project_Settings/Startup_Code/nvic.o
 .debug_macro   0x00024777      0xad5 ./Project_Settings/Startup_Code/nvic.o
 .debug_macro   0x0002524c     0x1531 ./Project_Settings/Startup_Code/nvic.o
 .debug_macro   0x0002677d      0x867 ./Project_Settings/Startup_Code/nvic.o
 .debug_macro   0x00026fe4       0xcc ./Project_Settings/Startup_Code/nvic.o
 .debug_macro   0x000270b0       0xd6 ./Project_Settings/Startup_Code/nvic.o
 .debug_macro   0x00027186      0x105 ./Project_Settings/Startup_Code/nvic.o
 .debug_macro   0x0002728b      0x507 ./Project_Settings/Startup_Code/nvic.o
 .debug_macro   0x00027792      0x779 ./Project_Settings/Startup_Code/nvic.o
 .debug_macro   0x00027f0b      0xe1f ./Project_Settings/Startup_Code/nvic.o
 .debug_macro   0x00028d2a      0x93f ./Project_Settings/Startup_Code/nvic.o
 .debug_macro   0x00029669      0xd53 ./Project_Settings/Startup_Code/nvic.o
 .debug_macro   0x0002a3bc      0x2ce ./Project_Settings/Startup_Code/nvic.o
 .debug_macro   0x0002a68a     0x1095 ./Project_Settings/Startup_Code/nvic.o
 .debug_macro   0x0002b71f     0x1fad ./Project_Settings/Startup_Code/nvic.o
 .debug_macro   0x0002d6cc      0x4f8 ./Project_Settings/Startup_Code/nvic.o
 .debug_macro   0x0002dbc4      0x274 ./Project_Settings/Startup_Code/nvic.o
 .debug_macro   0x0002de38      0x9d3 ./Project_Settings/Startup_Code/nvic.o
 .debug_macro   0x0002e80b     0x15b6 ./Project_Settings/Startup_Code/nvic.o
 .debug_macro   0x0002fdc1      0x4b9 ./Project_Settings/Startup_Code/nvic.o
 .debug_macro   0x0003027a      0x242 ./Project_Settings/Startup_Code/nvic.o
 .debug_macro   0x000304bc      0x20a ./Project_Settings/Startup_Code/nvic.o
 .debug_macro   0x000306c6      0x3f9 ./Project_Settings/Startup_Code/nvic.o
 .debug_macro   0x00030abf       0x6a ./Project_Settings/Startup_Code/nvic.o
 .debug_macro   0x00030b29      0xbb5 ./Project_Settings/Startup_Code/nvic.o
 .debug_macro   0x000316de       0x47 ./Project_Settings/Startup_Code/nvic.o
 .debug_macro   0x00031725      0x23b ./Project_Settings/Startup_Code/nvic.o
 .debug_macro   0x00031960      0xb27 ./Project_Settings/Startup_Code/nvic.o
 .debug_macro   0x00032487      0x2d8 ./Project_Settings/Startup_Code/nvic.o
 .debug_macro   0x0003275f       0x94 ./Project_Settings/Startup_Code/nvic.o
 .debug_macro   0x000327f3       0xf2 ./Project_Settings/Startup_Code/nvic.o
 .debug_macro   0x000328e5       0x5d ./Project_Settings/Startup_Code/nvic.o
 .debug_macro   0x00032942     0x7bf9 ./Project_Settings/Startup_Code/nvic.o
 .debug_macro   0x0003a53b      0xf35 ./Project_Settings/Startup_Code/nvic.o
 .debug_macro   0x0003b470       0xfe ./Project_Settings/Startup_Code/nvic.o
 .debug_macro   0x0003b56e      0x2c8 ./Project_Settings/Startup_Code/nvic.o
 .debug_macro   0x0003b836       0x78 ./Project_Settings/Startup_Code/nvic.o
 .debug_macro   0x0003b8ae       0xb2 ./Project_Settings/Startup_Code/nvic.o
 .debug_macro   0x0003b960      0x1cf ./Project_Settings/Startup_Code/nvic.o
 .debug_macro   0x0003bb2f      0x56e ./Project_Settings/Startup_Code/nvic.o
 .debug_macro   0x0003c09d      0x3f8 ./Project_Settings/Startup_Code/nvic.o
 .debug_macro   0x0003c495      0x338 ./Project_Settings/Startup_Code/nvic.o
 .debug_macro   0x0003c7cd      0x4c8 ./Project_Settings/Startup_Code/nvic.o
 .debug_macro   0x0003cc95      0xc87 ./Project_Settings/Startup_Code/nvic.o
 .debug_macro   0x0003d91c     0x1b52 ./Project_Settings/Startup_Code/nvic.o
 .debug_macro   0x0003f46e      0xcd9 ./Project_Settings/Startup_Code/nvic.o
 .debug_macro   0x00040147      0x136 ./Project_Settings/Startup_Code/nvic.o
 .debug_macro   0x0004027d      0x392 ./Project_Settings/Startup_Code/nvic.o
 .debug_macro   0x0004060f       0x2e ./Project_Settings/Startup_Code/nvic.o
 .debug_macro   0x0004063d       0xe8 ./Project_Settings/Startup_Code/startup.o
 .debug_macro   0x00040725      0x211 ./Project_Settings/Startup_Code/system.o
 .debug_macro   0x00040936      0x6b5 ./Project_Settings/Startup_Code/system.o
 .debug_macro   0x00040feb       0x50 ./Project_Settings/Startup_Code/system.o
 .debug_macro   0x0004103b       0x50 ./Project_Settings/Startup_Code/system.o
 .debug_macro   0x0004108b      0x498 ./RTD/src/Clock_Ip.o
 .debug_macro   0x00041523     0x108f ./RTD/src/Clock_Ip.o
 .debug_macro   0x000425b2      0x4b5 ./RTD/src/Clock_Ip.o
 .debug_macro   0x00042a67       0x85 ./RTD/src/Clock_Ip.o
 .debug_macro   0x00042aec       0x4d ./RTD/src/Clock_Ip.o
 .debug_macro   0x00042b39       0x50 ./RTD/src/Clock_Ip.o
 .debug_macro   0x00042b89       0x50 ./RTD/src/Clock_Ip.o
 .debug_macro   0x00042bd9       0x50 ./RTD/src/Clock_Ip.o
 .debug_macro   0x00042c29       0x50 ./RTD/src/Clock_Ip.o
 .debug_macro   0x00042c79       0x35 ./RTD/src/Clock_Ip.o
 .debug_macro   0x00042cae      0x21a ./RTD/src/Clock_Ip.o
 .debug_macro   0x00042ec8       0x50 ./RTD/src/Clock_Ip.o
 .debug_macro   0x00042f18       0x50 ./RTD/src/Clock_Ip.o
 .debug_macro   0x00042f68       0x50 ./RTD/src/Clock_Ip.o
 .debug_macro   0x00042fb8       0x50 ./RTD/src/Clock_Ip.o
 .debug_macro   0x00043008       0x50 ./RTD/src/Clock_Ip.o
 .debug_macro   0x00043058       0x50 ./RTD/src/Clock_Ip.o
 .debug_macro   0x000430a8       0xa5 ./RTD/src/Clock_Ip.o
 .debug_macro   0x0004314d       0x50 ./RTD/src/Clock_Ip.o
 .debug_macro   0x0004319d       0x50 ./RTD/src/Clock_Ip.o
 .debug_macro   0x000431ed       0x50 ./RTD/src/Clock_Ip.o
 .debug_macro   0x0004323d       0x50 ./RTD/src/Clock_Ip.o
 .debug_macro   0x0004328d       0x50 ./RTD/src/Clock_Ip.o
 .debug_macro   0x000432dd       0x50 ./RTD/src/Clock_Ip.o
 .debug_macro   0x0004332d       0x35 ./RTD/src/Clock_Ip.o
 .debug_macro   0x00043362       0x50 ./RTD/src/Clock_Ip.o
 .debug_macro   0x000433b2       0x50 ./RTD/src/Clock_Ip.o
 .debug_macro   0x00043402      0x91e ./RTD/src/Clock_Ip_Data.o
 .debug_macro   0x00043d20      0x446 ./RTD/src/Clock_Ip_Divider.o
 .debug_macro   0x00044166      0x43d ./RTD/src/Clock_Ip_DividerTrigger.o
 .debug_macro   0x000445a3      0x43f ./RTD/src/Clock_Ip_ExtOsc.o
 .debug_macro   0x000449e2      0x43d ./RTD/src/Clock_Ip_FracDiv.o
 .debug_macro   0x00044e1f      0x3d3 ./RTD/src/Clock_Ip_Frequency.o
 .debug_macro   0x000451f2      0x43f ./RTD/src/Clock_Ip_Gate.o
 .debug_macro   0x00045631      0x43f ./RTD/src/Clock_Ip_IntOsc.o
 .debug_macro   0x00045a70      0x3fb ./RTD/src/Clock_Ip_Irq.o
 .debug_macro   0x00045e6b      0x499 ./RTD/src/Clock_Ip_Monitor.o
 .debug_macro   0x00046304       0x34 ./RTD/src/Clock_Ip_Monitor.o
 .debug_macro   0x00046338       0x50 ./RTD/src/Clock_Ip_Monitor.o
 .debug_macro   0x00046388       0x10 ./RTD/src/Clock_Ip_Monitor.o
 .debug_macro   0x00046398       0x50 ./RTD/src/Clock_Ip_Monitor.o
 .debug_macro   0x000463e8      0x43f ./RTD/src/Clock_Ip_Pll.o
 .debug_macro   0x00046827      0x45d ./RTD/src/Clock_Ip_ProgFreqSwitch.o
 .debug_macro   0x00046c84      0x43f ./RTD/src/Clock_Ip_Selector.o
 .debug_macro   0x000470c3      0x4b1 ./RTD/src/Clock_Ip_Specific.o
 .debug_macro   0x00047574       0x50 ./RTD/src/Clock_Ip_Specific.o
 .debug_macro   0x000475c4       0x50 ./RTD/src/Clock_Ip_Specific.o
 .debug_macro   0x00047614       0x50 ./RTD/src/Clock_Ip_Specific.o
 .debug_macro   0x00047664       0x50 ./RTD/src/Clock_Ip_Specific.o
 .debug_macro   0x000476b4       0x50 ./RTD/src/Clock_Ip_Specific.o
 .debug_macro   0x00047704       0x50 ./RTD/src/Clock_Ip_Specific.o
 .debug_macro   0x00047754      0x271 ./RTD/src/Det.o
 .debug_macro   0x000479c5       0x40 ./RTD/src/Det.o
 .debug_macro   0x00047a05       0x50 ./RTD/src/Det.o
 .debug_macro   0x00047a55       0x50 ./RTD/src/Det.o
 .debug_macro   0x00047aa5       0x50 ./RTD/src/Det.o
 .debug_macro   0x00047af5       0x50 ./RTD/src/Det.o
 .debug_macro   0x00047b45       0x50 ./RTD/src/Det.o
 .debug_macro   0x00047b95       0x50 ./RTD/src/Det.o
 .debug_macro   0x00047be5      0x22a ./RTD/src/Det_stub.o
 .debug_macro   0x00047e0f      0x5e1 ./RTD/src/FlexCAN_Ip.o
 .debug_macro   0x000483f0     0x51ef ./RTD/src/FlexCAN_Ip.o
 .debug_macro   0x0004d5df       0x2e ./RTD/src/FlexCAN_Ip.o
 .debug_macro   0x0004d60d      0x12a ./RTD/src/FlexCAN_Ip.o
 .debug_macro   0x0004d737       0x46 ./RTD/src/FlexCAN_Ip.o
 .debug_macro   0x0004d77d      0x118 ./RTD/src/FlexCAN_Ip.o
 .debug_macro   0x0004d895       0x58 ./RTD/src/FlexCAN_Ip.o
 .debug_macro   0x0004d8ed       0xea ./RTD/src/FlexCAN_Ip.o
 .debug_macro   0x0004d9d7       0x50 ./RTD/src/FlexCAN_Ip.o
 .debug_macro   0x0004da27       0x50 ./RTD/src/FlexCAN_Ip.o
 .debug_macro   0x0004da77       0x43 ./RTD/src/FlexCAN_Ip.o
 .debug_macro   0x0004daba       0x50 ./RTD/src/FlexCAN_Ip.o
 .debug_macro   0x0004db0a       0x50 ./RTD/src/FlexCAN_Ip.o
 .debug_macro   0x0004db5a       0x50 ./RTD/src/FlexCAN_Ip.o
 .debug_macro   0x0004dbaa       0x50 ./RTD/src/FlexCAN_Ip.o
 .debug_macro   0x0004dbfa       0xba ./RTD/src/FlexCAN_Ip.o
 .debug_macro   0x0004dcb4       0x34 ./RTD/src/FlexCAN_Ip.o
 .debug_macro   0x0004dce8      0x272 ./RTD/src/FlexCAN_Ip.o
 .debug_macro   0x0004df5a       0x34 ./RTD/src/FlexCAN_Ip.o
 .debug_macro   0x0004df8e       0x11 ./RTD/src/FlexCAN_Ip.o
 .debug_macro   0x0004df9f       0x50 ./RTD/src/FlexCAN_Ip.o
 .debug_macro   0x0004dfef       0x50 ./RTD/src/FlexCAN_Ip.o
 .debug_macro   0x0004e03f      0x5db ./RTD/src/FlexCAN_Ip_HwAccess.o
 .debug_macro   0x0004e61a       0x50 ./RTD/src/FlexCAN_Ip_HwAccess.o
 .debug_macro   0x0004e66a       0x50 ./RTD/src/FlexCAN_Ip_HwAccess.o
 .debug_macro   0x0004e6ba      0x576 ./RTD/src/FlexCAN_Ip_Irq.o
 .debug_macro   0x0004ec30      0x259 ./RTD/src/IntCtrl_Ip.o
 .debug_macro   0x0004ee89       0x1c ./RTD/src/IntCtrl_Ip.o
 .debug_macro   0x0004eea5     0x1b4c ./RTD/src/IntCtrl_Ip.o
 .debug_macro   0x000509f1       0x76 ./RTD/src/IntCtrl_Ip.o
 .debug_macro   0x00050a67       0x1c ./RTD/src/IntCtrl_Ip.o
 .debug_macro   0x00050a83       0x22 ./RTD/src/IntCtrl_Ip.o
 .debug_macro   0x00050aa5       0x50 ./RTD/src/IntCtrl_Ip.o
 .debug_macro   0x00050af5       0x50 ./RTD/src/IntCtrl_Ip.o
 .debug_macro   0x00050b45       0x34 ./RTD/src/IntCtrl_Ip.o
 .debug_macro   0x00050b79       0x22 ./RTD/src/IntCtrl_Ip.o
 .debug_macro   0x00050b9b      0x158 ./RTD/src/OsIf_Interrupts.o
 .debug_macro   0x00050cf3      0x220 ./RTD/src/OsIf_Timer.o
 .debug_macro   0x00050f13       0x71 ./RTD/src/OsIf_Timer.o
 .debug_macro   0x00050f84      0x1b1 ./RTD/src/OsIf_Timer_System.o
 .debug_macro   0x00051135       0x3a ./RTD/src/OsIf_Timer_System.o
 .debug_macro   0x0005116f      0x192 ./RTD/src/OsIf_Timer_System_Internal_Systick.o
 .debug_macro   0x00051301       0x34 ./RTD/src/OsIf_Timer_System_Internal_Systick.o
 .debug_macro   0x00051335       0x3a ./RTD/src/OsIf_Timer_System_Internal_Systick.o
 .debug_macro   0x0005136f      0x22d ./RTD/src/SchM_Can.o
 .debug_macro   0x0005159c       0x50 ./RTD/src/SchM_Can.o
 .debug_macro   0x000515ec       0x50 ./RTD/src/SchM_Can.o
 .debug_macro   0x0005163c      0x22a ./RTD/src/SchM_Dio.o
 .debug_macro   0x00051866       0x34 ./RTD/src/SchM_Dio.o
 .debug_macro   0x0005189a       0x10 ./RTD/src/SchM_Dio.o
 .debug_macro   0x000518aa      0x22b ./RTD/src/SchM_Mcu.o
 .debug_macro   0x00051ad5      0x22f ./RTD/src/SchM_Port.o
 .debug_macro   0x00051d04       0x3a ./RTD/src/SchM_Port.o
 .debug_macro   0x00051d3e      0x247 ./RTD/src/Siul2_Dio_Ip.o
 .debug_macro   0x00051f85     0x7bf3 ./RTD/src/Siul2_Dio_Ip.o
 .debug_macro   0x00059b78       0x8e ./RTD/src/Siul2_Dio_Ip.o
 .debug_macro   0x00059c06       0x74 ./RTD/src/Siul2_Dio_Ip.o
 .debug_macro   0x00059c7a       0x50 ./RTD/src/Siul2_Dio_Ip.o
 .debug_macro   0x00059cca       0x50 ./RTD/src/Siul2_Dio_Ip.o
 .debug_macro   0x00059d1a       0x50 ./RTD/src/Siul2_Dio_Ip.o
 .debug_macro   0x00059d6a       0x50 ./RTD/src/Siul2_Dio_Ip.o
 .debug_macro   0x00059dba      0x2c7 ./RTD/src/Siul2_Port_Ip.o
 .debug_macro   0x0005a081       0xea ./RTD/src/Siul2_Port_Ip.o
 .debug_macro   0x0005a16b       0x3a ./RTD/src/Siul2_Port_Ip.o
 .debug_macro   0x0005a1a5       0x6a ./RTD/src/Siul2_Port_Ip.o
 .debug_macro   0x0005a20f       0x50 ./RTD/src/Siul2_Port_Ip.o
 .debug_macro   0x0005a25f       0x50 ./RTD/src/Siul2_Port_Ip.o
 .debug_macro   0x0005a2af       0x40 ./RTD/src/Siul2_Port_Ip.o
 .debug_macro   0x0005a2ef       0x97 ./RTD/src/Siul2_Port_Ip.o
 .debug_macro   0x0005a386       0x50 ./RTD/src/Siul2_Port_Ip.o
 .debug_macro   0x0005a3d6       0x50 ./RTD/src/Siul2_Port_Ip.o
 .debug_macro   0x0005a426      0x1ff ./RTD/src/Siul2_Port_Ip.o
 .debug_macro   0x0005a625       0x50 ./RTD/src/Siul2_Port_Ip.o
 .debug_macro   0x0005a675       0x50 ./RTD/src/Siul2_Port_Ip.o
 .debug_macro   0x0005a6c5       0x50 ./RTD/src/Siul2_Port_Ip.o
 .debug_macro   0x0005a715       0x50 ./RTD/src/Siul2_Port_Ip.o
 .debug_macro   0x0005a765       0x50 ./RTD/src/Siul2_Port_Ip.o
 .debug_macro   0x0005a7b5       0x50 ./RTD/src/Siul2_Port_Ip.o