C:/Users/acalg/OneDrive/Belgeler/github/S32EX/Matlab_Softwares/TJA1042_Loop_Example/TJA1042_Loop_Example_Config/RTD/src/Adc_Sar_Ip.c:1684:15:Adc_Sar_GetConvResults	120	static
C:/Users/acalg/OneDrive/Belgeler/github/S32EX/Matlab_Softwares/TJA1042_Loop_Example/TJA1042_Loop_Example_Config/RTD/src/Adc_Sar_Ip.c:2326:6:Adc_Sar_Ip_IRQHandler	88	static
C:/Users/acalg/OneDrive/Belgeler/github/S32EX/Matlab_Softwares/TJA1042_Loop_Example/TJA1042_Loop_Example_Config/RTD/src/Adc_Sar_Ip.c:2994:6:Adc_Sar_Ip_ChainConfig	0	static
C:/Users/acalg/OneDrive/Belgeler/github/S32EX/Matlab_Softwares/TJA1042_Loop_Example/TJA1042_Loop_Example_Config/RTD/src/Adc_Sar_Ip.c:3037:6:Adc_Sar_Ip_EnableChannel	24	static
C:/Users/acalg/OneDrive/Belgeler/github/S32EX/Matlab_Softwares/TJA1042_Loop_Example/TJA1042_Loop_Example_Config/RTD/src/Adc_Sar_Ip.c:3108:6:Adc_Sar_Ip_DisableChannel	24	static
C:/Users/acalg/OneDrive/Belgeler/github/S32EX/Matlab_Softwares/TJA1042_Loop_Example/TJA1042_Loop_Example_Config/RTD/src/Adc_Sar_Ip.c:3179:6:Adc_Sar_Ip_SetResolution	16	static
C:/Users/acalg/OneDrive/Belgeler/github/S32EX/Matlab_Softwares/TJA1042_Loop_Example/TJA1042_Loop_Example_Config/RTD/src/Adc_Sar_Ip.c:3239:6:Adc_Sar_Ip_StartConversion	16	static
C:/Users/acalg/OneDrive/Belgeler/github/S32EX/Matlab_Softwares/TJA1042_Loop_Example/TJA1042_Loop_Example_Config/RTD/src/Adc_Sar_Ip.c:3296:8:Adc_Sar_Ip_GetStatusFlags	4	static
C:/Users/acalg/OneDrive/Belgeler/github/S32EX/Matlab_Softwares/TJA1042_Loop_Example/TJA1042_Loop_Example_Config/RTD/src/Adc_Sar_Ip.c:3320:6:Adc_Sar_Ip_ClearStatusFlags	0	static
C:/Users/acalg/OneDrive/Belgeler/github/S32EX/Matlab_Softwares/TJA1042_Loop_Example/TJA1042_Loop_Example_Config/RTD/src/Adc_Sar_Ip.c:3659:8:Adc_Sar_Ip_GetConvDataToArray	16	static
C:/Users/acalg/OneDrive/Belgeler/github/S32EX/Matlab_Softwares/TJA1042_Loop_Example/TJA1042_Loop_Example_Config/RTD/src/Adc_Sar_Ip.c:3679:8:Adc_Sar_Ip_GetConvResultsToArray	16	static
C:/Users/acalg/OneDrive/Belgeler/github/S32EX/Matlab_Softwares/TJA1042_Loop_Example/TJA1042_Loop_Example_Config/RTD/src/Adc_Sar_Ip.c:3698:8:Adc_Sar_Ip_GetConvData	16	static
C:/Users/acalg/OneDrive/Belgeler/github/S32EX/Matlab_Softwares/TJA1042_Loop_Example/TJA1042_Loop_Example_Config/RTD/src/Adc_Sar_Ip.c:3767:6:Adc_Sar_Ip_GetConvResult	20	static
C:/Users/acalg/OneDrive/Belgeler/github/S32EX/Matlab_Softwares/TJA1042_Loop_Example/TJA1042_Loop_Example_Config/RTD/src/Adc_Sar_Ip.c:4023:23:Adc_Sar_Ip_Powerup	32	static
C:/Users/acalg/OneDrive/Belgeler/github/S32EX/Matlab_Softwares/TJA1042_Loop_Example/TJA1042_Loop_Example_Config/RTD/src/Adc_Sar_Ip.c:4125:23:Adc_Sar_Ip_Powerdown	32	static
C:/Users/acalg/OneDrive/Belgeler/github/S32EX/Matlab_Softwares/TJA1042_Loop_Example/TJA1042_Loop_Example_Config/RTD/src/Adc_Sar_Ip.c:3840:23:Adc_Sar_Ip_DoCalibration	40	static
C:/Users/acalg/OneDrive/Belgeler/github/S32EX/Matlab_Softwares/TJA1042_Loop_Example/TJA1042_Loop_Example_Config/RTD/src/Adc_Sar_Ip.c:4211:6:Adc_Sar_Ip_EnableNotifications	16	static
C:/Users/acalg/OneDrive/Belgeler/github/S32EX/Matlab_Softwares/TJA1042_Loop_Example/TJA1042_Loop_Example_Config/RTD/src/Adc_Sar_Ip.c:4277:6:Adc_Sar_Ip_DisableNotifications	16	static
C:/Users/acalg/OneDrive/Belgeler/github/S32EX/Matlab_Softwares/TJA1042_Loop_Example/TJA1042_Loop_Example_Config/RTD/src/Adc_Sar_Ip.c:4341:6:Adc_Sar_Ip_EnableChannelNotifications	16	static
C:/Users/acalg/OneDrive/Belgeler/github/S32EX/Matlab_Softwares/TJA1042_Loop_Example/TJA1042_Loop_Example_Config/RTD/src/Adc_Sar_Ip.c:4420:6:Adc_Sar_Ip_DisableChannelNotifications	16	static
C:/Users/acalg/OneDrive/Belgeler/github/S32EX/Matlab_Softwares/TJA1042_Loop_Example/TJA1042_Loop_Example_Config/RTD/src/Adc_Sar_Ip.c:4499:23:Adc_Sar_Ip_SetClockMode	32	static
C:/Users/acalg/OneDrive/Belgeler/github/S32EX/Matlab_Softwares/TJA1042_Loop_Example/TJA1042_Loop_Example_Config/RTD/src/Adc_Sar_Ip.c:4595:6:Adc_Sar_Ip_SetSampleTimes	4	static
C:/Users/acalg/OneDrive/Belgeler/github/S32EX/Matlab_Softwares/TJA1042_Loop_Example/TJA1042_Loop_Example_Config/RTD/src/Adc_Sar_Ip.c:4639:6:Adc_Sar_Ip_SetAveraging	16	static
C:/Users/acalg/OneDrive/Belgeler/github/S32EX/Matlab_Softwares/TJA1042_Loop_Example/TJA1042_Loop_Example_Config/RTD/src/Adc_Sar_Ip.c:4684:6:Adc_Sar_Ip_AbortConversion	8	static
C:/Users/acalg/OneDrive/Belgeler/github/S32EX/Matlab_Softwares/TJA1042_Loop_Example/TJA1042_Loop_Example_Config/RTD/src/Adc_Sar_Ip.c:4726:23:Adc_Sar_Ip_AbortChain	32	static
C:/Users/acalg/OneDrive/Belgeler/github/S32EX/Matlab_Softwares/TJA1042_Loop_Example/TJA1042_Loop_Example_Config/RTD/src/Adc_Sar_Ip.c:4832:6:Adc_Sar_Ip_SetPresamplingSource	16	static
C:/Users/acalg/OneDrive/Belgeler/github/S32EX/Matlab_Softwares/TJA1042_Loop_Example/TJA1042_Loop_Example_Config/RTD/src/Adc_Sar_Ip.c:4913:6:Adc_Sar_Ip_EnableChannelPresampling	16	static
C:/Users/acalg/OneDrive/Belgeler/github/S32EX/Matlab_Softwares/TJA1042_Loop_Example/TJA1042_Loop_Example_Config/RTD/src/Adc_Sar_Ip.c:4965:6:Adc_Sar_Ip_DisableChannelPresampling	16	static
C:/Users/acalg/OneDrive/Belgeler/github/S32EX/Matlab_Softwares/TJA1042_Loop_Example/TJA1042_Loop_Example_Config/RTD/src/Adc_Sar_Ip.c:5019:6:Adc_Sar_Ip_EnablePresampleConversion	8	static
C:/Users/acalg/OneDrive/Belgeler/github/S32EX/Matlab_Softwares/TJA1042_Loop_Example/TJA1042_Loop_Example_Config/RTD/src/Adc_Sar_Ip.c:5063:6:Adc_Sar_Ip_DisablePresampleConversion	8	static
C:/Users/acalg/OneDrive/Belgeler/github/S32EX/Matlab_Softwares/TJA1042_Loop_Example/TJA1042_Loop_Example_Config/RTD/src/Adc_Sar_Ip.c:5108:6:Adc_Sar_Ip_EnableDma	8	static
C:/Users/acalg/OneDrive/Belgeler/github/S32EX/Matlab_Softwares/TJA1042_Loop_Example/TJA1042_Loop_Example_Config/RTD/src/Adc_Sar_Ip.c:5144:6:Adc_Sar_Ip_DisableDma	8	static
C:/Users/acalg/OneDrive/Belgeler/github/S32EX/Matlab_Softwares/TJA1042_Loop_Example/TJA1042_Loop_Example_Config/RTD/src/Adc_Sar_Ip.c:5181:6:Adc_Sar_Ip_EnableChannelDma	16	static
C:/Users/acalg/OneDrive/Belgeler/github/S32EX/Matlab_Softwares/TJA1042_Loop_Example/TJA1042_Loop_Example_Config/RTD/src/Adc_Sar_Ip.c:5228:6:Adc_Sar_Ip_DisableChannelDma	16	static
C:/Users/acalg/OneDrive/Belgeler/github/S32EX/Matlab_Softwares/TJA1042_Loop_Example/TJA1042_Loop_Example_Config/RTD/src/Adc_Sar_Ip.c:5275:6:Adc_Sar_Ip_DisableChannelDmaAll	16	static
C:/Users/acalg/OneDrive/Belgeler/github/S32EX/Matlab_Softwares/TJA1042_Loop_Example/TJA1042_Loop_Example_Config/RTD/src/Adc_Sar_Ip.c:5318:6:Adc_Sar_Ip_SetDmaClearSource	16	static
C:/Users/acalg/OneDrive/Belgeler/github/S32EX/Matlab_Softwares/TJA1042_Loop_Example/TJA1042_Loop_Example_Config/RTD/src/Adc_Sar_Ip.c:5358:6:Adc_Sar_Ip_SetWdgThreshold	16	static
C:/Users/acalg/OneDrive/Belgeler/github/S32EX/Matlab_Softwares/TJA1042_Loop_Example/TJA1042_Loop_Example_Config/RTD/src/Adc_Sar_Ip.c:2587:23:Adc_Sar_Ip_Init	112	static
C:/Users/acalg/OneDrive/Belgeler/github/S32EX/Matlab_Softwares/TJA1042_Loop_Example/TJA1042_Loop_Example_Config/RTD/src/Adc_Sar_Ip.c:2820:23:Adc_Sar_Ip_Deinit	96	static
C:/Users/acalg/OneDrive/Belgeler/github/S32EX/Matlab_Softwares/TJA1042_Loop_Example/TJA1042_Loop_Example_Config/RTD/src/Adc_Sar_Ip.c:5453:6:Adc_Sar_Ip_SetConversionMode	16	static
C:/Users/acalg/OneDrive/Belgeler/github/S32EX/Matlab_Softwares/TJA1042_Loop_Example/TJA1042_Loop_Example_Config/RTD/src/Adc_Sar_Ip.c:5523:23:Adc_Sar_Ip_SetCtuMode	16	static
C:/Users/acalg/OneDrive/Belgeler/github/S32EX/Matlab_Softwares/TJA1042_Loop_Example/TJA1042_Loop_Example_Config/RTD/src/Adc_Sar_Ip.c:5664:6:Adc_Sar_Ip_SetUserGainAndOffset	4	static
C:/Users/acalg/OneDrive/Belgeler/github/S32EX/Matlab_Softwares/TJA1042_Loop_Example/TJA1042_Loop_Example_Config/RTD/src/Adc_Sar_Ip.c:5984:8:Adc_Sar_Ip_GetDataAddress	0	static
