C:/Users/acalg/OneDrive/Belgeler/github/S32EX/Matlab_Softwares/TJA1042_Loop_Example/TJA1042_Loop_Example_Config/RTD/src/Can_43_FLEXCAN.c:843:10:Can_43_FLEXCAN_GetVersionInfo	0	static
C:/Users/acalg/OneDrive/Belgeler/github/S32EX/Matlab_Softwares/TJA1042_Loop_Example/TJA1042_Loop_Example_Config/RTD/src/Can_43_FLEXCAN.c:891:6:Can_43_FLEXCAN_Init	16	static
C:/Users/acalg/OneDrive/Belgeler/github/S32EX/Matlab_Softwares/TJA1042_Loop_Example/TJA1042_Loop_Example_Config/RTD/src/Can_43_FLEXCAN.c:1000:6:Can_43_FLEXCAN_DeInit	16	static
C:/Users/acalg/OneDrive/Belgeler/github/S32EX/Matlab_Softwares/TJA1042_Loop_Example/TJA1042_Loop_Example_Config/RTD/src/Can_43_FLEXCAN.c:1077:20:Can_43_FLEXCAN_SetBaudrate	16	static
C:/Users/acalg/OneDrive/Belgeler/github/S32EX/Matlab_Softwares/TJA1042_Loop_Example/TJA1042_Loop_Example_Config/RTD/src/Can_43_FLEXCAN.c:1145:16:Can_43_FLEXCAN_SetControllerMode	24	static
C:/Users/acalg/OneDrive/Belgeler/github/S32EX/Matlab_Softwares/TJA1042_Loop_Example/TJA1042_Loop_Example_Config/RTD/src/Can_43_FLEXCAN.c:1396:6:Can_43_FLEXCAN_DisableControllerInterrupts	16	static
C:/Users/acalg/OneDrive/Belgeler/github/S32EX/Matlab_Softwares/TJA1042_Loop_Example/TJA1042_Loop_Example_Config/RTD/src/Can_43_FLEXCAN.c:1471:6:Can_43_FLEXCAN_EnableControllerInterrupts	16	static
C:/Users/acalg/OneDrive/Belgeler/github/S32EX/Matlab_Softwares/TJA1042_Loop_Example/TJA1042_Loop_Example_Config/RTD/src/Can_43_FLEXCAN.c:1615:16:Can_43_FLEXCAN_GetControllerErrorState	24	static
C:/Users/acalg/OneDrive/Belgeler/github/S32EX/Matlab_Softwares/TJA1042_Loop_Example/TJA1042_Loop_Example_Config/RTD/src/Can_43_FLEXCAN.c:1691:16:Can_43_FLEXCAN_GetControllerMode	8	static
C:/Users/acalg/OneDrive/Belgeler/github/S32EX/Matlab_Softwares/TJA1042_Loop_Example/TJA1042_Loop_Example_Config/RTD/src/Can_43_FLEXCAN.c:1784:16:Can_43_FLEXCAN_GetControllerRxErrorCounter	8	static
C:/Users/acalg/OneDrive/Belgeler/github/S32EX/Matlab_Softwares/TJA1042_Loop_Example/TJA1042_Loop_Example_Config/RTD/src/Can_43_FLEXCAN.c:1882:16:Can_43_FLEXCAN_GetControllerTxErrorCounter	8	static
C:/Users/acalg/OneDrive/Belgeler/github/S32EX/Matlab_Softwares/TJA1042_Loop_Example/TJA1042_Loop_Example_Config/RTD/src/Can_43_FLEXCAN.c:1993:16:Can_43_FLEXCAN_Write	16	static
C:/Users/acalg/OneDrive/Belgeler/github/S32EX/Matlab_Softwares/TJA1042_Loop_Example/TJA1042_Loop_Example_Config/RTD/src/Can_43_FLEXCAN.c:2083:10:Can_43_FLEXCAN_AbortMb	0	static
C:/Users/acalg/OneDrive/Belgeler/github/S32EX/Matlab_Softwares/TJA1042_Loop_Example/TJA1042_Loop_Example_Config/RTD/src/Can_43_FLEXCAN.c:2204:10:Can_43_FLEXCAN_MainFunction_Write	16	static
C:/Users/acalg/OneDrive/Belgeler/github/S32EX/Matlab_Softwares/TJA1042_Loop_Example/TJA1042_Loop_Example_Config/RTD/src/Can_43_FLEXCAN.c:2364:10:Can_43_FLEXCAN_MainFunction_Read	16	static
C:/Users/acalg/OneDrive/Belgeler/github/S32EX/Matlab_Softwares/TJA1042_Loop_Example/TJA1042_Loop_Example_Config/RTD/src/Can_43_FLEXCAN.c:2521:6:Can_43_FLEXCAN_MainFunction_BusOff	8	static
C:/Users/acalg/OneDrive/Belgeler/github/S32EX/Matlab_Softwares/TJA1042_Loop_Example/TJA1042_Loop_Example_Config/RTD/src/Can_43_FLEXCAN.c:2594:6:Can_43_FLEXCAN_MainFunction_Mode	8	static
C:/Users/acalg/OneDrive/Belgeler/github/S32EX/Matlab_Softwares/TJA1042_Loop_Example/TJA1042_Loop_Example_Config/RTD/src/Can_43_FLEXCAN.c:2995:6:Can_43_FLEXCAN_ProcessMesgBufferCommonInterrupt	4	static
C:/Users/acalg/OneDrive/Belgeler/github/S32EX/Matlab_Softwares/TJA1042_Loop_Example/TJA1042_Loop_Example_Config/RTD/src/Can_43_FLEXCAN.c:3028:6:Can_43_FLEXCAN_ProcessBusOffInterrupt	16	static
