C:/Users/acalg/OneDrive/Belgeler/github/S32EX/Matlab_Softwares/TJA1042_Loop_Example/TJA1042_Loop_Example_Config/RTD/src/Can_43_FLEXCAN_Ipw.c:1166:13:Can_Ipw_InitLegacyFifoFilter	1056	static
C:/Users/acalg/OneDrive/Belgeler/github/S32EX/Matlab_Softwares/TJA1042_Loop_Example/TJA1042_Loop_Example_Config/RTD/src/Can_43_FLEXCAN_Ipw.c:1317:17:Can_Ipw_InitEnhancedFifoFilter	1568	static
C:/Users/acalg/OneDrive/Belgeler/github/S32EX/Matlab_Softwares/TJA1042_Loop_Example/TJA1042_Loop_Example_Config/RTD/src/Can_43_FLEXCAN_Ipw.c:2511:13:Can_Ipw_InitRx	32	static
C:/Users/acalg/OneDrive/Belgeler/github/S32EX/Matlab_Softwares/TJA1042_Loop_Example/TJA1042_Loop_Example_Config/RTD/src/Can_43_FLEXCAN_Ipw.c:1089:13:Can_Ipw_ParseData	24	static
C:/Users/acalg/OneDrive/Belgeler/github/S32EX/Matlab_Softwares/TJA1042_Loop_Example/TJA1042_Loop_Example_Config/RTD/src/Can_43_FLEXCAN_Ipw.c:1993:16:Can_43_FLEXCAN_Ipw_Init	24	static
C:/Users/acalg/OneDrive/Belgeler/github/S32EX/Matlab_Softwares/TJA1042_Loop_Example/TJA1042_Loop_Example_Config/RTD/src/Can_43_FLEXCAN_Ipw.c:2096:6:Can_43_FLEXCAN_Ipw_DeInit	0	static
C:/Users/acalg/OneDrive/Belgeler/github/S32EX/Matlab_Softwares/TJA1042_Loop_Example/TJA1042_Loop_Example_Config/RTD/src/Can_43_FLEXCAN_Ipw.c:2106:20:Can_43_FLEXCAN_Ipw_SetBaudrate	48	static
C:/Users/acalg/OneDrive/Belgeler/github/S32EX/Matlab_Softwares/TJA1042_Loop_Example/TJA1042_Loop_Example_Config/RTD/src/Can_43_FLEXCAN_Ipw.c:2206:16:Can_43_FLEXCAN_Ipw_SetControllerToStartMode	48	static
C:/Users/acalg/OneDrive/Belgeler/github/S32EX/Matlab_Softwares/TJA1042_Loop_Example/TJA1042_Loop_Example_Config/RTD/src/Can_43_FLEXCAN_Ipw.c:2300:16:Can_43_FLEXCAN_Ipw_SetControllerToStopMode	24	static
C:/Users/acalg/OneDrive/Belgeler/github/S32EX/Matlab_Softwares/TJA1042_Loop_Example/TJA1042_Loop_Example_Config/RTD/src/Can_43_FLEXCAN_Ipw.c:2362:6:Can_43_FLEXCAN_Ipw_DisableControllerInterrupts	16	static
C:/Users/acalg/OneDrive/Belgeler/github/S32EX/Matlab_Softwares/TJA1042_Loop_Example/TJA1042_Loop_Example_Config/RTD/src/Can_43_FLEXCAN_Ipw.c:2384:6:Can_43_FLEXCAN_Ipw_EnableControllerInterrupts	16	static
C:/Users/acalg/OneDrive/Belgeler/github/S32EX/Matlab_Softwares/TJA1042_Loop_Example/TJA1042_Loop_Example_Config/RTD/src/Can_43_FLEXCAN_Ipw.c:2411:16:Can_43_FLEXCAN_Ipw_GetControllerErrorState	8	static
C:/Users/acalg/OneDrive/Belgeler/github/S32EX/Matlab_Softwares/TJA1042_Loop_Example/TJA1042_Loop_Example_Config/RTD/src/Can_43_FLEXCAN_Ipw.c:2424:16:Can_43_FLEXCAN_Ipw_GetControllerTxErrorCounter	8	static
C:/Users/acalg/OneDrive/Belgeler/github/S32EX/Matlab_Softwares/TJA1042_Loop_Example/TJA1042_Loop_Example_Config/RTD/src/Can_43_FLEXCAN_Ipw.c:2433:16:Can_43_FLEXCAN_Ipw_GetControllerRxErrorCounter	8	static
C:/Users/acalg/OneDrive/Belgeler/github/S32EX/Matlab_Softwares/TJA1042_Loop_Example/TJA1042_Loop_Example_Config/RTD/src/Can_43_FLEXCAN_Ipw.c:2443:16:Can_43_FLEXCAN_Ipw_Write	48	static
C:/Users/acalg/OneDrive/Belgeler/github/S32EX/Matlab_Softwares/TJA1042_Loop_Example/TJA1042_Loop_Example_Config/RTD/src/Can_43_FLEXCAN_Ipw.c:2560:10:Can_43_FLEXCAN_Ipw_AbortMb	16	static
C:/Users/acalg/OneDrive/Belgeler/github/S32EX/Matlab_Softwares/TJA1042_Loop_Example/TJA1042_Loop_Example_Config/RTD/src/Can_43_FLEXCAN_Ipw.c:2635:10:Can_43_FLEXCAN_Ipw_MainFunction_Write	32	static
C:/Users/acalg/OneDrive/Belgeler/github/S32EX/Matlab_Softwares/TJA1042_Loop_Example/TJA1042_Loop_Example_Config/RTD/src/Can_43_FLEXCAN_Ipw.c:2663:10:Can_43_FLEXCAN_Ipw_MainFunction_Read	136	static
C:/Users/acalg/OneDrive/Belgeler/github/S32EX/Matlab_Softwares/TJA1042_Loop_Example/TJA1042_Loop_Example_Config/RTD/src/Can_43_FLEXCAN_Ipw.c:2727:10:Can_43_FLEXCAN_Ipw_MainFunction_BusOff	0	static
C:/Users/acalg/OneDrive/Belgeler/github/S32EX/Matlab_Softwares/TJA1042_Loop_Example/TJA1042_Loop_Example_Config/RTD/src/Can_43_FLEXCAN_Ipw.c:2736:6:Can_43_FLEXCAN_Ipw_MainFunction_Mode	16	static
C:/Users/acalg/OneDrive/Belgeler/github/S32EX/Matlab_Softwares/TJA1042_Loop_Example/TJA1042_Loop_Example_Config/RTD/src/Can_43_FLEXCAN_Ipw.c:2770:10:Can_43_FLEXCAN_Ipw_ProcessHwObject	48	static
