C:/Users/acalg/OneDrive/Belgeler/github/S32EX/Matlab_Softwares/TJA1042_Loop_Example/TJA1042_Loop_Example_Config/RTD/src/Clock_Ip_Pll.c:176:13:Clock_Ip_CallbackPllEmpty	0	static
C:/Users/acalg/OneDrive/Belgeler/github/S32EX/Matlab_Softwares/TJA1042_Loop_Example/TJA1042_Loop_Example_Config/RTD/src/Clock_Ip_Pll.c:181:37:Clock_Ip_CallbackPllEmptyComplete	0	static
C:/Users/acalg/OneDrive/Belgeler/github/S32EX/Matlab_Softwares/TJA1042_Loop_Example/TJA1042_Loop_Example_Config/RTD/src/Clock_Ip_Pll.c:187:13:Clock_Ip_CallbackPllEmptyDisable	0	static
C:/Users/acalg/OneDrive/Belgeler/github/S32EX/Matlab_Softwares/TJA1042_Loop_Example/TJA1042_Loop_Example_Config/RTD/src/Clock_Ip_Pll.c:202:13:Clock_Ip_ResetPllRdivMfiMfnOdiv2SdmenSsscgbypSpreadctlStepnoStepsize	8	static
C:/Users/acalg/OneDrive/Belgeler/github/S32EX/Matlab_Softwares/TJA1042_Loop_Example/TJA1042_Loop_Example_Config/RTD/src/Clock_Ip_Pll.c:225:13:Clock_Ip_SetPllRdivMfiMfnOdiv2SdmenSsscgbypSpreadctlStepnoStepsize	8	static
C:/Users/acalg/OneDrive/Belgeler/github/S32EX/Matlab_Softwares/TJA1042_Loop_Example/TJA1042_Loop_Example_Config/RTD/src/Clock_Ip_Pll.c:330:13:Clock_Ip_EnablePllRdivMfiMfnOdiv2SdmenSsscgbypSpreadctlStepnoStepsize	0	static
C:/Users/acalg/OneDrive/Belgeler/github/S32EX/Matlab_Softwares/TJA1042_Loop_Example/TJA1042_Loop_Example_Config/RTD/src/Clock_Ip_Pll.c:294:37:Clock_Ip_CompletePllRdivMfiMfnOdiv2SdmenSsscgbypSpreadctlStepnoStepsize	40	static
