C:/Users/acalg/OneDrive/Belgeler/github/S32EX/Matlab_Softwares/TJA1042_Loop_Example/TJA1042_Loop_Example_Config/RTD/src/Clock_Ip_Selector.c:198:13:Clock_Ip_CallbackSelectorEmpty	0	static
C:/Users/acalg/OneDrive/Belgeler/github/S32EX/Matlab_Softwares/TJA1042_Loop_Example/TJA1042_Loop_Example_Config/RTD/src/Clock_Ip_Selector.c:206:13:Clock_Ip_ResetCgmXCscCssClkswSwip	4	static
C:/Users/acalg/OneDrive/Belgeler/github/S32EX/Matlab_Softwares/TJA1042_Loop_Example/TJA1042_Loop_Example_Config/RTD/src/Clock_Ip_Selector.c:364:13:Clock_Ip_SetCgmXCscCssClkswRampupRampdownSwip	40	static
C:/Users/acalg/OneDrive/Belgeler/github/S32EX/Matlab_Softwares/TJA1042_Loop_Example/TJA1042_Loop_Example_Config/RTD/src/Clock_Ip_Selector.c:231:13:Clock_Ip_SetCgmXCscCssClkswSwip	40	static
C:/Users/acalg/OneDrive/Belgeler/github/S32EX/Matlab_Softwares/TJA1042_Loop_Example/TJA1042_Loop_Example_Config/RTD/src/Clock_Ip_Selector.c:538:13:Clock_Ip_SetCgmXCscCssCsGrip	40	static
C:/Users/acalg/OneDrive/Belgeler/github/S32EX/Matlab_Softwares/TJA1042_Loop_Example/TJA1042_Loop_Example_Config/RTD/src/Clock_Ip_Selector.c:473:13:Clock_Ip_ResetCgmXCscCssCsGrip	40	static
C:/Users/acalg/OneDrive/Belgeler/github/S32EX/Matlab_Softwares/TJA1042_Loop_Example/TJA1042_Loop_Example_Config/RTD/src/Clock_Ip_Selector.c:621:13:Clock_Ip_SetRtcRtccClksel	0	static
C:/Users/acalg/OneDrive/Belgeler/github/S32EX/Matlab_Softwares/TJA1042_Loop_Example/TJA1042_Loop_Example_Config/RTD/src/Clock_Ip_Selector.c:338:13:Clock_Ip_ResetCgmXCscCssClkswRampupRampdownSwip	4	static
C:/Users/acalg/OneDrive/Belgeler/github/S32EX/Matlab_Softwares/TJA1042_Loop_Example/TJA1042_Loop_Example_Config/RTD/src/Clock_Ip_Selector.c:662:6:Clock_Ip_SetRtcRtccClksel_TrustedCall	0	static
