C:/Users/acalg/OneDrive/Belgeler/github/S32EX/Matlab_Softwares/TJA1042_Loop_Example/TJA1042_Loop_Example_Config/RTD/src/Clock_Ip_Frequency.c:1824:15:Clock_Ip_Get_Zero_Frequency	0	static
C:/Users/acalg/OneDrive/Belgeler/github/S32EX/Matlab_Softwares/TJA1042_Loop_Example/TJA1042_Loop_Example_Config/RTD/src/Clock_Ip_Frequency.c:1829:15:Clock_Ip_Get_FIRC_CLK_Frequency	8	static
C:/Users/acalg/OneDrive/Belgeler/github/S32EX/Matlab_Softwares/TJA1042_Loop_Example/TJA1042_Loop_Example_Config/RTD/src/Clock_Ip_Frequency.c:1839:15:Clock_Ip_Get_FIRC_STANDBY_CLK_Frequency	8	static
C:/Users/acalg/OneDrive/Belgeler/github/S32EX/Matlab_Softwares/TJA1042_Loop_Example/TJA1042_Loop_Example_Config/RTD/src/Clock_Ip_Frequency.c:1846:15:Clock_Ip_Get_SIRC_CLK_Frequency	0	static
C:/Users/acalg/OneDrive/Belgeler/github/S32EX/Matlab_Softwares/TJA1042_Loop_Example/TJA1042_Loop_Example_Config/RTD/src/Clock_Ip_Frequency.c:1850:15:Clock_Ip_Get_SIRC_STANDBY_CLK_Frequency	0	static
C:/Users/acalg/OneDrive/Belgeler/github/S32EX/Matlab_Softwares/TJA1042_Loop_Example/TJA1042_Loop_Example_Config/RTD/src/Clock_Ip_Frequency.c:1857:15:Clock_Ip_Get_FXOSC_CLK_Frequency	0	static
C:/Users/acalg/OneDrive/Belgeler/github/S32EX/Matlab_Softwares/TJA1042_Loop_Example/TJA1042_Loop_Example_Config/RTD/src/Clock_Ip_Frequency.c:1869:15:Clock_Ip_Get_SXOSC_CLK_Frequency	0	static
C:/Users/acalg/OneDrive/Belgeler/github/S32EX/Matlab_Softwares/TJA1042_Loop_Example/TJA1042_Loop_Example_Config/RTD/src/Clock_Ip_Frequency.c:1990:15:Clock_Ip_Get_emac_mii_rx_Frequency	0	static
C:/Users/acalg/OneDrive/Belgeler/github/S32EX/Matlab_Softwares/TJA1042_Loop_Example/TJA1042_Loop_Example_Config/RTD/src/Clock_Ip_Frequency.c:1996:15:Clock_Ip_Get_emac_mii_rmii_tx_Frequency	0	static
C:/Users/acalg/OneDrive/Belgeler/github/S32EX/Matlab_Softwares/TJA1042_Loop_Example/TJA1042_Loop_Example_Config/RTD/src/Clock_Ip_Frequency.c:2135:15:Clock_Ip_Get_CLKOUT_RUN_CLK_Frequency	16	static
C:/Users/acalg/OneDrive/Belgeler/github/S32EX/Matlab_Softwares/TJA1042_Loop_Example/TJA1042_Loop_Example_Config/RTD/src/Clock_Ip_Frequency.c:2287:15:Clock_Ip_Get_CLKOUT_STANDBY_CLK_Frequency	16	static
C:/Users/acalg/OneDrive/Belgeler/github/S32EX/Matlab_Softwares/TJA1042_Loop_Example/TJA1042_Loop_Example_Config/RTD/src/Clock_Ip_Frequency.c:3073:15:Clock_Ip_Get_EMAC_RX_CLK_Frequency	16	static
C:/Users/acalg/OneDrive/Belgeler/github/S32EX/Matlab_Softwares/TJA1042_Loop_Example/TJA1042_Loop_Example_Config/RTD/src/Clock_Ip_Frequency.c:3083:15:Clock_Ip_Get_EMAC0_RX_CLK_Frequency	8	static
C:/Users/acalg/OneDrive/Belgeler/github/S32EX/Matlab_Softwares/TJA1042_Loop_Example/TJA1042_Loop_Example_Config/RTD/src/Clock_Ip_Frequency.c:3092:15:Clock_Ip_Get_EMAC_TS_CLK_Frequency	16	static
C:/Users/acalg/OneDrive/Belgeler/github/S32EX/Matlab_Softwares/TJA1042_Loop_Example/TJA1042_Loop_Example_Config/RTD/src/Clock_Ip_Frequency.c:3102:15:Clock_Ip_Get_EMAC0_TS_CLK_Frequency	8	static
C:/Users/acalg/OneDrive/Belgeler/github/S32EX/Matlab_Softwares/TJA1042_Loop_Example/TJA1042_Loop_Example_Config/RTD/src/Clock_Ip_Frequency.c:3111:15:Clock_Ip_Get_EMAC_TX_CLK_Frequency	16	static
C:/Users/acalg/OneDrive/Belgeler/github/S32EX/Matlab_Softwares/TJA1042_Loop_Example/TJA1042_Loop_Example_Config/RTD/src/Clock_Ip_Frequency.c:3121:15:Clock_Ip_Get_EMAC0_TX_CLK_Frequency	8	static
C:/Users/acalg/OneDrive/Belgeler/github/S32EX/Matlab_Softwares/TJA1042_Loop_Example/TJA1042_Loop_Example_Config/RTD/src/Clock_Ip_Frequency.c:3270:15:Clock_Ip_Get_FLEXCANA_CLK_Frequency	16	static
C:/Users/acalg/OneDrive/Belgeler/github/S32EX/Matlab_Softwares/TJA1042_Loop_Example/TJA1042_Loop_Example_Config/RTD/src/Clock_Ip_Frequency.c:3278:15:Clock_Ip_Get_FLEXCAN0_CLK_Frequency	8	static
C:/Users/acalg/OneDrive/Belgeler/github/S32EX/Matlab_Softwares/TJA1042_Loop_Example/TJA1042_Loop_Example_Config/RTD/src/Clock_Ip_Frequency.c:3285:15:Clock_Ip_Get_FLEXCAN1_CLK_Frequency	8	static
C:/Users/acalg/OneDrive/Belgeler/github/S32EX/Matlab_Softwares/TJA1042_Loop_Example/TJA1042_Loop_Example_Config/RTD/src/Clock_Ip_Frequency.c:3292:15:Clock_Ip_Get_FLEXCAN2_CLK_Frequency	8	static
C:/Users/acalg/OneDrive/Belgeler/github/S32EX/Matlab_Softwares/TJA1042_Loop_Example/TJA1042_Loop_Example_Config/RTD/src/Clock_Ip_Frequency.c:3300:15:Clock_Ip_Get_FLEXCANB_CLK_Frequency	16	static
C:/Users/acalg/OneDrive/Belgeler/github/S32EX/Matlab_Softwares/TJA1042_Loop_Example/TJA1042_Loop_Example_Config/RTD/src/Clock_Ip_Frequency.c:3310:15:Clock_Ip_Get_FLEXCAN3_CLK_Frequency	8	static
C:/Users/acalg/OneDrive/Belgeler/github/S32EX/Matlab_Softwares/TJA1042_Loop_Example/TJA1042_Loop_Example_Config/RTD/src/Clock_Ip_Frequency.c:3319:15:Clock_Ip_Get_FLEXCAN4_CLK_Frequency	8	static
C:/Users/acalg/OneDrive/Belgeler/github/S32EX/Matlab_Softwares/TJA1042_Loop_Example/TJA1042_Loop_Example_Config/RTD/src/Clock_Ip_Frequency.c:3328:15:Clock_Ip_Get_FLEXCAN5_CLK_Frequency	8	static
C:/Users/acalg/OneDrive/Belgeler/github/S32EX/Matlab_Softwares/TJA1042_Loop_Example/TJA1042_Loop_Example_Config/RTD/src/Clock_Ip_Frequency.c:3848:15:Clock_Ip_Get_QSPI_SFCK_CLK_Frequency	16	static
C:/Users/acalg/OneDrive/Belgeler/github/S32EX/Matlab_Softwares/TJA1042_Loop_Example/TJA1042_Loop_Example_Config/RTD/src/Clock_Ip_Frequency.c:3815:15:Clock_Ip_Get_QSPI0_CLK_Frequency	8	static
C:/Users/acalg/OneDrive/Belgeler/github/S32EX/Matlab_Softwares/TJA1042_Loop_Example/TJA1042_Loop_Example_Config/RTD/src/Clock_Ip_Frequency.c:4037:15:Clock_Ip_Get_STMA_CLK_Frequency	16	static
C:/Users/acalg/OneDrive/Belgeler/github/S32EX/Matlab_Softwares/TJA1042_Loop_Example/TJA1042_Loop_Example_Config/RTD/src/Clock_Ip_Frequency.c:4045:15:Clock_Ip_Get_STM0_CLK_Frequency	8	static
C:/Users/acalg/OneDrive/Belgeler/github/S32EX/Matlab_Softwares/TJA1042_Loop_Example/TJA1042_Loop_Example_Config/RTD/src/Clock_Ip_Frequency.c:4053:15:Clock_Ip_Get_STMB_CLK_Frequency	16	static
C:/Users/acalg/OneDrive/Belgeler/github/S32EX/Matlab_Softwares/TJA1042_Loop_Example/TJA1042_Loop_Example_Config/RTD/src/Clock_Ip_Frequency.c:4063:15:Clock_Ip_Get_STM1_CLK_Frequency	8	static
C:/Users/acalg/OneDrive/Belgeler/github/S32EX/Matlab_Softwares/TJA1042_Loop_Example/TJA1042_Loop_Example_Config/RTD/src/Clock_Ip_Frequency.c:4258:15:Clock_Ip_Get_SWT0_CLK_Frequency	0	static
C:/Users/acalg/OneDrive/Belgeler/github/S32EX/Matlab_Softwares/TJA1042_Loop_Example/TJA1042_Loop_Example_Config/RTD/src/Clock_Ip_Frequency.c:4299:15:Clock_Ip_Get_TRACE_CLK_Frequency	16	static
C:/Users/acalg/OneDrive/Belgeler/github/S32EX/Matlab_Softwares/TJA1042_Loop_Example/TJA1042_Loop_Example_Config/RTD/src/Clock_Ip_Frequency.c:3860:15:Clock_Ip_Get_RTC_CLK_Frequency	8	static
C:/Users/acalg/OneDrive/Belgeler/github/S32EX/Matlab_Softwares/TJA1042_Loop_Example/TJA1042_Loop_Example_Config/RTD/src/Clock_Ip_Frequency.c:3881:15:Clock_Ip_Get_RTC0_CLK_Frequency	8	static
C:/Users/acalg/OneDrive/Belgeler/github/S32EX/Matlab_Softwares/TJA1042_Loop_Example/TJA1042_Loop_Example_Config/RTD/src/Clock_Ip_Frequency.c:4431:15:Clock_Ip_PLL_VCO.constprop	64	static
C:/Users/acalg/OneDrive/Belgeler/github/S32EX/Matlab_Softwares/TJA1042_Loop_Example/TJA1042_Loop_Example_Config/RTD/src/Clock_Ip_Frequency.c:1881:15:Clock_Ip_Get_PLL_CLK_Frequency	8	static
C:/Users/acalg/OneDrive/Belgeler/github/S32EX/Matlab_Softwares/TJA1042_Loop_Example/TJA1042_Loop_Example_Config/RTD/src/Clock_Ip_Frequency.c:1943:15:Clock_Ip_Get_PLL_PHI0_Frequency	8	static
C:/Users/acalg/OneDrive/Belgeler/github/S32EX/Matlab_Softwares/TJA1042_Loop_Example/TJA1042_Loop_Example_Config/RTD/src/Clock_Ip_Frequency.c:2049:15:Clock_Ip_Get_SCS_CLK_Frequency	8	static
C:/Users/acalg/OneDrive/Belgeler/github/S32EX/Matlab_Softwares/TJA1042_Loop_Example/TJA1042_Loop_Example_Config/RTD/src/Clock_Ip_Frequency.c:1951:15:Clock_Ip_Get_PLL_PHI1_Frequency	8	static
C:/Users/acalg/OneDrive/Belgeler/github/S32EX/Matlab_Softwares/TJA1042_Loop_Example/TJA1042_Loop_Example_Config/RTD/src/Clock_Ip_Frequency.c:1911:15:Clock_Ip_Get_PLL_POSTDIV_CLK_Frequency	16	static
C:/Users/acalg/OneDrive/Belgeler/github/S32EX/Matlab_Softwares/TJA1042_Loop_Example/TJA1042_Loop_Example_Config/RTD/src/Clock_Ip_Frequency.c:2073:15:Clock_Ip_Get_AIPS_PLAT_CLK_Frequency	8	static
C:/Users/acalg/OneDrive/Belgeler/github/S32EX/Matlab_Softwares/TJA1042_Loop_Example/TJA1042_Loop_Example_Config/RTD/src/Clock_Ip_Frequency.c:3952:15:Clock_Ip_Get_SEMA42_CLK_Frequency	8	static
C:/Users/acalg/OneDrive/Belgeler/github/S32EX/Matlab_Softwares/TJA1042_Loop_Example/TJA1042_Loop_Example_Config/RTD/src/Clock_Ip_Frequency.c:3693:15:Clock_Ip_Get_MSCM_CLK_Frequency	8	static
C:/Users/acalg/OneDrive/Belgeler/github/S32EX/Matlab_Softwares/TJA1042_Loop_Example/TJA1042_Loop_Example_Config/RTD/src/Clock_Ip_Frequency.c:3585:15:Clock_Ip_Get_LPUART8_CLK_Frequency	8	static
C:/Users/acalg/OneDrive/Belgeler/github/S32EX/Matlab_Softwares/TJA1042_Loop_Example/TJA1042_Loop_Example_Config/RTD/src/Clock_Ip_Frequency.c:3490:15:Clock_Ip_Get_LPUART0_CLK_Frequency	8	static
C:/Users/acalg/OneDrive/Belgeler/github/S32EX/Matlab_Softwares/TJA1042_Loop_Example/TJA1042_Loop_Example_Config/RTD/src/Clock_Ip_Frequency.c:3444:15:Clock_Ip_Get_LPSPI0_CLK_Frequency	8	static
C:/Users/acalg/OneDrive/Belgeler/github/S32EX/Matlab_Softwares/TJA1042_Loop_Example/TJA1042_Loop_Example_Config/RTD/src/Clock_Ip_Frequency.c:3397:15:Clock_Ip_Get_INTM_CLK_Frequency	8	static
C:/Users/acalg/OneDrive/Belgeler/github/S32EX/Matlab_Softwares/TJA1042_Loop_Example/TJA1042_Loop_Example_Config/RTD/src/Clock_Ip_Frequency.c:3010:15:Clock_Ip_Get_EIM_CLK_Frequency	8	static
C:/Users/acalg/OneDrive/Belgeler/github/S32EX/Matlab_Softwares/TJA1042_Loop_Example/TJA1042_Loop_Example_Config/RTD/src/Clock_Ip_Frequency.c:2371:15:Clock_Ip_Get_CRC0_CLK_Frequency	8	static
C:/Users/acalg/OneDrive/Belgeler/github/S32EX/Matlab_Softwares/TJA1042_Loop_Example/TJA1042_Loop_Example_Config/RTD/src/Clock_Ip_Frequency.c:2065:15:Clock_Ip_Get_CORE_CLK_Frequency	8	static
C:/Users/acalg/OneDrive/Belgeler/github/S32EX/Matlab_Softwares/TJA1042_Loop_Example/TJA1042_Loop_Example_Config/RTD/src/Clock_Ip_Frequency.c:4292:15:Clock_Ip_Get_TEMPSENSE_CLK_Frequency	8	static
C:/Users/acalg/OneDrive/Belgeler/github/S32EX/Matlab_Softwares/TJA1042_Loop_Example/TJA1042_Loop_Example_Config/RTD/src/Clock_Ip_Frequency.c:3411:15:Clock_Ip_Get_LCU1_CLK_Frequency	8	static
C:/Users/acalg/OneDrive/Belgeler/github/S32EX/Matlab_Softwares/TJA1042_Loop_Example/TJA1042_Loop_Example_Config/RTD/src/Clock_Ip_Frequency.c:3404:15:Clock_Ip_Get_LCU0_CLK_Frequency	8	static
C:/Users/acalg/OneDrive/Belgeler/github/S32EX/Matlab_Softwares/TJA1042_Loop_Example/TJA1042_Loop_Example_Config/RTD/src/Clock_Ip_Frequency.c:3354:15:Clock_Ip_Get_FLEXIO0_CLK_Frequency	8	static
C:/Users/acalg/OneDrive/Belgeler/github/S32EX/Matlab_Softwares/TJA1042_Loop_Example/TJA1042_Loop_Example_Config/RTD/src/Clock_Ip_Frequency.c:3156:15:Clock_Ip_Get_EMIOS2_CLK_Frequency	8	static
C:/Users/acalg/OneDrive/Belgeler/github/S32EX/Matlab_Softwares/TJA1042_Loop_Example/TJA1042_Loop_Example_Config/RTD/src/Clock_Ip_Frequency.c:3147:15:Clock_Ip_Get_EMIOS1_CLK_Frequency	8	static
C:/Users/acalg/OneDrive/Belgeler/github/S32EX/Matlab_Softwares/TJA1042_Loop_Example/TJA1042_Loop_Example_Config/RTD/src/Clock_Ip_Frequency.c:3139:15:Clock_Ip_Get_EMIOS0_CLK_Frequency	8	static
C:/Users/acalg/OneDrive/Belgeler/github/S32EX/Matlab_Softwares/TJA1042_Loop_Example/TJA1042_Loop_Example_Config/RTD/src/Clock_Ip_Frequency.c:2686:15:Clock_Ip_Get_EDMA0_TCD31_CLK_Frequency	8	static
C:/Users/acalg/OneDrive/Belgeler/github/S32EX/Matlab_Softwares/TJA1042_Loop_Example/TJA1042_Loop_Example_Config/RTD/src/Clock_Ip_Frequency.c:2677:15:Clock_Ip_Get_EDMA0_TCD30_CLK_Frequency	8	static
C:/Users/acalg/OneDrive/Belgeler/github/S32EX/Matlab_Softwares/TJA1042_Loop_Example/TJA1042_Loop_Example_Config/RTD/src/Clock_Ip_Frequency.c:2668:15:Clock_Ip_Get_EDMA0_TCD29_CLK_Frequency	8	static
C:/Users/acalg/OneDrive/Belgeler/github/S32EX/Matlab_Softwares/TJA1042_Loop_Example/TJA1042_Loop_Example_Config/RTD/src/Clock_Ip_Frequency.c:2659:15:Clock_Ip_Get_EDMA0_TCD28_CLK_Frequency	8	static
C:/Users/acalg/OneDrive/Belgeler/github/S32EX/Matlab_Softwares/TJA1042_Loop_Example/TJA1042_Loop_Example_Config/RTD/src/Clock_Ip_Frequency.c:2650:15:Clock_Ip_Get_EDMA0_TCD27_CLK_Frequency	8	static
C:/Users/acalg/OneDrive/Belgeler/github/S32EX/Matlab_Softwares/TJA1042_Loop_Example/TJA1042_Loop_Example_Config/RTD/src/Clock_Ip_Frequency.c:2641:15:Clock_Ip_Get_EDMA0_TCD26_CLK_Frequency	8	static
C:/Users/acalg/OneDrive/Belgeler/github/S32EX/Matlab_Softwares/TJA1042_Loop_Example/TJA1042_Loop_Example_Config/RTD/src/Clock_Ip_Frequency.c:2632:15:Clock_Ip_Get_EDMA0_TCD25_CLK_Frequency	8	static
C:/Users/acalg/OneDrive/Belgeler/github/S32EX/Matlab_Softwares/TJA1042_Loop_Example/TJA1042_Loop_Example_Config/RTD/src/Clock_Ip_Frequency.c:2623:15:Clock_Ip_Get_EDMA0_TCD24_CLK_Frequency	8	static
C:/Users/acalg/OneDrive/Belgeler/github/S32EX/Matlab_Softwares/TJA1042_Loop_Example/TJA1042_Loop_Example_Config/RTD/src/Clock_Ip_Frequency.c:2614:15:Clock_Ip_Get_EDMA0_TCD23_CLK_Frequency	8	static
C:/Users/acalg/OneDrive/Belgeler/github/S32EX/Matlab_Softwares/TJA1042_Loop_Example/TJA1042_Loop_Example_Config/RTD/src/Clock_Ip_Frequency.c:2605:15:Clock_Ip_Get_EDMA0_TCD22_CLK_Frequency	8	static
C:/Users/acalg/OneDrive/Belgeler/github/S32EX/Matlab_Softwares/TJA1042_Loop_Example/TJA1042_Loop_Example_Config/RTD/src/Clock_Ip_Frequency.c:2596:15:Clock_Ip_Get_EDMA0_TCD21_CLK_Frequency	8	static
C:/Users/acalg/OneDrive/Belgeler/github/S32EX/Matlab_Softwares/TJA1042_Loop_Example/TJA1042_Loop_Example_Config/RTD/src/Clock_Ip_Frequency.c:2587:15:Clock_Ip_Get_EDMA0_TCD20_CLK_Frequency	8	static
C:/Users/acalg/OneDrive/Belgeler/github/S32EX/Matlab_Softwares/TJA1042_Loop_Example/TJA1042_Loop_Example_Config/RTD/src/Clock_Ip_Frequency.c:2578:15:Clock_Ip_Get_EDMA0_TCD19_CLK_Frequency	8	static
C:/Users/acalg/OneDrive/Belgeler/github/S32EX/Matlab_Softwares/TJA1042_Loop_Example/TJA1042_Loop_Example_Config/RTD/src/Clock_Ip_Frequency.c:2569:15:Clock_Ip_Get_EDMA0_TCD18_CLK_Frequency	8	static
C:/Users/acalg/OneDrive/Belgeler/github/S32EX/Matlab_Softwares/TJA1042_Loop_Example/TJA1042_Loop_Example_Config/RTD/src/Clock_Ip_Frequency.c:2560:15:Clock_Ip_Get_EDMA0_TCD17_CLK_Frequency	8	static
C:/Users/acalg/OneDrive/Belgeler/github/S32EX/Matlab_Softwares/TJA1042_Loop_Example/TJA1042_Loop_Example_Config/RTD/src/Clock_Ip_Frequency.c:2551:15:Clock_Ip_Get_EDMA0_TCD16_CLK_Frequency	8	static
C:/Users/acalg/OneDrive/Belgeler/github/S32EX/Matlab_Softwares/TJA1042_Loop_Example/TJA1042_Loop_Example_Config/RTD/src/Clock_Ip_Frequency.c:2542:15:Clock_Ip_Get_EDMA0_TCD15_CLK_Frequency	8	static
C:/Users/acalg/OneDrive/Belgeler/github/S32EX/Matlab_Softwares/TJA1042_Loop_Example/TJA1042_Loop_Example_Config/RTD/src/Clock_Ip_Frequency.c:2533:15:Clock_Ip_Get_EDMA0_TCD14_CLK_Frequency	8	static
C:/Users/acalg/OneDrive/Belgeler/github/S32EX/Matlab_Softwares/TJA1042_Loop_Example/TJA1042_Loop_Example_Config/RTD/src/Clock_Ip_Frequency.c:2524:15:Clock_Ip_Get_EDMA0_TCD13_CLK_Frequency	8	static
C:/Users/acalg/OneDrive/Belgeler/github/S32EX/Matlab_Softwares/TJA1042_Loop_Example/TJA1042_Loop_Example_Config/RTD/src/Clock_Ip_Frequency.c:2515:15:Clock_Ip_Get_EDMA0_TCD12_CLK_Frequency	8	static
C:/Users/acalg/OneDrive/Belgeler/github/S32EX/Matlab_Softwares/TJA1042_Loop_Example/TJA1042_Loop_Example_Config/RTD/src/Clock_Ip_Frequency.c:2507:15:Clock_Ip_Get_EDMA0_TCD11_CLK_Frequency	8	static
C:/Users/acalg/OneDrive/Belgeler/github/S32EX/Matlab_Softwares/TJA1042_Loop_Example/TJA1042_Loop_Example_Config/RTD/src/Clock_Ip_Frequency.c:2500:15:Clock_Ip_Get_EDMA0_TCD10_CLK_Frequency	8	static
C:/Users/acalg/OneDrive/Belgeler/github/S32EX/Matlab_Softwares/TJA1042_Loop_Example/TJA1042_Loop_Example_Config/RTD/src/Clock_Ip_Frequency.c:2493:15:Clock_Ip_Get_EDMA0_TCD9_CLK_Frequency	8	static
C:/Users/acalg/OneDrive/Belgeler/github/S32EX/Matlab_Softwares/TJA1042_Loop_Example/TJA1042_Loop_Example_Config/RTD/src/Clock_Ip_Frequency.c:2486:15:Clock_Ip_Get_EDMA0_TCD8_CLK_Frequency	8	static
C:/Users/acalg/OneDrive/Belgeler/github/S32EX/Matlab_Softwares/TJA1042_Loop_Example/TJA1042_Loop_Example_Config/RTD/src/Clock_Ip_Frequency.c:2479:15:Clock_Ip_Get_EDMA0_TCD7_CLK_Frequency	8	static
C:/Users/acalg/OneDrive/Belgeler/github/S32EX/Matlab_Softwares/TJA1042_Loop_Example/TJA1042_Loop_Example_Config/RTD/src/Clock_Ip_Frequency.c:2472:15:Clock_Ip_Get_EDMA0_TCD6_CLK_Frequency	8	static
C:/Users/acalg/OneDrive/Belgeler/github/S32EX/Matlab_Softwares/TJA1042_Loop_Example/TJA1042_Loop_Example_Config/RTD/src/Clock_Ip_Frequency.c:2465:15:Clock_Ip_Get_EDMA0_TCD5_CLK_Frequency	8	static
C:/Users/acalg/OneDrive/Belgeler/github/S32EX/Matlab_Softwares/TJA1042_Loop_Example/TJA1042_Loop_Example_Config/RTD/src/Clock_Ip_Frequency.c:2458:15:Clock_Ip_Get_EDMA0_TCD4_CLK_Frequency	8	static
C:/Users/acalg/OneDrive/Belgeler/github/S32EX/Matlab_Softwares/TJA1042_Loop_Example/TJA1042_Loop_Example_Config/RTD/src/Clock_Ip_Frequency.c:2451:15:Clock_Ip_Get_EDMA0_TCD3_CLK_Frequency	8	static
C:/Users/acalg/OneDrive/Belgeler/github/S32EX/Matlab_Softwares/TJA1042_Loop_Example/TJA1042_Loop_Example_Config/RTD/src/Clock_Ip_Frequency.c:2444:15:Clock_Ip_Get_EDMA0_TCD2_CLK_Frequency	8	static
C:/Users/acalg/OneDrive/Belgeler/github/S32EX/Matlab_Softwares/TJA1042_Loop_Example/TJA1042_Loop_Example_Config/RTD/src/Clock_Ip_Frequency.c:2437:15:Clock_Ip_Get_EDMA0_TCD1_CLK_Frequency	8	static
C:/Users/acalg/OneDrive/Belgeler/github/S32EX/Matlab_Softwares/TJA1042_Loop_Example/TJA1042_Loop_Example_Config/RTD/src/Clock_Ip_Frequency.c:2430:15:Clock_Ip_Get_EDMA0_TCD0_CLK_Frequency	8	static
C:/Users/acalg/OneDrive/Belgeler/github/S32EX/Matlab_Softwares/TJA1042_Loop_Example/TJA1042_Loop_Example_Config/RTD/src/Clock_Ip_Frequency.c:2423:15:Clock_Ip_Get_EDMA0_CLK_Frequency	8	static
C:/Users/acalg/OneDrive/Belgeler/github/S32EX/Matlab_Softwares/TJA1042_Loop_Example/TJA1042_Loop_Example_Config/RTD/src/Clock_Ip_Frequency.c:2385:15:Clock_Ip_Get_DMAMUX1_CLK_Frequency	8	static
C:/Users/acalg/OneDrive/Belgeler/github/S32EX/Matlab_Softwares/TJA1042_Loop_Example/TJA1042_Loop_Example_Config/RTD/src/Clock_Ip_Frequency.c:2378:15:Clock_Ip_Get_DMAMUX0_CLK_Frequency	8	static
C:/Users/acalg/OneDrive/Belgeler/github/S32EX/Matlab_Softwares/TJA1042_Loop_Example/TJA1042_Loop_Example_Config/RTD/src/Clock_Ip_Frequency.c:2271:15:Clock_Ip_Get_BCTU0_CLK_Frequency	8	static
C:/Users/acalg/OneDrive/Belgeler/github/S32EX/Matlab_Softwares/TJA1042_Loop_Example/TJA1042_Loop_Example_Config/RTD/src/Clock_Ip_Frequency.c:2166:15:Clock_Ip_Get_ADC2_CLK_Frequency	8	static
C:/Users/acalg/OneDrive/Belgeler/github/S32EX/Matlab_Softwares/TJA1042_Loop_Example/TJA1042_Loop_Example_Config/RTD/src/Clock_Ip_Frequency.c:2154:15:Clock_Ip_Get_ADC1_CLK_Frequency	8	static
C:/Users/acalg/OneDrive/Belgeler/github/S32EX/Matlab_Softwares/TJA1042_Loop_Example/TJA1042_Loop_Example_Config/RTD/src/Clock_Ip_Frequency.c:2143:15:Clock_Ip_Get_ADC0_CLK_Frequency	8	static
C:/Users/acalg/OneDrive/Belgeler/github/S32EX/Matlab_Softwares/TJA1042_Loop_Example/TJA1042_Loop_Example_Config/RTD/src/Clock_Ip_Frequency.c:2081:15:Clock_Ip_Get_AIPS_SLOW_CLK_Frequency	8	static
C:/Users/acalg/OneDrive/Belgeler/github/S32EX/Matlab_Softwares/TJA1042_Loop_Example/TJA1042_Loop_Example_Config/RTD/src/Clock_Ip_Frequency.c:4332:15:Clock_Ip_Get_WKPU0_CLK_Frequency	8	static
C:/Users/acalg/OneDrive/Belgeler/github/S32EX/Matlab_Softwares/TJA1042_Loop_Example/TJA1042_Loop_Example_Config/RTD/src/Clock_Ip_Frequency.c:4324:15:Clock_Ip_Get_TSENSE0_CLK_Frequency	8	static
C:/Users/acalg/OneDrive/Belgeler/github/S32EX/Matlab_Softwares/TJA1042_Loop_Example/TJA1042_Loop_Example_Config/RTD/src/Clock_Ip_Frequency.c:4307:15:Clock_Ip_Get_TRGMUX0_CLK_Frequency	8	static
C:/Users/acalg/OneDrive/Belgeler/github/S32EX/Matlab_Softwares/TJA1042_Loop_Example/TJA1042_Loop_Example_Config/RTD/src/Clock_Ip_Frequency.c:4030:15:Clock_Ip_Get_STCU0_CLK_Frequency	8	static
C:/Users/acalg/OneDrive/Belgeler/github/S32EX/Matlab_Softwares/TJA1042_Loop_Example/TJA1042_Loop_Example_Config/RTD/src/Clock_Ip_Frequency.c:3969:15:Clock_Ip_Get_SIUL2_CLK_Frequency	8	static
C:/Users/acalg/OneDrive/Belgeler/github/S32EX/Matlab_Softwares/TJA1042_Loop_Example/TJA1042_Loop_Example_Config/RTD/src/Clock_Ip_Frequency.c:3898:15:Clock_Ip_Get_SAI1_CLK_Frequency	8	static
C:/Users/acalg/OneDrive/Belgeler/github/S32EX/Matlab_Softwares/TJA1042_Loop_Example/TJA1042_Loop_Example_Config/RTD/src/Clock_Ip_Frequency.c:3889:15:Clock_Ip_Get_SAI0_CLK_Frequency	8	static
C:/Users/acalg/OneDrive/Belgeler/github/S32EX/Matlab_Softwares/TJA1042_Loop_Example/TJA1042_Loop_Example_Config/RTD/src/Clock_Ip_Frequency.c:3769:15:Clock_Ip_Get_PIT2_CLK_Frequency	8	static
C:/Users/acalg/OneDrive/Belgeler/github/S32EX/Matlab_Softwares/TJA1042_Loop_Example/TJA1042_Loop_Example_Config/RTD/src/Clock_Ip_Frequency.c:3761:15:Clock_Ip_Get_PIT1_CLK_Frequency	8	static
C:/Users/acalg/OneDrive/Belgeler/github/S32EX/Matlab_Softwares/TJA1042_Loop_Example/TJA1042_Loop_Example_Config/RTD/src/Clock_Ip_Frequency.c:3754:15:Clock_Ip_Get_PIT0_CLK_Frequency	8	static
C:/Users/acalg/OneDrive/Belgeler/github/S32EX/Matlab_Softwares/TJA1042_Loop_Example/TJA1042_Loop_Example_Config/RTD/src/Clock_Ip_Frequency.c:3672:15:Clock_Ip_Get_LPUART15_CLK_Frequency	8	static
C:/Users/acalg/OneDrive/Belgeler/github/S32EX/Matlab_Softwares/TJA1042_Loop_Example/TJA1042_Loop_Example_Config/RTD/src/Clock_Ip_Frequency.c:3659:15:Clock_Ip_Get_LPUART14_CLK_Frequency	8	static
C:/Users/acalg/OneDrive/Belgeler/github/S32EX/Matlab_Softwares/TJA1042_Loop_Example/TJA1042_Loop_Example_Config/RTD/src/Clock_Ip_Frequency.c:3646:15:Clock_Ip_Get_LPUART13_CLK_Frequency	8	static
C:/Users/acalg/OneDrive/Belgeler/github/S32EX/Matlab_Softwares/TJA1042_Loop_Example/TJA1042_Loop_Example_Config/RTD/src/Clock_Ip_Frequency.c:3633:15:Clock_Ip_Get_LPUART12_CLK_Frequency	8	static
C:/Users/acalg/OneDrive/Belgeler/github/S32EX/Matlab_Softwares/TJA1042_Loop_Example/TJA1042_Loop_Example_Config/RTD/src/Clock_Ip_Frequency.c:3620:15:Clock_Ip_Get_LPUART11_CLK_Frequency	8	static
C:/Users/acalg/OneDrive/Belgeler/github/S32EX/Matlab_Softwares/TJA1042_Loop_Example/TJA1042_Loop_Example_Config/RTD/src/Clock_Ip_Frequency.c:3607:15:Clock_Ip_Get_LPUART10_CLK_Frequency	8	static
C:/Users/acalg/OneDrive/Belgeler/github/S32EX/Matlab_Softwares/TJA1042_Loop_Example/TJA1042_Loop_Example_Config/RTD/src/Clock_Ip_Frequency.c:3594:15:Clock_Ip_Get_LPUART9_CLK_Frequency	8	static
C:/Users/acalg/OneDrive/Belgeler/github/S32EX/Matlab_Softwares/TJA1042_Loop_Example/TJA1042_Loop_Example_Config/RTD/src/Clock_Ip_Frequency.c:3572:15:Clock_Ip_Get_LPUART7_CLK_Frequency	8	static
C:/Users/acalg/OneDrive/Belgeler/github/S32EX/Matlab_Softwares/TJA1042_Loop_Example/TJA1042_Loop_Example_Config/RTD/src/Clock_Ip_Frequency.c:3559:15:Clock_Ip_Get_LPUART6_CLK_Frequency	8	static
C:/Users/acalg/OneDrive/Belgeler/github/S32EX/Matlab_Softwares/TJA1042_Loop_Example/TJA1042_Loop_Example_Config/RTD/src/Clock_Ip_Frequency.c:3546:15:Clock_Ip_Get_LPUART5_CLK_Frequency	8	static
C:/Users/acalg/OneDrive/Belgeler/github/S32EX/Matlab_Softwares/TJA1042_Loop_Example/TJA1042_Loop_Example_Config/RTD/src/Clock_Ip_Frequency.c:3533:15:Clock_Ip_Get_LPUART4_CLK_Frequency	8	static
C:/Users/acalg/OneDrive/Belgeler/github/S32EX/Matlab_Softwares/TJA1042_Loop_Example/TJA1042_Loop_Example_Config/RTD/src/Clock_Ip_Frequency.c:3521:15:Clock_Ip_Get_LPUART3_CLK_Frequency	8	static
C:/Users/acalg/OneDrive/Belgeler/github/S32EX/Matlab_Softwares/TJA1042_Loop_Example/TJA1042_Loop_Example_Config/RTD/src/Clock_Ip_Frequency.c:3510:15:Clock_Ip_Get_LPUART2_CLK_Frequency	8	static
C:/Users/acalg/OneDrive/Belgeler/github/S32EX/Matlab_Softwares/TJA1042_Loop_Example/TJA1042_Loop_Example_Config/RTD/src/Clock_Ip_Frequency.c:3497:15:Clock_Ip_Get_LPUART1_CLK_Frequency	8	static
C:/Users/acalg/OneDrive/Belgeler/github/S32EX/Matlab_Softwares/TJA1042_Loop_Example/TJA1042_Loop_Example_Config/RTD/src/Clock_Ip_Frequency.c:3482:15:Clock_Ip_Get_LPSPI5_CLK_Frequency	8	static
C:/Users/acalg/OneDrive/Belgeler/github/S32EX/Matlab_Softwares/TJA1042_Loop_Example/TJA1042_Loop_Example_Config/RTD/src/Clock_Ip_Frequency.c:3473:15:Clock_Ip_Get_LPSPI4_CLK_Frequency	8	static
C:/Users/acalg/OneDrive/Belgeler/github/S32EX/Matlab_Softwares/TJA1042_Loop_Example/TJA1042_Loop_Example_Config/RTD/src/Clock_Ip_Frequency.c:3465:15:Clock_Ip_Get_LPSPI3_CLK_Frequency	8	static
C:/Users/acalg/OneDrive/Belgeler/github/S32EX/Matlab_Softwares/TJA1042_Loop_Example/TJA1042_Loop_Example_Config/RTD/src/Clock_Ip_Frequency.c:3458:15:Clock_Ip_Get_LPSPI2_CLK_Frequency	8	static
C:/Users/acalg/OneDrive/Belgeler/github/S32EX/Matlab_Softwares/TJA1042_Loop_Example/TJA1042_Loop_Example_Config/RTD/src/Clock_Ip_Frequency.c:3451:15:Clock_Ip_Get_LPSPI1_CLK_Frequency	8	static
C:/Users/acalg/OneDrive/Belgeler/github/S32EX/Matlab_Softwares/TJA1042_Loop_Example/TJA1042_Loop_Example_Config/RTD/src/Clock_Ip_Frequency.c:3437:15:Clock_Ip_Get_LPI2C1_CLK_Frequency	8	static
C:/Users/acalg/OneDrive/Belgeler/github/S32EX/Matlab_Softwares/TJA1042_Loop_Example/TJA1042_Loop_Example_Config/RTD/src/Clock_Ip_Frequency.c:3429:15:Clock_Ip_Get_LPI2C0_CLK_Frequency	8	static
C:/Users/acalg/OneDrive/Belgeler/github/S32EX/Matlab_Softwares/TJA1042_Loop_Example/TJA1042_Loop_Example_Config/RTD/src/Clock_Ip_Frequency.c:3164:15:Clock_Ip_Get_ERM0_CLK_Frequency	8	static
C:/Users/acalg/OneDrive/Belgeler/github/S32EX/Matlab_Softwares/TJA1042_Loop_Example/TJA1042_Loop_Example_Config/RTD/src/Clock_Ip_Frequency.c:2312:15:Clock_Ip_Get_CMP2_CLK_Frequency	8	static
C:/Users/acalg/OneDrive/Belgeler/github/S32EX/Matlab_Softwares/TJA1042_Loop_Example/TJA1042_Loop_Example_Config/RTD/src/Clock_Ip_Frequency.c:2303:15:Clock_Ip_Get_CMP1_CLK_Frequency	8	static
C:/Users/acalg/OneDrive/Belgeler/github/S32EX/Matlab_Softwares/TJA1042_Loop_Example/TJA1042_Loop_Example_Config/RTD/src/Clock_Ip_Frequency.c:2295:15:Clock_Ip_Get_CMP0_CLK_Frequency	8	static
C:/Users/acalg/OneDrive/Belgeler/github/S32EX/Matlab_Softwares/TJA1042_Loop_Example/TJA1042_Loop_Example_Config/RTD/src/Clock_Ip_Frequency.c:2089:15:Clock_Ip_Get_HSE_CLK_Frequency	8	static
C:/Users/acalg/OneDrive/Belgeler/github/S32EX/Matlab_Softwares/TJA1042_Loop_Example/TJA1042_Loop_Example_Config/RTD/src/Clock_Ip_Frequency.c:2106:15:Clock_Ip_Get_LBIST_CLK_Frequency	8	static
C:/Users/acalg/OneDrive/Belgeler/github/S32EX/Matlab_Softwares/TJA1042_Loop_Example/TJA1042_Loop_Example_Config/RTD/src/Clock_Ip_Frequency.c:2116:15:Clock_Ip_Get_QSPI_MEM_CLK_Frequency	8	static
C:/Users/acalg/OneDrive/Belgeler/github/S32EX/Matlab_Softwares/TJA1042_Loop_Example/TJA1042_Loop_Example_Config/RTD/src/Clock_Ip_Frequency.c:2097:15:Clock_Ip_Get_DCM_CLK_Frequency	8	static
C:/Users/acalg/OneDrive/Belgeler/github/S32EX/Matlab_Softwares/TJA1042_Loop_Example/TJA1042_Loop_Example_Config/RTD/src/Clock_Ip_Frequency.c:3833:15:Clock_Ip_Get_QSPI0_TX_MEM_CLK_Frequency	16	static
C:/Users/acalg/OneDrive/Belgeler/github/S32EX/Matlab_Softwares/TJA1042_Loop_Example/TJA1042_Loop_Example_Config/RTD/src/Clock_Ip_Frequency.c:3824:15:Clock_Ip_Get_QSPI0_RAM_CLK_Frequency	16	static
C:/Users/acalg/OneDrive/Belgeler/github/S32EX/Matlab_Softwares/TJA1042_Loop_Example/TJA1042_Loop_Example_Config/RTD/src/Clock_Ip_Frequency.c:3874:8:Clock_Ip_Get_RTC_CLK_Frequency_TrustedCall	8	static
C:/Users/acalg/OneDrive/Belgeler/github/S32EX/Matlab_Softwares/TJA1042_Loop_Example/TJA1042_Loop_Example_Config/RTD/src/Clock_Ip_Frequency.c:4531:6:Clock_Ip_SetExternalOscillatorFrequency	0	static
C:/Users/acalg/OneDrive/Belgeler/github/S32EX/Matlab_Softwares/TJA1042_Loop_Example/TJA1042_Loop_Example_Config/RTD/src/Clock_Ip_Frequency.c:4550:8:Clock_Ip_GetFreq	0	static
C:/Users/acalg/OneDrive/Belgeler/github/S32EX/Matlab_Softwares/TJA1042_Loop_Example/TJA1042_Loop_Example_Config/RTD/src/Clock_Ip_Frequency.c:4566:6:Clock_Ip_SetExternalSignalFrequency	8	static
