C:/Users/acalg/OneDrive/Belgeler/github/S32EX/Matlab_Softwares/TJA1042_Loop_Example/TJA1042_Loop_Example_Config/RTD/src/Clock_Ip_Monitor.c:178:13:Clock_Ip_ClockMonitorEmpty	0	static
C:/Users/acalg/OneDrive/Belgeler/github/S32EX/Matlab_Softwares/TJA1042_Loop_Example/TJA1042_Loop_Example_Config/RTD/src/Clock_Ip_Monitor.c:184:13:Clock_Ip_ClockMonitorEmpty_Set	0	static
C:/Users/acalg/OneDrive/Belgeler/github/S32EX/Matlab_Softwares/TJA1042_Loop_Example/TJA1042_Loop_Example_Config/RTD/src/Clock_Ip_Monitor.c:193:13:Clock_Ip_ClockMonitorEmpty_Disable	0	static
C:/Users/acalg/OneDrive/Belgeler/github/S32EX/Matlab_Softwares/TJA1042_Loop_Example/TJA1042_Loop_Example_Config/RTD/src/Clock_Ip_Monitor.c:420:13:Clock_Ip_EnableCmuFcFceRefCntLfrefHfref	0	static
C:/Users/acalg/OneDrive/Belgeler/github/S32EX/Matlab_Softwares/TJA1042_Loop_Example/TJA1042_Loop_Example_Config/RTD/src/Clock_Ip_Monitor.c:246:13:Clock_Ip_DisableCmuFcFceRefCntLfrefHfref	32	static
C:/Users/acalg/OneDrive/Belgeler/github/S32EX/Matlab_Softwares/TJA1042_Loop_Example/TJA1042_Loop_Example_Config/RTD/src/Clock_Ip_Monitor.c:294:13:Clock_Ip_ResetCmuFcFceRefCntLfrefHfref	0	static
C:/Users/acalg/OneDrive/Belgeler/github/S32EX/Matlab_Softwares/TJA1042_Loop_Example/TJA1042_Loop_Example_Config/RTD/src/Clock_Ip_Monitor.c:303:13:Clock_Ip_SetCmuFcFceRefCntLfrefHfref	16	static
C:/Users/acalg/OneDrive/Belgeler/github/S32EX/Matlab_Softwares/TJA1042_Loop_Example/TJA1042_Loop_Example_Config/RTD/src/Clock_Ip_Monitor.c:467:6:Clock_Ip_CMU_ClockFailInt	24	static
