C:/Users/acalg/OneDrive/Belgeler/github/S32EX/Matlab_Softwares/TJA1042_Loop_Example/TJA1042_Loop_Example_Config/RTD/src/Dma_Ip_Hw_Access.c:298:13:HwAccDmaCh_SetGlobalDummyFunction	0	static
C:/Users/acalg/OneDrive/Belgeler/github/S32EX/Matlab_Softwares/TJA1042_Loop_Example/TJA1042_Loop_Example_Config/RTD/src/Dma_Ip_Hw_Access.c:310:13:HwAccDmaCh_SetTransferDummyFunction	0	static
C:/Users/acalg/OneDrive/Belgeler/github/S32EX/Matlab_Softwares/TJA1042_Loop_Example/TJA1042_Loop_Example_Config/RTD/src/Dma_Ip_Hw_Access.c:344:13:HwAccDmaCh_GetParamDummyFunction	0	static
C:/Users/acalg/OneDrive/Belgeler/github/S32EX/Matlab_Softwares/TJA1042_Loop_Example/TJA1042_Loop_Example_Config/RTD/src/Dma_Ip_Hw_Access.c:503:13:HwAccDmaCh_CmdSetHwRequest	0	static
C:/Users/acalg/OneDrive/Belgeler/github/S32EX/Matlab_Softwares/TJA1042_Loop_Example/TJA1042_Loop_Example_Config/RTD/src/Dma_Ip_Hw_Access.c:519:13:HwAccDmaCh_CmdClearHwRequest	0	static
C:/Users/acalg/OneDrive/Belgeler/github/S32EX/Matlab_Softwares/TJA1042_Loop_Example/TJA1042_Loop_Example_Config/RTD/src/Dma_Ip_Hw_Access.c:535:13:HwAccDmaCh_CmdSetSwRequest	0	static
C:/Users/acalg/OneDrive/Belgeler/github/S32EX/Matlab_Softwares/TJA1042_Loop_Example/TJA1042_Loop_Example_Config/RTD/src/Dma_Ip_Hw_Access.c:551:13:HwAccDmaCh_CmdClearDone	0	static
C:/Users/acalg/OneDrive/Belgeler/github/S32EX/Matlab_Softwares/TJA1042_Loop_Example/TJA1042_Loop_Example_Config/RTD/src/Dma_Ip_Hw_Access.c:567:13:HwAccDmaCh_CmdClearError	0	static
C:/Users/acalg/OneDrive/Belgeler/github/S32EX/Matlab_Softwares/TJA1042_Loop_Example/TJA1042_Loop_Example_Config/RTD/src/Dma_Ip_Hw_Access.c:583:13:HwAccDmaCh_CmdClearInterruptStatus	0	static
C:/Users/acalg/OneDrive/Belgeler/github/S32EX/Matlab_Softwares/TJA1042_Loop_Example/TJA1042_Loop_Example_Config/RTD/src/Dma_Ip_Hw_Access.c:860:13:HwAccDmaCh_SetSource_Address	0	static
C:/Users/acalg/OneDrive/Belgeler/github/S32EX/Matlab_Softwares/TJA1042_Loop_Example/TJA1042_Loop_Example_Config/RTD/src/Dma_Ip_Hw_Access.c:880:13:HwAccDmaCh_SetSource_SignedOffset	0	static
C:/Users/acalg/OneDrive/Belgeler/github/S32EX/Matlab_Softwares/TJA1042_Loop_Example/TJA1042_Loop_Example_Config/RTD/src/Dma_Ip_Hw_Access.c:896:13:HwAccDmaCh_SetSource_LastAddrAdj	0	static
C:/Users/acalg/OneDrive/Belgeler/github/S32EX/Matlab_Softwares/TJA1042_Loop_Example/TJA1042_Loop_Example_Config/RTD/src/Dma_Ip_Hw_Access.c:946:13:HwAccDmaCh_SetDestination_Address	0	static
C:/Users/acalg/OneDrive/Belgeler/github/S32EX/Matlab_Softwares/TJA1042_Loop_Example/TJA1042_Loop_Example_Config/RTD/src/Dma_Ip_Hw_Access.c:967:13:HwAccDmaCh_SetDestination_SignedOffset	0	static
C:/Users/acalg/OneDrive/Belgeler/github/S32EX/Matlab_Softwares/TJA1042_Loop_Example/TJA1042_Loop_Example_Config/RTD/src/Dma_Ip_Hw_Access.c:1163:13:HwAccDmaCh_SetMajorLoop_Count	4	static
C:/Users/acalg/OneDrive/Belgeler/github/S32EX/Matlab_Softwares/TJA1042_Loop_Example/TJA1042_Loop_Example_Config/RTD/src/Dma_Ip_Hw_Access.c:1378:13:HwAccDmaCh_GetSourceAddress	0	static
C:/Users/acalg/OneDrive/Belgeler/github/S32EX/Matlab_Softwares/TJA1042_Loop_Example/TJA1042_Loop_Example_Config/RTD/src/Dma_Ip_Hw_Access.c:1401:13:HwAccDmaCh_GetDestinationAddress	0	static
C:/Users/acalg/OneDrive/Belgeler/github/S32EX/Matlab_Softwares/TJA1042_Loop_Example/TJA1042_Loop_Example_Config/RTD/src/Dma_Ip_Hw_Access.c:1457:13:HwAccDmaCh_GetStoreDstAddress	0	static
C:/Users/acalg/OneDrive/Belgeler/github/S32EX/Matlab_Softwares/TJA1042_Loop_Example/TJA1042_Loop_Example_Config/RTD/src/Dma_Ip_Hw_Access.c:1482:13:HwAccDmaCh_GetMasterId	0	static
C:/Users/acalg/OneDrive/Belgeler/github/S32EX/Matlab_Softwares/TJA1042_Loop_Example/TJA1042_Loop_Example_Config/RTD/src/Dma_Ip_Hw_Access.c:1499:13:HwAccDmaCh_GetIntMajor	0	static
C:/Users/acalg/OneDrive/Belgeler/github/S32EX/Matlab_Softwares/TJA1042_Loop_Example/TJA1042_Loop_Example_Config/RTD/src/Dma_Ip_Hw_Access.c:1515:13:HwAccDmaCh_GetIntHalfMajor	0	static
C:/Users/acalg/OneDrive/Belgeler/github/S32EX/Matlab_Softwares/TJA1042_Loop_Example/TJA1042_Loop_Example_Config/RTD/src/Dma_Ip_Hw_Access.c:1145:13:HwAccDmaCh_SetMajorLoop_LogicLinkCh	16	static
C:/Users/acalg/OneDrive/Belgeler/github/S32EX/Matlab_Softwares/TJA1042_Loop_Example/TJA1042_Loop_Example_Config/RTD/src/Dma_Ip_Hw_Access.c:1095:13:HwAccDmaCh_SetMinorLoop_LogicLinkCh	16	static
C:/Users/acalg/OneDrive/Belgeler/github/S32EX/Matlab_Softwares/TJA1042_Loop_Example/TJA1042_Loop_Example_Config/RTD/src/Dma_Ip_Hw_Access.c:383:13:hwAccDmaInst_CmdCancelTransfer	0	static
C:/Users/acalg/OneDrive/Belgeler/github/S32EX/Matlab_Softwares/TJA1042_Loop_Example/TJA1042_Loop_Example_Config/RTD/src/Dma_Ip_Hw_Access.c:402:13:hwAccDmaInst_CmdCancelTransferWithError	0	static
C:/Users/acalg/OneDrive/Belgeler/github/S32EX/Matlab_Softwares/TJA1042_Loop_Example/TJA1042_Loop_Example_Config/RTD/src/Dma_Ip_Hw_Access.c:421:13:hwAccDmaInst_CmdHalt	0	static
C:/Users/acalg/OneDrive/Belgeler/github/S32EX/Matlab_Softwares/TJA1042_Loop_Example/TJA1042_Loop_Example_Config/RTD/src/Dma_Ip_Hw_Access.c:440:13:hwAccDmaInst_CmdResume	0	static
C:/Users/acalg/OneDrive/Belgeler/github/S32EX/Matlab_Softwares/TJA1042_Loop_Example/TJA1042_Loop_Example_Config/RTD/src/Dma_Ip_Hw_Access.c:657:13:HwAccDmaCh_SetControl_EnMasterIdReplication	0	static
C:/Users/acalg/OneDrive/Belgeler/github/S32EX/Matlab_Softwares/TJA1042_Loop_Example/TJA1042_Loop_Example_Config/RTD/src/Dma_Ip_Hw_Access.c:675:13:HwAccDmaCh_SetControl_EnBufferedWrites	0	static
C:/Users/acalg/OneDrive/Belgeler/github/S32EX/Matlab_Softwares/TJA1042_Loop_Example/TJA1042_Loop_Example_Config/RTD/src/Dma_Ip_Hw_Access.c:692:13:HwAccDmaCh_SetRequest_EnRequest	0	static
C:/Users/acalg/OneDrive/Belgeler/github/S32EX/Matlab_Softwares/TJA1042_Loop_Example/TJA1042_Loop_Example_Config/RTD/src/Dma_Ip_Hw_Access.c:708:13:HwAccDmaCh_SetInterrupt_EnError	0	static
C:/Users/acalg/OneDrive/Belgeler/github/S32EX/Matlab_Softwares/TJA1042_Loop_Example/TJA1042_Loop_Example_Config/RTD/src/Dma_Ip_Hw_Access.c:744:13:HwAccDmaCh_SetPriority_Group	0	static
C:/Users/acalg/OneDrive/Belgeler/github/S32EX/Matlab_Softwares/TJA1042_Loop_Example/TJA1042_Loop_Example_Config/RTD/src/Dma_Ip_Hw_Access.c:761:13:HwAccDmaCh_SetPriority_Level	0	static
C:/Users/acalg/OneDrive/Belgeler/github/S32EX/Matlab_Softwares/TJA1042_Loop_Example/TJA1042_Loop_Example_Config/RTD/src/Dma_Ip_Hw_Access.c:778:13:HwAccDmaCh_SetPriority_EnPreemption	0	static
C:/Users/acalg/OneDrive/Belgeler/github/S32EX/Matlab_Softwares/TJA1042_Loop_Example/TJA1042_Loop_Example_Config/RTD/src/Dma_Ip_Hw_Access.c:796:13:HwAccDmaCh_SetPriority_DisPreempt	0	static
C:/Users/acalg/OneDrive/Belgeler/github/S32EX/Matlab_Softwares/TJA1042_Loop_Example/TJA1042_Loop_Example_Config/RTD/src/Dma_Ip_Hw_Access.c:914:13:HwAccDmaCh_SetSource_TransferSize	0	static
C:/Users/acalg/OneDrive/Belgeler/github/S32EX/Matlab_Softwares/TJA1042_Loop_Example/TJA1042_Loop_Example_Config/RTD/src/Dma_Ip_Hw_Access.c:930:13:HwAccDmaCh_SetSource_Modulo	0	static
C:/Users/acalg/OneDrive/Belgeler/github/S32EX/Matlab_Softwares/TJA1042_Loop_Example/TJA1042_Loop_Example_Config/RTD/src/Dma_Ip_Hw_Access.c:1000:13:HwAccDmaCh_SetDestination_TransferSize	0	static
C:/Users/acalg/OneDrive/Belgeler/github/S32EX/Matlab_Softwares/TJA1042_Loop_Example/TJA1042_Loop_Example_Config/RTD/src/Dma_Ip_Hw_Access.c:1016:13:HwAccDmaCh_SetDestination_Modulo	0	static
C:/Users/acalg/OneDrive/Belgeler/github/S32EX/Matlab_Softwares/TJA1042_Loop_Example/TJA1042_Loop_Example_Config/RTD/src/Dma_Ip_Hw_Access.c:1032:13:HwAccDmaCh_SetMinorLoop_enSrcOffset	0	static
C:/Users/acalg/OneDrive/Belgeler/github/S32EX/Matlab_Softwares/TJA1042_Loop_Example/TJA1042_Loop_Example_Config/RTD/src/Dma_Ip_Hw_Access.c:1048:13:HwAccDmaCh_SetMinorLoop_enDstOffset	0	static
C:/Users/acalg/OneDrive/Belgeler/github/S32EX/Matlab_Softwares/TJA1042_Loop_Example/TJA1042_Loop_Example_Config/RTD/src/Dma_Ip_Hw_Access.c:1063:13:HwAccDmaCh_SetMinorLoop_Offset	4	static
C:/Users/acalg/OneDrive/Belgeler/github/S32EX/Matlab_Softwares/TJA1042_Loop_Example/TJA1042_Loop_Example_Config/RTD/src/Dma_Ip_Hw_Access.c:1079:13:HwAccDmaCh_SetMinorLoop_EnLink	0	static
C:/Users/acalg/OneDrive/Belgeler/github/S32EX/Matlab_Softwares/TJA1042_Loop_Example/TJA1042_Loop_Example_Config/RTD/src/Dma_Ip_Hw_Access.c:1113:13:HwAccDmaCh_SetMinorLoop_Size	0	static
C:/Users/acalg/OneDrive/Belgeler/github/S32EX/Matlab_Softwares/TJA1042_Loop_Example/TJA1042_Loop_Example_Config/RTD/src/Dma_Ip_Hw_Access.c:1129:13:HwAccDmaCh_SetMajorLoop_EnLink	0	static
C:/Users/acalg/OneDrive/Belgeler/github/S32EX/Matlab_Softwares/TJA1042_Loop_Example/TJA1042_Loop_Example_Config/RTD/src/Dma_Ip_Hw_Access.c:1180:13:HwAccDmaCh_SetControl_StoreDestinationAddress	0	static
C:/Users/acalg/OneDrive/Belgeler/github/S32EX/Matlab_Softwares/TJA1042_Loop_Example/TJA1042_Loop_Example_Config/RTD/src/Dma_Ip_Hw_Access.c:1202:13:HwAccDmaCh_SetControl_EnStart	0	static
C:/Users/acalg/OneDrive/Belgeler/github/S32EX/Matlab_Softwares/TJA1042_Loop_Example/TJA1042_Loop_Example_Config/RTD/src/Dma_Ip_Hw_Access.c:1218:13:HwAccDmaCh_SetControl_EnMajor	0	static
C:/Users/acalg/OneDrive/Belgeler/github/S32EX/Matlab_Softwares/TJA1042_Loop_Example/TJA1042_Loop_Example_Config/RTD/src/Dma_Ip_Hw_Access.c:1234:13:HwAccDmaCh_SetControl_EnHalfMajor	0	static
C:/Users/acalg/OneDrive/Belgeler/github/S32EX/Matlab_Softwares/TJA1042_Loop_Example/TJA1042_Loop_Example_Config/RTD/src/Dma_Ip_Hw_Access.c:1250:13:HwAccDmaCh_SetControl_DisAutoHwRequest	0	static
C:/Users/acalg/OneDrive/Belgeler/github/S32EX/Matlab_Softwares/TJA1042_Loop_Example/TJA1042_Loop_Example_Config/RTD/src/Dma_Ip_Hw_Access.c:1267:13:HwAccDmaCh_SetControl_EnEndOfPacketSignal	0	static
C:/Users/acalg/OneDrive/Belgeler/github/S32EX/Matlab_Softwares/TJA1042_Loop_Example/TJA1042_Loop_Example_Config/RTD/src/Dma_Ip_Hw_Access.c:1285:13:HwAccDmaCh_SetControl_BandwidthControl	0	static
C:/Users/acalg/OneDrive/Belgeler/github/S32EX/Matlab_Softwares/TJA1042_Loop_Example/TJA1042_Loop_Example_Config/RTD/src/Dma_Ip_Hw_Access.c:1424:13:HwAccDmaCh_GetBeginIterCount	0	static
C:/Users/acalg/OneDrive/Belgeler/github/S32EX/Matlab_Softwares/TJA1042_Loop_Example/TJA1042_Loop_Example_Config/RTD/src/Dma_Ip_Hw_Access.c:1440:13:HwAccDmaCh_GetCurrentIterCount	0	static
C:/Users/acalg/OneDrive/Belgeler/github/S32EX/Matlab_Softwares/TJA1042_Loop_Example/TJA1042_Loop_Example_Config/RTD/src/Dma_Ip_Hw_Access.c:983:13:HwAccDmaCh_SetDestination_LastAddrAdj	0	static
C:/Users/acalg/OneDrive/Belgeler/github/S32EX/Matlab_Softwares/TJA1042_Loop_Example/TJA1042_Loop_Example_Config/RTD/src/Dma_Ip_Hw_Access.c:360:6:HwAccDmaInst_SetConfig	8	static
C:/Users/acalg/OneDrive/Belgeler/github/S32EX/Matlab_Softwares/TJA1042_Loop_Example/TJA1042_Loop_Example_Config/RTD/src/Dma_Ip_Hw_Access.c:462:6:HwAccDmaInst_SetCommand	0	static
C:/Users/acalg/OneDrive/Belgeler/github/S32EX/Matlab_Softwares/TJA1042_Loop_Example/TJA1042_Loop_Example_Config/RTD/src/Dma_Ip_Hw_Access.c:477:6:HwAccDmaInst_GetStatus	4	static
C:/Users/acalg/OneDrive/Belgeler/github/S32EX/Matlab_Softwares/TJA1042_Loop_Example/TJA1042_Loop_Example_Config/RTD/src/Dma_Ip_Hw_Access.c:602:6:HwAccDmaCh_SetCommand	4	static
C:/Users/acalg/OneDrive/Belgeler/github/S32EX/Matlab_Softwares/TJA1042_Loop_Example/TJA1042_Loop_Example_Config/RTD/src/Dma_Ip_Hw_Access.c:619:6:HwAccDmaCh_GetStatus	0	static
C:/Users/acalg/OneDrive/Belgeler/github/S32EX/Matlab_Softwares/TJA1042_Loop_Example/TJA1042_Loop_Example_Config/RTD/src/Dma_Ip_Hw_Access.c:636:6:HwAccDmaCh_GetStatus_Error	0	static
C:/Users/acalg/OneDrive/Belgeler/github/S32EX/Matlab_Softwares/TJA1042_Loop_Example/TJA1042_Loop_Example_Config/RTD/src/Dma_Ip_Hw_Access.c:816:6:HwAccDmaCh_SetGlobalParam	4	static
C:/Users/acalg/OneDrive/Belgeler/github/S32EX/Matlab_Softwares/TJA1042_Loop_Example/TJA1042_Loop_Example_Config/RTD/src/Dma_Ip_Hw_Access.c:1323:6:HwAccDmaCh_SetTransferParam	4	static
C:/Users/acalg/OneDrive/Belgeler/github/S32EX/Matlab_Softwares/TJA1042_Loop_Example/TJA1042_Loop_Example_Config/RTD/src/Dma_Ip_Hw_Access.c:1589:6:HwAccDmaCh_GetParam	4	static
C:/Users/acalg/OneDrive/Belgeler/github/S32EX/Matlab_Softwares/TJA1042_Loop_Example/TJA1042_Loop_Example_Config/RTD/src/Dma_Ip_Hw_Access.c:1632:6:HwAccDmaCh_LoadConfigIntoSoftwareTcd	24	static
C:/Users/acalg/OneDrive/Belgeler/github/S32EX/Matlab_Softwares/TJA1042_Loop_Example/TJA1042_Loop_Example_Config/RTD/src/Dma_Ip_Hw_Access.c:1667:6:HwAccDmaCh_LoadSoftwareTcdIntoHardwareTcd	8	static
C:/Users/acalg/OneDrive/Belgeler/github/S32EX/Matlab_Softwares/TJA1042_Loop_Example/TJA1042_Loop_Example_Config/RTD/src/Dma_Ip_Hw_Access.c:1703:6:HwAccDmaCh_SetControl_ScatterGatherAddress	0	static
C:/Users/acalg/OneDrive/Belgeler/github/S32EX/Matlab_Softwares/TJA1042_Loop_Example/TJA1042_Loop_Example_Config/RTD/src/Dma_Ip_Hw_Access.c:1719:6:HwAccDmaCh_SetControl_EnScatterGatherProcessing	0	static
