C:/Users/acalg/OneDrive/Belgeler/github/S32EX/Matlab_Softwares/TJA1042_Loop_Example/TJA1042_Loop_Example_Config/RTD/src/Dma_Ip_Driver_State.c:138:13:Dma_Ip_SetHwChannel_ResetEvent	0	static
C:/Users/acalg/OneDrive/Belgeler/github/S32EX/Matlab_Softwares/TJA1042_Loop_Example/TJA1042_Loop_Example_Config/RTD/src/Dma_Ip_Driver_State.c:149:13:Dma_Ip_SetHwChannel_ReadyEvent	0	static
C:/Users/acalg/OneDrive/Belgeler/github/S32EX/Matlab_Softwares/TJA1042_Loop_Example/TJA1042_Loop_Example_Config/RTD/src/Dma_Ip_Driver_State.c:160:13:Dma_Ip_SetHwChannel_TransferEvent	0	static
C:/Users/acalg/OneDrive/Belgeler/github/S32EX/Matlab_Softwares/TJA1042_Loop_Example/TJA1042_Loop_Example_Config/RTD/src/Dma_Ip_Driver_State.c:171:13:Dma_Ip_SetHwChannel_ScatterGatherEvent	0	static
C:/Users/acalg/OneDrive/Belgeler/github/S32EX/Matlab_Softwares/TJA1042_Loop_Example/TJA1042_Loop_Example_Config/RTD/src/Dma_Ip_Driver_State.c:182:13:Dma_Ip_SetHwChannel_ErrorEvent	0	static
C:/Users/acalg/OneDrive/Belgeler/github/S32EX/Matlab_Softwares/TJA1042_Loop_Example/TJA1042_Loop_Example_Config/RTD/src/Dma_Ip_Driver_State.c:193:6:Dma_Ip_SetHwChannelState	8	static
C:/Users/acalg/OneDrive/Belgeler/github/S32EX/Matlab_Softwares/TJA1042_Loop_Example/TJA1042_Loop_Example_Config/RTD/src/Dma_Ip_Driver_State.c:219:32:Dma_Ip_GetHwChannelState	0	static
C:/Users/acalg/OneDrive/Belgeler/github/S32EX/Matlab_Softwares/TJA1042_Loop_Example/TJA1042_Loop_Example_Config/RTD/src/Dma_Ip_Driver_State.c:234:29:Dma_Ip_GetHwChannelStatePointer	0	static
C:/Users/acalg/OneDrive/Belgeler/github/S32EX/Matlab_Softwares/TJA1042_Loop_Example/TJA1042_Loop_Example_Config/RTD/src/Dma_Ip_Driver_State.c:249:6:Dma_Ip_SetHwChannelStatePointer	0	static
