C:/Users/acalg/OneDrive/Belgeler/github/S32EX/Matlab_Softwares/TJA1042_Loop_Example/TJA1042_Loop_Example_Config/RTD/src/Emios_Pwm_Ip.c:1758:6:Emios_Pwm_Ip_InitChannel	56	static
C:/Users/acalg/OneDrive/Belgeler/github/S32EX/Matlab_Softwares/TJA1042_Loop_Example/TJA1042_Loop_Example_Config/RTD/src/Emios_Pwm_Ip.c:1847:6:Emios_Pwm_Ip_DeInitChannel	24	static
C:/Users/acalg/OneDrive/Belgeler/github/S32EX/Matlab_Softwares/TJA1042_Loop_Example/TJA1042_Loop_Example_Config/RTD/src/Emios_Pwm_Ip.c:1921:6:Emios_Pwm_Ip_ForceMatchLeadingEdge	16	static
C:/Users/acalg/OneDrive/Belgeler/github/S32EX/Matlab_Softwares/TJA1042_Loop_Example/TJA1042_Loop_Example_Config/RTD/src/Emios_Pwm_Ip.c:1950:6:Emios_Pwm_Ip_ForceMatchTrailingEdge	16	static
C:/Users/acalg/OneDrive/Belgeler/github/S32EX/Matlab_Softwares/TJA1042_Loop_Example/TJA1042_Loop_Example_Config/RTD/src/Emios_Pwm_Ip.c:1974:25:Emios_Pwm_Ip_GetPeriod	8	static
C:/Users/acalg/OneDrive/Belgeler/github/S32EX/Matlab_Softwares/TJA1042_Loop_Example/TJA1042_Loop_Example_Config/RTD/src/Emios_Pwm_Ip.c:2072:6:Emios_Pwm_Ip_SetPeriod	8	static
C:/Users/acalg/OneDrive/Belgeler/github/S32EX/Matlab_Softwares/TJA1042_Loop_Example/TJA1042_Loop_Example_Config/RTD/src/Emios_Pwm_Ip.c:2123:23:Emios_Pwm_Ip_GetDutyCycle	0	static
C:/Users/acalg/OneDrive/Belgeler/github/S32EX/Matlab_Softwares/TJA1042_Loop_Example/TJA1042_Loop_Example_Config/RTD/src/Emios_Pwm_Ip.c:2147:25:Emios_Pwm_Ip_SetDutyCycle	40	static
C:/Users/acalg/OneDrive/Belgeler/github/S32EX/Matlab_Softwares/TJA1042_Loop_Example/TJA1042_Loop_Example_Config/RTD/src/Emios_Pwm_Ip.c:2240:25:Emios_Pwm_Ip_GetPhaseShift	4	static
C:/Users/acalg/OneDrive/Belgeler/github/S32EX/Matlab_Softwares/TJA1042_Loop_Example/TJA1042_Loop_Example_Config/RTD/src/Emios_Pwm_Ip.c:2274:25:Emios_Pwm_Ip_SetPhaseShift	40	static
C:/Users/acalg/OneDrive/Belgeler/github/S32EX/Matlab_Softwares/TJA1042_Loop_Example/TJA1042_Loop_Example_Config/RTD/src/Emios_Pwm_Ip.c:2376:25:Emios_Pwm_Ip_GetDeadTime	0	static
C:/Users/acalg/OneDrive/Belgeler/github/S32EX/Matlab_Softwares/TJA1042_Loop_Example/TJA1042_Loop_Example_Config/RTD/src/Emios_Pwm_Ip.c:2407:6:Emios_Pwm_Ip_SetDeadTime	0	static
C:/Users/acalg/OneDrive/Belgeler/github/S32EX/Matlab_Softwares/TJA1042_Loop_Example/TJA1042_Loop_Example_Config/RTD/src/Emios_Pwm_Ip.c:2438:8:Emios_Pwm_Ip_GetTriggerPlacement	0	static
C:/Users/acalg/OneDrive/Belgeler/github/S32EX/Matlab_Softwares/TJA1042_Loop_Example/TJA1042_Loop_Example_Config/RTD/src/Emios_Pwm_Ip.c:2477:6:Emios_Pwm_Ip_SetTriggerPlacement	32	static
C:/Users/acalg/OneDrive/Belgeler/github/S32EX/Matlab_Softwares/TJA1042_Loop_Example/TJA1042_Loop_Example_Config/RTD/src/Emios_Pwm_Ip.c:2525:25:Emios_Pwm_Ip_ChannelEnterDebugMode	24	static
C:/Users/acalg/OneDrive/Belgeler/github/S32EX/Matlab_Softwares/TJA1042_Loop_Example/TJA1042_Loop_Example_Config/RTD/src/Emios_Pwm_Ip.c:2556:6:Emios_Pwm_Ip_ChannelStopDebugMode	16	static
C:/Users/acalg/OneDrive/Belgeler/github/S32EX/Matlab_Softwares/TJA1042_Loop_Example/TJA1042_Loop_Example_Config/RTD/src/Emios_Pwm_Ip.c:2579:28:Emios_Pwm_Ip_GetFlagRequest	0	static
C:/Users/acalg/OneDrive/Belgeler/github/S32EX/Matlab_Softwares/TJA1042_Loop_Example/TJA1042_Loop_Example_Config/RTD/src/Emios_Pwm_Ip.c:2613:6:Emios_Pwm_Ip_SetFlagRequest	24	static
C:/Users/acalg/OneDrive/Belgeler/github/S32EX/Matlab_Softwares/TJA1042_Loop_Example/TJA1042_Loop_Example_Config/RTD/src/Emios_Pwm_Ip.c:2663:30:Emios_Pwm_Ip_GetOutputState	0	static
C:/Users/acalg/OneDrive/Belgeler/github/S32EX/Matlab_Softwares/TJA1042_Loop_Example/TJA1042_Loop_Example_Config/RTD/src/Emios_Pwm_Ip.c:2683:6:Emios_Pwm_Ip_SetOutputState	40	static
C:/Users/acalg/OneDrive/Belgeler/github/S32EX/Matlab_Softwares/TJA1042_Loop_Example/TJA1042_Loop_Example_Config/RTD/src/Emios_Pwm_Ip.c:2734:6:Emios_Pwm_Ip_SetOutputToNormal	32	static
C:/Users/acalg/OneDrive/Belgeler/github/S32EX/Matlab_Softwares/TJA1042_Loop_Example/TJA1042_Loop_Example_Config/RTD/src/Emios_Pwm_Ip.c:2840:26:Emios_Pwm_Ip_GetChannelMode	0	static
C:/Users/acalg/OneDrive/Belgeler/github/S32EX/Matlab_Softwares/TJA1042_Loop_Example/TJA1042_Loop_Example_Config/RTD/src/Emios_Pwm_Ip.c:2862:7:Emios_Pwm_Ip_GetMasterBusChannel	0	static
C:/Users/acalg/OneDrive/Belgeler/github/S32EX/Matlab_Softwares/TJA1042_Loop_Example/TJA1042_Loop_Example_Config/RTD/src/Emios_Pwm_Ip.c:2902:6:Emios_Pwm_Ip_SetPreEnableClock	16	static
C:/Users/acalg/OneDrive/Belgeler/github/S32EX/Matlab_Softwares/TJA1042_Loop_Example/TJA1042_Loop_Example_Config/RTD/src/Emios_Pwm_Ip.c:2926:6:Emios_Pwm_Ip_SetBusSelected	16	static
C:/Users/acalg/OneDrive/Belgeler/github/S32EX/Matlab_Softwares/TJA1042_Loop_Example/TJA1042_Loop_Example_Config/RTD/src/Emios_Pwm_Ip.c:2949:6:Emios_Pwm_Ip_SetClockPs	16	static
C:/Users/acalg/OneDrive/Belgeler/github/S32EX/Matlab_Softwares/TJA1042_Loop_Example/TJA1042_Loop_Example_Config/RTD/src/Emios_Pwm_Ip.c:2976:6:Emios_Pwm_Ip_ComparatorTransferEnable	16	static
C:/Users/acalg/OneDrive/Belgeler/github/S32EX/Matlab_Softwares/TJA1042_Loop_Example/TJA1042_Loop_Example_Config/RTD/src/Emios_Pwm_Ip.c:2997:6:Emios_Pwm_Ip_ComparatorTransferDisable	16	static
C:/Users/acalg/OneDrive/Belgeler/github/S32EX/Matlab_Softwares/TJA1042_Loop_Example/TJA1042_Loop_Example_Config/RTD/src/Emios_Pwm_Ip.c:3019:6:Emios_Pwm_Ip_SyncUpdate	24	static
C:/Users/acalg/OneDrive/Belgeler/github/S32EX/Matlab_Softwares/TJA1042_Loop_Example/TJA1042_Loop_Example_Config/RTD/src/Emios_Pwm_Ip.c:3087:6:Emios_Pwm_Ip_UpdateUCRegA	0	static
C:/Users/acalg/OneDrive/Belgeler/github/S32EX/Matlab_Softwares/TJA1042_Loop_Example/TJA1042_Loop_Example_Config/RTD/src/Emios_Pwm_Ip.c:3107:6:Emios_Pwm_Ip_UpdateUCRegB	0	static
