C:/Users/acalg/OneDrive/Belgeler/github/S32EX/Matlab_Softwares/TJA1042_Loop_Example/TJA1042_Loop_Example_Config/RTD/src/Emios_Icu_Ip.c:522:6:Emios_Icu_Ip_EnableInterrupt	8	static
C:/Users/acalg/OneDrive/Belgeler/github/S32EX/Matlab_Softwares/TJA1042_Loop_Example/TJA1042_Loop_Example_Config/RTD/src/Emios_Icu_Ip.c:534:6:Emios_Icu_Ip_DisableInterrupt	16	static
C:/Users/acalg/OneDrive/Belgeler/github/S32EX/Matlab_Softwares/TJA1042_Loop_Example/TJA1042_Loop_Example_Config/RTD/src/Emios_Icu_Ip.c:702:25:Emios_Icu_Ip_Deinit	32	static
C:/Users/acalg/OneDrive/Belgeler/github/S32EX/Matlab_Softwares/TJA1042_Loop_Example/TJA1042_Loop_Example_Config/RTD/src/Emios_Icu_Ip.c:795:6:Emios_Icu_Ip_SetSleepMode	16	static
C:/Users/acalg/OneDrive/Belgeler/github/S32EX/Matlab_Softwares/TJA1042_Loop_Example/TJA1042_Loop_Example_Config/RTD/src/Emios_Icu_Ip.c:806:6:Emios_Icu_Ip_SetNormalMode	8	static
C:/Users/acalg/OneDrive/Belgeler/github/S32EX/Matlab_Softwares/TJA1042_Loop_Example/TJA1042_Loop_Example_Config/RTD/src/Emios_Icu_Ip.c:819:6:Emios_Icu_Ip_SetActivation	16	static
C:/Users/acalg/OneDrive/Belgeler/github/S32EX/Matlab_Softwares/TJA1042_Loop_Example/TJA1042_Loop_Example_Config/RTD/src/Emios_Icu_Ip.c:543:25:Emios_Icu_Ip_Init	80	static
C:/Users/acalg/OneDrive/Belgeler/github/S32EX/Matlab_Softwares/TJA1042_Loop_Example/TJA1042_Loop_Example_Config/RTD/src/Emios_Icu_Ip.c:866:6:Emios_Icu_Ip_EnableEdgeDetection	32	static
C:/Users/acalg/OneDrive/Belgeler/github/S32EX/Matlab_Softwares/TJA1042_Loop_Example/TJA1042_Loop_Example_Config/RTD/src/Emios_Icu_Ip.c:898:6:Emios_Icu_Ip_DisableEdgeDetection	32	static
C:/Users/acalg/OneDrive/Belgeler/github/S32EX/Matlab_Softwares/TJA1042_Loop_Example/TJA1042_Loop_Example_Config/RTD/src/Emios_Icu_Ip.c:923:6:Emios_Icu_Ip_EnableNotification	0	static
C:/Users/acalg/OneDrive/Belgeler/github/S32EX/Matlab_Softwares/TJA1042_Loop_Example/TJA1042_Loop_Example_Config/RTD/src/Emios_Icu_Ip.c:935:6:Emios_Icu_Ip_DisableNotification	0	static
C:/Users/acalg/OneDrive/Belgeler/github/S32EX/Matlab_Softwares/TJA1042_Loop_Example/TJA1042_Loop_Example_Config/RTD/src/Emios_Icu_Ip.c:948:6:Emios_Icu_Ip_StartTimestamp	48	static
C:/Users/acalg/OneDrive/Belgeler/github/S32EX/Matlab_Softwares/TJA1042_Loop_Example/TJA1042_Loop_Example_Config/RTD/src/Emios_Icu_Ip.c:1083:8:Emios_Icu_Ip_GetTimestampIndex	0	static
C:/Users/acalg/OneDrive/Belgeler/github/S32EX/Matlab_Softwares/TJA1042_Loop_Example/TJA1042_Loop_Example_Config/RTD/src/Emios_Icu_Ip.c:1135:6:Emios_Icu_Ip_StopTimestamp	32	static
C:/Users/acalg/OneDrive/Belgeler/github/S32EX/Matlab_Softwares/TJA1042_Loop_Example/TJA1042_Loop_Example_Config/RTD/src/Emios_Icu_Ip.c:1191:6:Emios_Icu_Ip_ResetEdgeCount	32	static
C:/Users/acalg/OneDrive/Belgeler/github/S32EX/Matlab_Softwares/TJA1042_Loop_Example/TJA1042_Loop_Example_Config/RTD/src/Emios_Icu_Ip.c:1228:6:Emios_Icu_Ip_EnableEdgeCount	24	static
C:/Users/acalg/OneDrive/Belgeler/github/S32EX/Matlab_Softwares/TJA1042_Loop_Example/TJA1042_Loop_Example_Config/RTD/src/Emios_Icu_Ip.c:1268:6:Emios_Icu_Ip_DisableEdgeCount	16	static
C:/Users/acalg/OneDrive/Belgeler/github/S32EX/Matlab_Softwares/TJA1042_Loop_Example/TJA1042_Loop_Example_Config/RTD/src/Emios_Icu_Ip.c:1298:21:Emios_Icu_Ip_GetEdgeNumbers	0	static
C:/Users/acalg/OneDrive/Belgeler/github/S32EX/Matlab_Softwares/TJA1042_Loop_Example/TJA1042_Loop_Example_Config/RTD/src/Emios_Icu_Ip.c:1361:6:Emios_Icu_Ip_StartSignalMeasurement	48	static
C:/Users/acalg/OneDrive/Belgeler/github/S32EX/Matlab_Softwares/TJA1042_Loop_Example/TJA1042_Loop_Example_Config/RTD/src/Emios_Icu_Ip.c:1494:6:Emios_Icu_Ip_StopSignalMeasurement	40	static
C:/Users/acalg/OneDrive/Belgeler/github/S32EX/Matlab_Softwares/TJA1042_Loop_Example/TJA1042_Loop_Example_Config/RTD/src/Emios_Icu_Ip.c:1532:21:Emios_Icu_Ip_GetTimeElapsed	0	static
C:/Users/acalg/OneDrive/Belgeler/github/S32EX/Matlab_Softwares/TJA1042_Loop_Example/TJA1042_Loop_Example_Config/RTD/src/Emios_Icu_Ip.c:1567:6:Emios_Icu_Ip_GetDutyCycleValues	12	static
C:/Users/acalg/OneDrive/Belgeler/github/S32EX/Matlab_Softwares/TJA1042_Loop_Example/TJA1042_Loop_Example_Config/RTD/src/Emios_Icu_Ip.c:1604:6:Emios_Icu_Ip_SetPWandPeriod	4	static
C:/Users/acalg/OneDrive/Belgeler/github/S32EX/Matlab_Softwares/TJA1042_Loop_Example/TJA1042_Loop_Example_Config/RTD/src/Emios_Icu_Ip.c:1616:9:Emios_Icu_Ip_GetInputState	8	static
C:/Users/acalg/OneDrive/Belgeler/github/S32EX/Matlab_Softwares/TJA1042_Loop_Example/TJA1042_Loop_Example_Config/RTD/src/Emios_Icu_Ip.c:1665:9:Emios_Icu_Ip_GetOverflow	0	static
C:/Users/acalg/OneDrive/Belgeler/github/S32EX/Matlab_Softwares/TJA1042_Loop_Example/TJA1042_Loop_Example_Config/RTD/src/Emios_Icu_Ip.c:1772:6:Emios_Icu_Ip_GetPulseWidth	0	static
C:/Users/acalg/OneDrive/Belgeler/github/S32EX/Matlab_Softwares/TJA1042_Loop_Example/TJA1042_Loop_Example_Config/RTD/src/Emios_Icu_Ip.c:1785:16:Emios_Icu_Ip_ValidateSignalMeasureWithoutInterrupt	0	static
