C:/Users/acalg/OneDrive/Belgeler/github/S32EX/Matlab_Softwares/TJA1042_Loop_Example/TJA1042_Loop_Example_Config/RTD/src/Emios_Mcl_Ip_Irq.c:1023:1:EMIOS0_5_IRQ	0	static
C:/Users/acalg/OneDrive/Belgeler/github/S32EX/Matlab_Softwares/TJA1042_Loop_Example/TJA1042_Loop_Example_Config/RTD/src/Emios_Mcl_Ip_Irq.c:1225:1:EMIOS0_3_IRQ	0	static
C:/Users/acalg/OneDrive/Belgeler/github/S32EX/Matlab_Softwares/TJA1042_Loop_Example/TJA1042_Loop_Example_Config/RTD/src/Emios_Mcl_Ip_Irq.c:1427:1:EMIOS0_1_IRQ	0	static
C:/Users/acalg/OneDrive/Belgeler/github/S32EX/Matlab_Softwares/TJA1042_Loop_Example/TJA1042_Loop_Example_Config/RTD/src/Emios_Mcl_Ip_Irq.c:1630:1:EMIOS1_5_IRQ	8	static
C:/Users/acalg/OneDrive/Belgeler/github/S32EX/Matlab_Softwares/TJA1042_Loop_Example/TJA1042_Loop_Example_Config/RTD/src/Emios_Mcl_Ip_Irq.c:2034:1:EMIOS1_1_IRQ	0	static
C:/Users/acalg/OneDrive/Belgeler/github/S32EX/Matlab_Softwares/TJA1042_Loop_Example/TJA1042_Loop_Example_Config/RTD/src/Emios_Mcl_Ip_Irq.c:2135:1:EMIOS1_0_IRQ	8	static
C:/Users/acalg/OneDrive/Belgeler/github/S32EX/Matlab_Softwares/TJA1042_Loop_Example/TJA1042_Loop_Example_Config/RTD/src/Emios_Mcl_Ip_Irq.c:2237:1:EMIOS2_5_IRQ	8	static
C:/Users/acalg/OneDrive/Belgeler/github/S32EX/Matlab_Softwares/TJA1042_Loop_Example/TJA1042_Loop_Example_Config/RTD/src/Emios_Mcl_Ip_Irq.c:2338:1:EMIOS2_4_IRQ	0	static
