C:/Users/acalg/OneDrive/Belgeler/github/S32EX/Matlab_Softwares/TJA1042_Loop_Example/TJA1042_Loop_Example_Config/RTD/src/FlexCAN_Ip_Irq.c:206:1:CAN0_ORED_IRQHandler	0	static
C:/Users/acalg/OneDrive/Belgeler/github/S32EX/Matlab_Softwares/TJA1042_Loop_Example/TJA1042_Loop_Example_Config/RTD/src/FlexCAN_Ip_Irq.c:216:1:CAN0_ORED_0_31_MB_IRQHandler	0	static
C:/Users/acalg/OneDrive/Belgeler/github/S32EX/Matlab_Softwares/TJA1042_Loop_Example/TJA1042_Loop_Example_Config/RTD/src/FlexCAN_Ip_Irq.c:223:1:CAN0_ORED_32_63_MB_IRQHandler	0	static
C:/Users/acalg/OneDrive/Belgeler/github/S32EX/Matlab_Softwares/TJA1042_Loop_Example/TJA1042_Loop_Example_Config/RTD/src/FlexCAN_Ip_Irq.c:231:1:CAN0_ORED_64_95_MB_IRQHandler	0	static
C:/Users/acalg/OneDrive/Belgeler/github/S32EX/Matlab_Softwares/TJA1042_Loop_Example/TJA1042_Loop_Example_Config/RTD/src/FlexCAN_Ip_Irq.c:239:1:CAN1_ORED_IRQHandler	0	static
C:/Users/acalg/OneDrive/Belgeler/github/S32EX/Matlab_Softwares/TJA1042_Loop_Example/TJA1042_Loop_Example_Config/RTD/src/FlexCAN_Ip_Irq.c:249:1:CAN1_ORED_0_31_MB_IRQHandler	0	static
C:/Users/acalg/OneDrive/Belgeler/github/S32EX/Matlab_Softwares/TJA1042_Loop_Example/TJA1042_Loop_Example_Config/RTD/src/FlexCAN_Ip_Irq.c:262:1:CAN1_ORED_32_63_MB_IRQHandler	0	static
C:/Users/acalg/OneDrive/Belgeler/github/S32EX/Matlab_Softwares/TJA1042_Loop_Example/TJA1042_Loop_Example_Config/RTD/src/FlexCAN_Ip_Irq.c:281:1:CAN2_ORED_IRQHandler	0	static
C:/Users/acalg/OneDrive/Belgeler/github/S32EX/Matlab_Softwares/TJA1042_Loop_Example/TJA1042_Loop_Example_Config/RTD/src/FlexCAN_Ip_Irq.c:291:1:CAN2_ORED_0_31_MB_IRQHandler	0	static
C:/Users/acalg/OneDrive/Belgeler/github/S32EX/Matlab_Softwares/TJA1042_Loop_Example/TJA1042_Loop_Example_Config/RTD/src/FlexCAN_Ip_Irq.c:304:1:CAN2_ORED_32_63_MB_IRQHandler	0	static
C:/Users/acalg/OneDrive/Belgeler/github/S32EX/Matlab_Softwares/TJA1042_Loop_Example/TJA1042_Loop_Example_Config/RTD/src/FlexCAN_Ip_Irq.c:323:1:CAN3_ORED_IRQHandler	0	static
C:/Users/acalg/OneDrive/Belgeler/github/S32EX/Matlab_Softwares/TJA1042_Loop_Example/TJA1042_Loop_Example_Config/RTD/src/FlexCAN_Ip_Irq.c:333:1:CAN3_ORED_0_31_MB_IRQHandler	0	static
C:/Users/acalg/OneDrive/Belgeler/github/S32EX/Matlab_Softwares/TJA1042_Loop_Example/TJA1042_Loop_Example_Config/RTD/src/FlexCAN_Ip_Irq.c:352:1:CAN4_ORED_IRQHandler	0	static
C:/Users/acalg/OneDrive/Belgeler/github/S32EX/Matlab_Softwares/TJA1042_Loop_Example/TJA1042_Loop_Example_Config/RTD/src/FlexCAN_Ip_Irq.c:362:1:CAN4_ORED_0_31_MB_IRQHandler	0	static
C:/Users/acalg/OneDrive/Belgeler/github/S32EX/Matlab_Softwares/TJA1042_Loop_Example/TJA1042_Loop_Example_Config/RTD/src/FlexCAN_Ip_Irq.c:381:1:CAN5_ORED_IRQHandler	0	static
C:/Users/acalg/OneDrive/Belgeler/github/S32EX/Matlab_Softwares/TJA1042_Loop_Example/TJA1042_Loop_Example_Config/RTD/src/FlexCAN_Ip_Irq.c:391:1:CAN5_ORED_0_31_MB_IRQHandler	0	static
