C:/Users/acalg/OneDrive/Belgeler/github/S32EX/Matlab_Softwares/TJA1042_Loop_Example/TJA1042_Loop_Example_Config/RTD/src/FlexCAN_Ip.c:706:30:FlexCAN_StartRxMessageEnhancedFifoData	0	static
C:/Users/acalg/OneDrive/Belgeler/github/S32EX/Matlab_Softwares/TJA1042_Loop_Example/TJA1042_Loop_Example_Config/RTD/src/FlexCAN_Ip.c:2795:13:FlexCAN_CompleteRxMessageFifoData	32	static
C:/Users/acalg/OneDrive/Belgeler/github/S32EX/Matlab_Softwares/TJA1042_Loop_Example/TJA1042_Loop_Example_Config/RTD/src/FlexCAN_Ip.c:983:30:FlexCAN_StartRxMessageBufferData	24	static
C:/Users/acalg/OneDrive/Belgeler/github/S32EX/Matlab_Softwares/TJA1042_Loop_Example/TJA1042_Loop_Example_Config/RTD/src/FlexCAN_Ip.c:1557:13:FlexCAN_IRQHandlerEnhancedRxFIFO	112	static
C:/Users/acalg/OneDrive/Belgeler/github/S32EX/Matlab_Softwares/TJA1042_Loop_Example/TJA1042_Loop_Example_Config/RTD/src/FlexCAN_Ip.c:1110:30:FlexCAN_StartRxMessageFifoData.part.0	32	static
C:/Users/acalg/OneDrive/Belgeler/github/S32EX/Matlab_Softwares/TJA1042_Loop_Example/TJA1042_Loop_Example_Config/RTD/src/FlexCAN_Ip.c:1251:13:FlexCAN_IRQHandlerRxMB	120	static
C:/Users/acalg/OneDrive/Belgeler/github/S32EX/Matlab_Softwares/TJA1042_Loop_Example/TJA1042_Loop_Example_Config/RTD/src/FlexCAN_Ip.c:1431:20:FlexCAN_IRQHandlerRxFIFO	104	static
C:/Users/acalg/OneDrive/Belgeler/github/S32EX/Matlab_Softwares/TJA1042_Loop_Example/TJA1042_Loop_Example_Config/RTD/src/FlexCAN_Ip.c:903:30:FlexCAN_ProccessLegacyRxFIFO	48	static
C:/Users/acalg/OneDrive/Belgeler/github/S32EX/Matlab_Softwares/TJA1042_Loop_Example/TJA1042_Loop_Example_Config/RTD/src/FlexCAN_Ip.c:1031:30:FlexCAN_StartSendData	56	static
C:/Users/acalg/OneDrive/Belgeler/github/S32EX/Matlab_Softwares/TJA1042_Loop_Example/TJA1042_Loop_Example_Config/RTD/src/FlexCAN_Ip.c:1825:23:FlexCAN_Ip_Init_Privileged	24	static
C:/Users/acalg/OneDrive/Belgeler/github/S32EX/Matlab_Softwares/TJA1042_Loop_Example/TJA1042_Loop_Example_Config/RTD/src/FlexCAN_Ip.c:1928:23:FlexCAN_Ip_Send	32	static
C:/Users/acalg/OneDrive/Belgeler/github/S32EX/Matlab_Softwares/TJA1042_Loop_Example/TJA1042_Loop_Example_Config/RTD/src/FlexCAN_Ip.c:1975:23:FlexCAN_Ip_ConfigRxMb	40	static
C:/Users/acalg/OneDrive/Belgeler/github/S32EX/Matlab_Softwares/TJA1042_Loop_Example/TJA1042_Loop_Example_Config/RTD/src/FlexCAN_Ip.c:2032:23:FlexCAN_Ip_Receive	32	static
C:/Users/acalg/OneDrive/Belgeler/github/S32EX/Matlab_Softwares/TJA1042_Loop_Example/TJA1042_Loop_Example_Config/RTD/src/FlexCAN_Ip.c:2069:23:FlexCAN_Ip_ReceiveBlocking	72	static
C:/Users/acalg/OneDrive/Belgeler/github/S32EX/Matlab_Softwares/TJA1042_Loop_Example/TJA1042_Loop_Example_Config/RTD/src/FlexCAN_Ip.c:2423:23:FlexCAN_Ip_RxFifo	16	static
C:/Users/acalg/OneDrive/Belgeler/github/S32EX/Matlab_Softwares/TJA1042_Loop_Example/TJA1042_Loop_Example_Config/RTD/src/FlexCAN_Ip.c:2463:23:FlexCAN_Ip_RxFifoBlocking	48	static
C:/Users/acalg/OneDrive/Belgeler/github/S32EX/Matlab_Softwares/TJA1042_Loop_Example/TJA1042_Loop_Example_Config/RTD/src/FlexCAN_Ip.c:2515:23:FlexCAN_Ip_ConfigRxFifo_Privileged	24	static
C:/Users/acalg/OneDrive/Belgeler/github/S32EX/Matlab_Softwares/TJA1042_Loop_Example/TJA1042_Loop_Example_Config/RTD/src/FlexCAN_Ip.c:2571:23:FlexCAN_Ip_ConfigEnhancedRxFifo_Privileged	24	static
C:/Users/acalg/OneDrive/Belgeler/github/S32EX/Matlab_Softwares/TJA1042_Loop_Example/TJA1042_Loop_Example_Config/RTD/src/FlexCAN_Ip.c:2630:23:FlexCAN_Ip_ConfigRemoteResponseMb	56	static
C:/Users/acalg/OneDrive/Belgeler/github/S32EX/Matlab_Softwares/TJA1042_Loop_Example/TJA1042_Loop_Example_Config/RTD/src/FlexCAN_Ip.c:2693:23:FlexCAN_Ip_GetTransferStatus	0	static
C:/Users/acalg/OneDrive/Belgeler/github/S32EX/Matlab_Softwares/TJA1042_Loop_Example/TJA1042_Loop_Example_Config/RTD/src/FlexCAN_Ip.c:2898:6:FlexCAN_IRQHandler	136	static
C:/Users/acalg/OneDrive/Belgeler/github/S32EX/Matlab_Softwares/TJA1042_Loop_Example/TJA1042_Loop_Example_Config/RTD/src/FlexCAN_Ip.c:3009:6:FlexCAN_Ip_ClearErrorStatus	0	static
C:/Users/acalg/OneDrive/Belgeler/github/S32EX/Matlab_Softwares/TJA1042_Loop_Example/TJA1042_Loop_Example_Config/RTD/src/FlexCAN_Ip.c:3028:8:FlexCAN_Ip_GetErrorStatus	0	static
C:/Users/acalg/OneDrive/Belgeler/github/S32EX/Matlab_Softwares/TJA1042_Loop_Example/TJA1042_Loop_Example_Config/RTD/src/FlexCAN_Ip.c:3047:7:FlexCAN_Ip_GetControllerTxErrorCounter	0	static
C:/Users/acalg/OneDrive/Belgeler/github/S32EX/Matlab_Softwares/TJA1042_Loop_Example/TJA1042_Loop_Example_Config/RTD/src/FlexCAN_Ip.c:3066:7:FlexCAN_Ip_GetControllerRxErrorCounter	0	static
C:/Users/acalg/OneDrive/Belgeler/github/S32EX/Matlab_Softwares/TJA1042_Loop_Example/TJA1042_Loop_Example_Config/RTD/src/FlexCAN_Ip.c:3087:6:FlexCAN_Busoff_Error_IRQHandler	24	static
C:/Users/acalg/OneDrive/Belgeler/github/S32EX/Matlab_Softwares/TJA1042_Loop_Example/TJA1042_Loop_Example_Config/RTD/src/FlexCAN_Ip.c:3342:23:FlexCAN_Ip_SendBlocking	72	static
C:/Users/acalg/OneDrive/Belgeler/github/S32EX/Matlab_Softwares/TJA1042_Loop_Example/TJA1042_Loop_Example_Config/RTD/src/FlexCAN_Ip.c:3438:23:FlexCAN_Ip_SetRxMbGlobalMask_Privileged	16	static
C:/Users/acalg/OneDrive/Belgeler/github/S32EX/Matlab_Softwares/TJA1042_Loop_Example/TJA1042_Loop_Example_Config/RTD/src/FlexCAN_Ip.c:3487:23:FlexCAN_Ip_EnterFreezeMode_Privileged	0	static
C:/Users/acalg/OneDrive/Belgeler/github/S32EX/Matlab_Softwares/TJA1042_Loop_Example/TJA1042_Loop_Example_Config/RTD/src/FlexCAN_Ip.c:3501:23:FlexCAN_Ip_ExitFreezeMode_Privileged	0	static
C:/Users/acalg/OneDrive/Belgeler/github/S32EX/Matlab_Softwares/TJA1042_Loop_Example/TJA1042_Loop_Example_Config/RTD/src/FlexCAN_Ip.c:3515:23:FlexCAN_Ip_SetRxIndividualMask_Privileged	24	static
C:/Users/acalg/OneDrive/Belgeler/github/S32EX/Matlab_Softwares/TJA1042_Loop_Example/TJA1042_Loop_Example_Config/RTD/src/FlexCAN_Ip.c:3574:23:FlexCAN_Ip_SetRxFifoGlobalMask_Privileged	16	static
C:/Users/acalg/OneDrive/Belgeler/github/S32EX/Matlab_Softwares/TJA1042_Loop_Example/TJA1042_Loop_Example_Config/RTD/src/FlexCAN_Ip.c:3625:23:FlexCAN_Ip_Deinit_Privileged	24	static
C:/Users/acalg/OneDrive/Belgeler/github/S32EX/Matlab_Softwares/TJA1042_Loop_Example/TJA1042_Loop_Example_Config/RTD/src/FlexCAN_Ip.c:3666:6:FlexCAN_Ip_MainFunctionRead	104	static
C:/Users/acalg/OneDrive/Belgeler/github/S32EX/Matlab_Softwares/TJA1042_Loop_Example/TJA1042_Loop_Example_Config/RTD/src/FlexCAN_Ip.c:3732:23:FlexCAN_Ip_MainFunctionBusOff_Privileged	16	static
C:/Users/acalg/OneDrive/Belgeler/github/S32EX/Matlab_Softwares/TJA1042_Loop_Example/TJA1042_Loop_Example_Config/RTD/src/FlexCAN_Ip.c:3768:6:FlexCAN_Ip_MainFunctionWrite	104	static
C:/Users/acalg/OneDrive/Belgeler/github/S32EX/Matlab_Softwares/TJA1042_Loop_Example/TJA1042_Loop_Example_Config/RTD/src/FlexCAN_Ip.c:3824:9:FlexCAN_Ip_GetStopMode_Privileged	0	static
C:/Users/acalg/OneDrive/Belgeler/github/S32EX/Matlab_Softwares/TJA1042_Loop_Example/TJA1042_Loop_Example_Config/RTD/src/FlexCAN_Ip.c:3838:9:FlexCAN_Ip_GetStartMode_Privileged	0	static
C:/Users/acalg/OneDrive/Belgeler/github/S32EX/Matlab_Softwares/TJA1042_Loop_Example/TJA1042_Loop_Example_Config/RTD/src/FlexCAN_Ip.c:3852:23:FlexCAN_Ip_SetStartMode_Privileged	8	static
C:/Users/acalg/OneDrive/Belgeler/github/S32EX/Matlab_Softwares/TJA1042_Loop_Example/TJA1042_Loop_Example_Config/RTD/src/FlexCAN_Ip.c:3877:23:FlexCAN_Ip_SetStopMode_Privileged	8	static
C:/Users/acalg/OneDrive/Belgeler/github/S32EX/Matlab_Softwares/TJA1042_Loop_Example/TJA1042_Loop_Example_Config/RTD/src/FlexCAN_Ip.c:3911:23:FlexCAN_Ip_SetRxMaskType_Privileged	24	static
C:/Users/acalg/OneDrive/Belgeler/github/S32EX/Matlab_Softwares/TJA1042_Loop_Example/TJA1042_Loop_Example_Config/RTD/src/FlexCAN_Ip.c:3970:23:FlexCAN_Ip_SetBitrate_Privileged	32	static
C:/Users/acalg/OneDrive/Belgeler/github/S32EX/Matlab_Softwares/TJA1042_Loop_Example/TJA1042_Loop_Example_Config/RTD/src/FlexCAN_Ip.c:4052:9:FlexCAN_Ip_GetBitrate	4	static
C:/Users/acalg/OneDrive/Belgeler/github/S32EX/Matlab_Softwares/TJA1042_Loop_Example/TJA1042_Loop_Example_Config/RTD/src/FlexCAN_Ip.c:4092:6:FlexCAN_Ip_ClearTDCFail	8	static
C:/Users/acalg/OneDrive/Belgeler/github/S32EX/Matlab_Softwares/TJA1042_Loop_Example/TJA1042_Loop_Example_Config/RTD/src/FlexCAN_Ip.c:4124:9:FlexCAN_Ip_GetTDCFail	0	static
C:/Users/acalg/OneDrive/Belgeler/github/S32EX/Matlab_Softwares/TJA1042_Loop_Example/TJA1042_Loop_Example_Config/RTD/src/FlexCAN_Ip.c:4154:7:FlexCAN_Ip_GetTDCValue	0	static
C:/Users/acalg/OneDrive/Belgeler/github/S32EX/Matlab_Softwares/TJA1042_Loop_Example/TJA1042_Loop_Example_Config/RTD/src/FlexCAN_Ip.c:4187:23:FlexCAN_Ip_SetBitrateCbt_Privileged	32	static
C:/Users/acalg/OneDrive/Belgeler/github/S32EX/Matlab_Softwares/TJA1042_Loop_Example/TJA1042_Loop_Example_Config/RTD/src/FlexCAN_Ip.c:4263:9:FlexCAN_Ip_GetBitrateFD	8	static
C:/Users/acalg/OneDrive/Belgeler/github/S32EX/Matlab_Softwares/TJA1042_Loop_Example/TJA1042_Loop_Example_Config/RTD/src/FlexCAN_Ip.c:4296:23:FlexCAN_Ip_SetTDCOffset_Privileged	24	static
C:/Users/acalg/OneDrive/Belgeler/github/S32EX/Matlab_Softwares/TJA1042_Loop_Example/TJA1042_Loop_Example_Config/RTD/src/FlexCAN_Ip.c:4367:23:FlexCAN_Ip_SetTxArbitrationStartDelay_Privileged	16	static
C:/Users/acalg/OneDrive/Belgeler/github/S32EX/Matlab_Softwares/TJA1042_Loop_Example/TJA1042_Loop_Example_Config/RTD/src/FlexCAN_Ip.c:4423:9:FlexCAN_Ip_GetBuffStatusFlag	0	static
C:/Users/acalg/OneDrive/Belgeler/github/S32EX/Matlab_Softwares/TJA1042_Loop_Example/TJA1042_Loop_Example_Config/RTD/src/FlexCAN_Ip.c:4451:6:FlexCAN_Ip_ClearBuffStatusFlag	0	static
C:/Users/acalg/OneDrive/Belgeler/github/S32EX/Matlab_Softwares/TJA1042_Loop_Example/TJA1042_Loop_Example_Config/RTD/src/FlexCAN_Ip.c:4479:23:FlexCAN_Ip_EnableInterrupts_Privileged	16	static
C:/Users/acalg/OneDrive/Belgeler/github/S32EX/Matlab_Softwares/TJA1042_Loop_Example/TJA1042_Loop_Example_Config/RTD/src/FlexCAN_Ip.c:4515:23:FlexCAN_Ip_DisableInterrupts_Privileged	16	static
C:/Users/acalg/OneDrive/Belgeler/github/S32EX/Matlab_Softwares/TJA1042_Loop_Example/TJA1042_Loop_Example_Config/RTD/src/FlexCAN_Ip.c:4551:23:FlexCAN_Ip_SetErrorInt_Privileged	32	static
C:/Users/acalg/OneDrive/Belgeler/github/S32EX/Matlab_Softwares/TJA1042_Loop_Example/TJA1042_Loop_Example_Config/RTD/src/FlexCAN_Ip.c:4644:23:FlexCAN_Ip_AbortTransfer	64	static
C:/Users/acalg/OneDrive/Belgeler/github/S32EX/Matlab_Softwares/TJA1042_Loop_Example/TJA1042_Loop_Example_Config/RTD/src/FlexCAN_Ip.c:4709:23:FlexCAN_Ip_SetRxMb14Mask_Privileged	16	static
C:/Users/acalg/OneDrive/Belgeler/github/S32EX/Matlab_Softwares/TJA1042_Loop_Example/TJA1042_Loop_Example_Config/RTD/src/FlexCAN_Ip.c:4751:23:FlexCAN_Ip_SetRxMb15Mask_Privileged	16	static
C:/Users/acalg/OneDrive/Belgeler/github/S32EX/Matlab_Softwares/TJA1042_Loop_Example/TJA1042_Loop_Example_Config/RTD/src/FlexCAN_Ip.c:4801:23:FlexCAN_Ip_SetListenOnlyMode_Privileged	16	static
C:/Users/acalg/OneDrive/Belgeler/github/S32EX/Matlab_Softwares/TJA1042_Loop_Example/TJA1042_Loop_Example_Config/RTD/src/FlexCAN_Ip.c:4856:9:FlexCAN_Ip_GetListenOnlyMode	0	static
C:/Users/acalg/OneDrive/Belgeler/github/S32EX/Matlab_Softwares/TJA1042_Loop_Example/TJA1042_Loop_Example_Config/RTD/src/FlexCAN_Ip.c:5082:23:FlexCAN_Ip_ManualBusOffRecovery	32	static
