C:/Users/acalg/OneDrive/Belgeler/github/S32EX/Matlab_Softwares/TJA1042_Loop_Example/TJA1042_Loop_Example_Config/RTD/src/Flexio_I2c_Ip.c:1148:13:Flexio_I2c_Ip_ReadData	8	static
C:/Users/acalg/OneDrive/Belgeler/github/S32EX/Matlab_Softwares/TJA1042_Loop_Example/TJA1042_Loop_Example_Config/RTD/src/Flexio_I2c_Ip.c:1195:13:Flexio_I2c_Ip_WriteData	0	static
C:/Users/acalg/OneDrive/Belgeler/github/S32EX/Matlab_Softwares/TJA1042_Loop_Example/TJA1042_Loop_Example_Config/RTD/src/Flexio_I2c_Ip.c:1334:13:Flexio_I2c_Ip_MasterStopTransfer	32	static
C:/Users/acalg/OneDrive/Belgeler/github/S32EX/Matlab_Softwares/TJA1042_Loop_Example/TJA1042_Loop_Example_Config/RTD/src/Flexio_I2c_Ip.c:1583:33:Flexio_I2c_Ip_MasterStartTransfer.part.0	32	static
C:/Users/acalg/OneDrive/Belgeler/github/S32EX/Matlab_Softwares/TJA1042_Loop_Example/TJA1042_Loop_Example_Config/RTD/src/Flexio_I2c_Ip.c:1805:26:Flexio_I2c_Ip_MasterInit	48	static
C:/Users/acalg/OneDrive/Belgeler/github/S32EX/Matlab_Softwares/TJA1042_Loop_Example/TJA1042_Loop_Example_Config/RTD/src/Flexio_I2c_Ip.c:1893:26:Flexio_I2c_Ip_MasterDeinit	16	static
C:/Users/acalg/OneDrive/Belgeler/github/S32EX/Matlab_Softwares/TJA1042_Loop_Example/TJA1042_Loop_Example_Config/RTD/src/Flexio_I2c_Ip.c:1932:26:Flexio_I2c_Ip_MasterSetBaudRate	4	static
C:/Users/acalg/OneDrive/Belgeler/github/S32EX/Matlab_Softwares/TJA1042_Loop_Example/TJA1042_Loop_Example_Config/RTD/src/Flexio_I2c_Ip.c:1973:26:Flexio_I2c_Ip_MasterGetBaudRate	4	static
C:/Users/acalg/OneDrive/Belgeler/github/S32EX/Matlab_Softwares/TJA1042_Loop_Example/TJA1042_Loop_Example_Config/RTD/src/Flexio_I2c_Ip.c:2008:26:Flexio_I2c_Ip_MasterSetSlaveAddr	0	static
C:/Users/acalg/OneDrive/Belgeler/github/S32EX/Matlab_Softwares/TJA1042_Loop_Example/TJA1042_Loop_Example_Config/RTD/src/Flexio_I2c_Ip.c:2035:26:Flexio_I2c_Ip_MasterSendData	8	static
C:/Users/acalg/OneDrive/Belgeler/github/S32EX/Matlab_Softwares/TJA1042_Loop_Example/TJA1042_Loop_Example_Config/RTD/src/Flexio_I2c_Ip.c:2129:26:Flexio_I2c_Ip_MasterReceiveData	8	static
C:/Users/acalg/OneDrive/Belgeler/github/S32EX/Matlab_Softwares/TJA1042_Loop_Example/TJA1042_Loop_Example_Config/RTD/src/Flexio_I2c_Ip.c:2222:26:Flexio_I2c_Ip_MasterTransferAbort	8	static
C:/Users/acalg/OneDrive/Belgeler/github/S32EX/Matlab_Softwares/TJA1042_Loop_Example/TJA1042_Loop_Example_Config/RTD/src/Flexio_I2c_Ip.c:2255:26:Flexio_I2c_Ip_MasterGetStatus	24	static
C:/Users/acalg/OneDrive/Belgeler/github/S32EX/Matlab_Softwares/TJA1042_Loop_Example/TJA1042_Loop_Example_Config/RTD/src/Flexio_I2c_Ip.c:1375:33:Flexio_I2c_Ip_MasterWaitTransferEnd	32	static
C:/Users/acalg/OneDrive/Belgeler/github/S32EX/Matlab_Softwares/TJA1042_Loop_Example/TJA1042_Loop_Example_Config/RTD/src/Flexio_I2c_Ip.c:2082:26:Flexio_I2c_Ip_MasterSendDataBlocking	16	static
C:/Users/acalg/OneDrive/Belgeler/github/S32EX/Matlab_Softwares/TJA1042_Loop_Example/TJA1042_Loop_Example_Config/RTD/src/Flexio_I2c_Ip.c:2176:26:Flexio_I2c_Ip_MasterReceiveDataBlocking	16	static
C:/Users/acalg/OneDrive/Belgeler/github/S32EX/Matlab_Softwares/TJA1042_Loop_Example/TJA1042_Loop_Example_Config/RTD/src/Flexio_I2c_Ip.c:2310:6:Flexio_I2c_Ip_SetMasterCallback	0	static
C:/Users/acalg/OneDrive/Belgeler/github/S32EX/Matlab_Softwares/TJA1042_Loop_Example/TJA1042_Loop_Example_Config/RTD/src/Flexio_I2c_Ip.c:2448:6:Flexio_I2c_Ip_IrqHandler	32	static
