C:/Users/acalg/OneDrive/Belgeler/github/S32EX/Matlab_Softwares/TJA1042_Loop_Example/TJA1042_Loop_Example_Config/RTD/src/Flexio_Mcl_Ip_HwAccess.c:158:7:Flexio_Mcl_Ip_SetSoftwareReset	16	static
C:/Users/acalg/OneDrive/Belgeler/github/S32EX/Matlab_Softwares/TJA1042_Loop_Example/TJA1042_Loop_Example_Config/RTD/src/Flexio_Mcl_Ip_HwAccess.c:173:7:Flexio_Mcl_Ip_SetDebugEnable	16	static
C:/Users/acalg/OneDrive/Belgeler/github/S32EX/Matlab_Softwares/TJA1042_Loop_Example/TJA1042_Loop_Example_Config/RTD/src/Flexio_Mcl_Ip_HwAccess.c:187:7:Flexio_Mcl_Ip_SetEnable	16	static
C:/Users/acalg/OneDrive/Belgeler/github/S32EX/Matlab_Softwares/TJA1042_Loop_Example/TJA1042_Loop_Example_Config/RTD/src/Flexio_Mcl_Ip_HwAccess.c:207:10:Flexio_Mcl_Ip_GetShifterStatus	0	static
C:/Users/acalg/OneDrive/Belgeler/github/S32EX/Matlab_Softwares/TJA1042_Loop_Example/TJA1042_Loop_Example_Config/RTD/src/Flexio_Mcl_Ip_HwAccess.c:223:9:Flexio_Mcl_Ip_GetAllShifterStatus	0	static
C:/Users/acalg/OneDrive/Belgeler/github/S32EX/Matlab_Softwares/TJA1042_Loop_Example/TJA1042_Loop_Example_Config/RTD/src/Flexio_Mcl_Ip_HwAccess.c:232:7:Flexio_Mcl_Ip_ClearShifterStatus	0	static
C:/Users/acalg/OneDrive/Belgeler/github/S32EX/Matlab_Softwares/TJA1042_Loop_Example/TJA1042_Loop_Example_Config/RTD/src/Flexio_Mcl_Ip_HwAccess.c:246:10:Flexio_Mcl_Ip_GetShifterErrorStatus	0	static
C:/Users/acalg/OneDrive/Belgeler/github/S32EX/Matlab_Softwares/TJA1042_Loop_Example/TJA1042_Loop_Example_Config/RTD/src/Flexio_Mcl_Ip_HwAccess.c:262:9:Flexio_Mcl_Ip_GetAllShifterErrorStatus	0	static
C:/Users/acalg/OneDrive/Belgeler/github/S32EX/Matlab_Softwares/TJA1042_Loop_Example/TJA1042_Loop_Example_Config/RTD/src/Flexio_Mcl_Ip_HwAccess.c:271:7:Flexio_Mcl_Ip_ClearShifterErrorStatus	0	static
C:/Users/acalg/OneDrive/Belgeler/github/S32EX/Matlab_Softwares/TJA1042_Loop_Example/TJA1042_Loop_Example_Config/RTD/src/Flexio_Mcl_Ip_HwAccess.c:287:10:Flexio_Mcl_Ip_GetTimerStatus	0	static
C:/Users/acalg/OneDrive/Belgeler/github/S32EX/Matlab_Softwares/TJA1042_Loop_Example/TJA1042_Loop_Example_Config/RTD/src/Flexio_Mcl_Ip_HwAccess.c:292:10:Flexio_Mcl_Ip_GetTimerInterruptEnable	0	static
C:/Users/acalg/OneDrive/Belgeler/github/S32EX/Matlab_Softwares/TJA1042_Loop_Example/TJA1042_Loop_Example_Config/RTD/src/Flexio_Mcl_Ip_HwAccess.c:309:9:Flexio_Mcl_Ip_GetAllTimerStatus	0	static
C:/Users/acalg/OneDrive/Belgeler/github/S32EX/Matlab_Softwares/TJA1042_Loop_Example/TJA1042_Loop_Example_Config/RTD/src/Flexio_Mcl_Ip_HwAccess.c:318:7:Flexio_Mcl_Ip_ClearTimerStatus	0	static
C:/Users/acalg/OneDrive/Belgeler/github/S32EX/Matlab_Softwares/TJA1042_Loop_Example/TJA1042_Loop_Example_Config/RTD/src/Flexio_Mcl_Ip_HwAccess.c:328:9:Flexio_Mcl_Ip_GetAllShifterInterrupt	0	static
C:/Users/acalg/OneDrive/Belgeler/github/S32EX/Matlab_Softwares/TJA1042_Loop_Example/TJA1042_Loop_Example_Config/RTD/src/Flexio_Mcl_Ip_HwAccess.c:339:9:Flexio_Mcl_Ip_GetAllShifterErrorInterrupt	0	static
C:/Users/acalg/OneDrive/Belgeler/github/S32EX/Matlab_Softwares/TJA1042_Loop_Example/TJA1042_Loop_Example_Config/RTD/src/Flexio_Mcl_Ip_HwAccess.c:348:7:Flexio_Mcl_Ip_SetShifterErrorInterrupt	16	static
C:/Users/acalg/OneDrive/Belgeler/github/S32EX/Matlab_Softwares/TJA1042_Loop_Example/TJA1042_Loop_Example_Config/RTD/src/Flexio_Mcl_Ip_HwAccess.c:372:7:Flexio_Mcl_Ip_SetShifterInterrupt	16	static
C:/Users/acalg/OneDrive/Belgeler/github/S32EX/Matlab_Softwares/TJA1042_Loop_Example/TJA1042_Loop_Example_Config/RTD/src/Flexio_Mcl_Ip_HwAccess.c:395:8:Flexio_Mcl_Ip_GetAllPinsStatus	0	static
C:/Users/acalg/OneDrive/Belgeler/github/S32EX/Matlab_Softwares/TJA1042_Loop_Example/TJA1042_Loop_Example_Config/RTD/src/Flexio_Mcl_Ip_HwAccess.c:403:8:Flexio_Mcl_Ip_GetAllPinsInterrupt	0	static
C:/Users/acalg/OneDrive/Belgeler/github/S32EX/Matlab_Softwares/TJA1042_Loop_Example/TJA1042_Loop_Example_Config/RTD/src/Flexio_Mcl_Ip_HwAccess.c:412:7:Flexio_Mcl_Ip_SetShifterDMARequest	16	static
C:/Users/acalg/OneDrive/Belgeler/github/S32EX/Matlab_Softwares/TJA1042_Loop_Example/TJA1042_Loop_Example_Config/RTD/src/Flexio_Mcl_Ip_HwAccess.c:436:9:Flexio_Mcl_Ip_GetAllTimerInterrupt	0	static
C:/Users/acalg/OneDrive/Belgeler/github/S32EX/Matlab_Softwares/TJA1042_Loop_Example/TJA1042_Loop_Example_Config/RTD/src/Flexio_Mcl_Ip_HwAccess.c:446:7:Flexio_Mcl_Ip_SetTimerInterrupt	16	static
C:/Users/acalg/OneDrive/Belgeler/github/S32EX/Matlab_Softwares/TJA1042_Loop_Example/TJA1042_Loop_Example_Config/RTD/src/Flexio_Mcl_Ip_HwAccess.c:469:7:Flexio_Mcl_Ip_Init	8	static
C:/Users/acalg/OneDrive/Belgeler/github/S32EX/Matlab_Softwares/TJA1042_Loop_Example/TJA1042_Loop_Example_Config/RTD/src/Flexio_Mcl_Ip_HwAccess.c:482:6:Flexio_Mcl_Ip_SetTimerDMARequest	16	static
C:/Users/acalg/OneDrive/Belgeler/github/S32EX/Matlab_Softwares/TJA1042_Loop_Example/TJA1042_Loop_Example_Config/RTD/src/Flexio_Mcl_Ip_HwAccess.c:505:6:Flexio_Mcl_Ip_ClearPinStatus	0	static
