C:/Users/acalg/OneDrive/Belgeler/github/S32EX/Matlab_Softwares/TJA1042_Loop_Example/TJA1042_Loop_Example_Config/RTD/src/Flexio_Lin_Ip.c:1386:13:Flexio_Lin_Ip_DisableAllInterrupt	16	static
C:/Users/acalg/OneDrive/Belgeler/github/S32EX/Matlab_Softwares/TJA1042_Loop_Example/TJA1042_Loop_Example_Config/RTD/src/Flexio_Lin_Ip.c:1473:26:Flexio_Lin_Ip_Init	56	static
C:/Users/acalg/OneDrive/Belgeler/github/S32EX/Matlab_Softwares/TJA1042_Loop_Example/TJA1042_Loop_Example_Config/RTD/src/Flexio_Lin_Ip.c:1670:6:Flexio_Lin_Ip_GoToIdleState	24	static
C:/Users/acalg/OneDrive/Belgeler/github/S32EX/Matlab_Softwares/TJA1042_Loop_Example/TJA1042_Loop_Example_Config/RTD/src/Flexio_Lin_Ip.c:1823:26:Flexio_Lin_Ip_SendFrame	48	static
C:/Users/acalg/OneDrive/Belgeler/github/S32EX/Matlab_Softwares/TJA1042_Loop_Example/TJA1042_Loop_Example_Config/RTD/src/Flexio_Lin_Ip.c:1936:26:Flexio_Lin_Ip_GoToSleepMode	32	static
C:/Users/acalg/OneDrive/Belgeler/github/S32EX/Matlab_Softwares/TJA1042_Loop_Example/TJA1042_Loop_Example_Config/RTD/src/Flexio_Lin_Ip.c:2034:26:Flexio_Lin_Ip_SendWakeupSignal	16	static
C:/Users/acalg/OneDrive/Belgeler/github/S32EX/Matlab_Softwares/TJA1042_Loop_Example/TJA1042_Loop_Example_Config/RTD/src/Flexio_Lin_Ip.c:2093:6:Flexio_Lin_Ip_IrqHandler	40	static
C:/Users/acalg/OneDrive/Belgeler/github/S32EX/Matlab_Softwares/TJA1042_Loop_Example/TJA1042_Loop_Example_Config/RTD/src/Flexio_Lin_Ip.c:2152:26:Flexio_Lin_Ip_Deinit	32	static
C:/Users/acalg/OneDrive/Belgeler/github/S32EX/Matlab_Softwares/TJA1042_Loop_Example/TJA1042_Loop_Example_Config/RTD/src/Flexio_Lin_Ip.c:2206:34:Flexio_Lin_Ip_GetStatus	4	static
C:/Users/acalg/OneDrive/Belgeler/github/S32EX/Matlab_Softwares/TJA1042_Loop_Example/TJA1042_Loop_Example_Config/RTD/src/Flexio_Lin_Ip.c:1750:26:Flexio_Lin_Ip_AbortTransferData	48	static
