C:/Users/acalg/OneDrive/Belgeler/github/S32EX/Matlab_Softwares/TJA1042_Loop_Example/TJA1042_Loop_Example_Config/RTD/src/FlexCAN_Ip_HwAccess.c:420:7:FlexCAN_ComputePayloadSize	0	static
C:/Users/acalg/OneDrive/Belgeler/github/S32EX/Matlab_Softwares/TJA1042_Loop_Example/TJA1042_Loop_Example_Config/RTD/src/FlexCAN_Ip_HwAccess.c:473:19:FlexCAN_GetMsgBuffRegion	24	static
C:/Users/acalg/OneDrive/Belgeler/github/S32EX/Matlab_Softwares/TJA1042_Loop_Example/TJA1042_Loop_Example_Config/RTD/src/FlexCAN_Ip_HwAccess.c:531:8:FlexCAN_GetMaxMbNum	0	static
C:/Users/acalg/OneDrive/Belgeler/github/S32EX/Matlab_Softwares/TJA1042_Loop_Example/TJA1042_Loop_Example_Config/RTD/src/FlexCAN_Ip_HwAccess.c:555:23:FlexCAN_EnterFreezeMode	24	static
C:/Users/acalg/OneDrive/Belgeler/github/S32EX/Matlab_Softwares/TJA1042_Loop_Example/TJA1042_Loop_Example_Config/RTD/src/FlexCAN_Ip_HwAccess.c:593:23:FlexCAN_Enable	24	static
C:/Users/acalg/OneDrive/Belgeler/github/S32EX/Matlab_Softwares/TJA1042_Loop_Example/TJA1042_Loop_Example_Config/RTD/src/FlexCAN_Ip_HwAccess.c:627:23:FlexCAN_ExitFreezeMode	24	static
C:/Users/acalg/OneDrive/Belgeler/github/S32EX/Matlab_Softwares/TJA1042_Loop_Example/TJA1042_Loop_Example_Config/RTD/src/FlexCAN_Ip_HwAccess.c:661:23:FlexCAN_Disable	32	static
C:/Users/acalg/OneDrive/Belgeler/github/S32EX/Matlab_Softwares/TJA1042_Loop_Example/TJA1042_Loop_Example_Config/RTD/src/FlexCAN_Ip_HwAccess.c:700:6:FlexCAN_SetErrIntCmd	16	static
C:/Users/acalg/OneDrive/Belgeler/github/S32EX/Matlab_Softwares/TJA1042_Loop_Example/TJA1042_Loop_Example_Config/RTD/src/FlexCAN_Ip_HwAccess.c:757:23:FlexCAN_Init	24	static
C:/Users/acalg/OneDrive/Belgeler/github/S32EX/Matlab_Softwares/TJA1042_Loop_Example/TJA1042_Loop_Example_Config/RTD/src/FlexCAN_Ip_HwAccess.c:849:23:FlexCAN_EnableRxFifo	4	static
C:/Users/acalg/OneDrive/Belgeler/github/S32EX/Matlab_Softwares/TJA1042_Loop_Example/TJA1042_Loop_Example_Config/RTD/src/FlexCAN_Ip_HwAccess.c:911:6:FlexCAN_SetPayloadSize	4	static
C:/Users/acalg/OneDrive/Belgeler/github/S32EX/Matlab_Softwares/TJA1042_Loop_Example/TJA1042_Loop_Example_Config/RTD/src/FlexCAN_Ip_HwAccess.c:992:7:FlexCAN_GetMbPayloadSize	16	static
C:/Users/acalg/OneDrive/Belgeler/github/S32EX/Matlab_Softwares/TJA1042_Loop_Example/TJA1042_Loop_Example_Config/RTD/src/FlexCAN_Ip_HwAccess.c:1032:6:FlexCAN_LockRxMsgBuff	8	static
C:/Users/acalg/OneDrive/Belgeler/github/S32EX/Matlab_Softwares/TJA1042_Loop_Example/TJA1042_Loop_Example_Config/RTD/src/FlexCAN_Ip_HwAccess.c:1046:23:FlexCAN_SetMsgBuffIntCmd	24	static
C:/Users/acalg/OneDrive/Belgeler/github/S32EX/Matlab_Softwares/TJA1042_Loop_Example/TJA1042_Loop_Example_Config/RTD/src/FlexCAN_Ip_HwAccess.c:1170:6:FLEXCAN_ClearMsgBuffIntCmd	24	static
C:/Users/acalg/OneDrive/Belgeler/github/S32EX/Matlab_Softwares/TJA1042_Loop_Example/TJA1042_Loop_Example_Config/RTD/src/FlexCAN_Ip_HwAccess.c:1236:6:FlexCAN_DisableInterrupts	0	static
C:/Users/acalg/OneDrive/Belgeler/github/S32EX/Matlab_Softwares/TJA1042_Loop_Example/TJA1042_Loop_Example_Config/RTD/src/FlexCAN_Ip_HwAccess.c:1263:6:FlexCAN_EnableInterrupts	0	static
C:/Users/acalg/OneDrive/Belgeler/github/S32EX/Matlab_Softwares/TJA1042_Loop_Example/TJA1042_Loop_Example_Config/RTD/src/FlexCAN_Ip_HwAccess.c:1299:6:FlexCAN_SetRxMsgBuff	16	static
C:/Users/acalg/OneDrive/Belgeler/github/S32EX/Matlab_Softwares/TJA1042_Loop_Example/TJA1042_Loop_Example_Config/RTD/src/FlexCAN_Ip_HwAccess.c:1355:8:FlexCAN_GetMsgBuffTimestamp	8	static
C:/Users/acalg/OneDrive/Belgeler/github/S32EX/Matlab_Softwares/TJA1042_Loop_Example/TJA1042_Loop_Example_Config/RTD/src/FlexCAN_Ip_HwAccess.c:1384:6:FlexCAN_GetMsgBuff	24	static
C:/Users/acalg/OneDrive/Belgeler/github/S32EX/Matlab_Softwares/TJA1042_Loop_Example/TJA1042_Loop_Example_Config/RTD/src/FlexCAN_Ip_HwAccess.c:1487:6:FlexCAN_SetTxMsgBuff	28	static
C:/Users/acalg/OneDrive/Belgeler/github/S32EX/Matlab_Softwares/TJA1042_Loop_Example/TJA1042_Loop_Example_Config/RTD/src/FlexCAN_Ip_HwAccess.c:1604:23:FlexCAN_SetMaxMsgBuffNum	24	static
C:/Users/acalg/OneDrive/Belgeler/github/S32EX/Matlab_Softwares/TJA1042_Loop_Example/TJA1042_Loop_Example_Config/RTD/src/FlexCAN_Ip_HwAccess.c:1680:6:FlexCAN_SetOperationMode	0	static
C:/Users/acalg/OneDrive/Belgeler/github/S32EX/Matlab_Softwares/TJA1042_Loop_Example/TJA1042_Loop_Example_Config/RTD/src/FlexCAN_Ip_HwAccess.c:1709:6:FlexCAN_SetRxFifoFilter	24	static
C:/Users/acalg/OneDrive/Belgeler/github/S32EX/Matlab_Softwares/TJA1042_Loop_Example/TJA1042_Loop_Example_Config/RTD/src/FlexCAN_Ip_HwAccess.c:1924:6:FlexCAN_ReadRxFifo	12	static
C:/Users/acalg/OneDrive/Belgeler/github/S32EX/Matlab_Softwares/TJA1042_Loop_Example/TJA1042_Loop_Example_Config/RTD/src/FlexCAN_Ip_HwAccess.c:2006:6:FlexCAN_ReadEnhancedRxFifo	8	static
C:/Users/acalg/OneDrive/Belgeler/github/S32EX/Matlab_Softwares/TJA1042_Loop_Example/TJA1042_Loop_Example_Config/RTD/src/FlexCAN_Ip_HwAccess.c:2095:9:FlexCAN_IsMbOutOfRange	0	static
C:/Users/acalg/OneDrive/Belgeler/github/S32EX/Matlab_Softwares/TJA1042_Loop_Example/TJA1042_Loop_Example_Config/RTD/src/FlexCAN_Ip_HwAccess.c:2143:9:FlexCAN_IsEnhancedRxFifoAvailable	0	static
C:/Users/acalg/OneDrive/Belgeler/github/S32EX/Matlab_Softwares/TJA1042_Loop_Example/TJA1042_Loop_Example_Config/RTD/src/FlexCAN_Ip_HwAccess.c:2169:23:FlexCAN_EnableEnhancedRxFifo	8	static
C:/Users/acalg/OneDrive/Belgeler/github/S32EX/Matlab_Softwares/TJA1042_Loop_Example/TJA1042_Loop_Example_Config/RTD/src/FlexCAN_Ip_HwAccess.c:2229:6:FlexCAN_SetEnhancedRxFifoFilter	48	static
C:/Users/acalg/OneDrive/Belgeler/github/S32EX/Matlab_Softwares/TJA1042_Loop_Example/TJA1042_Loop_Example_Config/RTD/src/FlexCAN_Ip_HwAccess.c:2528:6:FlexCAN_ConfigCtrlOptions	0	static
C:/Users/acalg/OneDrive/Belgeler/github/S32EX/Matlab_Softwares/TJA1042_Loop_Example/TJA1042_Loop_Example_Config/RTD/src/FlexCAN_Ip_HwAccess.c:2657:6:FlexCAN_ResetImaskBuff	0	static
C:/Users/acalg/OneDrive/Belgeler/github/S32EX/Matlab_Softwares/TJA1042_Loop_Example/TJA1042_Loop_Example_Config/RTD/src/FlexCAN_Ip_HwAccess.c:2775:6:FlexCAN_DisableMemErrorDetection	0	static
