C:/Users/acalg/OneDrive/Belgeler/github/S32EX/Matlab_Softwares/TJA1042_Loop_Example/TJA1042_Loop_Example_Config/RTD/src/IntCtrl_Ip.c:195:6:IntCtrl_Ip_InstallHandlerPrivileged	4	static
C:/Users/acalg/OneDrive/Belgeler/github/S32EX/Matlab_Softwares/TJA1042_Loop_Example/TJA1042_Loop_Example_Config/RTD/src/IntCtrl_Ip.c:264:6:IntCtrl_Ip_EnableIrqPrivileged	0	static
C:/Users/acalg/OneDrive/Belgeler/github/S32EX/Matlab_Softwares/TJA1042_Loop_Example/TJA1042_Loop_Example_Config/RTD/src/IntCtrl_Ip.c:304:6:IntCtrl_Ip_DisableIrqPrivileged	0	static
C:/Users/acalg/OneDrive/Belgeler/github/S32EX/Matlab_Softwares/TJA1042_Loop_Example/TJA1042_Loop_Example_Config/RTD/src/IntCtrl_Ip.c:346:6:IntCtrl_Ip_SetPriorityPrivileged	0	static
C:/Users/acalg/OneDrive/Belgeler/github/S32EX/Matlab_Softwares/TJA1042_Loop_Example/TJA1042_Loop_Example_Config/RTD/src/IntCtrl_Ip.c:414:7:IntCtrl_Ip_GetPriorityPrivileged	0	static
C:/Users/acalg/OneDrive/Belgeler/github/S32EX/Matlab_Softwares/TJA1042_Loop_Example/TJA1042_Loop_Example_Config/RTD/src/IntCtrl_Ip.c:473:6:IntCtrl_Ip_ClearPendingPrivileged	0	static
C:/Users/acalg/OneDrive/Belgeler/github/S32EX/Matlab_Softwares/TJA1042_Loop_Example/TJA1042_Loop_Example_Config/RTD/src/IntCtrl_Ip.c:629:6:IntCtrl_Ip_ClearDirectedCpuInterruptPrivileged	0	static
C:/Users/acalg/OneDrive/Belgeler/github/S32EX/Matlab_Softwares/TJA1042_Loop_Example/TJA1042_Loop_Example_Config/RTD/src/IntCtrl_Ip.c:646:9:IntCtrl_Ip_GetDirectedCpuInterruptPrivileged	0	static
C:/Users/acalg/OneDrive/Belgeler/github/S32EX/Matlab_Softwares/TJA1042_Loop_Example/TJA1042_Loop_Example_Config/RTD/src/IntCtrl_Ip.c:663:6:IntCtrl_Ip_GenerateDirectedCpuInterruptPrivileged	0	static
C:/Users/acalg/OneDrive/Belgeler/github/S32EX/Matlab_Softwares/TJA1042_Loop_Example/TJA1042_Loop_Example_Config/RTD/src/IntCtrl_Ip.c:725:23:IntCtrl_Ip_Init	20	static
C:/Users/acalg/OneDrive/Belgeler/github/S32EX/Matlab_Softwares/TJA1042_Loop_Example/TJA1042_Loop_Example_Config/RTD/src/IntCtrl_Ip.c:776:6:IntCtrl_Ip_InstallHandler	0	static
C:/Users/acalg/OneDrive/Belgeler/github/S32EX/Matlab_Softwares/TJA1042_Loop_Example/TJA1042_Loop_Example_Config/RTD/src/IntCtrl_Ip.c:793:6:IntCtrl_Ip_EnableIrq	0	static
C:/Users/acalg/OneDrive/Belgeler/github/S32EX/Matlab_Softwares/TJA1042_Loop_Example/TJA1042_Loop_Example_Config/RTD/src/IntCtrl_Ip.c:808:6:IntCtrl_Ip_DisableIrq	0	static
C:/Users/acalg/OneDrive/Belgeler/github/S32EX/Matlab_Softwares/TJA1042_Loop_Example/TJA1042_Loop_Example_Config/RTD/src/IntCtrl_Ip.c:824:6:IntCtrl_Ip_SetPriority	0	static
C:/Users/acalg/OneDrive/Belgeler/github/S32EX/Matlab_Softwares/TJA1042_Loop_Example/TJA1042_Loop_Example_Config/RTD/src/IntCtrl_Ip.c:839:7:IntCtrl_Ip_GetPriority	0	static
C:/Users/acalg/OneDrive/Belgeler/github/S32EX/Matlab_Softwares/TJA1042_Loop_Example/TJA1042_Loop_Example_Config/RTD/src/IntCtrl_Ip.c:854:6:IntCtrl_Ip_ClearPending	0	static
C:/Users/acalg/OneDrive/Belgeler/github/S32EX/Matlab_Softwares/TJA1042_Loop_Example/TJA1042_Loop_Example_Config/RTD/src/IntCtrl_Ip.c:928:6:IntCtrl_Ip_ClearDirectedCpuInterrupt	0	static
C:/Users/acalg/OneDrive/Belgeler/github/S32EX/Matlab_Softwares/TJA1042_Loop_Example/TJA1042_Loop_Example_Config/RTD/src/IntCtrl_Ip.c:945:9:IntCtrl_Ip_GetDirectedCpuInterrupt	0	static
C:/Users/acalg/OneDrive/Belgeler/github/S32EX/Matlab_Softwares/TJA1042_Loop_Example/TJA1042_Loop_Example_Config/RTD/src/IntCtrl_Ip.c:961:6:IntCtrl_Ip_GenerateDirectedCpuInterrupt	0	static
