C:/Users/acalg/OneDrive/Belgeler/github/S32EX/Matlab_Softwares/TJA1042_Loop_Example/TJA1042_Loop_Example_Config/RTD/src/Lpi2c_Ip.c:1731:13:Lpi2c_Ip_BaudRateConfig	4	static
C:/Users/acalg/OneDrive/Belgeler/github/S32EX/Matlab_Softwares/TJA1042_Loop_Example/TJA1042_Loop_Example_Config/RTD/src/Lpi2c_Ip.c:2730:13:Lpi2c_Ip_SlaveActivateEvents	0	static
C:/Users/acalg/OneDrive/Belgeler/github/S32EX/Matlab_Softwares/TJA1042_Loop_Example/TJA1042_Loop_Example_Config/RTD/src/Lpi2c_Ip.c:819:13:Lpi2c_Ip_MasterEndTransfer	8	static
C:/Users/acalg/OneDrive/Belgeler/github/S32EX/Matlab_Softwares/TJA1042_Loop_Example/TJA1042_Loop_Example_Config/RTD/src/Lpi2c_Ip.c:1531:13:Lpi2c_Ip_MasterCheckErrorEvents	16	static
C:/Users/acalg/OneDrive/Belgeler/github/S32EX/Matlab_Softwares/TJA1042_Loop_Example/TJA1042_Loop_Example_Config/RTD/src/Lpi2c_Ip.c:3279:13:Lpi2c_Ip_SlaveIRQHandlerInternal	24	static
C:/Users/acalg/OneDrive/Belgeler/github/S32EX/Matlab_Softwares/TJA1042_Loop_Example/TJA1042_Loop_Example_Config/RTD/src/Lpi2c_Ip.c:786:13:Lpi2c_Ip_MasterQueueData	8	static
C:/Users/acalg/OneDrive/Belgeler/github/S32EX/Matlab_Softwares/TJA1042_Loop_Example/TJA1042_Loop_Example_Config/RTD/src/Lpi2c_Ip.c:2698:13:Lpi2c_Ip_MasterIRQHandlerInternal	16	static
C:/Users/acalg/OneDrive/Belgeler/github/S32EX/Matlab_Softwares/TJA1042_Loop_Example/TJA1042_Loop_Example_Config/RTD/src/Lpi2c_Ip.c:370:13:Lpi2c_Ip_MasterSendAddress	20	static
C:/Users/acalg/OneDrive/Belgeler/github/S32EX/Matlab_Softwares/TJA1042_Loop_Example/TJA1042_Loop_Example_Config/RTD/src/Lpi2c_Ip.c:2395:13:Lpi2c_Ip_MasterInterruptReceiveInit	16	static
C:/Users/acalg/OneDrive/Belgeler/github/S32EX/Matlab_Softwares/TJA1042_Loop_Example/TJA1042_Loop_Example_Config/RTD/src/Lpi2c_Ip.c:1775:22:Lpi2c_Ip_MasterSetBaudRate	56	static
C:/Users/acalg/OneDrive/Belgeler/github/S32EX/Matlab_Softwares/TJA1042_Loop_Example/TJA1042_Loop_Example_Config/RTD/src/Lpi2c_Ip.c:1999:6:Lpi2c_Ip_MasterInit	24	static
C:/Users/acalg/OneDrive/Belgeler/github/S32EX/Matlab_Softwares/TJA1042_Loop_Example/TJA1042_Loop_Example_Config/RTD/src/Lpi2c_Ip.c:2066:6:Lpi2c_Ip_MasterDeinit	4	static
C:/Users/acalg/OneDrive/Belgeler/github/S32EX/Matlab_Softwares/TJA1042_Loop_Example/TJA1042_Loop_Example_Config/RTD/src/Lpi2c_Ip.c:2114:6:Lpi2c_Ip_MasterGetBaudRate	4	static
C:/Users/acalg/OneDrive/Belgeler/github/S32EX/Matlab_Softwares/TJA1042_Loop_Example/TJA1042_Loop_Example_Config/RTD/src/Lpi2c_Ip.c:2164:6:Lpi2c_Ip_MasterSetSlaveAddr	0	static
C:/Users/acalg/OneDrive/Belgeler/github/S32EX/Matlab_Softwares/TJA1042_Loop_Example/TJA1042_Loop_Example_Config/RTD/src/Lpi2c_Ip.c:2191:21:Lpi2c_Ip_MasterSendData	32	static
C:/Users/acalg/OneDrive/Belgeler/github/S32EX/Matlab_Softwares/TJA1042_Loop_Example/TJA1042_Loop_Example_Config/RTD/src/Lpi2c_Ip.c:2319:21:Lpi2c_Ip_MasterSendDataBlocking	56	static
C:/Users/acalg/OneDrive/Belgeler/github/S32EX/Matlab_Softwares/TJA1042_Loop_Example/TJA1042_Loop_Example_Config/RTD/src/Lpi2c_Ip.c:2438:21:Lpi2c_Ip_MasterReceiveData	32	static
C:/Users/acalg/OneDrive/Belgeler/github/S32EX/Matlab_Softwares/TJA1042_Loop_Example/TJA1042_Loop_Example_Config/RTD/src/Lpi2c_Ip.c:2550:21:Lpi2c_Ip_MasterReceiveDataBlocking	48	static
C:/Users/acalg/OneDrive/Belgeler/github/S32EX/Matlab_Softwares/TJA1042_Loop_Example/TJA1042_Loop_Example_Config/RTD/src/Lpi2c_Ip.c:2630:21:Lpi2c_Ip_MasterGetTransferStatus	0	static
C:/Users/acalg/OneDrive/Belgeler/github/S32EX/Matlab_Softwares/TJA1042_Loop_Example/TJA1042_Loop_Example_Config/RTD/src/Lpi2c_Ip.c:2826:6:Lpi2c_Ip_SlaveInit	24	static
C:/Users/acalg/OneDrive/Belgeler/github/S32EX/Matlab_Softwares/TJA1042_Loop_Example/TJA1042_Loop_Example_Config/RTD/src/Lpi2c_Ip.c:2885:6:Lpi2c_Ip_StartListening	0	static
C:/Users/acalg/OneDrive/Belgeler/github/S32EX/Matlab_Softwares/TJA1042_Loop_Example/TJA1042_Loop_Example_Config/RTD/src/Lpi2c_Ip.c:2909:6:Lpi2c_Ip_SlaveDeinit	4	static
C:/Users/acalg/OneDrive/Belgeler/github/S32EX/Matlab_Softwares/TJA1042_Loop_Example/TJA1042_Loop_Example_Config/RTD/src/Lpi2c_Ip.c:2957:21:Lpi2c_Ip_SlaveSetBuffer	0	static
C:/Users/acalg/OneDrive/Belgeler/github/S32EX/Matlab_Softwares/TJA1042_Loop_Example/TJA1042_Loop_Example_Config/RTD/src/Lpi2c_Ip.c:2990:21:Lpi2c_Ip_SlaveGetTransferStatus	0	static
C:/Users/acalg/OneDrive/Belgeler/github/S32EX/Matlab_Softwares/TJA1042_Loop_Example/TJA1042_Loop_Example_Config/RTD/src/Lpi2c_Ip.c:3329:6:Lpi2c_Ip_MasterIRQHandler	0	static
C:/Users/acalg/OneDrive/Belgeler/github/S32EX/Matlab_Softwares/TJA1042_Loop_Example/TJA1042_Loop_Example_Config/RTD/src/Lpi2c_Ip.c:3382:6:Lpi2c_Ip_SlaveIRQHandler	0	static
C:/Users/acalg/OneDrive/Belgeler/github/S32EX/Matlab_Softwares/TJA1042_Loop_Example/TJA1042_Loop_Example_Config/RTD/src/Lpi2c_Ip.c:3434:6:Lpi2c_Ip_ModuleIRQHandler	0	static
C:/Users/acalg/OneDrive/Belgeler/github/S32EX/Matlab_Softwares/TJA1042_Loop_Example/TJA1042_Loop_Example_Config/RTD/src/Lpi2c_Ip.c:3555:6:Lpi2c_Ip_SetMasterCallback	0	static
C:/Users/acalg/OneDrive/Belgeler/github/S32EX/Matlab_Softwares/TJA1042_Loop_Example/TJA1042_Loop_Example_Config/RTD/src/Lpi2c_Ip.c:3577:6:Lpi2c_Ip_SetSlaveCallback	0	static
