C:/Users/acalg/OneDrive/Belgeler/github/S32EX/Matlab_Softwares/TJA1042_Loop_Example/TJA1042_Loop_Example_Config/RTD/src/Lpuart_Uart_Ip_Irq.c:167:1:LPUART_UART_IP_3_IRQHandler	0	static
C:/Users/acalg/OneDrive/Belgeler/github/S32EX/Matlab_Softwares/TJA1042_Loop_Example/TJA1042_Loop_Example_Config/RTD/src/Lpuart_Uart_Ip_Irq.c:208:1:LPUART_UART_IP_6_IRQHandler	0	static
C:/Users/acalg/OneDrive/Belgeler/github/S32EX/Matlab_Softwares/TJA1042_Loop_Example/TJA1042_Loop_Example_Config/RTD/src/Lpuart_Uart_Ip_Irq.c:285:1:LPUART_UART_IP_13_IRQHandler	0	static
C:/Users/acalg/OneDrive/Belgeler/github/S32EX/Matlab_Softwares/TJA1042_Loop_Example/TJA1042_Loop_Example_Config/RTD/src/Lpuart_Uart_Ip_Irq.c:364:6:Lpuart_3_Uart_Ip_DmaRxCompleteCallback	0	static
C:/Users/acalg/OneDrive/Belgeler/github/S32EX/Matlab_Softwares/TJA1042_Loop_Example/TJA1042_Loop_Example_Config/RTD/src/Lpuart_Uart_Ip_Irq.c:369:6:Lpuart_3_Uart_Ip_DmaTxCompleteCallback	0	static
C:/Users/acalg/OneDrive/Belgeler/github/S32EX/Matlab_Softwares/TJA1042_Loop_Example/TJA1042_Loop_Example_Config/RTD/src/Lpuart_Uart_Ip_Irq.c:421:6:Lpuart_6_Uart_Ip_DmaRxCompleteCallback	0	static
C:/Users/acalg/OneDrive/Belgeler/github/S32EX/Matlab_Softwares/TJA1042_Loop_Example/TJA1042_Loop_Example_Config/RTD/src/Lpuart_Uart_Ip_Irq.c:426:6:Lpuart_6_Uart_Ip_DmaTxCompleteCallback	0	static
C:/Users/acalg/OneDrive/Belgeler/github/S32EX/Matlab_Softwares/TJA1042_Loop_Example/TJA1042_Loop_Example_Config/RTD/src/Lpuart_Uart_Ip_Irq.c:526:6:Lpuart_13_Uart_Ip_DmaRxCompleteCallback	0	static
C:/Users/acalg/OneDrive/Belgeler/github/S32EX/Matlab_Softwares/TJA1042_Loop_Example/TJA1042_Loop_Example_Config/RTD/src/Lpuart_Uart_Ip_Irq.c:531:6:Lpuart_13_Uart_Ip_DmaTxCompleteCallback	0	static
