C:/Users/acalg/OneDrive/Belgeler/github/S32EX/Matlab_Softwares/TJA1042_Loop_Example/TJA1042_Loop_Example_Config/RTD/src/Lpuart_Lin_Ip_Hw_Access.c:120:6:Lpuart_Lin_Ip_HwInit	0	static
C:/Users/acalg/OneDrive/Belgeler/github/S32EX/Matlab_Softwares/TJA1042_Loop_Example/TJA1042_Loop_Example_Config/RTD/src/Lpuart_Lin_Ip_Hw_Access.c:147:6:Lpuart_Lin_Ip_HwSetBreakCharDetectLength	16	static
C:/Users/acalg/OneDrive/Belgeler/github/S32EX/Matlab_Softwares/TJA1042_Loop_Example/TJA1042_Loop_Example_Config/RTD/src/Lpuart_Lin_Ip_Hw_Access.c:170:6:Lpuart_Lin_Ip_HwSetRxDataPolarity	16	static
C:/Users/acalg/OneDrive/Belgeler/github/S32EX/Matlab_Softwares/TJA1042_Loop_Example/TJA1042_Loop_Example_Config/RTD/src/Lpuart_Lin_Ip_Hw_Access.c:193:6:Lpuart_Lin_Ip_HwSetBaudRateDivisor	16	static
C:/Users/acalg/OneDrive/Belgeler/github/S32EX/Matlab_Softwares/TJA1042_Loop_Example/TJA1042_Loop_Example_Config/RTD/src/Lpuart_Lin_Ip_Hw_Access.c:224:6:Lpuart_Lin_Ip_HwSetStopBitCount	16	static
C:/Users/acalg/OneDrive/Belgeler/github/S32EX/Matlab_Softwares/TJA1042_Loop_Example/TJA1042_Loop_Example_Config/RTD/src/Lpuart_Lin_Ip_Hw_Access.c:247:9:Lpuart_Lin_Ip_HwSetTransmitterCmd	40	static
C:/Users/acalg/OneDrive/Belgeler/github/S32EX/Matlab_Softwares/TJA1042_Loop_Example/TJA1042_Loop_Example_Config/RTD/src/Lpuart_Lin_Ip_Hw_Access.c:292:9:Lpuart_Lin_Ip_HwSetReceiverCmd	40	static
C:/Users/acalg/OneDrive/Belgeler/github/S32EX/Matlab_Softwares/TJA1042_Loop_Example/TJA1042_Loop_Example_Config/RTD/src/Lpuart_Lin_Ip_Hw_Access.c:326:6:Lpuart_Lin_Ip_HwSetBitCountPerChar	16	static
C:/Users/acalg/OneDrive/Belgeler/github/S32EX/Matlab_Softwares/TJA1042_Loop_Example/TJA1042_Loop_Example_Config/RTD/src/Lpuart_Lin_Ip_Hw_Access.c:358:6:Lpuart_Lin_Ip_HwSetParityMode	16	static
C:/Users/acalg/OneDrive/Belgeler/github/S32EX/Matlab_Softwares/TJA1042_Loop_Example/TJA1042_Loop_Example_Config/RTD/src/Lpuart_Lin_Ip_Hw_Access.c:372:6:Lpuart_Lin_Ip_HwSetIntMode	24	static
C:/Users/acalg/OneDrive/Belgeler/github/S32EX/Matlab_Softwares/TJA1042_Loop_Example/TJA1042_Loop_Example_Config/RTD/src/Lpuart_Lin_Ip_Hw_Access.c:400:9:Lpuart_Lin_Ip_HwGetIntMode	0	static
C:/Users/acalg/OneDrive/Belgeler/github/S32EX/Matlab_Softwares/TJA1042_Loop_Example/TJA1042_Loop_Example_Config/RTD/src/Lpuart_Lin_Ip_Hw_Access.c:427:9:Lpuart_Lin_Ip_HwGetStatusFlag	0	static
C:/Users/acalg/OneDrive/Belgeler/github/S32EX/Matlab_Softwares/TJA1042_Loop_Example/TJA1042_Loop_Example_Config/RTD/src/Lpuart_Lin_Ip_Hw_Access.c:454:26:Lpuart_Lin_Ip_HwClearStatusFlag	16	static
C:/Users/acalg/OneDrive/Belgeler/github/S32EX/Matlab_Softwares/TJA1042_Loop_Example/TJA1042_Loop_Example_Config/RTD/src/Lpuart_Lin_Ip_Hw_Access.c:527:6:Lpuart_Lin_Ip_StartTimeout	24	static
C:/Users/acalg/OneDrive/Belgeler/github/S32EX/Matlab_Softwares/TJA1042_Loop_Example/TJA1042_Loop_Example_Config/RTD/src/Lpuart_Lin_Ip_Hw_Access.c:539:9:Lpuart_Lin_Ip_TimeoutExpired	16	static
