C:/Users/acalg/OneDrive/Belgeler/github/S32EX/Matlab_Softwares/TJA1042_Loop_Example/TJA1042_Loop_Example_Config/src/mbdt_board_init.c:25:0:Gpt_PitNotification	0	static
C:/Users/acalg/OneDrive/Belgeler/github/S32EX/Matlab_Softwares/TJA1042_Loop_Example/TJA1042_Loop_Example_Config/src/mbdt_board_init.c:27:0:MBDT_Step_Handler	0	static
C:/Users/acalg/OneDrive/Belgeler/github/S32EX/Matlab_Softwares/TJA1042_Loop_Example/TJA1042_Loop_Example_Config/src/mbdt_board_init.c:29:0:Adc_Adc0Group0Notification	0	static
C:/Users/acalg/OneDrive/Belgeler/github/S32EX/Matlab_Softwares/TJA1042_Loop_Example/TJA1042_Loop_Example_Config/src/mbdt_board_init.c:31:0:Adc_Adc0Group1Notification	0	static
C:/Users/acalg/OneDrive/Belgeler/github/S32EX/Matlab_Softwares/TJA1042_Loop_Example/TJA1042_Loop_Example_Config/src/mbdt_board_init.c:33:0:Adc_Adc1Group0Notification	0	static
C:/Users/acalg/OneDrive/Belgeler/github/S32EX/Matlab_Softwares/TJA1042_Loop_Example/TJA1042_Loop_Example_Config/src/mbdt_board_init.c:35:0:Adc_Adc1Group1Notification	0	static
C:/Users/acalg/OneDrive/Belgeler/github/S32EX/Matlab_Softwares/TJA1042_Loop_Example/TJA1042_Loop_Example_Config/src/mbdt_board_init.c:37:0:Adc_Adc1WdogNotification	0	static
C:/Users/acalg/OneDrive/Belgeler/github/S32EX/Matlab_Softwares/TJA1042_Loop_Example/TJA1042_Loop_Example_Config/src/mbdt_board_init.c:39:0:Adc0_CtuNewDataNotification	0	static
C:/Users/acalg/OneDrive/Belgeler/github/S32EX/Matlab_Softwares/TJA1042_Loop_Example/TJA1042_Loop_Example_Config/src/mbdt_board_init.c:41:0:Adc1_CtuNewDataNotification	0	static
C:/Users/acalg/OneDrive/Belgeler/github/S32EX/Matlab_Softwares/TJA1042_Loop_Example/TJA1042_Loop_Example_Config/src/mbdt_board_init.c:43:0:Adc0_CtuDataOverrunNotification	0	static
C:/Users/acalg/OneDrive/Belgeler/github/S32EX/Matlab_Softwares/TJA1042_Loop_Example/TJA1042_Loop_Example_Config/src/mbdt_board_init.c:45:0:Adc1_CtuDataOverrunNotification	0	static
C:/Users/acalg/OneDrive/Belgeler/github/S32EX/Matlab_Softwares/TJA1042_Loop_Example/TJA1042_Loop_Example_Config/src/mbdt_board_init.c:47:0:Adc0_CtuListLastNotification	0	static
C:/Users/acalg/OneDrive/Belgeler/github/S32EX/Matlab_Softwares/TJA1042_Loop_Example/TJA1042_Loop_Example_Config/src/mbdt_board_init.c:49:0:Adc1_ListLastNotification	0	static
C:/Users/acalg/OneDrive/Belgeler/github/S32EX/Matlab_Softwares/TJA1042_Loop_Example/TJA1042_Loop_Example_Config/src/mbdt_board_init.c:51:0:Adc_Fifo1_UnderrunNotification	0	static
C:/Users/acalg/OneDrive/Belgeler/github/S32EX/Matlab_Softwares/TJA1042_Loop_Example/TJA1042_Loop_Example_Config/src/mbdt_board_init.c:53:0:Adc_Fifo1_WaterMarkNotification	0	static
C:/Users/acalg/OneDrive/Belgeler/github/S32EX/Matlab_Softwares/TJA1042_Loop_Example/TJA1042_Loop_Example_Config/src/mbdt_board_init.c:55:0:Adc_Fifo1_OverrunNotification	0	static
C:/Users/acalg/OneDrive/Belgeler/github/S32EX/Matlab_Softwares/TJA1042_Loop_Example/TJA1042_Loop_Example_Config/src/mbdt_board_init.c:57:0:CanIf_ControllerBusOff	0	static
C:/Users/acalg/OneDrive/Belgeler/github/S32EX/Matlab_Softwares/TJA1042_Loop_Example/TJA1042_Loop_Example_Config/src/mbdt_board_init.c:59:0:CanIf_ControllerModeIndication	0	static
C:/Users/acalg/OneDrive/Belgeler/github/S32EX/Matlab_Softwares/TJA1042_Loop_Example/TJA1042_Loop_Example_Config/src/mbdt_board_init.c:61:0:CanIf_TxConfirmation	0	static
C:/Users/acalg/OneDrive/Belgeler/github/S32EX/Matlab_Softwares/TJA1042_Loop_Example/TJA1042_Loop_Example_Config/src/mbdt_board_init.c:63:0:CanIf_RxIndication	0	static
C:/Users/acalg/OneDrive/Belgeler/github/S32EX/Matlab_Softwares/TJA1042_Loop_Example/TJA1042_Loop_Example_Config/src/mbdt_board_init.c:65:0:MBDT_FlexCAN0_FifoOverflowNotif	0	static
C:/Users/acalg/OneDrive/Belgeler/github/S32EX/Matlab_Softwares/TJA1042_Loop_Example/TJA1042_Loop_Example_Config/src/mbdt_board_init.c:67:0:MBDT_FlexCAN4_FifoOverflowNotif	0	static
C:/Users/acalg/OneDrive/Belgeler/github/S32EX/Matlab_Softwares/TJA1042_Loop_Example/TJA1042_Loop_Example_Config/src/mbdt_board_init.c:69:0:MBDT_FlexCAN4_FifoWarnNotif	0	static
C:/Users/acalg/OneDrive/Belgeler/github/S32EX/Matlab_Softwares/TJA1042_Loop_Example/TJA1042_Loop_Example_Config/src/mbdt_board_init.c:71:0:MBDT_SPI_end_sequence1_callback	0	static
C:/Users/acalg/OneDrive/Belgeler/github/S32EX/Matlab_Softwares/TJA1042_Loop_Example/TJA1042_Loop_Example_Config/src/mbdt_board_init.c:73:0:MBDT_SPI_end_job0_callback	0	static
C:/Users/acalg/OneDrive/Belgeler/github/S32EX/Matlab_Softwares/TJA1042_Loop_Example/TJA1042_Loop_Example_Config/src/mbdt_board_init.c:75:0:Lpuart_3_Uart_Ip_DmaRxCompleteCallback	0	static
C:/Users/acalg/OneDrive/Belgeler/github/S32EX/Matlab_Softwares/TJA1042_Loop_Example/TJA1042_Loop_Example_Config/src/mbdt_board_init.c:77:0:Lpuart_3_Uart_Ip_DmaTxCompleteCallback	0	static
C:/Users/acalg/OneDrive/Belgeler/github/S32EX/Matlab_Softwares/TJA1042_Loop_Example/TJA1042_Loop_Example_Config/src/mbdt_board_init.c:79:0:MBDT_DmaCh0_Callback	0	static
C:/Users/acalg/OneDrive/Belgeler/github/S32EX/Matlab_Softwares/TJA1042_Loop_Example/TJA1042_Loop_Example_Config/src/mbdt_board_init.c:81:0:PwmChannel_0_Callback	0	static
C:/Users/acalg/OneDrive/Belgeler/github/S32EX/Matlab_Softwares/TJA1042_Loop_Example/TJA1042_Loop_Example_Config/src/mbdt_board_init.c:83:0:PwmChannel_1_Callback	0	static
C:/Users/acalg/OneDrive/Belgeler/github/S32EX/Matlab_Softwares/TJA1042_Loop_Example/TJA1042_Loop_Example_Config/src/mbdt_board_init.c:85:0:PwmChannel_2_Callback	0	static
C:/Users/acalg/OneDrive/Belgeler/github/S32EX/Matlab_Softwares/TJA1042_Loop_Example/TJA1042_Loop_Example_Config/src/mbdt_board_init.c:87:0:PwmChannel_3_Callback	0	static
C:/Users/acalg/OneDrive/Belgeler/github/S32EX/Matlab_Softwares/TJA1042_Loop_Example/TJA1042_Loop_Example_Config/src/mbdt_board_init.c:89:0:PwmChannel_4_Callback	0	static
C:/Users/acalg/OneDrive/Belgeler/github/S32EX/Matlab_Softwares/TJA1042_Loop_Example/TJA1042_Loop_Example_Config/src/mbdt_board_init.c:91:0:PwmChannel_5_Callback	0	static
C:/Users/acalg/OneDrive/Belgeler/github/S32EX/Matlab_Softwares/TJA1042_Loop_Example/TJA1042_Loop_Example_Config/src/mbdt_board_init.c:93:0:PwmChannel_6_Callback	0	static
C:/Users/acalg/OneDrive/Belgeler/github/S32EX/Matlab_Softwares/TJA1042_Loop_Example/TJA1042_Loop_Example_Config/src/mbdt_board_init.c:95:0:PwmChannel_7_Callback	0	static
C:/Users/acalg/OneDrive/Belgeler/github/S32EX/Matlab_Softwares/TJA1042_Loop_Example/TJA1042_Loop_Example_Config/src/mbdt_board_init.c:97:0:PwmChannel_8_Callback	0	static
C:/Users/acalg/OneDrive/Belgeler/github/S32EX/Matlab_Softwares/TJA1042_Loop_Example/TJA1042_Loop_Example_Config/src/mbdt_board_init.c:99:0:MBDT_ICU_OverflowNotif	0	static
C:/Users/acalg/OneDrive/Belgeler/github/S32EX/Matlab_Softwares/TJA1042_Loop_Example/TJA1042_Loop_Example_Config/src/mbdt_board_init.c:101:0:MBDT_USER_SW0_callback	0	static
C:/Users/acalg/OneDrive/Belgeler/github/S32EX/Matlab_Softwares/TJA1042_Loop_Example/TJA1042_Loop_Example_Config/src/mbdt_board_init.c:103:0:MBDT_ICU_Timestamp_Callback	0	static
C:/Users/acalg/OneDrive/Belgeler/github/S32EX/Matlab_Softwares/TJA1042_Loop_Example/TJA1042_Loop_Example_Config/src/mbdt_board_init.c:105:0:MBDT_Uart_Callback	0	static
C:/Users/acalg/OneDrive/Belgeler/github/S32EX/Matlab_Softwares/TJA1042_Loop_Example/TJA1042_Loop_Example_Config/src/mbdt_board_init.c:107:0:MBDT_I2c_Callback	0	static
C:/Users/acalg/OneDrive/Belgeler/github/S32EX/Matlab_Softwares/TJA1042_Loop_Example/TJA1042_Loop_Example_Config/src/mbdt_board_init.c:109:0:MBDT_Mem_AccessCode_Callback	0	static
C:/Users/acalg/OneDrive/Belgeler/github/S32EX/Matlab_Softwares/TJA1042_Loop_Example/TJA1042_Loop_Example_Config/src/mbdt_board_init.c:111:0:MBDT_Mem_StartFlashAccess_Notification	0	static
C:/Users/acalg/OneDrive/Belgeler/github/S32EX/Matlab_Softwares/TJA1042_Loop_Example/TJA1042_Loop_Example_Config/src/mbdt_board_init.c:113:0:MBDT_Mem_FinishedFlashAccess_Notification	0	static
C:/Users/acalg/OneDrive/Belgeler/github/S32EX/Matlab_Softwares/TJA1042_Loop_Example/TJA1042_Loop_Example_Config/src/mbdt_board_init.c:115:0:MBDT_Fee_NvmJobEnd_Notification	0	static
C:/Users/acalg/OneDrive/Belgeler/github/S32EX/Matlab_Softwares/TJA1042_Loop_Example/TJA1042_Loop_Example_Config/src/mbdt_board_init.c:117:0:MBDT_Fee_NvmJobError_Notification	0	static
C:/Users/acalg/OneDrive/Belgeler/github/S32EX/Matlab_Softwares/TJA1042_Loop_Example/TJA1042_Loop_Example_Config/src/mbdt_board_init.c:119:0:MBDT_Fee_ClusterFormatDuringInit_Notification	0	static
C:/Users/acalg/OneDrive/Belgeler/github/S32EX/Matlab_Softwares/TJA1042_Loop_Example/TJA1042_Loop_Example_Config/src/mbdt_board_init.c:121:0:LinIf_CheckWakeup	0	static
C:/Users/acalg/OneDrive/Belgeler/github/S32EX/Matlab_Softwares/TJA1042_Loop_Example/TJA1042_Loop_Example_Config/src/mbdt_board_init.c:123:0:LinIf_WakeupConfirmation	0	static
C:/Users/acalg/OneDrive/Belgeler/github/S32EX/Matlab_Softwares/TJA1042_Loop_Example/TJA1042_Loop_Example_Config/src/mbdt_board_init.c:125:0:LinIf_HeaderIndication	0	static
C:/Users/acalg/OneDrive/Belgeler/github/S32EX/Matlab_Softwares/TJA1042_Loop_Example/TJA1042_Loop_Example_Config/src/mbdt_board_init.c:127:0:LinIf_RxIndication	0	static
C:/Users/acalg/OneDrive/Belgeler/github/S32EX/Matlab_Softwares/TJA1042_Loop_Example/TJA1042_Loop_Example_Config/src/mbdt_board_init.c:129:0:LinIf_TxConfirmation	0	static
C:/Users/acalg/OneDrive/Belgeler/github/S32EX/Matlab_Softwares/TJA1042_Loop_Example/TJA1042_Loop_Example_Config/src/mbdt_board_init.c:131:0:LinIf_LinErrorIndication	0	static
C:/Users/acalg/OneDrive/Belgeler/github/S32EX/Matlab_Softwares/TJA1042_Loop_Example/TJA1042_Loop_Example_Config/src/mbdt_board_init.c:134:0:board_init	8	static
