C:/Users/acalg/OneDrive/Belgeler/github/S32EX/Matlab_Softwares/TJA1042_Loop_Example/TJA1042_Loop_Example_Config/RTD/src/Mem_43_INFLS.c:697:15:Mem_43_INFLS_ValidateParamJobCommon.constprop	12	static
C:/Users/acalg/OneDrive/Belgeler/github/S32EX/Matlab_Softwares/TJA1042_Loop_Example/TJA1042_Loop_Example_Config/RTD/src/Mem_43_INFLS.c:247:13:Mem_43_INFLS_AccumulateCRC	8	static
C:/Users/acalg/OneDrive/Belgeler/github/S32EX/Matlab_Softwares/TJA1042_Loop_Example/TJA1042_Loop_Example_Config/RTD/src/Mem_43_INFLS.c:1555:6:Mem_43_INFLS_Init	24	static
C:/Users/acalg/OneDrive/Belgeler/github/S32EX/Matlab_Softwares/TJA1042_Loop_Example/TJA1042_Loop_Example_Config/RTD/src/Mem_43_INFLS.c:1627:6:Mem_43_INFLS_DeInit	16	static
C:/Users/acalg/OneDrive/Belgeler/github/S32EX/Matlab_Softwares/TJA1042_Loop_Example/TJA1042_Loop_Example_Config/RTD/src/Mem_43_INFLS.c:1677:6:Mem_43_INFLS_GetVersionInfo	0	static
C:/Users/acalg/OneDrive/Belgeler/github/S32EX/Matlab_Softwares/TJA1042_Loop_Example/TJA1042_Loop_Example_Config/RTD/src/Mem_43_INFLS.c:1713:28:Mem_43_INFLS_GetJobResult	0	static
C:/Users/acalg/OneDrive/Belgeler/github/S32EX/Matlab_Softwares/TJA1042_Loop_Example/TJA1042_Loop_Example_Config/RTD/src/Mem_43_INFLS.c:1746:16:Mem_43_INFLS_Suspend	0	static
C:/Users/acalg/OneDrive/Belgeler/github/S32EX/Matlab_Softwares/TJA1042_Loop_Example/TJA1042_Loop_Example_Config/RTD/src/Mem_43_INFLS.c:1771:16:Mem_43_INFLS_Resume	0	static
C:/Users/acalg/OneDrive/Belgeler/github/S32EX/Matlab_Softwares/TJA1042_Loop_Example/TJA1042_Loop_Example_Config/RTD/src/Mem_43_INFLS.c:1808:16:Mem_43_INFLS_Read	56	static
C:/Users/acalg/OneDrive/Belgeler/github/S32EX/Matlab_Softwares/TJA1042_Loop_Example/TJA1042_Loop_Example_Config/RTD/src/Mem_43_INFLS.c:1867:16:Mem_43_INFLS_Write	56	static
C:/Users/acalg/OneDrive/Belgeler/github/S32EX/Matlab_Softwares/TJA1042_Loop_Example/TJA1042_Loop_Example_Config/RTD/src/Mem_43_INFLS.c:1932:16:Mem_43_INFLS_Erase	56	static
C:/Users/acalg/OneDrive/Belgeler/github/S32EX/Matlab_Softwares/TJA1042_Loop_Example/TJA1042_Loop_Example_Config/RTD/src/Mem_43_INFLS.c:1991:16:Mem_43_INFLS_BlankCheck	56	static
C:/Users/acalg/OneDrive/Belgeler/github/S32EX/Matlab_Softwares/TJA1042_Loop_Example/TJA1042_Loop_Example_Config/RTD/src/Mem_43_INFLS.c:2052:16:Mem_43_INFLS_HwSpecificService	64	static
C:/Users/acalg/OneDrive/Belgeler/github/S32EX/Matlab_Softwares/TJA1042_Loop_Example/TJA1042_Loop_Example_Config/RTD/src/Mem_43_INFLS.c:2147:6:Mem_43_INFLS_PropagateError	8	static
C:/Users/acalg/OneDrive/Belgeler/github/S32EX/Matlab_Softwares/TJA1042_Loop_Example/TJA1042_Loop_Example_Config/RTD/src/Mem_43_INFLS.c:2219:6:Mem_43_INFLS_MainFunction	16	static
