C:/Users/acalg/OneDrive/Belgeler/github/S32EX/Matlab_Softwares/TJA1042_Loop_Example/TJA1042_Loop_Example_Config/RTD/src/Power_Ip_MC_ME.c:402:13:Power_Ip_MC_ME_ConfigurePartitionClock	32	static
C:/Users/acalg/OneDrive/Belgeler/github/S32EX/Matlab_Softwares/TJA1042_Loop_Example/TJA1042_Loop_Example_Config/RTD/src/Power_Ip_MC_ME.c:613:6:Power_Ip_MC_ME_ConfigCoreCOFBClock	96	static
C:/Users/acalg/OneDrive/Belgeler/github/S32EX/Matlab_Softwares/TJA1042_Loop_Example/TJA1042_Loop_Example_Config/RTD/src/Power_Ip_MC_ME.c:662:6:Power_Ip_MC_ME_EnablePartitionClock	16	static
C:/Users/acalg/OneDrive/Belgeler/github/S32EX/Matlab_Softwares/TJA1042_Loop_Example/TJA1042_Loop_Example_Config/RTD/src/Power_Ip_MC_ME.c:703:6:Power_Ip_MC_ME_DisablePartitionClock	16	static
C:/Users/acalg/OneDrive/Belgeler/github/S32EX/Matlab_Softwares/TJA1042_Loop_Example/TJA1042_Loop_Example_Config/RTD/src/Power_Ip_MC_ME.c:734:6:Power_Ip_MC_ME_SocTriggerResetEvent	0	static
C:/Users/acalg/OneDrive/Belgeler/github/S32EX/Matlab_Softwares/TJA1042_Loop_Example/TJA1042_Loop_Example_Config/RTD/src/Power_Ip_MC_ME.c:769:6:Power_Ip_MC_ME_CoreStandbyEntry	8	static
C:/Users/acalg/OneDrive/Belgeler/github/S32EX/Matlab_Softwares/TJA1042_Loop_Example/TJA1042_Loop_Example_Config/RTD/src/Power_Ip_MC_ME.c:808:6:Power_Ip_MC_ME_SocStandbyEntry	8	static
C:/Users/acalg/OneDrive/Belgeler/github/S32EX/Matlab_Softwares/TJA1042_Loop_Example/TJA1042_Loop_Example_Config/RTD/src/Power_Ip_MC_ME.c:854:24:Power_Ip_MC_ME_GetPreviousMode	0	static
