C:/Users/acalg/OneDrive/Belgeler/github/S32EX/Matlab_Softwares/TJA1042_Loop_Example/TJA1042_Loop_Example_Config/RTD/src/Power_Ip_MC_RGM.c:241:13:Power_Ip_MC_RGM_ClearFesResetFlags.part.0	32	static
C:/Users/acalg/OneDrive/Belgeler/github/S32EX/Matlab_Softwares/TJA1042_Loop_Example/TJA1042_Loop_Example_Config/RTD/src/Power_Ip_MC_RGM.c:282:13:Power_Ip_MC_RGM_ClearDesResetFlags.part.0	32	static
C:/Users/acalg/OneDrive/Belgeler/github/S32EX/Matlab_Softwares/TJA1042_Loop_Example/TJA1042_Loop_Example_Config/RTD/src/Power_Ip_MC_RGM.c:345:6:Power_Ip_MC_RGM_ResetInit	8	static
C:/Users/acalg/OneDrive/Belgeler/github/S32EX/Matlab_Softwares/TJA1042_Loop_Example/TJA1042_Loop_Example_Config/RTD/src/Power_Ip_MC_RGM.c:523:20:Power_Ip_MC_RGM_GetResetReason	24	static
C:/Users/acalg/OneDrive/Belgeler/github/S32EX/Matlab_Softwares/TJA1042_Loop_Example/TJA1042_Loop_Example_Config/RTD/src/Power_Ip_MC_RGM.c:591:8:Power_Ip_MC_RGM_GetResetReason_Uint	8	static
C:/Users/acalg/OneDrive/Belgeler/github/S32EX/Matlab_Softwares/TJA1042_Loop_Example/TJA1042_Loop_Example_Config/RTD/src/Power_Ip_MC_RGM.c:607:23:Power_Ip_MC_RGM_GetResetRawValue	16	static
C:/Users/acalg/OneDrive/Belgeler/github/S32EX/Matlab_Softwares/TJA1042_Loop_Example/TJA1042_Loop_Example_Config/RTD/src/Power_Ip_MC_RGM.c:737:7:Power_Ip_MC_RGM_ResetDuringStandby	0	static
