C:/Users/acalg/OneDrive/Belgeler/github/S32EX/Matlab_Softwares/TJA1042_Loop_Example/TJA1042_Loop_Example_Config/RTD/src/Pwm_Ipw.c:559:6:Pwm_Ipw_Init	8	static
C:/Users/acalg/OneDrive/Belgeler/github/S32EX/Matlab_Softwares/TJA1042_Loop_Example/TJA1042_Loop_Example_Config/RTD/src/Pwm_Ipw.c:680:6:Pwm_Ipw_DeInit	16	static
C:/Users/acalg/OneDrive/Belgeler/github/S32EX/Matlab_Softwares/TJA1042_Loop_Example/TJA1042_Loop_Example_Config/RTD/src/Pwm_Ipw.c:823:16:Pwm_Ipw_SetDutyCycle	24	static
C:/Users/acalg/OneDrive/Belgeler/github/S32EX/Matlab_Softwares/TJA1042_Loop_Example/TJA1042_Loop_Example_Config/RTD/src/Pwm_Ipw.c:940:16:Pwm_Ipw_SetPeriodAndDuty	24	static
C:/Users/acalg/OneDrive/Belgeler/github/S32EX/Matlab_Softwares/TJA1042_Loop_Example/TJA1042_Loop_Example_Config/RTD/src/Pwm_Ipw.c:1067:6:Pwm_Ipw_SetOutputToIdle	0	static
C:/Users/acalg/OneDrive/Belgeler/github/S32EX/Matlab_Softwares/TJA1042_Loop_Example/TJA1042_Loop_Example_Config/RTD/src/Pwm_Ipw.c:1143:21:Pwm_Ipw_GetOutputState	8	static
C:/Users/acalg/OneDrive/Belgeler/github/S32EX/Matlab_Softwares/TJA1042_Loop_Example/TJA1042_Loop_Example_Config/RTD/src/Pwm_Ipw.c:1231:6:Pwm_Ipw_DisableNotification	0	static
C:/Users/acalg/OneDrive/Belgeler/github/S32EX/Matlab_Softwares/TJA1042_Loop_Example/TJA1042_Loop_Example_Config/RTD/src/Pwm_Ipw.c:1310:6:Pwm_Ipw_EnableNotification	0	static
C:/Users/acalg/OneDrive/Belgeler/github/S32EX/Matlab_Softwares/TJA1042_Loop_Example/TJA1042_Loop_Example_Config/RTD/src/Pwm_Ipw.c:1435:8:Pwm_Ipw_GetChannelState	0	static
C:/Users/acalg/OneDrive/Belgeler/github/S32EX/Matlab_Softwares/TJA1042_Loop_Example/TJA1042_Loop_Example_Config/RTD/src/Pwm_Ipw.c:1612:6:Pwm_Ipw_SetCounterBus	0	static
C:/Users/acalg/OneDrive/Belgeler/github/S32EX/Matlab_Softwares/TJA1042_Loop_Example/TJA1042_Loop_Example_Config/RTD/src/Pwm_Ipw.c:1658:6:Pwm_Ipw_SetChannelOutput	8	static
C:/Users/acalg/OneDrive/Belgeler/github/S32EX/Matlab_Softwares/TJA1042_Loop_Example/TJA1042_Loop_Example_Config/RTD/src/Pwm_Ipw.c:1746:6:Pwm_Ipw_SetTriggerDelay	0	static
C:/Users/acalg/OneDrive/Belgeler/github/S32EX/Matlab_Softwares/TJA1042_Loop_Example/TJA1042_Loop_Example_Config/RTD/src/Pwm_Ipw.c:1779:6:Pwm_Ipw_FastUpdateSetUCRegA	0	static
C:/Users/acalg/OneDrive/Belgeler/github/S32EX/Matlab_Softwares/TJA1042_Loop_Example/TJA1042_Loop_Example_Config/RTD/src/Pwm_Ipw.c:1811:6:Pwm_Ipw_FastUpdateSetUCRegB	0	static
C:/Users/acalg/OneDrive/Belgeler/github/S32EX/Matlab_Softwares/TJA1042_Loop_Example/TJA1042_Loop_Example_Config/RTD/src/Pwm_Ipw.c:1842:6:Pwm_Ipw_FastUpdateDisableOU	0	static
C:/Users/acalg/OneDrive/Belgeler/github/S32EX/Matlab_Softwares/TJA1042_Loop_Example/TJA1042_Loop_Example_Config/RTD/src/Pwm_Ipw.c:1868:6:Pwm_Ipw_FastUpdateEnableOU	0	static
C:/Users/acalg/OneDrive/Belgeler/github/S32EX/Matlab_Softwares/TJA1042_Loop_Example/TJA1042_Loop_Example_Config/RTD/src/Pwm_Ipw.c:1894:6:Pwm_Ipw_SetChannelDeadTime	0	static
C:/Users/acalg/OneDrive/Belgeler/github/S32EX/Matlab_Softwares/TJA1042_Loop_Example/TJA1042_Loop_Example_Config/RTD/src/Pwm_Ipw.c:2299:17:Pwm_Ipw_ValidateModuleId	0	static
C:/Users/acalg/OneDrive/Belgeler/github/S32EX/Matlab_Softwares/TJA1042_Loop_Example/TJA1042_Loop_Example_Config/RTD/src/Pwm_Ipw.c:2366:16:Pwm_Ipw_ValidateNotification	0	static
C:/Users/acalg/OneDrive/Belgeler/github/S32EX/Matlab_Softwares/TJA1042_Loop_Example/TJA1042_Loop_Example_Config/RTD/src/Pwm_Ipw.c:2521:16:Pwm_Ipw_ValidateTriggerMode	8	static
C:/Users/acalg/OneDrive/Belgeler/github/S32EX/Matlab_Softwares/TJA1042_Loop_Example/TJA1042_Loop_Example_Config/RTD/src/Pwm_Ipw.c:2585:16:Pwm_Ipw_ValidateCounterBus	0	static
C:/Users/acalg/OneDrive/Belgeler/github/S32EX/Matlab_Softwares/TJA1042_Loop_Example/TJA1042_Loop_Example_Config/RTD/src/Pwm_Ipw.c:2638:16:Pwm_Ipw_ValidateDeadTime	8	static
C:/Users/acalg/OneDrive/Belgeler/github/S32EX/Matlab_Softwares/TJA1042_Loop_Example/TJA1042_Loop_Example_Config/RTD/src/Pwm_Ipw.c:2695:16:Pwm_Ipw_ValidateParamDeadTime	16	static
C:/Users/acalg/OneDrive/Belgeler/github/S32EX/Matlab_Softwares/TJA1042_Loop_Example/TJA1042_Loop_Example_Config/RTD/src/Pwm_Ipw.c:2788:16:Pwm_Ipw_ValidateSetChannelOutput	0	static
C:/Users/acalg/OneDrive/Belgeler/github/S32EX/Matlab_Softwares/TJA1042_Loop_Example/TJA1042_Loop_Example_Config/RTD/src/Pwm_Ipw.c:2902:8:Pwm_Ipw_GetMaxPeriodValue	0	static
C:/Users/acalg/OneDrive/Belgeler/github/S32EX/Matlab_Softwares/TJA1042_Loop_Example/TJA1042_Loop_Example_Config/RTD/src/Pwm_Ipw.c:2953:20:Pwm_Ipw_GetCurrentPeriodValue	0	static
C:/Users/acalg/OneDrive/Belgeler/github/S32EX/Matlab_Softwares/TJA1042_Loop_Example/TJA1042_Loop_Example_Config/RTD/src/Pwm_Ipw.c:3020:16:Pwm_Ipw_ValidateGetOutputState	0	static
