C:/Users/acalg/OneDrive/Belgeler/github/S32EX/Matlab_Softwares/TJA1042_Loop_Example/TJA1042_Loop_Example_ert_rtw/rt_nonfinite.c:35:6:rt_InitInfAndNaN	8	static
C:/Users/acalg/OneDrive/Belgeler/github/S32EX/Matlab_Softwares/TJA1042_Loop_Example/TJA1042_Loop_Example_ert_rtw/rt_nonfinite.c:47:11:rtIsInf	16	static
C:/Users/acalg/OneDrive/Belgeler/github/S32EX/Matlab_Softwares/TJA1042_Loop_Example/TJA1042_Loop_Example_ert_rtw/rt_nonfinite.c:53:11:rtIsInfF	0	static
C:/Users/acalg/OneDrive/Belgeler/github/S32EX/Matlab_Softwares/TJA1042_Loop_Example/TJA1042_Loop_Example_ert_rtw/rt_nonfinite.c:59:11:rtIsNaN	0	static
C:/Users/acalg/OneDrive/Belgeler/github/S32EX/Matlab_Softwares/TJA1042_Loop_Example/TJA1042_Loop_Example_ert_rtw/rt_nonfinite.c:81:11:rtIsNaNF	8	static
