C:/Users/acalg/OneDrive/Belgeler/github/S32EX/Matlab_Softwares/TJA1042_Loop_Example/TJA1042_Loop_Example_Config/RTD/src/SchM_Icu.c:383:8:Icu_schm_read_msr	0	static
C:/Users/acalg/OneDrive/Belgeler/github/S32EX/Matlab_Softwares/TJA1042_Loop_Example/TJA1042_Loop_Example_Config/RTD/src/SchM_Icu.c:467:6:SchM_Enter_Icu_ICU_EXCLUSIVE_AREA_00	8	static
C:/Users/acalg/OneDrive/Belgeler/github/S32EX/Matlab_Softwares/TJA1042_Loop_Example/TJA1042_Loop_Example_Config/RTD/src/SchM_Icu.c:491:6:SchM_Exit_Icu_ICU_EXCLUSIVE_AREA_00	8	static
C:/Users/acalg/OneDrive/Belgeler/github/S32EX/Matlab_Softwares/TJA1042_Loop_Example/TJA1042_Loop_Example_Config/RTD/src/SchM_Icu.c:505:6:SchM_Enter_Icu_ICU_EXCLUSIVE_AREA_01	8	static
C:/Users/acalg/OneDrive/Belgeler/github/S32EX/Matlab_Softwares/TJA1042_Loop_Example/TJA1042_Loop_Example_Config/RTD/src/SchM_Icu.c:529:6:SchM_Exit_Icu_ICU_EXCLUSIVE_AREA_01	8	static
C:/Users/acalg/OneDrive/Belgeler/github/S32EX/Matlab_Softwares/TJA1042_Loop_Example/TJA1042_Loop_Example_Config/RTD/src/SchM_Icu.c:543:6:SchM_Enter_Icu_ICU_EXCLUSIVE_AREA_02	8	static
C:/Users/acalg/OneDrive/Belgeler/github/S32EX/Matlab_Softwares/TJA1042_Loop_Example/TJA1042_Loop_Example_Config/RTD/src/SchM_Icu.c:567:6:SchM_Exit_Icu_ICU_EXCLUSIVE_AREA_02	8	static
C:/Users/acalg/OneDrive/Belgeler/github/S32EX/Matlab_Softwares/TJA1042_Loop_Example/TJA1042_Loop_Example_Config/RTD/src/SchM_Icu.c:581:6:SchM_Enter_Icu_ICU_EXCLUSIVE_AREA_03	8	static
C:/Users/acalg/OneDrive/Belgeler/github/S32EX/Matlab_Softwares/TJA1042_Loop_Example/TJA1042_Loop_Example_Config/RTD/src/SchM_Icu.c:605:6:SchM_Exit_Icu_ICU_EXCLUSIVE_AREA_03	8	static
C:/Users/acalg/OneDrive/Belgeler/github/S32EX/Matlab_Softwares/TJA1042_Loop_Example/TJA1042_Loop_Example_Config/RTD/src/SchM_Icu.c:619:6:SchM_Enter_Icu_ICU_EXCLUSIVE_AREA_04	8	static
C:/Users/acalg/OneDrive/Belgeler/github/S32EX/Matlab_Softwares/TJA1042_Loop_Example/TJA1042_Loop_Example_Config/RTD/src/SchM_Icu.c:643:6:SchM_Exit_Icu_ICU_EXCLUSIVE_AREA_04	8	static
C:/Users/acalg/OneDrive/Belgeler/github/S32EX/Matlab_Softwares/TJA1042_Loop_Example/TJA1042_Loop_Example_Config/RTD/src/SchM_Icu.c:657:6:SchM_Enter_Icu_ICU_EXCLUSIVE_AREA_05	8	static
C:/Users/acalg/OneDrive/Belgeler/github/S32EX/Matlab_Softwares/TJA1042_Loop_Example/TJA1042_Loop_Example_Config/RTD/src/SchM_Icu.c:681:6:SchM_Exit_Icu_ICU_EXCLUSIVE_AREA_05	8	static
C:/Users/acalg/OneDrive/Belgeler/github/S32EX/Matlab_Softwares/TJA1042_Loop_Example/TJA1042_Loop_Example_Config/RTD/src/SchM_Icu.c:695:6:SchM_Enter_Icu_ICU_EXCLUSIVE_AREA_06	8	static
C:/Users/acalg/OneDrive/Belgeler/github/S32EX/Matlab_Softwares/TJA1042_Loop_Example/TJA1042_Loop_Example_Config/RTD/src/SchM_Icu.c:719:6:SchM_Exit_Icu_ICU_EXCLUSIVE_AREA_06	8	static
C:/Users/acalg/OneDrive/Belgeler/github/S32EX/Matlab_Softwares/TJA1042_Loop_Example/TJA1042_Loop_Example_Config/RTD/src/SchM_Icu.c:733:6:SchM_Enter_Icu_ICU_EXCLUSIVE_AREA_07	8	static
C:/Users/acalg/OneDrive/Belgeler/github/S32EX/Matlab_Softwares/TJA1042_Loop_Example/TJA1042_Loop_Example_Config/RTD/src/SchM_Icu.c:757:6:SchM_Exit_Icu_ICU_EXCLUSIVE_AREA_07	8	static
C:/Users/acalg/OneDrive/Belgeler/github/S32EX/Matlab_Softwares/TJA1042_Loop_Example/TJA1042_Loop_Example_Config/RTD/src/SchM_Icu.c:771:6:SchM_Enter_Icu_ICU_EXCLUSIVE_AREA_08	8	static
C:/Users/acalg/OneDrive/Belgeler/github/S32EX/Matlab_Softwares/TJA1042_Loop_Example/TJA1042_Loop_Example_Config/RTD/src/SchM_Icu.c:795:6:SchM_Exit_Icu_ICU_EXCLUSIVE_AREA_08	8	static
C:/Users/acalg/OneDrive/Belgeler/github/S32EX/Matlab_Softwares/TJA1042_Loop_Example/TJA1042_Loop_Example_Config/RTD/src/SchM_Icu.c:809:6:SchM_Enter_Icu_ICU_EXCLUSIVE_AREA_09	8	static
C:/Users/acalg/OneDrive/Belgeler/github/S32EX/Matlab_Softwares/TJA1042_Loop_Example/TJA1042_Loop_Example_Config/RTD/src/SchM_Icu.c:833:6:SchM_Exit_Icu_ICU_EXCLUSIVE_AREA_09	8	static
C:/Users/acalg/OneDrive/Belgeler/github/S32EX/Matlab_Softwares/TJA1042_Loop_Example/TJA1042_Loop_Example_Config/RTD/src/SchM_Icu.c:847:6:SchM_Enter_Icu_ICU_EXCLUSIVE_AREA_11	8	static
C:/Users/acalg/OneDrive/Belgeler/github/S32EX/Matlab_Softwares/TJA1042_Loop_Example/TJA1042_Loop_Example_Config/RTD/src/SchM_Icu.c:871:6:SchM_Exit_Icu_ICU_EXCLUSIVE_AREA_11	8	static
C:/Users/acalg/OneDrive/Belgeler/github/S32EX/Matlab_Softwares/TJA1042_Loop_Example/TJA1042_Loop_Example_Config/RTD/src/SchM_Icu.c:885:6:SchM_Enter_Icu_ICU_EXCLUSIVE_AREA_15	8	static
C:/Users/acalg/OneDrive/Belgeler/github/S32EX/Matlab_Softwares/TJA1042_Loop_Example/TJA1042_Loop_Example_Config/RTD/src/SchM_Icu.c:909:6:SchM_Exit_Icu_ICU_EXCLUSIVE_AREA_15	8	static
C:/Users/acalg/OneDrive/Belgeler/github/S32EX/Matlab_Softwares/TJA1042_Loop_Example/TJA1042_Loop_Example_Config/RTD/src/SchM_Icu.c:923:6:SchM_Enter_Icu_ICU_EXCLUSIVE_AREA_16	8	static
C:/Users/acalg/OneDrive/Belgeler/github/S32EX/Matlab_Softwares/TJA1042_Loop_Example/TJA1042_Loop_Example_Config/RTD/src/SchM_Icu.c:947:6:SchM_Exit_Icu_ICU_EXCLUSIVE_AREA_16	8	static
C:/Users/acalg/OneDrive/Belgeler/github/S32EX/Matlab_Softwares/TJA1042_Loop_Example/TJA1042_Loop_Example_Config/RTD/src/SchM_Icu.c:961:6:SchM_Enter_Icu_ICU_EXCLUSIVE_AREA_17	8	static
C:/Users/acalg/OneDrive/Belgeler/github/S32EX/Matlab_Softwares/TJA1042_Loop_Example/TJA1042_Loop_Example_Config/RTD/src/SchM_Icu.c:985:6:SchM_Exit_Icu_ICU_EXCLUSIVE_AREA_17	8	static
C:/Users/acalg/OneDrive/Belgeler/github/S32EX/Matlab_Softwares/TJA1042_Loop_Example/TJA1042_Loop_Example_Config/RTD/src/SchM_Icu.c:999:6:SchM_Enter_Icu_ICU_EXCLUSIVE_AREA_18	8	static
C:/Users/acalg/OneDrive/Belgeler/github/S32EX/Matlab_Softwares/TJA1042_Loop_Example/TJA1042_Loop_Example_Config/RTD/src/SchM_Icu.c:1023:6:SchM_Exit_Icu_ICU_EXCLUSIVE_AREA_18	8	static
C:/Users/acalg/OneDrive/Belgeler/github/S32EX/Matlab_Softwares/TJA1042_Loop_Example/TJA1042_Loop_Example_Config/RTD/src/SchM_Icu.c:1037:6:SchM_Enter_Icu_ICU_EXCLUSIVE_AREA_19	8	static
C:/Users/acalg/OneDrive/Belgeler/github/S32EX/Matlab_Softwares/TJA1042_Loop_Example/TJA1042_Loop_Example_Config/RTD/src/SchM_Icu.c:1061:6:SchM_Exit_Icu_ICU_EXCLUSIVE_AREA_19	8	static
C:/Users/acalg/OneDrive/Belgeler/github/S32EX/Matlab_Softwares/TJA1042_Loop_Example/TJA1042_Loop_Example_Config/RTD/src/SchM_Icu.c:1075:6:SchM_Enter_Icu_ICU_EXCLUSIVE_AREA_20	8	static
C:/Users/acalg/OneDrive/Belgeler/github/S32EX/Matlab_Softwares/TJA1042_Loop_Example/TJA1042_Loop_Example_Config/RTD/src/SchM_Icu.c:1099:6:SchM_Exit_Icu_ICU_EXCLUSIVE_AREA_20	8	static
C:/Users/acalg/OneDrive/Belgeler/github/S32EX/Matlab_Softwares/TJA1042_Loop_Example/TJA1042_Loop_Example_Config/RTD/src/SchM_Icu.c:1113:6:SchM_Enter_Icu_ICU_EXCLUSIVE_AREA_21	8	static
C:/Users/acalg/OneDrive/Belgeler/github/S32EX/Matlab_Softwares/TJA1042_Loop_Example/TJA1042_Loop_Example_Config/RTD/src/SchM_Icu.c:1137:6:SchM_Exit_Icu_ICU_EXCLUSIVE_AREA_21	8	static
C:/Users/acalg/OneDrive/Belgeler/github/S32EX/Matlab_Softwares/TJA1042_Loop_Example/TJA1042_Loop_Example_Config/RTD/src/SchM_Icu.c:1151:6:SchM_Enter_Icu_ICU_EXCLUSIVE_AREA_22	8	static
C:/Users/acalg/OneDrive/Belgeler/github/S32EX/Matlab_Softwares/TJA1042_Loop_Example/TJA1042_Loop_Example_Config/RTD/src/SchM_Icu.c:1175:6:SchM_Exit_Icu_ICU_EXCLUSIVE_AREA_22	8	static
C:/Users/acalg/OneDrive/Belgeler/github/S32EX/Matlab_Softwares/TJA1042_Loop_Example/TJA1042_Loop_Example_Config/RTD/src/SchM_Icu.c:1189:6:SchM_Enter_Icu_ICU_EXCLUSIVE_AREA_23	8	static
C:/Users/acalg/OneDrive/Belgeler/github/S32EX/Matlab_Softwares/TJA1042_Loop_Example/TJA1042_Loop_Example_Config/RTD/src/SchM_Icu.c:1213:6:SchM_Exit_Icu_ICU_EXCLUSIVE_AREA_23	8	static
C:/Users/acalg/OneDrive/Belgeler/github/S32EX/Matlab_Softwares/TJA1042_Loop_Example/TJA1042_Loop_Example_Config/RTD/src/SchM_Icu.c:1227:6:SchM_Enter_Icu_ICU_EXCLUSIVE_AREA_24	8	static
C:/Users/acalg/OneDrive/Belgeler/github/S32EX/Matlab_Softwares/TJA1042_Loop_Example/TJA1042_Loop_Example_Config/RTD/src/SchM_Icu.c:1251:6:SchM_Exit_Icu_ICU_EXCLUSIVE_AREA_24	8	static
C:/Users/acalg/OneDrive/Belgeler/github/S32EX/Matlab_Softwares/TJA1042_Loop_Example/TJA1042_Loop_Example_Config/RTD/src/SchM_Icu.c:1265:6:SchM_Enter_Icu_ICU_EXCLUSIVE_AREA_25	8	static
C:/Users/acalg/OneDrive/Belgeler/github/S32EX/Matlab_Softwares/TJA1042_Loop_Example/TJA1042_Loop_Example_Config/RTD/src/SchM_Icu.c:1289:6:SchM_Exit_Icu_ICU_EXCLUSIVE_AREA_25	8	static
C:/Users/acalg/OneDrive/Belgeler/github/S32EX/Matlab_Softwares/TJA1042_Loop_Example/TJA1042_Loop_Example_Config/RTD/src/SchM_Icu.c:1303:6:SchM_Enter_Icu_ICU_EXCLUSIVE_AREA_26	8	static
C:/Users/acalg/OneDrive/Belgeler/github/S32EX/Matlab_Softwares/TJA1042_Loop_Example/TJA1042_Loop_Example_Config/RTD/src/SchM_Icu.c:1327:6:SchM_Exit_Icu_ICU_EXCLUSIVE_AREA_26	8	static
C:/Users/acalg/OneDrive/Belgeler/github/S32EX/Matlab_Softwares/TJA1042_Loop_Example/TJA1042_Loop_Example_Config/RTD/src/SchM_Icu.c:1341:6:SchM_Enter_Icu_ICU_EXCLUSIVE_AREA_27	8	static
C:/Users/acalg/OneDrive/Belgeler/github/S32EX/Matlab_Softwares/TJA1042_Loop_Example/TJA1042_Loop_Example_Config/RTD/src/SchM_Icu.c:1365:6:SchM_Exit_Icu_ICU_EXCLUSIVE_AREA_27	8	static
C:/Users/acalg/OneDrive/Belgeler/github/S32EX/Matlab_Softwares/TJA1042_Loop_Example/TJA1042_Loop_Example_Config/RTD/src/SchM_Icu.c:1379:6:SchM_Enter_Icu_ICU_EXCLUSIVE_AREA_28	8	static
C:/Users/acalg/OneDrive/Belgeler/github/S32EX/Matlab_Softwares/TJA1042_Loop_Example/TJA1042_Loop_Example_Config/RTD/src/SchM_Icu.c:1403:6:SchM_Exit_Icu_ICU_EXCLUSIVE_AREA_28	8	static
C:/Users/acalg/OneDrive/Belgeler/github/S32EX/Matlab_Softwares/TJA1042_Loop_Example/TJA1042_Loop_Example_Config/RTD/src/SchM_Icu.c:1417:6:SchM_Enter_Icu_ICU_EXCLUSIVE_AREA_29	8	static
C:/Users/acalg/OneDrive/Belgeler/github/S32EX/Matlab_Softwares/TJA1042_Loop_Example/TJA1042_Loop_Example_Config/RTD/src/SchM_Icu.c:1441:6:SchM_Exit_Icu_ICU_EXCLUSIVE_AREA_29	8	static
C:/Users/acalg/OneDrive/Belgeler/github/S32EX/Matlab_Softwares/TJA1042_Loop_Example/TJA1042_Loop_Example_Config/RTD/src/SchM_Icu.c:1455:6:SchM_Enter_Icu_ICU_EXCLUSIVE_AREA_30	8	static
C:/Users/acalg/OneDrive/Belgeler/github/S32EX/Matlab_Softwares/TJA1042_Loop_Example/TJA1042_Loop_Example_Config/RTD/src/SchM_Icu.c:1479:6:SchM_Exit_Icu_ICU_EXCLUSIVE_AREA_30	8	static
C:/Users/acalg/OneDrive/Belgeler/github/S32EX/Matlab_Softwares/TJA1042_Loop_Example/TJA1042_Loop_Example_Config/RTD/src/SchM_Icu.c:1493:6:SchM_Enter_Icu_ICU_EXCLUSIVE_AREA_31	8	static
C:/Users/acalg/OneDrive/Belgeler/github/S32EX/Matlab_Softwares/TJA1042_Loop_Example/TJA1042_Loop_Example_Config/RTD/src/SchM_Icu.c:1517:6:SchM_Exit_Icu_ICU_EXCLUSIVE_AREA_31	8	static
C:/Users/acalg/OneDrive/Belgeler/github/S32EX/Matlab_Softwares/TJA1042_Loop_Example/TJA1042_Loop_Example_Config/RTD/src/SchM_Icu.c:1531:6:SchM_Enter_Icu_ICU_EXCLUSIVE_AREA_32	8	static
C:/Users/acalg/OneDrive/Belgeler/github/S32EX/Matlab_Softwares/TJA1042_Loop_Example/TJA1042_Loop_Example_Config/RTD/src/SchM_Icu.c:1555:6:SchM_Exit_Icu_ICU_EXCLUSIVE_AREA_32	8	static
C:/Users/acalg/OneDrive/Belgeler/github/S32EX/Matlab_Softwares/TJA1042_Loop_Example/TJA1042_Loop_Example_Config/RTD/src/SchM_Icu.c:1569:6:SchM_Enter_Icu_ICU_EXCLUSIVE_AREA_33	8	static
C:/Users/acalg/OneDrive/Belgeler/github/S32EX/Matlab_Softwares/TJA1042_Loop_Example/TJA1042_Loop_Example_Config/RTD/src/SchM_Icu.c:1593:6:SchM_Exit_Icu_ICU_EXCLUSIVE_AREA_33	8	static
C:/Users/acalg/OneDrive/Belgeler/github/S32EX/Matlab_Softwares/TJA1042_Loop_Example/TJA1042_Loop_Example_Config/RTD/src/SchM_Icu.c:1607:6:SchM_Enter_Icu_ICU_EXCLUSIVE_AREA_44	8	static
C:/Users/acalg/OneDrive/Belgeler/github/S32EX/Matlab_Softwares/TJA1042_Loop_Example/TJA1042_Loop_Example_Config/RTD/src/SchM_Icu.c:1631:6:SchM_Exit_Icu_ICU_EXCLUSIVE_AREA_44	8	static
C:/Users/acalg/OneDrive/Belgeler/github/S32EX/Matlab_Softwares/TJA1042_Loop_Example/TJA1042_Loop_Example_Config/RTD/src/SchM_Icu.c:1645:6:SchM_Enter_Icu_ICU_EXCLUSIVE_AREA_45	8	static
C:/Users/acalg/OneDrive/Belgeler/github/S32EX/Matlab_Softwares/TJA1042_Loop_Example/TJA1042_Loop_Example_Config/RTD/src/SchM_Icu.c:1669:6:SchM_Exit_Icu_ICU_EXCLUSIVE_AREA_45	8	static
C:/Users/acalg/OneDrive/Belgeler/github/S32EX/Matlab_Softwares/TJA1042_Loop_Example/TJA1042_Loop_Example_Config/RTD/src/SchM_Icu.c:1683:6:SchM_Enter_Icu_ICU_EXCLUSIVE_AREA_46	8	static
C:/Users/acalg/OneDrive/Belgeler/github/S32EX/Matlab_Softwares/TJA1042_Loop_Example/TJA1042_Loop_Example_Config/RTD/src/SchM_Icu.c:1707:6:SchM_Exit_Icu_ICU_EXCLUSIVE_AREA_46	8	static
C:/Users/acalg/OneDrive/Belgeler/github/S32EX/Matlab_Softwares/TJA1042_Loop_Example/TJA1042_Loop_Example_Config/RTD/src/SchM_Icu.c:1721:6:SchM_Enter_Icu_ICU_EXCLUSIVE_AREA_47	8	static
C:/Users/acalg/OneDrive/Belgeler/github/S32EX/Matlab_Softwares/TJA1042_Loop_Example/TJA1042_Loop_Example_Config/RTD/src/SchM_Icu.c:1745:6:SchM_Exit_Icu_ICU_EXCLUSIVE_AREA_47	8	static
C:/Users/acalg/OneDrive/Belgeler/github/S32EX/Matlab_Softwares/TJA1042_Loop_Example/TJA1042_Loop_Example_Config/RTD/src/SchM_Icu.c:1759:6:SchM_Enter_Icu_ICU_EXCLUSIVE_AREA_48	8	static
C:/Users/acalg/OneDrive/Belgeler/github/S32EX/Matlab_Softwares/TJA1042_Loop_Example/TJA1042_Loop_Example_Config/RTD/src/SchM_Icu.c:1783:6:SchM_Exit_Icu_ICU_EXCLUSIVE_AREA_48	8	static
C:/Users/acalg/OneDrive/Belgeler/github/S32EX/Matlab_Softwares/TJA1042_Loop_Example/TJA1042_Loop_Example_Config/RTD/src/SchM_Icu.c:1797:6:SchM_Enter_Icu_ICU_EXCLUSIVE_AREA_49	8	static
C:/Users/acalg/OneDrive/Belgeler/github/S32EX/Matlab_Softwares/TJA1042_Loop_Example/TJA1042_Loop_Example_Config/RTD/src/SchM_Icu.c:1821:6:SchM_Exit_Icu_ICU_EXCLUSIVE_AREA_49	8	static
C:/Users/acalg/OneDrive/Belgeler/github/S32EX/Matlab_Softwares/TJA1042_Loop_Example/TJA1042_Loop_Example_Config/RTD/src/SchM_Icu.c:1835:6:SchM_Enter_Icu_ICU_EXCLUSIVE_AREA_50	8	static
C:/Users/acalg/OneDrive/Belgeler/github/S32EX/Matlab_Softwares/TJA1042_Loop_Example/TJA1042_Loop_Example_Config/RTD/src/SchM_Icu.c:1859:6:SchM_Exit_Icu_ICU_EXCLUSIVE_AREA_50	8	static
C:/Users/acalg/OneDrive/Belgeler/github/S32EX/Matlab_Softwares/TJA1042_Loop_Example/TJA1042_Loop_Example_Config/RTD/src/SchM_Icu.c:1873:6:SchM_Enter_Icu_ICU_EXCLUSIVE_AREA_51	8	static
C:/Users/acalg/OneDrive/Belgeler/github/S32EX/Matlab_Softwares/TJA1042_Loop_Example/TJA1042_Loop_Example_Config/RTD/src/SchM_Icu.c:1897:6:SchM_Exit_Icu_ICU_EXCLUSIVE_AREA_51	8	static
C:/Users/acalg/OneDrive/Belgeler/github/S32EX/Matlab_Softwares/TJA1042_Loop_Example/TJA1042_Loop_Example_Config/RTD/src/SchM_Icu.c:1911:6:SchM_Enter_Icu_ICU_EXCLUSIVE_AREA_52	8	static
C:/Users/acalg/OneDrive/Belgeler/github/S32EX/Matlab_Softwares/TJA1042_Loop_Example/TJA1042_Loop_Example_Config/RTD/src/SchM_Icu.c:1935:6:SchM_Exit_Icu_ICU_EXCLUSIVE_AREA_52	8	static
C:/Users/acalg/OneDrive/Belgeler/github/S32EX/Matlab_Softwares/TJA1042_Loop_Example/TJA1042_Loop_Example_Config/RTD/src/SchM_Icu.c:1949:6:SchM_Enter_Icu_ICU_EXCLUSIVE_AREA_53	8	static
C:/Users/acalg/OneDrive/Belgeler/github/S32EX/Matlab_Softwares/TJA1042_Loop_Example/TJA1042_Loop_Example_Config/RTD/src/SchM_Icu.c:1973:6:SchM_Exit_Icu_ICU_EXCLUSIVE_AREA_53	8	static
C:/Users/acalg/OneDrive/Belgeler/github/S32EX/Matlab_Softwares/TJA1042_Loop_Example/TJA1042_Loop_Example_Config/RTD/src/SchM_Icu.c:1987:6:SchM_Enter_Icu_ICU_EXCLUSIVE_AREA_57	8	static
C:/Users/acalg/OneDrive/Belgeler/github/S32EX/Matlab_Softwares/TJA1042_Loop_Example/TJA1042_Loop_Example_Config/RTD/src/SchM_Icu.c:2011:6:SchM_Exit_Icu_ICU_EXCLUSIVE_AREA_57	8	static
C:/Users/acalg/OneDrive/Belgeler/github/S32EX/Matlab_Softwares/TJA1042_Loop_Example/TJA1042_Loop_Example_Config/RTD/src/SchM_Icu.c:2025:6:SchM_Enter_Icu_ICU_EXCLUSIVE_AREA_58	8	static
C:/Users/acalg/OneDrive/Belgeler/github/S32EX/Matlab_Softwares/TJA1042_Loop_Example/TJA1042_Loop_Example_Config/RTD/src/SchM_Icu.c:2049:6:SchM_Exit_Icu_ICU_EXCLUSIVE_AREA_58	8	static
C:/Users/acalg/OneDrive/Belgeler/github/S32EX/Matlab_Softwares/TJA1042_Loop_Example/TJA1042_Loop_Example_Config/RTD/src/SchM_Icu.c:2063:6:SchM_Enter_Icu_ICU_EXCLUSIVE_AREA_59	8	static
C:/Users/acalg/OneDrive/Belgeler/github/S32EX/Matlab_Softwares/TJA1042_Loop_Example/TJA1042_Loop_Example_Config/RTD/src/SchM_Icu.c:2087:6:SchM_Exit_Icu_ICU_EXCLUSIVE_AREA_59	8	static
