C:/Users/acalg/OneDrive/Belgeler/github/S32EX/Matlab_Softwares/TJA1042_Loop_Example/TJA1042_Loop_Example_Config/RTD/src/SchM_Wdg_43_fs23.c:311:8:Wdg_43_fs23_schm_read_msr	0	static
C:/Users/acalg/OneDrive/Belgeler/github/S32EX/Matlab_Softwares/TJA1042_Loop_Example/TJA1042_Loop_Example_Config/RTD/src/SchM_Wdg_43_fs23.c:395:6:SchM_Enter_Wdg_43_fs23_WDG_EXCLUSIVE_AREA_00	8	static
C:/Users/acalg/OneDrive/Belgeler/github/S32EX/Matlab_Softwares/TJA1042_Loop_Example/TJA1042_Loop_Example_Config/RTD/src/SchM_Wdg_43_fs23.c:419:6:SchM_Exit_Wdg_43_fs23_WDG_EXCLUSIVE_AREA_00	8	static
C:/Users/acalg/OneDrive/Belgeler/github/S32EX/Matlab_Softwares/TJA1042_Loop_Example/TJA1042_Loop_Example_Config/RTD/src/SchM_Wdg_43_fs23.c:433:6:SchM_Enter_Wdg_43_fs23_WDG_EXCLUSIVE_AREA_01	8	static
C:/Users/acalg/OneDrive/Belgeler/github/S32EX/Matlab_Softwares/TJA1042_Loop_Example/TJA1042_Loop_Example_Config/RTD/src/SchM_Wdg_43_fs23.c:457:6:SchM_Exit_Wdg_43_fs23_WDG_EXCLUSIVE_AREA_01	8	static
C:/Users/acalg/OneDrive/Belgeler/github/S32EX/Matlab_Softwares/TJA1042_Loop_Example/TJA1042_Loop_Example_Config/RTD/src/SchM_Wdg_43_fs23.c:471:6:SchM_Enter_Wdg_43_fs23_WDG_EXCLUSIVE_AREA_02	8	static
C:/Users/acalg/OneDrive/Belgeler/github/S32EX/Matlab_Softwares/TJA1042_Loop_Example/TJA1042_Loop_Example_Config/RTD/src/SchM_Wdg_43_fs23.c:495:6:SchM_Exit_Wdg_43_fs23_WDG_EXCLUSIVE_AREA_02	8	static
C:/Users/acalg/OneDrive/Belgeler/github/S32EX/Matlab_Softwares/TJA1042_Loop_Example/TJA1042_Loop_Example_Config/RTD/src/SchM_Wdg_43_fs23.c:509:6:SchM_Enter_Wdg_43_fs23_WDG_EXCLUSIVE_AREA_03	8	static
C:/Users/acalg/OneDrive/Belgeler/github/S32EX/Matlab_Softwares/TJA1042_Loop_Example/TJA1042_Loop_Example_Config/RTD/src/SchM_Wdg_43_fs23.c:533:6:SchM_Exit_Wdg_43_fs23_WDG_EXCLUSIVE_AREA_03	8	static
C:/Users/acalg/OneDrive/Belgeler/github/S32EX/Matlab_Softwares/TJA1042_Loop_Example/TJA1042_Loop_Example_Config/RTD/src/SchM_Wdg_43_fs23.c:547:6:SchM_Enter_Wdg_43_fs23_WDG_EXCLUSIVE_AREA_04	8	static
C:/Users/acalg/OneDrive/Belgeler/github/S32EX/Matlab_Softwares/TJA1042_Loop_Example/TJA1042_Loop_Example_Config/RTD/src/SchM_Wdg_43_fs23.c:571:6:SchM_Exit_Wdg_43_fs23_WDG_EXCLUSIVE_AREA_04	8	static
C:/Users/acalg/OneDrive/Belgeler/github/S32EX/Matlab_Softwares/TJA1042_Loop_Example/TJA1042_Loop_Example_Config/RTD/src/SchM_Wdg_43_fs23.c:585:6:SchM_Enter_Wdg_43_fs23_WDG_EXCLUSIVE_AREA_05	8	static
C:/Users/acalg/OneDrive/Belgeler/github/S32EX/Matlab_Softwares/TJA1042_Loop_Example/TJA1042_Loop_Example_Config/RTD/src/SchM_Wdg_43_fs23.c:609:6:SchM_Exit_Wdg_43_fs23_WDG_EXCLUSIVE_AREA_05	8	static
C:/Users/acalg/OneDrive/Belgeler/github/S32EX/Matlab_Softwares/TJA1042_Loop_Example/TJA1042_Loop_Example_Config/RTD/src/SchM_Wdg_43_fs23.c:623:6:SchM_Enter_Wdg_43_fs23_WDG_EXCLUSIVE_AREA_06	8	static
C:/Users/acalg/OneDrive/Belgeler/github/S32EX/Matlab_Softwares/TJA1042_Loop_Example/TJA1042_Loop_Example_Config/RTD/src/SchM_Wdg_43_fs23.c:647:6:SchM_Exit_Wdg_43_fs23_WDG_EXCLUSIVE_AREA_06	8	static
