C:/Users/acalg/OneDrive/Belgeler/github/S32EX/Matlab_Softwares/TJA1042_Loop_Example/TJA1042_Loop_Example_Config/RTD/src/SchM_EthTrcv_43_PHY.c:325:8:EthTrcv_43_PHY_schm_read_msr	0	static
C:/Users/acalg/OneDrive/Belgeler/github/S32EX/Matlab_Softwares/TJA1042_Loop_Example/TJA1042_Loop_Example_Config/RTD/src/SchM_EthTrcv_43_PHY.c:409:6:SchM_Enter_EthTrcv_43_PHY_ETHTRCV_EXCLUSIVE_AREA_00	8	static
C:/Users/acalg/OneDrive/Belgeler/github/S32EX/Matlab_Softwares/TJA1042_Loop_Example/TJA1042_Loop_Example_Config/RTD/src/SchM_EthTrcv_43_PHY.c:433:6:SchM_Exit_EthTrcv_43_PHY_ETHTRCV_EXCLUSIVE_AREA_00	8	static
C:/Users/acalg/OneDrive/Belgeler/github/S32EX/Matlab_Softwares/TJA1042_Loop_Example/TJA1042_Loop_Example_Config/RTD/src/SchM_EthTrcv_43_PHY.c:447:6:SchM_Enter_EthTrcv_43_PHY_ETHTRCV_EXCLUSIVE_AREA_01	8	static
C:/Users/acalg/OneDrive/Belgeler/github/S32EX/Matlab_Softwares/TJA1042_Loop_Example/TJA1042_Loop_Example_Config/RTD/src/SchM_EthTrcv_43_PHY.c:471:6:SchM_Exit_EthTrcv_43_PHY_ETHTRCV_EXCLUSIVE_AREA_01	8	static
C:/Users/acalg/OneDrive/Belgeler/github/S32EX/Matlab_Softwares/TJA1042_Loop_Example/TJA1042_Loop_Example_Config/RTD/src/SchM_EthTrcv_43_PHY.c:485:6:SchM_Enter_EthTrcv_43_PHY_ETHTRCV_EXCLUSIVE_AREA_02	8	static
C:/Users/acalg/OneDrive/Belgeler/github/S32EX/Matlab_Softwares/TJA1042_Loop_Example/TJA1042_Loop_Example_Config/RTD/src/SchM_EthTrcv_43_PHY.c:509:6:SchM_Exit_EthTrcv_43_PHY_ETHTRCV_EXCLUSIVE_AREA_02	8	static
C:/Users/acalg/OneDrive/Belgeler/github/S32EX/Matlab_Softwares/TJA1042_Loop_Example/TJA1042_Loop_Example_Config/RTD/src/SchM_EthTrcv_43_PHY.c:523:6:SchM_Enter_EthTrcv_43_PHY_ETHTRCV_EXCLUSIVE_AREA_03	8	static
C:/Users/acalg/OneDrive/Belgeler/github/S32EX/Matlab_Softwares/TJA1042_Loop_Example/TJA1042_Loop_Example_Config/RTD/src/SchM_EthTrcv_43_PHY.c:547:6:SchM_Exit_EthTrcv_43_PHY_ETHTRCV_EXCLUSIVE_AREA_03	8	static
C:/Users/acalg/OneDrive/Belgeler/github/S32EX/Matlab_Softwares/TJA1042_Loop_Example/TJA1042_Loop_Example_Config/RTD/src/SchM_EthTrcv_43_PHY.c:561:6:SchM_Enter_EthTrcv_43_PHY_ETHTRCV_EXCLUSIVE_AREA_04	8	static
C:/Users/acalg/OneDrive/Belgeler/github/S32EX/Matlab_Softwares/TJA1042_Loop_Example/TJA1042_Loop_Example_Config/RTD/src/SchM_EthTrcv_43_PHY.c:585:6:SchM_Exit_EthTrcv_43_PHY_ETHTRCV_EXCLUSIVE_AREA_04	8	static
C:/Users/acalg/OneDrive/Belgeler/github/S32EX/Matlab_Softwares/TJA1042_Loop_Example/TJA1042_Loop_Example_Config/RTD/src/SchM_EthTrcv_43_PHY.c:599:6:SchM_Enter_EthTrcv_43_PHY_ETHTRCV_EXCLUSIVE_AREA_05	8	static
C:/Users/acalg/OneDrive/Belgeler/github/S32EX/Matlab_Softwares/TJA1042_Loop_Example/TJA1042_Loop_Example_Config/RTD/src/SchM_EthTrcv_43_PHY.c:623:6:SchM_Exit_EthTrcv_43_PHY_ETHTRCV_EXCLUSIVE_AREA_05	8	static
C:/Users/acalg/OneDrive/Belgeler/github/S32EX/Matlab_Softwares/TJA1042_Loop_Example/TJA1042_Loop_Example_Config/RTD/src/SchM_EthTrcv_43_PHY.c:637:6:SchM_Enter_EthTrcv_43_PHY_ETHTRCV_EXCLUSIVE_AREA_06	8	static
C:/Users/acalg/OneDrive/Belgeler/github/S32EX/Matlab_Softwares/TJA1042_Loop_Example/TJA1042_Loop_Example_Config/RTD/src/SchM_EthTrcv_43_PHY.c:661:6:SchM_Exit_EthTrcv_43_PHY_ETHTRCV_EXCLUSIVE_AREA_06	8	static
C:/Users/acalg/OneDrive/Belgeler/github/S32EX/Matlab_Softwares/TJA1042_Loop_Example/TJA1042_Loop_Example_Config/RTD/src/SchM_EthTrcv_43_PHY.c:675:6:SchM_Enter_EthTrcv_43_PHY_ETHTRCV_EXCLUSIVE_AREA_07	8	static
C:/Users/acalg/OneDrive/Belgeler/github/S32EX/Matlab_Softwares/TJA1042_Loop_Example/TJA1042_Loop_Example_Config/RTD/src/SchM_EthTrcv_43_PHY.c:699:6:SchM_Exit_EthTrcv_43_PHY_ETHTRCV_EXCLUSIVE_AREA_07	8	static
C:/Users/acalg/OneDrive/Belgeler/github/S32EX/Matlab_Softwares/TJA1042_Loop_Example/TJA1042_Loop_Example_Config/RTD/src/SchM_EthTrcv_43_PHY.c:713:6:SchM_Enter_EthTrcv_43_PHY_ETHTRCV_EXCLUSIVE_AREA_08	8	static
C:/Users/acalg/OneDrive/Belgeler/github/S32EX/Matlab_Softwares/TJA1042_Loop_Example/TJA1042_Loop_Example_Config/RTD/src/SchM_EthTrcv_43_PHY.c:737:6:SchM_Exit_EthTrcv_43_PHY_ETHTRCV_EXCLUSIVE_AREA_08	8	static
C:/Users/acalg/OneDrive/Belgeler/github/S32EX/Matlab_Softwares/TJA1042_Loop_Example/TJA1042_Loop_Example_Config/RTD/src/SchM_EthTrcv_43_PHY.c:751:6:SchM_Enter_EthTrcv_43_PHY_ETHTRCV_EXCLUSIVE_AREA_09	8	static
C:/Users/acalg/OneDrive/Belgeler/github/S32EX/Matlab_Softwares/TJA1042_Loop_Example/TJA1042_Loop_Example_Config/RTD/src/SchM_EthTrcv_43_PHY.c:775:6:SchM_Exit_EthTrcv_43_PHY_ETHTRCV_EXCLUSIVE_AREA_09	8	static
C:/Users/acalg/OneDrive/Belgeler/github/S32EX/Matlab_Softwares/TJA1042_Loop_Example/TJA1042_Loop_Example_Config/RTD/src/SchM_EthTrcv_43_PHY.c:789:6:SchM_Enter_EthTrcv_43_PHY_ETHTRCV_EXCLUSIVE_AREA_10	8	static
C:/Users/acalg/OneDrive/Belgeler/github/S32EX/Matlab_Softwares/TJA1042_Loop_Example/TJA1042_Loop_Example_Config/RTD/src/SchM_EthTrcv_43_PHY.c:813:6:SchM_Exit_EthTrcv_43_PHY_ETHTRCV_EXCLUSIVE_AREA_10	8	static
C:/Users/acalg/OneDrive/Belgeler/github/S32EX/Matlab_Softwares/TJA1042_Loop_Example/TJA1042_Loop_Example_Config/RTD/src/SchM_EthTrcv_43_PHY.c:827:6:SchM_Enter_EthTrcv_43_PHY_ETHTRCV_EXCLUSIVE_AREA_11	8	static
C:/Users/acalg/OneDrive/Belgeler/github/S32EX/Matlab_Softwares/TJA1042_Loop_Example/TJA1042_Loop_Example_Config/RTD/src/SchM_EthTrcv_43_PHY.c:851:6:SchM_Exit_EthTrcv_43_PHY_ETHTRCV_EXCLUSIVE_AREA_11	8	static
C:/Users/acalg/OneDrive/Belgeler/github/S32EX/Matlab_Softwares/TJA1042_Loop_Example/TJA1042_Loop_Example_Config/RTD/src/SchM_EthTrcv_43_PHY.c:865:6:SchM_Enter_EthTrcv_43_PHY_ETHTRCV_EXCLUSIVE_AREA_12	8	static
C:/Users/acalg/OneDrive/Belgeler/github/S32EX/Matlab_Softwares/TJA1042_Loop_Example/TJA1042_Loop_Example_Config/RTD/src/SchM_EthTrcv_43_PHY.c:889:6:SchM_Exit_EthTrcv_43_PHY_ETHTRCV_EXCLUSIVE_AREA_12	8	static
C:/Users/acalg/OneDrive/Belgeler/github/S32EX/Matlab_Softwares/TJA1042_Loop_Example/TJA1042_Loop_Example_Config/RTD/src/SchM_EthTrcv_43_PHY.c:903:6:SchM_Enter_EthTrcv_43_PHY_ETHTRCV_EXCLUSIVE_AREA_13	8	static
C:/Users/acalg/OneDrive/Belgeler/github/S32EX/Matlab_Softwares/TJA1042_Loop_Example/TJA1042_Loop_Example_Config/RTD/src/SchM_EthTrcv_43_PHY.c:927:6:SchM_Exit_EthTrcv_43_PHY_ETHTRCV_EXCLUSIVE_AREA_13	8	static
