C:/Users/acalg/OneDrive/Belgeler/github/S32EX/Matlab_Softwares/TJA1042_Loop_Example/TJA1042_Loop_Example_Config/RTD/src/SchM_CanTrcv_43_fs23.c:302:8:CanTrcv_43_fs23_schm_read_msr	0	static
C:/Users/acalg/OneDrive/Belgeler/github/S32EX/Matlab_Softwares/TJA1042_Loop_Example/TJA1042_Loop_Example_Config/RTD/src/SchM_CanTrcv_43_fs23.c:386:6:SchM_Enter_CanTrcv_43_fs23_CANTRCV_EXCLUSIVE_AREA_00	8	static
C:/Users/acalg/OneDrive/Belgeler/github/S32EX/Matlab_Softwares/TJA1042_Loop_Example/TJA1042_Loop_Example_Config/RTD/src/SchM_CanTrcv_43_fs23.c:410:6:SchM_Exit_CanTrcv_43_fs23_CANTRCV_EXCLUSIVE_AREA_00	8	static
C:/Users/acalg/OneDrive/Belgeler/github/S32EX/Matlab_Softwares/TJA1042_Loop_Example/TJA1042_Loop_Example_Config/RTD/src/SchM_CanTrcv_43_fs23.c:424:6:SchM_Enter_CanTrcv_43_fs23_CANTRCV_EXCLUSIVE_AREA_01	8	static
C:/Users/acalg/OneDrive/Belgeler/github/S32EX/Matlab_Softwares/TJA1042_Loop_Example/TJA1042_Loop_Example_Config/RTD/src/SchM_CanTrcv_43_fs23.c:448:6:SchM_Exit_CanTrcv_43_fs23_CANTRCV_EXCLUSIVE_AREA_01	8	static
