C:/Users/acalg/OneDrive/Belgeler/github/S32EX/Matlab_Softwares/TJA1042_Loop_Example/TJA1042_Loop_Example_Config/RTD/src/SchM_Mcl.c:393:8:Mcl_schm_read_msr	0	static
C:/Users/acalg/OneDrive/Belgeler/github/S32EX/Matlab_Softwares/TJA1042_Loop_Example/TJA1042_Loop_Example_Config/RTD/src/SchM_Mcl.c:477:6:SchM_Enter_Mcl_MCL_EXCLUSIVE_AREA_00	8	static
C:/Users/acalg/OneDrive/Belgeler/github/S32EX/Matlab_Softwares/TJA1042_Loop_Example/TJA1042_Loop_Example_Config/RTD/src/SchM_Mcl.c:501:6:SchM_Exit_Mcl_MCL_EXCLUSIVE_AREA_00	8	static
C:/Users/acalg/OneDrive/Belgeler/github/S32EX/Matlab_Softwares/TJA1042_Loop_Example/TJA1042_Loop_Example_Config/RTD/src/SchM_Mcl.c:515:6:SchM_Enter_Mcl_MCL_EXCLUSIVE_AREA_01	8	static
C:/Users/acalg/OneDrive/Belgeler/github/S32EX/Matlab_Softwares/TJA1042_Loop_Example/TJA1042_Loop_Example_Config/RTD/src/SchM_Mcl.c:539:6:SchM_Exit_Mcl_MCL_EXCLUSIVE_AREA_01	8	static
C:/Users/acalg/OneDrive/Belgeler/github/S32EX/Matlab_Softwares/TJA1042_Loop_Example/TJA1042_Loop_Example_Config/RTD/src/SchM_Mcl.c:553:6:SchM_Enter_Mcl_MCL_EXCLUSIVE_AREA_02	8	static
C:/Users/acalg/OneDrive/Belgeler/github/S32EX/Matlab_Softwares/TJA1042_Loop_Example/TJA1042_Loop_Example_Config/RTD/src/SchM_Mcl.c:577:6:SchM_Exit_Mcl_MCL_EXCLUSIVE_AREA_02	8	static
C:/Users/acalg/OneDrive/Belgeler/github/S32EX/Matlab_Softwares/TJA1042_Loop_Example/TJA1042_Loop_Example_Config/RTD/src/SchM_Mcl.c:591:6:SchM_Enter_Mcl_MCL_EXCLUSIVE_AREA_03	8	static
C:/Users/acalg/OneDrive/Belgeler/github/S32EX/Matlab_Softwares/TJA1042_Loop_Example/TJA1042_Loop_Example_Config/RTD/src/SchM_Mcl.c:615:6:SchM_Exit_Mcl_MCL_EXCLUSIVE_AREA_03	8	static
C:/Users/acalg/OneDrive/Belgeler/github/S32EX/Matlab_Softwares/TJA1042_Loop_Example/TJA1042_Loop_Example_Config/RTD/src/SchM_Mcl.c:629:6:SchM_Enter_Mcl_MCL_EXCLUSIVE_AREA_04	8	static
C:/Users/acalg/OneDrive/Belgeler/github/S32EX/Matlab_Softwares/TJA1042_Loop_Example/TJA1042_Loop_Example_Config/RTD/src/SchM_Mcl.c:653:6:SchM_Exit_Mcl_MCL_EXCLUSIVE_AREA_04	8	static
C:/Users/acalg/OneDrive/Belgeler/github/S32EX/Matlab_Softwares/TJA1042_Loop_Example/TJA1042_Loop_Example_Config/RTD/src/SchM_Mcl.c:667:6:SchM_Enter_Mcl_MCL_EXCLUSIVE_AREA_05	8	static
C:/Users/acalg/OneDrive/Belgeler/github/S32EX/Matlab_Softwares/TJA1042_Loop_Example/TJA1042_Loop_Example_Config/RTD/src/SchM_Mcl.c:691:6:SchM_Exit_Mcl_MCL_EXCLUSIVE_AREA_05	8	static
C:/Users/acalg/OneDrive/Belgeler/github/S32EX/Matlab_Softwares/TJA1042_Loop_Example/TJA1042_Loop_Example_Config/RTD/src/SchM_Mcl.c:705:6:SchM_Enter_Mcl_MCL_EXCLUSIVE_AREA_06	8	static
C:/Users/acalg/OneDrive/Belgeler/github/S32EX/Matlab_Softwares/TJA1042_Loop_Example/TJA1042_Loop_Example_Config/RTD/src/SchM_Mcl.c:729:6:SchM_Exit_Mcl_MCL_EXCLUSIVE_AREA_06	8	static
C:/Users/acalg/OneDrive/Belgeler/github/S32EX/Matlab_Softwares/TJA1042_Loop_Example/TJA1042_Loop_Example_Config/RTD/src/SchM_Mcl.c:743:6:SchM_Enter_Mcl_MCL_EXCLUSIVE_AREA_07	8	static
C:/Users/acalg/OneDrive/Belgeler/github/S32EX/Matlab_Softwares/TJA1042_Loop_Example/TJA1042_Loop_Example_Config/RTD/src/SchM_Mcl.c:767:6:SchM_Exit_Mcl_MCL_EXCLUSIVE_AREA_07	8	static
C:/Users/acalg/OneDrive/Belgeler/github/S32EX/Matlab_Softwares/TJA1042_Loop_Example/TJA1042_Loop_Example_Config/RTD/src/SchM_Mcl.c:781:6:SchM_Enter_Mcl_MCL_EXCLUSIVE_AREA_08	8	static
C:/Users/acalg/OneDrive/Belgeler/github/S32EX/Matlab_Softwares/TJA1042_Loop_Example/TJA1042_Loop_Example_Config/RTD/src/SchM_Mcl.c:805:6:SchM_Exit_Mcl_MCL_EXCLUSIVE_AREA_08	8	static
C:/Users/acalg/OneDrive/Belgeler/github/S32EX/Matlab_Softwares/TJA1042_Loop_Example/TJA1042_Loop_Example_Config/RTD/src/SchM_Mcl.c:819:6:SchM_Enter_Mcl_MCL_EXCLUSIVE_AREA_09	8	static
C:/Users/acalg/OneDrive/Belgeler/github/S32EX/Matlab_Softwares/TJA1042_Loop_Example/TJA1042_Loop_Example_Config/RTD/src/SchM_Mcl.c:843:6:SchM_Exit_Mcl_MCL_EXCLUSIVE_AREA_09	8	static
C:/Users/acalg/OneDrive/Belgeler/github/S32EX/Matlab_Softwares/TJA1042_Loop_Example/TJA1042_Loop_Example_Config/RTD/src/SchM_Mcl.c:857:6:SchM_Enter_Mcl_MCL_EXCLUSIVE_AREA_10	8	static
C:/Users/acalg/OneDrive/Belgeler/github/S32EX/Matlab_Softwares/TJA1042_Loop_Example/TJA1042_Loop_Example_Config/RTD/src/SchM_Mcl.c:881:6:SchM_Exit_Mcl_MCL_EXCLUSIVE_AREA_10	8	static
C:/Users/acalg/OneDrive/Belgeler/github/S32EX/Matlab_Softwares/TJA1042_Loop_Example/TJA1042_Loop_Example_Config/RTD/src/SchM_Mcl.c:895:6:SchM_Enter_Mcl_MCL_EXCLUSIVE_AREA_11	8	static
C:/Users/acalg/OneDrive/Belgeler/github/S32EX/Matlab_Softwares/TJA1042_Loop_Example/TJA1042_Loop_Example_Config/RTD/src/SchM_Mcl.c:919:6:SchM_Exit_Mcl_MCL_EXCLUSIVE_AREA_11	8	static
C:/Users/acalg/OneDrive/Belgeler/github/S32EX/Matlab_Softwares/TJA1042_Loop_Example/TJA1042_Loop_Example_Config/RTD/src/SchM_Mcl.c:933:6:SchM_Enter_Mcl_MCL_EXCLUSIVE_AREA_12	8	static
C:/Users/acalg/OneDrive/Belgeler/github/S32EX/Matlab_Softwares/TJA1042_Loop_Example/TJA1042_Loop_Example_Config/RTD/src/SchM_Mcl.c:957:6:SchM_Exit_Mcl_MCL_EXCLUSIVE_AREA_12	8	static
C:/Users/acalg/OneDrive/Belgeler/github/S32EX/Matlab_Softwares/TJA1042_Loop_Example/TJA1042_Loop_Example_Config/RTD/src/SchM_Mcl.c:971:6:SchM_Enter_Mcl_MCL_EXCLUSIVE_AREA_13	8	static
C:/Users/acalg/OneDrive/Belgeler/github/S32EX/Matlab_Softwares/TJA1042_Loop_Example/TJA1042_Loop_Example_Config/RTD/src/SchM_Mcl.c:995:6:SchM_Exit_Mcl_MCL_EXCLUSIVE_AREA_13	8	static
C:/Users/acalg/OneDrive/Belgeler/github/S32EX/Matlab_Softwares/TJA1042_Loop_Example/TJA1042_Loop_Example_Config/RTD/src/SchM_Mcl.c:1009:6:SchM_Enter_Mcl_MCL_EXCLUSIVE_AREA_14	8	static
C:/Users/acalg/OneDrive/Belgeler/github/S32EX/Matlab_Softwares/TJA1042_Loop_Example/TJA1042_Loop_Example_Config/RTD/src/SchM_Mcl.c:1033:6:SchM_Exit_Mcl_MCL_EXCLUSIVE_AREA_14	8	static
C:/Users/acalg/OneDrive/Belgeler/github/S32EX/Matlab_Softwares/TJA1042_Loop_Example/TJA1042_Loop_Example_Config/RTD/src/SchM_Mcl.c:1047:6:SchM_Enter_Mcl_MCL_EXCLUSIVE_AREA_15	8	static
C:/Users/acalg/OneDrive/Belgeler/github/S32EX/Matlab_Softwares/TJA1042_Loop_Example/TJA1042_Loop_Example_Config/RTD/src/SchM_Mcl.c:1071:6:SchM_Exit_Mcl_MCL_EXCLUSIVE_AREA_15	8	static
C:/Users/acalg/OneDrive/Belgeler/github/S32EX/Matlab_Softwares/TJA1042_Loop_Example/TJA1042_Loop_Example_Config/RTD/src/SchM_Mcl.c:1085:6:SchM_Enter_Mcl_MCL_EXCLUSIVE_AREA_16	8	static
C:/Users/acalg/OneDrive/Belgeler/github/S32EX/Matlab_Softwares/TJA1042_Loop_Example/TJA1042_Loop_Example_Config/RTD/src/SchM_Mcl.c:1109:6:SchM_Exit_Mcl_MCL_EXCLUSIVE_AREA_16	8	static
C:/Users/acalg/OneDrive/Belgeler/github/S32EX/Matlab_Softwares/TJA1042_Loop_Example/TJA1042_Loop_Example_Config/RTD/src/SchM_Mcl.c:1123:6:SchM_Enter_Mcl_MCL_EXCLUSIVE_AREA_17	8	static
C:/Users/acalg/OneDrive/Belgeler/github/S32EX/Matlab_Softwares/TJA1042_Loop_Example/TJA1042_Loop_Example_Config/RTD/src/SchM_Mcl.c:1147:6:SchM_Exit_Mcl_MCL_EXCLUSIVE_AREA_17	8	static
C:/Users/acalg/OneDrive/Belgeler/github/S32EX/Matlab_Softwares/TJA1042_Loop_Example/TJA1042_Loop_Example_Config/RTD/src/SchM_Mcl.c:1161:6:SchM_Enter_Mcl_MCL_EXCLUSIVE_AREA_18	8	static
C:/Users/acalg/OneDrive/Belgeler/github/S32EX/Matlab_Softwares/TJA1042_Loop_Example/TJA1042_Loop_Example_Config/RTD/src/SchM_Mcl.c:1185:6:SchM_Exit_Mcl_MCL_EXCLUSIVE_AREA_18	8	static
C:/Users/acalg/OneDrive/Belgeler/github/S32EX/Matlab_Softwares/TJA1042_Loop_Example/TJA1042_Loop_Example_Config/RTD/src/SchM_Mcl.c:1199:6:SchM_Enter_Mcl_MCL_EXCLUSIVE_AREA_19	8	static
C:/Users/acalg/OneDrive/Belgeler/github/S32EX/Matlab_Softwares/TJA1042_Loop_Example/TJA1042_Loop_Example_Config/RTD/src/SchM_Mcl.c:1223:6:SchM_Exit_Mcl_MCL_EXCLUSIVE_AREA_19	8	static
C:/Users/acalg/OneDrive/Belgeler/github/S32EX/Matlab_Softwares/TJA1042_Loop_Example/TJA1042_Loop_Example_Config/RTD/src/SchM_Mcl.c:1237:6:SchM_Enter_Mcl_MCL_EXCLUSIVE_AREA_20	8	static
C:/Users/acalg/OneDrive/Belgeler/github/S32EX/Matlab_Softwares/TJA1042_Loop_Example/TJA1042_Loop_Example_Config/RTD/src/SchM_Mcl.c:1261:6:SchM_Exit_Mcl_MCL_EXCLUSIVE_AREA_20	8	static
C:/Users/acalg/OneDrive/Belgeler/github/S32EX/Matlab_Softwares/TJA1042_Loop_Example/TJA1042_Loop_Example_Config/RTD/src/SchM_Mcl.c:1275:6:SchM_Enter_Mcl_MCL_EXCLUSIVE_AREA_21	8	static
C:/Users/acalg/OneDrive/Belgeler/github/S32EX/Matlab_Softwares/TJA1042_Loop_Example/TJA1042_Loop_Example_Config/RTD/src/SchM_Mcl.c:1299:6:SchM_Exit_Mcl_MCL_EXCLUSIVE_AREA_21	8	static
C:/Users/acalg/OneDrive/Belgeler/github/S32EX/Matlab_Softwares/TJA1042_Loop_Example/TJA1042_Loop_Example_Config/RTD/src/SchM_Mcl.c:1313:6:SchM_Enter_Mcl_MCL_EXCLUSIVE_AREA_22	8	static
C:/Users/acalg/OneDrive/Belgeler/github/S32EX/Matlab_Softwares/TJA1042_Loop_Example/TJA1042_Loop_Example_Config/RTD/src/SchM_Mcl.c:1337:6:SchM_Exit_Mcl_MCL_EXCLUSIVE_AREA_22	8	static
C:/Users/acalg/OneDrive/Belgeler/github/S32EX/Matlab_Softwares/TJA1042_Loop_Example/TJA1042_Loop_Example_Config/RTD/src/SchM_Mcl.c:1351:6:SchM_Enter_Mcl_MCL_EXCLUSIVE_AREA_23	8	static
C:/Users/acalg/OneDrive/Belgeler/github/S32EX/Matlab_Softwares/TJA1042_Loop_Example/TJA1042_Loop_Example_Config/RTD/src/SchM_Mcl.c:1375:6:SchM_Exit_Mcl_MCL_EXCLUSIVE_AREA_23	8	static
C:/Users/acalg/OneDrive/Belgeler/github/S32EX/Matlab_Softwares/TJA1042_Loop_Example/TJA1042_Loop_Example_Config/RTD/src/SchM_Mcl.c:1389:6:SchM_Enter_Mcl_MCL_EXCLUSIVE_AREA_24	8	static
C:/Users/acalg/OneDrive/Belgeler/github/S32EX/Matlab_Softwares/TJA1042_Loop_Example/TJA1042_Loop_Example_Config/RTD/src/SchM_Mcl.c:1413:6:SchM_Exit_Mcl_MCL_EXCLUSIVE_AREA_24	8	static
C:/Users/acalg/OneDrive/Belgeler/github/S32EX/Matlab_Softwares/TJA1042_Loop_Example/TJA1042_Loop_Example_Config/RTD/src/SchM_Mcl.c:1427:6:SchM_Enter_Mcl_MCL_EXCLUSIVE_AREA_25	8	static
C:/Users/acalg/OneDrive/Belgeler/github/S32EX/Matlab_Softwares/TJA1042_Loop_Example/TJA1042_Loop_Example_Config/RTD/src/SchM_Mcl.c:1451:6:SchM_Exit_Mcl_MCL_EXCLUSIVE_AREA_25	8	static
C:/Users/acalg/OneDrive/Belgeler/github/S32EX/Matlab_Softwares/TJA1042_Loop_Example/TJA1042_Loop_Example_Config/RTD/src/SchM_Mcl.c:1465:6:SchM_Enter_Mcl_MCL_EXCLUSIVE_AREA_26	8	static
C:/Users/acalg/OneDrive/Belgeler/github/S32EX/Matlab_Softwares/TJA1042_Loop_Example/TJA1042_Loop_Example_Config/RTD/src/SchM_Mcl.c:1489:6:SchM_Exit_Mcl_MCL_EXCLUSIVE_AREA_26	8	static
C:/Users/acalg/OneDrive/Belgeler/github/S32EX/Matlab_Softwares/TJA1042_Loop_Example/TJA1042_Loop_Example_Config/RTD/src/SchM_Mcl.c:1503:6:SchM_Enter_Mcl_MCL_EXCLUSIVE_AREA_27	8	static
C:/Users/acalg/OneDrive/Belgeler/github/S32EX/Matlab_Softwares/TJA1042_Loop_Example/TJA1042_Loop_Example_Config/RTD/src/SchM_Mcl.c:1527:6:SchM_Exit_Mcl_MCL_EXCLUSIVE_AREA_27	8	static
C:/Users/acalg/OneDrive/Belgeler/github/S32EX/Matlab_Softwares/TJA1042_Loop_Example/TJA1042_Loop_Example_Config/RTD/src/SchM_Mcl.c:1541:6:SchM_Enter_Mcl_MCL_EXCLUSIVE_AREA_28	8	static
C:/Users/acalg/OneDrive/Belgeler/github/S32EX/Matlab_Softwares/TJA1042_Loop_Example/TJA1042_Loop_Example_Config/RTD/src/SchM_Mcl.c:1565:6:SchM_Exit_Mcl_MCL_EXCLUSIVE_AREA_28	8	static
C:/Users/acalg/OneDrive/Belgeler/github/S32EX/Matlab_Softwares/TJA1042_Loop_Example/TJA1042_Loop_Example_Config/RTD/src/SchM_Mcl.c:1579:6:SchM_Enter_Mcl_MCL_EXCLUSIVE_AREA_29	8	static
C:/Users/acalg/OneDrive/Belgeler/github/S32EX/Matlab_Softwares/TJA1042_Loop_Example/TJA1042_Loop_Example_Config/RTD/src/SchM_Mcl.c:1603:6:SchM_Exit_Mcl_MCL_EXCLUSIVE_AREA_29	8	static
C:/Users/acalg/OneDrive/Belgeler/github/S32EX/Matlab_Softwares/TJA1042_Loop_Example/TJA1042_Loop_Example_Config/RTD/src/SchM_Mcl.c:1617:6:SchM_Enter_Mcl_MCL_EXCLUSIVE_AREA_30	8	static
C:/Users/acalg/OneDrive/Belgeler/github/S32EX/Matlab_Softwares/TJA1042_Loop_Example/TJA1042_Loop_Example_Config/RTD/src/SchM_Mcl.c:1641:6:SchM_Exit_Mcl_MCL_EXCLUSIVE_AREA_30	8	static
C:/Users/acalg/OneDrive/Belgeler/github/S32EX/Matlab_Softwares/TJA1042_Loop_Example/TJA1042_Loop_Example_Config/RTD/src/SchM_Mcl.c:1655:6:SchM_Enter_Mcl_MCL_EXCLUSIVE_AREA_31	8	static
C:/Users/acalg/OneDrive/Belgeler/github/S32EX/Matlab_Softwares/TJA1042_Loop_Example/TJA1042_Loop_Example_Config/RTD/src/SchM_Mcl.c:1679:6:SchM_Exit_Mcl_MCL_EXCLUSIVE_AREA_31	8	static
C:/Users/acalg/OneDrive/Belgeler/github/S32EX/Matlab_Softwares/TJA1042_Loop_Example/TJA1042_Loop_Example_Config/RTD/src/SchM_Mcl.c:1693:6:SchM_Enter_Mcl_MCL_EXCLUSIVE_AREA_32	8	static
C:/Users/acalg/OneDrive/Belgeler/github/S32EX/Matlab_Softwares/TJA1042_Loop_Example/TJA1042_Loop_Example_Config/RTD/src/SchM_Mcl.c:1717:6:SchM_Exit_Mcl_MCL_EXCLUSIVE_AREA_32	8	static
C:/Users/acalg/OneDrive/Belgeler/github/S32EX/Matlab_Softwares/TJA1042_Loop_Example/TJA1042_Loop_Example_Config/RTD/src/SchM_Mcl.c:1731:6:SchM_Enter_Mcl_MCL_EXCLUSIVE_AREA_33	8	static
C:/Users/acalg/OneDrive/Belgeler/github/S32EX/Matlab_Softwares/TJA1042_Loop_Example/TJA1042_Loop_Example_Config/RTD/src/SchM_Mcl.c:1755:6:SchM_Exit_Mcl_MCL_EXCLUSIVE_AREA_33	8	static
C:/Users/acalg/OneDrive/Belgeler/github/S32EX/Matlab_Softwares/TJA1042_Loop_Example/TJA1042_Loop_Example_Config/RTD/src/SchM_Mcl.c:1769:6:SchM_Enter_Mcl_MCL_EXCLUSIVE_AREA_34	8	static
C:/Users/acalg/OneDrive/Belgeler/github/S32EX/Matlab_Softwares/TJA1042_Loop_Example/TJA1042_Loop_Example_Config/RTD/src/SchM_Mcl.c:1793:6:SchM_Exit_Mcl_MCL_EXCLUSIVE_AREA_34	8	static
C:/Users/acalg/OneDrive/Belgeler/github/S32EX/Matlab_Softwares/TJA1042_Loop_Example/TJA1042_Loop_Example_Config/RTD/src/SchM_Mcl.c:1807:6:SchM_Enter_Mcl_MCL_EXCLUSIVE_AREA_35	8	static
C:/Users/acalg/OneDrive/Belgeler/github/S32EX/Matlab_Softwares/TJA1042_Loop_Example/TJA1042_Loop_Example_Config/RTD/src/SchM_Mcl.c:1831:6:SchM_Exit_Mcl_MCL_EXCLUSIVE_AREA_35	8	static
C:/Users/acalg/OneDrive/Belgeler/github/S32EX/Matlab_Softwares/TJA1042_Loop_Example/TJA1042_Loop_Example_Config/RTD/src/SchM_Mcl.c:1845:6:SchM_Enter_Mcl_MCL_EXCLUSIVE_AREA_36	8	static
C:/Users/acalg/OneDrive/Belgeler/github/S32EX/Matlab_Softwares/TJA1042_Loop_Example/TJA1042_Loop_Example_Config/RTD/src/SchM_Mcl.c:1869:6:SchM_Exit_Mcl_MCL_EXCLUSIVE_AREA_36	8	static
C:/Users/acalg/OneDrive/Belgeler/github/S32EX/Matlab_Softwares/TJA1042_Loop_Example/TJA1042_Loop_Example_Config/RTD/src/SchM_Mcl.c:1883:6:SchM_Enter_Mcl_MCL_EXCLUSIVE_AREA_37	8	static
C:/Users/acalg/OneDrive/Belgeler/github/S32EX/Matlab_Softwares/TJA1042_Loop_Example/TJA1042_Loop_Example_Config/RTD/src/SchM_Mcl.c:1907:6:SchM_Exit_Mcl_MCL_EXCLUSIVE_AREA_37	8	static
C:/Users/acalg/OneDrive/Belgeler/github/S32EX/Matlab_Softwares/TJA1042_Loop_Example/TJA1042_Loop_Example_Config/RTD/src/SchM_Mcl.c:1921:6:SchM_Enter_Mcl_MCL_EXCLUSIVE_AREA_38	8	static
C:/Users/acalg/OneDrive/Belgeler/github/S32EX/Matlab_Softwares/TJA1042_Loop_Example/TJA1042_Loop_Example_Config/RTD/src/SchM_Mcl.c:1945:6:SchM_Exit_Mcl_MCL_EXCLUSIVE_AREA_38	8	static
C:/Users/acalg/OneDrive/Belgeler/github/S32EX/Matlab_Softwares/TJA1042_Loop_Example/TJA1042_Loop_Example_Config/RTD/src/SchM_Mcl.c:1959:6:SchM_Enter_Mcl_MCL_EXCLUSIVE_AREA_39	8	static
C:/Users/acalg/OneDrive/Belgeler/github/S32EX/Matlab_Softwares/TJA1042_Loop_Example/TJA1042_Loop_Example_Config/RTD/src/SchM_Mcl.c:1983:6:SchM_Exit_Mcl_MCL_EXCLUSIVE_AREA_39	8	static
C:/Users/acalg/OneDrive/Belgeler/github/S32EX/Matlab_Softwares/TJA1042_Loop_Example/TJA1042_Loop_Example_Config/RTD/src/SchM_Mcl.c:1997:6:SchM_Enter_Mcl_MCL_EXCLUSIVE_AREA_40	8	static
C:/Users/acalg/OneDrive/Belgeler/github/S32EX/Matlab_Softwares/TJA1042_Loop_Example/TJA1042_Loop_Example_Config/RTD/src/SchM_Mcl.c:2021:6:SchM_Exit_Mcl_MCL_EXCLUSIVE_AREA_40	8	static
C:/Users/acalg/OneDrive/Belgeler/github/S32EX/Matlab_Softwares/TJA1042_Loop_Example/TJA1042_Loop_Example_Config/RTD/src/SchM_Mcl.c:2035:6:SchM_Enter_Mcl_MCL_EXCLUSIVE_AREA_41	8	static
C:/Users/acalg/OneDrive/Belgeler/github/S32EX/Matlab_Softwares/TJA1042_Loop_Example/TJA1042_Loop_Example_Config/RTD/src/SchM_Mcl.c:2059:6:SchM_Exit_Mcl_MCL_EXCLUSIVE_AREA_41	8	static
C:/Users/acalg/OneDrive/Belgeler/github/S32EX/Matlab_Softwares/TJA1042_Loop_Example/TJA1042_Loop_Example_Config/RTD/src/SchM_Mcl.c:2073:6:SchM_Enter_Mcl_MCL_EXCLUSIVE_AREA_42	8	static
C:/Users/acalg/OneDrive/Belgeler/github/S32EX/Matlab_Softwares/TJA1042_Loop_Example/TJA1042_Loop_Example_Config/RTD/src/SchM_Mcl.c:2097:6:SchM_Exit_Mcl_MCL_EXCLUSIVE_AREA_42	8	static
C:/Users/acalg/OneDrive/Belgeler/github/S32EX/Matlab_Softwares/TJA1042_Loop_Example/TJA1042_Loop_Example_Config/RTD/src/SchM_Mcl.c:2111:6:SchM_Enter_Mcl_MCL_EXCLUSIVE_AREA_43	8	static
C:/Users/acalg/OneDrive/Belgeler/github/S32EX/Matlab_Softwares/TJA1042_Loop_Example/TJA1042_Loop_Example_Config/RTD/src/SchM_Mcl.c:2135:6:SchM_Exit_Mcl_MCL_EXCLUSIVE_AREA_43	8	static
C:/Users/acalg/OneDrive/Belgeler/github/S32EX/Matlab_Softwares/TJA1042_Loop_Example/TJA1042_Loop_Example_Config/RTD/src/SchM_Mcl.c:2149:6:SchM_Enter_Mcl_MCL_EXCLUSIVE_AREA_44	8	static
C:/Users/acalg/OneDrive/Belgeler/github/S32EX/Matlab_Softwares/TJA1042_Loop_Example/TJA1042_Loop_Example_Config/RTD/src/SchM_Mcl.c:2173:6:SchM_Exit_Mcl_MCL_EXCLUSIVE_AREA_44	8	static
C:/Users/acalg/OneDrive/Belgeler/github/S32EX/Matlab_Softwares/TJA1042_Loop_Example/TJA1042_Loop_Example_Config/RTD/src/SchM_Mcl.c:2187:6:SchM_Enter_Mcl_MCL_EXCLUSIVE_AREA_45	8	static
C:/Users/acalg/OneDrive/Belgeler/github/S32EX/Matlab_Softwares/TJA1042_Loop_Example/TJA1042_Loop_Example_Config/RTD/src/SchM_Mcl.c:2211:6:SchM_Exit_Mcl_MCL_EXCLUSIVE_AREA_45	8	static
C:/Users/acalg/OneDrive/Belgeler/github/S32EX/Matlab_Softwares/TJA1042_Loop_Example/TJA1042_Loop_Example_Config/RTD/src/SchM_Mcl.c:2225:6:SchM_Enter_Mcl_MCL_EXCLUSIVE_AREA_46	8	static
C:/Users/acalg/OneDrive/Belgeler/github/S32EX/Matlab_Softwares/TJA1042_Loop_Example/TJA1042_Loop_Example_Config/RTD/src/SchM_Mcl.c:2249:6:SchM_Exit_Mcl_MCL_EXCLUSIVE_AREA_46	8	static
C:/Users/acalg/OneDrive/Belgeler/github/S32EX/Matlab_Softwares/TJA1042_Loop_Example/TJA1042_Loop_Example_Config/RTD/src/SchM_Mcl.c:2263:6:SchM_Enter_Mcl_MCL_EXCLUSIVE_AREA_47	8	static
C:/Users/acalg/OneDrive/Belgeler/github/S32EX/Matlab_Softwares/TJA1042_Loop_Example/TJA1042_Loop_Example_Config/RTD/src/SchM_Mcl.c:2287:6:SchM_Exit_Mcl_MCL_EXCLUSIVE_AREA_47	8	static
