C:/Users/acalg/OneDrive/Belgeler/github/S32EX/Matlab_Softwares/TJA1042_Loop_Example/TJA1042_Loop_Example_Config/RTD/src/SchM_Crypto_43_ACE.c:303:8:Crypto_43_ACE_schm_read_msr	0	static
C:/Users/acalg/OneDrive/Belgeler/github/S32EX/Matlab_Softwares/TJA1042_Loop_Example/TJA1042_Loop_Example_Config/RTD/src/SchM_Crypto_43_ACE.c:387:6:SchM_Enter_Crypto_43_ACE_CRYPTO_EXCLUSIVE_AREA_00	8	static
C:/Users/acalg/OneDrive/Belgeler/github/S32EX/Matlab_Softwares/TJA1042_Loop_Example/TJA1042_Loop_Example_Config/RTD/src/SchM_Crypto_43_ACE.c:411:6:SchM_Exit_Crypto_43_ACE_CRYPTO_EXCLUSIVE_AREA_00	8	static
C:/Users/acalg/OneDrive/Belgeler/github/S32EX/Matlab_Softwares/TJA1042_Loop_Example/TJA1042_Loop_Example_Config/RTD/src/SchM_Crypto_43_ACE.c:425:6:SchM_Enter_Crypto_43_ACE_CRYPTO_EXCLUSIVE_AREA_01	8	static
C:/Users/acalg/OneDrive/Belgeler/github/S32EX/Matlab_Softwares/TJA1042_Loop_Example/TJA1042_Loop_Example_Config/RTD/src/SchM_Crypto_43_ACE.c:449:6:SchM_Exit_Crypto_43_ACE_CRYPTO_EXCLUSIVE_AREA_01	8	static
C:/Users/acalg/OneDrive/Belgeler/github/S32EX/Matlab_Softwares/TJA1042_Loop_Example/TJA1042_Loop_Example_Config/RTD/src/SchM_Crypto_43_ACE.c:463:6:SchM_Enter_Crypto_43_ACE_CRYPTO_EXCLUSIVE_AREA_02	8	static
C:/Users/acalg/OneDrive/Belgeler/github/S32EX/Matlab_Softwares/TJA1042_Loop_Example/TJA1042_Loop_Example_Config/RTD/src/SchM_Crypto_43_ACE.c:487:6:SchM_Exit_Crypto_43_ACE_CRYPTO_EXCLUSIVE_AREA_02	8	static
