C:/Users/acalg/OneDrive/Belgeler/github/S32EX/Matlab_Softwares/TJA1042_Loop_Example/TJA1042_Loop_Example_Config/RTD/src/SchM_Rm.c:323:8:Rm_schm_read_msr	0	static
C:/Users/acalg/OneDrive/Belgeler/github/S32EX/Matlab_Softwares/TJA1042_Loop_Example/TJA1042_Loop_Example_Config/RTD/src/SchM_Rm.c:407:6:SchM_Enter_Rm_RM_EXCLUSIVE_AREA_00	8	static
C:/Users/acalg/OneDrive/Belgeler/github/S32EX/Matlab_Softwares/TJA1042_Loop_Example/TJA1042_Loop_Example_Config/RTD/src/SchM_Rm.c:431:6:SchM_Exit_Rm_RM_EXCLUSIVE_AREA_00	8	static
C:/Users/acalg/OneDrive/Belgeler/github/S32EX/Matlab_Softwares/TJA1042_Loop_Example/TJA1042_Loop_Example_Config/RTD/src/SchM_Rm.c:445:6:SchM_Enter_Rm_RM_EXCLUSIVE_AREA_01	8	static
C:/Users/acalg/OneDrive/Belgeler/github/S32EX/Matlab_Softwares/TJA1042_Loop_Example/TJA1042_Loop_Example_Config/RTD/src/SchM_Rm.c:469:6:SchM_Exit_Rm_RM_EXCLUSIVE_AREA_01	8	static
C:/Users/acalg/OneDrive/Belgeler/github/S32EX/Matlab_Softwares/TJA1042_Loop_Example/TJA1042_Loop_Example_Config/RTD/src/SchM_Rm.c:483:6:SchM_Enter_Rm_RM_EXCLUSIVE_AREA_02	8	static
C:/Users/acalg/OneDrive/Belgeler/github/S32EX/Matlab_Softwares/TJA1042_Loop_Example/TJA1042_Loop_Example_Config/RTD/src/SchM_Rm.c:507:6:SchM_Exit_Rm_RM_EXCLUSIVE_AREA_02	8	static
C:/Users/acalg/OneDrive/Belgeler/github/S32EX/Matlab_Softwares/TJA1042_Loop_Example/TJA1042_Loop_Example_Config/RTD/src/SchM_Rm.c:521:6:SchM_Enter_Rm_RM_EXCLUSIVE_AREA_03	8	static
C:/Users/acalg/OneDrive/Belgeler/github/S32EX/Matlab_Softwares/TJA1042_Loop_Example/TJA1042_Loop_Example_Config/RTD/src/SchM_Rm.c:545:6:SchM_Exit_Rm_RM_EXCLUSIVE_AREA_03	8	static
C:/Users/acalg/OneDrive/Belgeler/github/S32EX/Matlab_Softwares/TJA1042_Loop_Example/TJA1042_Loop_Example_Config/RTD/src/SchM_Rm.c:559:6:SchM_Enter_Rm_RM_EXCLUSIVE_AREA_04	8	static
C:/Users/acalg/OneDrive/Belgeler/github/S32EX/Matlab_Softwares/TJA1042_Loop_Example/TJA1042_Loop_Example_Config/RTD/src/SchM_Rm.c:583:6:SchM_Exit_Rm_RM_EXCLUSIVE_AREA_04	8	static
C:/Users/acalg/OneDrive/Belgeler/github/S32EX/Matlab_Softwares/TJA1042_Loop_Example/TJA1042_Loop_Example_Config/RTD/src/SchM_Rm.c:597:6:SchM_Enter_Rm_RM_EXCLUSIVE_AREA_05	8	static
C:/Users/acalg/OneDrive/Belgeler/github/S32EX/Matlab_Softwares/TJA1042_Loop_Example/TJA1042_Loop_Example_Config/RTD/src/SchM_Rm.c:621:6:SchM_Exit_Rm_RM_EXCLUSIVE_AREA_05	8	static
C:/Users/acalg/OneDrive/Belgeler/github/S32EX/Matlab_Softwares/TJA1042_Loop_Example/TJA1042_Loop_Example_Config/RTD/src/SchM_Rm.c:635:6:SchM_Enter_Rm_RM_EXCLUSIVE_AREA_06	8	static
C:/Users/acalg/OneDrive/Belgeler/github/S32EX/Matlab_Softwares/TJA1042_Loop_Example/TJA1042_Loop_Example_Config/RTD/src/SchM_Rm.c:659:6:SchM_Exit_Rm_RM_EXCLUSIVE_AREA_06	8	static
C:/Users/acalg/OneDrive/Belgeler/github/S32EX/Matlab_Softwares/TJA1042_Loop_Example/TJA1042_Loop_Example_Config/RTD/src/SchM_Rm.c:673:6:SchM_Enter_Rm_RM_EXCLUSIVE_AREA_07	8	static
C:/Users/acalg/OneDrive/Belgeler/github/S32EX/Matlab_Softwares/TJA1042_Loop_Example/TJA1042_Loop_Example_Config/RTD/src/SchM_Rm.c:697:6:SchM_Exit_Rm_RM_EXCLUSIVE_AREA_07	8	static
C:/Users/acalg/OneDrive/Belgeler/github/S32EX/Matlab_Softwares/TJA1042_Loop_Example/TJA1042_Loop_Example_Config/RTD/src/SchM_Rm.c:711:6:SchM_Enter_Rm_RM_EXCLUSIVE_AREA_08	8	static
C:/Users/acalg/OneDrive/Belgeler/github/S32EX/Matlab_Softwares/TJA1042_Loop_Example/TJA1042_Loop_Example_Config/RTD/src/SchM_Rm.c:735:6:SchM_Exit_Rm_RM_EXCLUSIVE_AREA_08	8	static
C:/Users/acalg/OneDrive/Belgeler/github/S32EX/Matlab_Softwares/TJA1042_Loop_Example/TJA1042_Loop_Example_Config/RTD/src/SchM_Rm.c:749:6:SchM_Enter_Rm_RM_EXCLUSIVE_AREA_09	8	static
C:/Users/acalg/OneDrive/Belgeler/github/S32EX/Matlab_Softwares/TJA1042_Loop_Example/TJA1042_Loop_Example_Config/RTD/src/SchM_Rm.c:773:6:SchM_Exit_Rm_RM_EXCLUSIVE_AREA_09	8	static
C:/Users/acalg/OneDrive/Belgeler/github/S32EX/Matlab_Softwares/TJA1042_Loop_Example/TJA1042_Loop_Example_Config/RTD/src/SchM_Rm.c:787:6:SchM_Enter_Rm_RM_EXCLUSIVE_AREA_10	8	static
C:/Users/acalg/OneDrive/Belgeler/github/S32EX/Matlab_Softwares/TJA1042_Loop_Example/TJA1042_Loop_Example_Config/RTD/src/SchM_Rm.c:811:6:SchM_Exit_Rm_RM_EXCLUSIVE_AREA_10	8	static
C:/Users/acalg/OneDrive/Belgeler/github/S32EX/Matlab_Softwares/TJA1042_Loop_Example/TJA1042_Loop_Example_Config/RTD/src/SchM_Rm.c:825:6:SchM_Enter_Rm_RM_EXCLUSIVE_AREA_11	8	static
C:/Users/acalg/OneDrive/Belgeler/github/S32EX/Matlab_Softwares/TJA1042_Loop_Example/TJA1042_Loop_Example_Config/RTD/src/SchM_Rm.c:849:6:SchM_Exit_Rm_RM_EXCLUSIVE_AREA_11	8	static
C:/Users/acalg/OneDrive/Belgeler/github/S32EX/Matlab_Softwares/TJA1042_Loop_Example/TJA1042_Loop_Example_Config/RTD/src/SchM_Rm.c:863:6:SchM_Enter_Rm_RM_EXCLUSIVE_AREA_12	8	static
C:/Users/acalg/OneDrive/Belgeler/github/S32EX/Matlab_Softwares/TJA1042_Loop_Example/TJA1042_Loop_Example_Config/RTD/src/SchM_Rm.c:887:6:SchM_Exit_Rm_RM_EXCLUSIVE_AREA_12	8	static
