C:/Users/acalg/OneDrive/Belgeler/github/S32EX/Matlab_Softwares/TJA1042_Loop_Example/TJA1042_Loop_Example_Config/RTD/src/SchM_LinTrcv_43_fs23.c:301:8:LinTrcv_43_fs23_schm_read_msr	0	static
C:/Users/acalg/OneDrive/Belgeler/github/S32EX/Matlab_Softwares/TJA1042_Loop_Example/TJA1042_Loop_Example_Config/RTD/src/SchM_LinTrcv_43_fs23.c:385:6:SchM_Enter_LinTrcv_43_fs23_LINTRCV_EXCLUSIVE_AREA_00	8	static
C:/Users/acalg/OneDrive/Belgeler/github/S32EX/Matlab_Softwares/TJA1042_Loop_Example/TJA1042_Loop_Example_Config/RTD/src/SchM_LinTrcv_43_fs23.c:409:6:SchM_Exit_LinTrcv_43_fs23_LINTRCV_EXCLUSIVE_AREA_00	8	static
C:/Users/acalg/OneDrive/Belgeler/github/S32EX/Matlab_Softwares/TJA1042_Loop_Example/TJA1042_Loop_Example_Config/RTD/src/SchM_LinTrcv_43_fs23.c:423:6:SchM_Enter_LinTrcv_43_fs23_LINTRCV_EXCLUSIVE_AREA_01	8	static
C:/Users/acalg/OneDrive/Belgeler/github/S32EX/Matlab_Softwares/TJA1042_Loop_Example/TJA1042_Loop_Example_Config/RTD/src/SchM_LinTrcv_43_fs23.c:447:6:SchM_Exit_LinTrcv_43_fs23_LINTRCV_EXCLUSIVE_AREA_01	8	static
