C:/Users/acalg/OneDrive/Belgeler/github/S32EX/Matlab_Softwares/TJA1042_Loop_Example/TJA1042_Loop_Example_Config/RTD/src/SchM_Ocu.c:339:8:Ocu_schm_read_msr	0	static
C:/Users/acalg/OneDrive/Belgeler/github/S32EX/Matlab_Softwares/TJA1042_Loop_Example/TJA1042_Loop_Example_Config/RTD/src/SchM_Ocu.c:423:6:SchM_Enter_Ocu_OCU_EXCLUSIVE_AREA_00	8	static
C:/Users/acalg/OneDrive/Belgeler/github/S32EX/Matlab_Softwares/TJA1042_Loop_Example/TJA1042_Loop_Example_Config/RTD/src/SchM_Ocu.c:447:6:SchM_Exit_Ocu_OCU_EXCLUSIVE_AREA_00	8	static
C:/Users/acalg/OneDrive/Belgeler/github/S32EX/Matlab_Softwares/TJA1042_Loop_Example/TJA1042_Loop_Example_Config/RTD/src/SchM_Ocu.c:461:6:SchM_Enter_Ocu_OCU_EXCLUSIVE_AREA_01	8	static
C:/Users/acalg/OneDrive/Belgeler/github/S32EX/Matlab_Softwares/TJA1042_Loop_Example/TJA1042_Loop_Example_Config/RTD/src/SchM_Ocu.c:485:6:SchM_Exit_Ocu_OCU_EXCLUSIVE_AREA_01	8	static
C:/Users/acalg/OneDrive/Belgeler/github/S32EX/Matlab_Softwares/TJA1042_Loop_Example/TJA1042_Loop_Example_Config/RTD/src/SchM_Ocu.c:499:6:SchM_Enter_Ocu_OCU_EXCLUSIVE_AREA_02	8	static
C:/Users/acalg/OneDrive/Belgeler/github/S32EX/Matlab_Softwares/TJA1042_Loop_Example/TJA1042_Loop_Example_Config/RTD/src/SchM_Ocu.c:523:6:SchM_Exit_Ocu_OCU_EXCLUSIVE_AREA_02	8	static
C:/Users/acalg/OneDrive/Belgeler/github/S32EX/Matlab_Softwares/TJA1042_Loop_Example/TJA1042_Loop_Example_Config/RTD/src/SchM_Ocu.c:537:6:SchM_Enter_Ocu_OCU_EXCLUSIVE_AREA_03	8	static
C:/Users/acalg/OneDrive/Belgeler/github/S32EX/Matlab_Softwares/TJA1042_Loop_Example/TJA1042_Loop_Example_Config/RTD/src/SchM_Ocu.c:561:6:SchM_Exit_Ocu_OCU_EXCLUSIVE_AREA_03	8	static
C:/Users/acalg/OneDrive/Belgeler/github/S32EX/Matlab_Softwares/TJA1042_Loop_Example/TJA1042_Loop_Example_Config/RTD/src/SchM_Ocu.c:575:6:SchM_Enter_Ocu_OCU_EXCLUSIVE_AREA_04	8	static
C:/Users/acalg/OneDrive/Belgeler/github/S32EX/Matlab_Softwares/TJA1042_Loop_Example/TJA1042_Loop_Example_Config/RTD/src/SchM_Ocu.c:599:6:SchM_Exit_Ocu_OCU_EXCLUSIVE_AREA_04	8	static
C:/Users/acalg/OneDrive/Belgeler/github/S32EX/Matlab_Softwares/TJA1042_Loop_Example/TJA1042_Loop_Example_Config/RTD/src/SchM_Ocu.c:613:6:SchM_Enter_Ocu_OCU_EXCLUSIVE_AREA_05	8	static
C:/Users/acalg/OneDrive/Belgeler/github/S32EX/Matlab_Softwares/TJA1042_Loop_Example/TJA1042_Loop_Example_Config/RTD/src/SchM_Ocu.c:637:6:SchM_Exit_Ocu_OCU_EXCLUSIVE_AREA_05	8	static
C:/Users/acalg/OneDrive/Belgeler/github/S32EX/Matlab_Softwares/TJA1042_Loop_Example/TJA1042_Loop_Example_Config/RTD/src/SchM_Ocu.c:651:6:SchM_Enter_Ocu_OCU_EXCLUSIVE_AREA_06	8	static
C:/Users/acalg/OneDrive/Belgeler/github/S32EX/Matlab_Softwares/TJA1042_Loop_Example/TJA1042_Loop_Example_Config/RTD/src/SchM_Ocu.c:675:6:SchM_Exit_Ocu_OCU_EXCLUSIVE_AREA_06	8	static
C:/Users/acalg/OneDrive/Belgeler/github/S32EX/Matlab_Softwares/TJA1042_Loop_Example/TJA1042_Loop_Example_Config/RTD/src/SchM_Ocu.c:689:6:SchM_Enter_Ocu_OCU_EXCLUSIVE_AREA_07	8	static
C:/Users/acalg/OneDrive/Belgeler/github/S32EX/Matlab_Softwares/TJA1042_Loop_Example/TJA1042_Loop_Example_Config/RTD/src/SchM_Ocu.c:713:6:SchM_Exit_Ocu_OCU_EXCLUSIVE_AREA_07	8	static
C:/Users/acalg/OneDrive/Belgeler/github/S32EX/Matlab_Softwares/TJA1042_Loop_Example/TJA1042_Loop_Example_Config/RTD/src/SchM_Ocu.c:727:6:SchM_Enter_Ocu_OCU_EXCLUSIVE_AREA_10	8	static
C:/Users/acalg/OneDrive/Belgeler/github/S32EX/Matlab_Softwares/TJA1042_Loop_Example/TJA1042_Loop_Example_Config/RTD/src/SchM_Ocu.c:751:6:SchM_Exit_Ocu_OCU_EXCLUSIVE_AREA_10	8	static
C:/Users/acalg/OneDrive/Belgeler/github/S32EX/Matlab_Softwares/TJA1042_Loop_Example/TJA1042_Loop_Example_Config/RTD/src/SchM_Ocu.c:765:6:SchM_Enter_Ocu_OCU_EXCLUSIVE_AREA_11	8	static
C:/Users/acalg/OneDrive/Belgeler/github/S32EX/Matlab_Softwares/TJA1042_Loop_Example/TJA1042_Loop_Example_Config/RTD/src/SchM_Ocu.c:789:6:SchM_Exit_Ocu_OCU_EXCLUSIVE_AREA_11	8	static
C:/Users/acalg/OneDrive/Belgeler/github/S32EX/Matlab_Softwares/TJA1042_Loop_Example/TJA1042_Loop_Example_Config/RTD/src/SchM_Ocu.c:803:6:SchM_Enter_Ocu_OCU_EXCLUSIVE_AREA_12	8	static
C:/Users/acalg/OneDrive/Belgeler/github/S32EX/Matlab_Softwares/TJA1042_Loop_Example/TJA1042_Loop_Example_Config/RTD/src/SchM_Ocu.c:827:6:SchM_Exit_Ocu_OCU_EXCLUSIVE_AREA_12	8	static
C:/Users/acalg/OneDrive/Belgeler/github/S32EX/Matlab_Softwares/TJA1042_Loop_Example/TJA1042_Loop_Example_Config/RTD/src/SchM_Ocu.c:841:6:SchM_Enter_Ocu_OCU_EXCLUSIVE_AREA_13	8	static
C:/Users/acalg/OneDrive/Belgeler/github/S32EX/Matlab_Softwares/TJA1042_Loop_Example/TJA1042_Loop_Example_Config/RTD/src/SchM_Ocu.c:865:6:SchM_Exit_Ocu_OCU_EXCLUSIVE_AREA_13	8	static
C:/Users/acalg/OneDrive/Belgeler/github/S32EX/Matlab_Softwares/TJA1042_Loop_Example/TJA1042_Loop_Example_Config/RTD/src/SchM_Ocu.c:879:6:SchM_Enter_Ocu_OCU_EXCLUSIVE_AREA_14	8	static
C:/Users/acalg/OneDrive/Belgeler/github/S32EX/Matlab_Softwares/TJA1042_Loop_Example/TJA1042_Loop_Example_Config/RTD/src/SchM_Ocu.c:903:6:SchM_Exit_Ocu_OCU_EXCLUSIVE_AREA_14	8	static
C:/Users/acalg/OneDrive/Belgeler/github/S32EX/Matlab_Softwares/TJA1042_Loop_Example/TJA1042_Loop_Example_Config/RTD/src/SchM_Ocu.c:917:6:SchM_Enter_Ocu_OCU_EXCLUSIVE_AREA_15	8	static
C:/Users/acalg/OneDrive/Belgeler/github/S32EX/Matlab_Softwares/TJA1042_Loop_Example/TJA1042_Loop_Example_Config/RTD/src/SchM_Ocu.c:941:6:SchM_Exit_Ocu_OCU_EXCLUSIVE_AREA_15	8	static
C:/Users/acalg/OneDrive/Belgeler/github/S32EX/Matlab_Softwares/TJA1042_Loop_Example/TJA1042_Loop_Example_Config/RTD/src/SchM_Ocu.c:955:6:SchM_Enter_Ocu_OCU_EXCLUSIVE_AREA_16	8	static
C:/Users/acalg/OneDrive/Belgeler/github/S32EX/Matlab_Softwares/TJA1042_Loop_Example/TJA1042_Loop_Example_Config/RTD/src/SchM_Ocu.c:979:6:SchM_Exit_Ocu_OCU_EXCLUSIVE_AREA_16	8	static
C:/Users/acalg/OneDrive/Belgeler/github/S32EX/Matlab_Softwares/TJA1042_Loop_Example/TJA1042_Loop_Example_Config/RTD/src/SchM_Ocu.c:993:6:SchM_Enter_Ocu_OCU_EXCLUSIVE_AREA_20	8	static
C:/Users/acalg/OneDrive/Belgeler/github/S32EX/Matlab_Softwares/TJA1042_Loop_Example/TJA1042_Loop_Example_Config/RTD/src/SchM_Ocu.c:1017:6:SchM_Exit_Ocu_OCU_EXCLUSIVE_AREA_20	8	static
C:/Users/acalg/OneDrive/Belgeler/github/S32EX/Matlab_Softwares/TJA1042_Loop_Example/TJA1042_Loop_Example_Config/RTD/src/SchM_Ocu.c:1031:6:SchM_Enter_Ocu_OCU_EXCLUSIVE_AREA_21	8	static
C:/Users/acalg/OneDrive/Belgeler/github/S32EX/Matlab_Softwares/TJA1042_Loop_Example/TJA1042_Loop_Example_Config/RTD/src/SchM_Ocu.c:1055:6:SchM_Exit_Ocu_OCU_EXCLUSIVE_AREA_21	8	static
C:/Users/acalg/OneDrive/Belgeler/github/S32EX/Matlab_Softwares/TJA1042_Loop_Example/TJA1042_Loop_Example_Config/RTD/src/SchM_Ocu.c:1069:6:SchM_Enter_Ocu_OCU_EXCLUSIVE_AREA_22	8	static
C:/Users/acalg/OneDrive/Belgeler/github/S32EX/Matlab_Softwares/TJA1042_Loop_Example/TJA1042_Loop_Example_Config/RTD/src/SchM_Ocu.c:1093:6:SchM_Exit_Ocu_OCU_EXCLUSIVE_AREA_22	8	static
C:/Users/acalg/OneDrive/Belgeler/github/S32EX/Matlab_Softwares/TJA1042_Loop_Example/TJA1042_Loop_Example_Config/RTD/src/SchM_Ocu.c:1107:6:SchM_Enter_Ocu_OCU_EXCLUSIVE_AREA_23	8	static
C:/Users/acalg/OneDrive/Belgeler/github/S32EX/Matlab_Softwares/TJA1042_Loop_Example/TJA1042_Loop_Example_Config/RTD/src/SchM_Ocu.c:1131:6:SchM_Exit_Ocu_OCU_EXCLUSIVE_AREA_23	8	static
C:/Users/acalg/OneDrive/Belgeler/github/S32EX/Matlab_Softwares/TJA1042_Loop_Example/TJA1042_Loop_Example_Config/RTD/src/SchM_Ocu.c:1145:6:SchM_Enter_Ocu_OCU_EXCLUSIVE_AREA_24	8	static
C:/Users/acalg/OneDrive/Belgeler/github/S32EX/Matlab_Softwares/TJA1042_Loop_Example/TJA1042_Loop_Example_Config/RTD/src/SchM_Ocu.c:1169:6:SchM_Exit_Ocu_OCU_EXCLUSIVE_AREA_24	8	static
C:/Users/acalg/OneDrive/Belgeler/github/S32EX/Matlab_Softwares/TJA1042_Loop_Example/TJA1042_Loop_Example_Config/RTD/src/SchM_Ocu.c:1183:6:SchM_Enter_Ocu_OCU_EXCLUSIVE_AREA_25	8	static
C:/Users/acalg/OneDrive/Belgeler/github/S32EX/Matlab_Softwares/TJA1042_Loop_Example/TJA1042_Loop_Example_Config/RTD/src/SchM_Ocu.c:1207:6:SchM_Exit_Ocu_OCU_EXCLUSIVE_AREA_25	8	static
