C:/Users/acalg/OneDrive/Belgeler/github/S32EX/Matlab_Softwares/TJA1042_Loop_Example/TJA1042_Loop_Example_Config/RTD/src/Siul2_Port_Ip.c:273:13:Siul2_Port_Ip_PinInit	16	static
C:/Users/acalg/OneDrive/Belgeler/github/S32EX/Matlab_Softwares/TJA1042_Loop_Example/TJA1042_Loop_Example_Config/RTD/src/Siul2_Port_Ip.c:634:30:Siul2_Port_Ip_Init	16	static
C:/Users/acalg/OneDrive/Belgeler/github/S32EX/Matlab_Softwares/TJA1042_Loop_Example/TJA1042_Loop_Example_Config/RTD/src/Siul2_Port_Ip.c:669:6:Siul2_Port_Ip_SetPullSel	16	static
C:/Users/acalg/OneDrive/Belgeler/github/S32EX/Matlab_Softwares/TJA1042_Loop_Example/TJA1042_Loop_Example_Config/RTD/src/Siul2_Port_Ip.c:744:6:Siul2_Port_Ip_SetOutputBuffer	24	static
C:/Users/acalg/OneDrive/Belgeler/github/S32EX/Matlab_Softwares/TJA1042_Loop_Example/TJA1042_Loop_Example_Config/RTD/src/Siul2_Port_Ip.c:777:6:Siul2_Port_Ip_SetInputBuffer	32	static
C:/Users/acalg/OneDrive/Belgeler/github/S32EX/Matlab_Softwares/TJA1042_Loop_Example/TJA1042_Loop_Example_Config/RTD/src/Siul2_Port_Ip.c:839:6:Siul2_Port_Ip_SetPinDirection	16	static
C:/Users/acalg/OneDrive/Belgeler/github/S32EX/Matlab_Softwares/TJA1042_Loop_Example/TJA1042_Loop_Example_Config/RTD/src/Siul2_Port_Ip.c:886:8:Siul2_Port_Ip_RevertPinConfiguration	16	static
C:/Users/acalg/OneDrive/Belgeler/github/S32EX/Matlab_Softwares/TJA1042_Loop_Example/TJA1042_Loop_Example_Config/RTD/src/Siul2_Port_Ip.c:939:6:Siul2_Port_Ip_GetPinConfiguration	24	static
