C:/Users/acalg/OneDrive/Belgeler/github/S32EX/Matlab_Softwares/TJA1042_Loop_Example/TJA1042_Loop_Example_Config/RTD/src/Siul2_Dio_Ip.c:263:6:Siul2_Dio_Ip_WritePin	16	static
C:/Users/acalg/OneDrive/Belgeler/github/S32EX/Matlab_Softwares/TJA1042_Loop_Example/TJA1042_Loop_Example_Config/RTD/src/Siul2_Dio_Ip.c:280:6:Siul2_Dio_Ip_SetGPDO	0	static
C:/Users/acalg/OneDrive/Belgeler/github/S32EX/Matlab_Softwares/TJA1042_Loop_Example/TJA1042_Loop_Example_Config/RTD/src/Siul2_Dio_Ip.c:292:6:Siul2_Dio_Ip_ClearGPDO	0	static
C:/Users/acalg/OneDrive/Belgeler/github/S32EX/Matlab_Softwares/TJA1042_Loop_Example/TJA1042_Loop_Example_Config/RTD/src/Siul2_Dio_Ip.c:320:6:Siul2_Dio_Ip_WritePins	8	static
C:/Users/acalg/OneDrive/Belgeler/github/S32EX/Matlab_Softwares/TJA1042_Loop_Example/TJA1042_Loop_Example_Config/RTD/src/Siul2_Dio_Ip.c:349:30:Siul2_Dio_Ip_GetPinsOutput	4	static
C:/Users/acalg/OneDrive/Belgeler/github/S32EX/Matlab_Softwares/TJA1042_Loop_Example/TJA1042_Loop_Example_Config/RTD/src/Siul2_Dio_Ip.c:379:6:Siul2_Dio_Ip_SetPins	8	static
C:/Users/acalg/OneDrive/Belgeler/github/S32EX/Matlab_Softwares/TJA1042_Loop_Example/TJA1042_Loop_Example_Config/RTD/src/Siul2_Dio_Ip.c:409:6:Siul2_Dio_Ip_ClearPins	8	static
C:/Users/acalg/OneDrive/Belgeler/github/S32EX/Matlab_Softwares/TJA1042_Loop_Example/TJA1042_Loop_Example_Config/RTD/src/Siul2_Dio_Ip.c:437:6:Siul2_Dio_Ip_TogglePins	8	static
C:/Users/acalg/OneDrive/Belgeler/github/S32EX/Matlab_Softwares/TJA1042_Loop_Example/TJA1042_Loop_Example_Config/RTD/src/Siul2_Dio_Ip.c:465:30:Siul2_Dio_Ip_ReadPins	4	static
C:/Users/acalg/OneDrive/Belgeler/github/S32EX/Matlab_Softwares/TJA1042_Loop_Example/TJA1042_Loop_Example_Config/RTD/src/Siul2_Dio_Ip.c:495:28:Siul2_Dio_Ip_ReadPin	8	static
C:/Users/acalg/OneDrive/Belgeler/github/S32EX/Matlab_Softwares/TJA1042_Loop_Example/TJA1042_Loop_Example_Config/RTD/src/Siul2_Dio_Ip.c:536:6:Siul2_Dio_Ip_MaskedWritePins	16	static
