C:/Users/acalg/OneDrive/Belgeler/github/S32EX/Matlab_Softwares/TJA1042_Loop_Example/TJA1042_Loop_Example_Config/RTD/src/Siul2_Icu_Ip.c:336:25:Siul2_Icu_Ip_Init	36	static
C:/Users/acalg/OneDrive/Belgeler/github/S32EX/Matlab_Softwares/TJA1042_Loop_Example/TJA1042_Loop_Example_Config/RTD/src/Siul2_Icu_Ip.c:434:6:Siul2_Icu_Ip_SetActivationCondition	0	static
C:/Users/acalg/OneDrive/Belgeler/github/S32EX/Matlab_Softwares/TJA1042_Loop_Example/TJA1042_Loop_Example_Config/RTD/src/Siul2_Icu_Ip.c:474:9:Siul2_Icu_Ip_GetInputState	4	static
C:/Users/acalg/OneDrive/Belgeler/github/S32EX/Matlab_Softwares/TJA1042_Loop_Example/TJA1042_Loop_Example_Config/RTD/src/Siul2_Icu_Ip.c:527:6:Siul2_Icu_Ip_EnableInterrupt	0	static
C:/Users/acalg/OneDrive/Belgeler/github/S32EX/Matlab_Softwares/TJA1042_Loop_Example/TJA1042_Loop_Example_Config/RTD/src/Siul2_Icu_Ip.c:549:6:Siul2_Icu_Ip_DisableInterrupt	0	static
C:/Users/acalg/OneDrive/Belgeler/github/S32EX/Matlab_Softwares/TJA1042_Loop_Example/TJA1042_Loop_Example_Config/RTD/src/Siul2_Icu_Ip.c:275:25:Siul2_Icu_Ip_DeInit	32	static
C:/Users/acalg/OneDrive/Belgeler/github/S32EX/Matlab_Softwares/TJA1042_Loop_Example/TJA1042_Loop_Example_Config/RTD/src/Siul2_Icu_Ip.c:571:6:Siul2_Icu_Ip_SetSleepMode	0	static
C:/Users/acalg/OneDrive/Belgeler/github/S32EX/Matlab_Softwares/TJA1042_Loop_Example/TJA1042_Loop_Example_Config/RTD/src/Siul2_Icu_Ip.c:577:6:Siul2_Icu_Ip_SetNormalMode	0	static
C:/Users/acalg/OneDrive/Belgeler/github/S32EX/Matlab_Softwares/TJA1042_Loop_Example/TJA1042_Loop_Example_Config/RTD/src/Siul2_Icu_Ip.c:585:6:Siul2_Icu_Ip_EnableNotification	0	static
C:/Users/acalg/OneDrive/Belgeler/github/S32EX/Matlab_Softwares/TJA1042_Loop_Example/TJA1042_Loop_Example_Config/RTD/src/Siul2_Icu_Ip.c:591:6:Siul2_Icu_Ip_DisableNotification	0	static
