C:/Users/acalg/OneDrive/Belgeler/github/S32EX/Matlab_Softwares/TJA1042_Loop_Example/TJA1042_Loop_Example_ert_rtw/TJA1042_Loop_Example.c:38:6:CanIf_TxConfirmation	8	static
C:/Users/acalg/OneDrive/Belgeler/github/S32EX/Matlab_Softwares/TJA1042_Loop_Example/TJA1042_Loop_Example_ert_rtw/TJA1042_Loop_Example.c:86:6:TJA1042_Loop_Example_step	48	static
C:/Users/acalg/OneDrive/Belgeler/github/S32EX/Matlab_Softwares/TJA1042_Loop_Example/TJA1042_Loop_Example_ert_rtw/TJA1042_Loop_Example.c:136:6:TJA1042_Loop_Example_initialize	16	static
C:/Users/acalg/OneDrive/Belgeler/github/S32EX/Matlab_Softwares/TJA1042_Loop_Example/TJA1042_Loop_Example_ert_rtw/TJA1042_Loop_Example.c:188:6:TJA1042_Loop_Example_terminate	0	static
