../RTD/src/Clock_Ip_Pll.c:148:13:Clock_Ip_CallbackPllEmpty	8	static
../RTD/src/Clock_Ip_Pll.c:153:37:Clock_Ip_CallbackPllEmptyComplete	8	static
../RTD/src/Clock_Ip_Pll.c:159:13:Clock_Ip_CallbackPllEmptyDisable	8	static
../RTD/src/Clock_Ip_Pll.c:168:13:Clock_Ip_ResetPllRdivMfiMfnOdiv2SdmenSsscgbypSpreadctlStepnoStepsize	16	static
../RTD/src/Clock_Ip_Pll.c:175:13:Clock_Ip_SetPllRdivMfiMfnOdiv2SdmenSsscgbypSpreadctlStepnoStepsize	16	static
../RTD/src/Clock_Ip_Pll.c:208:37:Clock_Ip_CompletePllRdivMfiMfnOdiv2SdmenSsscgbypSpreadctlStepnoStepsize	48	static
../RTD/src/Clock_Ip_Pll.c:241:13:Clock_Ip_EnablePllRdivMfiMfnOdiv2SdmenSsscgbypSpreadctlStepnoStepsize	16	static
