../RTD/src/Clock_Ip.c:209:13:Clock_Ip_NotificatonsEmptyCallback	8	static
../RTD/src/Clock_Ip.c:222:13:Clock_Ip_UpdateDriverContext	24	static
../RTD/src/Clock_Ip.c:528:13:Clock_Ip_CallEmptyCallbacks	8	static
../RTD/src/Clock_Ip.c:564:13:Clock_Ip_ResetClockConfiguration	24	static
../RTD/src/Clock_Ip.c:623:21:Clock_Ip_Init	24	static
../RTD/src/Clock_Ip.c:682:6:Clock_Ip_InitClock	24	static
../RTD/src/Clock_Ip.c:877:24:Clock_Ip_GetPllStatus	32	static
../RTD/src/Clock_Ip.c:929:6:Clock_Ip_DistributePll	16	static
../RTD/src/Clock_Ip.c:983:6:Clock_Ip_DisableClockMonitor	24	static
../RTD/src/Clock_Ip.c:999:24:Clock_Ip_GetClockMonitorStatus	24	static
../RTD/src/Clock_Ip.c:1014:6:Clock_Ip_ClearClockMonitorStatus	24	static
../RTD/src/Clock_Ip.c:1032:6:Clock_Ip_InstallNotificationsCallback	8	static
../RTD/src/Clock_Ip.c:1046:6:Clock_Ip_DisableModuleClock	24	static
../RTD/src/Clock_Ip.c:1062:6:Clock_Ip_EnableModuleClock	24	static
../RTD/src/Clock_Ip.c:1116:13:Clock_Ip_SetWaitStates	0	static
../RTD/src/Clock_Ip.c:1164:6:Clock_Ip_DisableFircInStandby	8	static
../RTD/src/Clock_Ip.c:1182:6:Clock_Ip_EnableFircInStandby	8	static
../RTD/src/Clock_Ip.c:1200:6:Clock_Ip_DisableSircInStandby	8	static
../RTD/src/Clock_Ip.c:1218:6:Clock_Ip_EnableSircInStandby	8	static
../RTD/src/Clock_Ip.c:1234:6:Clock_Ip_ReportClockErrors	16	static
../RTD/src/Clock_Ip.c:1245:6:Clock_Ip_StartTimeout	24	static
../RTD/src/Clock_Ip.c:1261:9:Clock_Ip_TimeoutExpired	24	static
