../RTD/src/FlexCAN_Ip_Irq.c:165:1:CAN0_ORED_IRQHandler	8	static
../RTD/src/FlexCAN_Ip_Irq.c:172:1:CAN0_ORED_0_31_MB_IRQHandler	8	static
../RTD/src/FlexCAN_Ip_Irq.c:179:1:CAN0_ORED_32_63_MB_IRQHandler	8	static
../RTD/src/FlexCAN_Ip_Irq.c:187:1:CAN0_ORED_64_95_MB_IRQHandler	8	static
../RTD/src/FlexCAN_Ip_Irq.c:195:1:CAN1_ORED_IRQHandler	8	static
../RTD/src/FlexCAN_Ip_Irq.c:202:1:CAN1_ORED_0_31_MB_IRQHandler	8	static
../RTD/src/FlexCAN_Ip_Irq.c:209:1:CAN1_ORED_32_63_MB_IRQHandler	8	static
../RTD/src/FlexCAN_Ip_Irq.c:218:1:CAN2_ORED_IRQHandler	8	static
../RTD/src/FlexCAN_Ip_Irq.c:225:1:CAN2_ORED_0_31_MB_IRQHandler	8	static
../RTD/src/FlexCAN_Ip_Irq.c:232:1:CAN2_ORED_32_63_MB_IRQHandler	8	static
../RTD/src/FlexCAN_Ip_Irq.c:241:1:CAN3_ORED_IRQHandler	8	static
../RTD/src/FlexCAN_Ip_Irq.c:248:1:CAN3_ORED_0_31_MB_IRQHandler	8	static
../RTD/src/FlexCAN_Ip_Irq.c:258:1:CAN4_ORED_IRQHandler	8	static
../RTD/src/FlexCAN_Ip_Irq.c:265:1:CAN4_ORED_0_31_MB_IRQHandler	8	static
../RTD/src/FlexCAN_Ip_Irq.c:275:1:CAN5_ORED_IRQHandler	8	static
../RTD/src/FlexCAN_Ip_Irq.c:282:1:CAN5_ORED_0_31_MB_IRQHandler	8	static
