../RTD/include/FlexCAN_Ip_HwAccess.h:549:20:FlexCAN_SetRxFifoGlobalMask	8	static
../RTD/include/FlexCAN_Ip_HwAccess.h:564:20:FlexCAN_SetTDCOffset	16	static
../RTD/include/FlexCAN_Ip_HwAccess.h:594:20:FlexCAN_SetEnhancedTDCOffset	16	static
../RTD/include/FlexCAN_Ip_HwAccess.h:635:23:FlexCAN_IsEnabled	8	static
../RTD/include/FlexCAN_Ip_HwAccess.h:646:20:FlexCAN_DisableMemErrorDetection	8	static
../RTD/include/FlexCAN_Ip_HwAccess.h:668:20:FlexCAN_SetFDEnabled	8	static
../RTD/include/FlexCAN_Ip_HwAccess.h:688:20:FlexCAN_SetListenOnlyMode	8	static
../RTD/include/FlexCAN_Ip_HwAccess.h:767:20:FlexCAN_UnlockRxMsgBuff	8	static
../RTD/include/FlexCAN_Ip_HwAccess.h:779:20:FlexCAN_ClearMsgBuffIntStatusFlag	16	static
../RTD/include/FlexCAN_Ip_HwAccess.h:828:21:FlexCAN_GetBuffStatusFlag	16	static
../RTD/include/FlexCAN_Ip_HwAccess.h:880:21:FlexCAN_GetBuffStatusImask	16	static
../RTD/include/FlexCAN_Ip_HwAccess.h:934:20:FlexCAN_SetFDTimeSegments	8	static
../RTD/include/FlexCAN_Ip_HwAccess.h:962:20:FlexCAN_SetTimeSegments	8	static
../RTD/include/FlexCAN_Ip_HwAccess.h:988:20:FlexCAN_SetExtendedTimeSegments	8	static
../RTD/include/FlexCAN_Ip_HwAccess.h:1016:20:FlexCAN_SetEnhancedNominalTimeSegments	8	static
../RTD/include/FlexCAN_Ip_HwAccess.h:1038:20:FlexCAN_GetEnhancedNominalTimeSegments	8	static
../RTD/include/FlexCAN_Ip_HwAccess.h:1053:20:FlexCAN_SetEnhancedDataTimeSegments	8	static
../RTD/include/FlexCAN_Ip_HwAccess.h:1075:20:FlexCAN_GetEnhancedDataTimeSegments	8	static
../RTD/include/FlexCAN_Ip_HwAccess.h:1094:20:FlexCAN_GetExtendedTimeSegments	8	static
../RTD/include/FlexCAN_Ip_HwAccess.h:1109:20:FlexCAN_GetTimeSegments	8	static
../RTD/include/FlexCAN_Ip_HwAccess.h:1125:20:FlexCAN_GetFDTimeSegments	8	static
../RTD/include/FlexCAN_Ip_HwAccess.h:1142:23:FlexCAN_IsExCbtEnabled	8	static
../RTD/include/FlexCAN_Ip_HwAccess.h:1154:23:FlexCAN_IsEnhCbtEnabled	8	static
../RTD/include/FlexCAN_Ip_HwAccess.h:1165:20:FlexCAN_EnhCbtEnable	8	static
../RTD/include/FlexCAN_Ip_HwAccess.h:1176:20:FlexCAN_EnableExtCbt	8	static
../RTD/include/FlexCAN_Ip_HwAccess.h:1198:20:FlexCAN_SetSelfReception	8	static
../RTD/include/FlexCAN_Ip_HwAccess.h:1209:23:FlexCAN_IsFDEnabled	8	static
../RTD/include/FlexCAN_Ip_HwAccess.h:1220:23:FlexCAN_IsListenOnlyModeEnabled	8	static
../RTD/include/FlexCAN_Ip_HwAccess.h:1232:22:RxFifoOcuppiedLastMsgBuff	8	static
../RTD/include/FlexCAN_Ip_HwAccess.h:1360:21:FlexCAN_GetMsgBuffIntStatusFlag	16	static
../RTD/include/FlexCAN_Ip_HwAccess.h:1415:20:FlexCAN_SetRxMsgBuffGlobalMask	8	static
../RTD/include/FlexCAN_Ip_HwAccess.h:1427:20:FlexCAN_SetRxIndividualMask	16	static
../RTD/include/FlexCAN_Ip_HwAccess.h:1453:20:FlexCAN_SetTxArbitrationStartDelay	8	static
../RTD/include/FlexCAN_Ip_HwAccess.h:1464:20:FlexCAN_SetRxMaskType	8	static
../RTD/include/FlexCAN_Ip_HwAccess.h:1486:23:FlexCAN_IsEnhancedRxFifoEnabled	8	static
../RTD/include/FlexCAN_Ip_HwAccess.h:1498:20:FlexCAN_SetEnhancedRxFifoIntAll	8	static
../RTD/include/FlexCAN_Ip_HwAccess.h:1517:21:FlexCAN_GetEnhancedRxFIFOStatusFlag	8	static
../RTD/include/FlexCAN_Ip_HwAccess.h:1528:20:FlexCAN_ClearEnhancedRxFifoIntStatusFlag	8	static
../RTD/include/FlexCAN_Ip_HwAccess.h:1540:21:FlexCAN_GetEnhancedRxFIFOIntStatusFlag	8	static
../RTD/include/FlexCAN_Ip_HwAccess.h:1611:20:FlexCAN_SetRegDefaultVal	16	static
../RTD/src/FlexCAN_Ip.c:284:30:FlexCAN_InitRxFifo	24	static
../RTD/src/FlexCAN_Ip.c:378:30:FlexCAN_InitCtroll	24	static
../RTD/src/FlexCAN_Ip.c:424:30:FlexCAN_InitController	32	static
../RTD/src/FlexCAN_Ip.c:493:13:FlexCAN_InitBaudrate	16	static
../RTD/src/FlexCAN_Ip.c:545:13:FlexCAN_CompleteRxMessageEnhancedFifoData	24	static
../RTD/src/FlexCAN_Ip.c:681:30:FlexCAN_StartRxMessageEnhancedFifoData	32	static
../RTD/src/FlexCAN_Ip.c:810:30:FlexCAN_ProccessEnhancedRxFifo	48	static
../RTD/src/FlexCAN_Ip.c:895:30:FlexCAN_ProccessLegacyRxFIFO	56	static
../RTD/src/FlexCAN_Ip.c:975:30:FlexCAN_StartRxMessageBufferData	16	static
../RTD/src/FlexCAN_Ip.c:1023:30:FlexCAN_StartSendData	64	static
../RTD/src/FlexCAN_Ip.c:1103:30:FlexCAN_StartRxMessageFifoData	40	static
../RTD/src/FlexCAN_Ip.c:1258:13:FlexCAN_IRQHandlerRxMB	120	static
../RTD/src/FlexCAN_Ip.c:1372:13:FlexCAN_IRQHandlerTxMB	112	static
../RTD/src/FlexCAN_Ip.c:1432:20:FlexCAN_IRQHandlerRxFIFO	104	static
../RTD/src/FlexCAN_Ip.c:1502:20:FlexCAN_ProcessSpuriousInterruptMB	40	static
../RTD/src/FlexCAN_Ip.c:1572:23:FlexCAN_ProcessIRQHandlerEnhancedRxFIFO	32	static
../RTD/src/FlexCAN_Ip.c:1612:13:FlexCAN_IRQHandlerEnhancedRxFIFO	104	static
../RTD/src/FlexCAN_Ip.c:1749:30:FlexCAN_AbortTxTransfer	48	static
../RTD/src/FlexCAN_Ip.c:1810:13:FlexCAN_AbortRxTransfer	40	static
../RTD/src/FlexCAN_Ip.c:1876:23:FlexCAN_Ip_Init_Privileged	40	static
../RTD/src/FlexCAN_Ip.c:1974:23:FlexCAN_Ip_Send	48	static
../RTD/src/FlexCAN_Ip.c:2021:23:FlexCAN_Ip_ConfigRxMb	48	static
../RTD/src/FlexCAN_Ip.c:2077:23:FlexCAN_Ip_Receive	40	static
../RTD/src/FlexCAN_Ip.c:2113:23:FlexCAN_Ip_ReceiveBlocking	48	static
../RTD/src/FlexCAN_Ip.c:2281:23:FlexCAN_Ip_RxFifo	24	static
../RTD/src/FlexCAN_Ip.c:2321:23:FlexCAN_Ip_RxFifoBlocking	32	static
../RTD/src/FlexCAN_Ip.c:2373:23:FlexCAN_Ip_ConfigRxFifo_Privileged	40	static
../RTD/src/FlexCAN_Ip.c:2426:23:FlexCAN_Ip_ConfigEnhancedRxFifo_Privileged	32	static
../RTD/src/FlexCAN_Ip.c:2483:23:FlexCAN_Ip_ConfigRemoteResponseMb	64	static
../RTD/src/FlexCAN_Ip.c:2546:23:FlexCAN_Ip_GetTransferStatus	16	static
../RTD/src/FlexCAN_Ip.c:2609:13:FlexCAN_CompleteRxMessageFifoData	32	static
../RTD/src/FlexCAN_Ip.c:2710:6:FlexCAN_IRQHandler	48	static
../RTD/src/FlexCAN_Ip.c:2831:6:FlexCAN_Ip_ClearErrorStatus	16	static
../RTD/src/FlexCAN_Ip.c:2850:8:FlexCAN_Ip_GetErrorStatus	16	static
../RTD/src/FlexCAN_Ip.c:2868:7:FlexCAN_Ip_GetControllerTxErrorCounter	16	static
../RTD/src/FlexCAN_Ip.c:2886:7:FlexCAN_Ip_GetControllerRxErrorCounter	16	static
../RTD/src/FlexCAN_Ip.c:2906:6:FlexCAN_Busoff_Error_IRQHandler	32	static
../RTD/src/FlexCAN_Ip.c:3195:23:FlexCAN_Ip_SendBlocking	72	static
../RTD/src/FlexCAN_Ip.c:3290:23:FlexCAN_Ip_SetRxMbGlobalMask_Privileged	32	static
../RTD/src/FlexCAN_Ip.c:3339:23:FlexCAN_Ip_EnterFreezeMode_Privileged	24	static
../RTD/src/FlexCAN_Ip.c:3352:23:FlexCAN_Ip_ExitFreezeMode_Privileged	24	static
../RTD/src/FlexCAN_Ip.c:3365:23:FlexCAN_Ip_SetRxIndividualMask_Privileged	32	static
../RTD/src/FlexCAN_Ip.c:3424:23:FlexCAN_Ip_SetRxFifoGlobalMask_Privileged	32	static
../RTD/src/FlexCAN_Ip.c:3472:23:FlexCAN_Ip_Deinit_Privileged	24	static
../RTD/src/FlexCAN_Ip.c:3513:6:FlexCAN_Ip_MainFunctionRead	24	static
../RTD/src/FlexCAN_Ip.c:3579:23:FlexCAN_Ip_MainFunctionBusOff_Privileged	32	static
../RTD/src/FlexCAN_Ip.c:3615:6:FlexCAN_Ip_MainFunctionWrite	104	static
../RTD/src/FlexCAN_Ip.c:3669:9:FlexCAN_Ip_GetStopMode_Privileged	16	static
../RTD/src/FlexCAN_Ip.c:3682:9:FlexCAN_Ip_GetStartMode_Privileged	16	static
../RTD/src/FlexCAN_Ip.c:3695:23:FlexCAN_Ip_SetStartMode_Privileged	24	static
../RTD/src/FlexCAN_Ip.c:3718:23:FlexCAN_Ip_SetStopMode_Privileged	24	static
../RTD/src/FlexCAN_Ip.c:3750:23:FlexCAN_Ip_SetRxMaskType_Privileged	32	static
../RTD/src/FlexCAN_Ip.c:3806:23:FlexCAN_Ip_SetBitrate_Privileged	32	static
../RTD/src/FlexCAN_Ip.c:3884:9:FlexCAN_Ip_GetBitrate	24	static
../RTD/src/FlexCAN_Ip.c:3923:6:FlexCAN_Ip_ClearTDCFail	24	static
../RTD/src/FlexCAN_Ip.c:3954:9:FlexCAN_Ip_GetTDCFail	24	static
../RTD/src/FlexCAN_Ip.c:3983:7:FlexCAN_Ip_GetTDCValue	24	static
../RTD/src/FlexCAN_Ip.c:4015:23:FlexCAN_Ip_SetBitrateCbt_Privileged	32	static
../RTD/src/FlexCAN_Ip.c:4088:9:FlexCAN_Ip_GetBitrateFD	24	static
../RTD/src/FlexCAN_Ip.c:4120:23:FlexCAN_Ip_SetTDCOffset_Privileged	32	static
../RTD/src/FlexCAN_Ip.c:4188:23:FlexCAN_Ip_SetTxArbitrationStartDelay_Privileged	32	static
../RTD/src/FlexCAN_Ip.c:4241:9:FlexCAN_Ip_GetBuffStatusFlag	24	static
../RTD/src/FlexCAN_Ip.c:4268:6:FlexCAN_Ip_ClearBuffStatusFlag	24	static
../RTD/src/FlexCAN_Ip.c:4295:23:FlexCAN_Ip_EnableInterrupts_Privileged	32	static
../RTD/src/FlexCAN_Ip.c:4331:23:FlexCAN_Ip_DisableInterrupts_Privileged	32	static
../RTD/src/FlexCAN_Ip.c:4367:23:FlexCAN_Ip_SetErrorInt_Privileged	32	static
../RTD/src/FlexCAN_Ip.c:4460:23:FlexCAN_Ip_AbortTransfer	32	static
../RTD/src/FlexCAN_Ip.c:4525:23:FlexCAN_Ip_SetRxMb14Mask_Privileged	32	static
../RTD/src/FlexCAN_Ip.c:4567:23:FlexCAN_Ip_SetRxMb15Mask_Privileged	32	static
../RTD/src/FlexCAN_Ip.c:4617:23:FlexCAN_Ip_SetListenOnlyMode_Privileged	32	static
../RTD/src/FlexCAN_Ip.c:4669:9:FlexCAN_Ip_GetListenOnlyMode	24	static
../RTD/src/FlexCAN_Ip.c:4894:23:FlexCAN_Ip_ManualBusOffRecovery	40	static
