../RTD/include/FlexCAN_Ip_HwAccess.h:1198:20:FlexCAN_SetSelfReception	8	static
../RTD/include/FlexCAN_Ip_HwAccess.h:1209:23:FlexCAN_IsFDEnabled	8	static
../RTD/include/FlexCAN_Ip_HwAccess.h:1268:20:FlexCAN_SetIsoCan	8	static
../RTD/include/FlexCAN_Ip_HwAccess.h:1281:20:FlexCAN_SetEntireFrameArbitrationFieldComparison	8	static
../RTD/include/FlexCAN_Ip_HwAccess.h:1292:20:FlexCAN_SetProtocolException	8	static
../RTD/include/FlexCAN_Ip_HwAccess.h:1304:20:FlexCAN_SetRemoteReqStore	8	static
../RTD/include/FlexCAN_Ip_HwAccess.h:1314:20:FlexCAN_SetBusOffAutorecovery	8	static
../RTD/include/FlexCAN_Ip_HwAccess.h:1325:20:FlexCAN_SetEdgeFilter	8	static
../RTD/include/FlexCAN_Ip_HwAccess.h:1336:20:FlexCAN_CanBitSampling	8	static
../RTD/src/FlexCAN_Ip_HwAccess.c:246:14:FlexCAN_ComputeDLCValue	16	static
../RTD/src/FlexCAN_Ip_HwAccess.c:291:13:FlexCAN_ClearRAM	40	static
../RTD/src/FlexCAN_Ip_HwAccess.c:382:7:FlexCAN_ComputePayloadSize	16	static
../RTD/src/FlexCAN_Ip_HwAccess.c:435:19:FlexCAN_GetMsgBuffRegion	56	static
../RTD/src/FlexCAN_Ip_HwAccess.c:493:8:FlexCAN_GetMaxMbNum	16	static
../RTD/src/FlexCAN_Ip_HwAccess.c:517:23:FlexCAN_EnterFreezeMode	32	static
../RTD/src/FlexCAN_Ip_HwAccess.c:555:23:FlexCAN_Enable	32	static
../RTD/src/FlexCAN_Ip_HwAccess.c:589:23:FlexCAN_ExitFreezeMode	32	static
../RTD/src/FlexCAN_Ip_HwAccess.c:623:23:FlexCAN_Disable	32	static
../RTD/src/FlexCAN_Ip_HwAccess.c:662:6:FlexCAN_SetErrIntCmd	32	static
../RTD/src/FlexCAN_Ip_HwAccess.c:719:23:FlexCAN_Init	32	static
../RTD/src/FlexCAN_Ip_HwAccess.c:811:23:FlexCAN_EnableRxFifo	32	static
../RTD/src/FlexCAN_Ip_HwAccess.c:873:6:FlexCAN_SetPayloadSize	24	static
../RTD/src/FlexCAN_Ip_HwAccess.c:919:14:FlexCAN_GetPayloadSize	16	static
../RTD/src/FlexCAN_Ip_HwAccess.c:948:7:FlexCAN_GetMbPayloadSize	32	static
../RTD/src/FlexCAN_Ip_HwAccess.c:988:6:FlexCAN_LockRxMsgBuff	24	static
../RTD/src/FlexCAN_Ip_HwAccess.c:1002:23:FlexCAN_SetMsgBuffIntCmd	32	static
../RTD/src/FlexCAN_Ip_HwAccess.c:1126:6:FLEXCAN_ClearMsgBuffIntCmd	32	static
../RTD/src/FlexCAN_Ip_HwAccess.c:1192:6:FlexCAN_DisableInterrupts	24	static
../RTD/src/FlexCAN_Ip_HwAccess.c:1219:6:FlexCAN_EnableInterrupts	24	static
../RTD/src/FlexCAN_Ip_HwAccess.c:1255:6:FlexCAN_SetRxMsgBuff	32	static
../RTD/src/FlexCAN_Ip_HwAccess.c:1311:8:FlexCAN_GetMsgBuffTimestamp	24	static
../RTD/src/FlexCAN_Ip_HwAccess.c:1340:6:FlexCAN_GetMsgBuff	56	static
../RTD/src/FlexCAN_Ip_HwAccess.c:1447:6:FlexCAN_SetTxMsgBuff	56	static
../RTD/src/FlexCAN_Ip_HwAccess.c:1564:23:FlexCAN_SetMaxMsgBuffNum	64	static
../RTD/src/FlexCAN_Ip_HwAccess.c:1640:6:FlexCAN_SetOperationMode	16	static
../RTD/src/FlexCAN_Ip_HwAccess.c:1669:6:FlexCAN_SetRxFifoFilter	56	static
../RTD/src/FlexCAN_Ip_HwAccess.c:1882:6:FlexCAN_ReadRxFifo	48	static
../RTD/src/FlexCAN_Ip_HwAccess.c:1972:6:FlexCAN_ReadEnhancedRxFifo	48	static
../RTD/src/FlexCAN_Ip_HwAccess.c:2041:9:FlexCAN_IsMbOutOfRange	32	static
../RTD/src/FlexCAN_Ip_HwAccess.c:2089:9:FlexCAN_IsEnhancedRxFifoAvailable	16	static
../RTD/src/FlexCAN_Ip_HwAccess.c:2115:23:FlexCAN_EnableEnhancedRxFifo	32	static
../RTD/src/FlexCAN_Ip_HwAccess.c:2175:6:FlexCAN_SetEnhancedRxFifoFilter	56	static
../RTD/src/FlexCAN_Ip_HwAccess.c:2433:6:FlexCAN_ConfigCtrlOptions	16	static
../RTD/src/FlexCAN_Ip_HwAccess.c:2562:6:FlexCAN_ResetImaskBuff	16	static
