../RTD/src/SchM_Can.c:334:8:Can_schm_read_msr	4	static
../RTD/src/SchM_Can.c:418:6:SchM_Enter_Can_CAN_EXCLUSIVE_AREA_00	16	static
../RTD/src/SchM_Can.c:440:6:SchM_Exit_Can_CAN_EXCLUSIVE_AREA_00	16	static
../RTD/src/SchM_Can.c:454:6:SchM_Enter_Can_CAN_EXCLUSIVE_AREA_01	16	static
../RTD/src/SchM_Can.c:476:6:SchM_Exit_Can_CAN_EXCLUSIVE_AREA_01	16	static
../RTD/src/SchM_Can.c:490:6:SchM_Enter_Can_CAN_EXCLUSIVE_AREA_02	16	static
../RTD/src/SchM_Can.c:512:6:SchM_Exit_Can_CAN_EXCLUSIVE_AREA_02	16	static
../RTD/src/SchM_Can.c:526:6:SchM_Enter_Can_CAN_EXCLUSIVE_AREA_03	16	static
../RTD/src/SchM_Can.c:548:6:SchM_Exit_Can_CAN_EXCLUSIVE_AREA_03	16	static
../RTD/src/SchM_Can.c:562:6:SchM_Enter_Can_CAN_EXCLUSIVE_AREA_04	16	static
../RTD/src/SchM_Can.c:584:6:SchM_Exit_Can_CAN_EXCLUSIVE_AREA_04	16	static
../RTD/src/SchM_Can.c:598:6:SchM_Enter_Can_CAN_EXCLUSIVE_AREA_05	16	static
../RTD/src/SchM_Can.c:620:6:SchM_Exit_Can_CAN_EXCLUSIVE_AREA_05	16	static
../RTD/src/SchM_Can.c:634:6:SchM_Enter_Can_CAN_EXCLUSIVE_AREA_06	16	static
../RTD/src/SchM_Can.c:656:6:SchM_Exit_Can_CAN_EXCLUSIVE_AREA_06	16	static
../RTD/src/SchM_Can.c:670:6:SchM_Enter_Can_CAN_EXCLUSIVE_AREA_07	16	static
../RTD/src/SchM_Can.c:692:6:SchM_Exit_Can_CAN_EXCLUSIVE_AREA_07	16	static
../RTD/src/SchM_Can.c:706:6:SchM_Enter_Can_CAN_EXCLUSIVE_AREA_08	16	static
../RTD/src/SchM_Can.c:728:6:SchM_Exit_Can_CAN_EXCLUSIVE_AREA_08	16	static
../RTD/src/SchM_Can.c:742:6:SchM_Enter_Can_CAN_EXCLUSIVE_AREA_09	16	static
../RTD/src/SchM_Can.c:764:6:SchM_Exit_Can_CAN_EXCLUSIVE_AREA_09	16	static
../RTD/src/SchM_Can.c:778:6:SchM_Enter_Can_CAN_EXCLUSIVE_AREA_10	16	static
../RTD/src/SchM_Can.c:800:6:SchM_Exit_Can_CAN_EXCLUSIVE_AREA_10	16	static
../RTD/src/SchM_Can.c:814:6:SchM_Enter_Can_CAN_EXCLUSIVE_AREA_11	16	static
../RTD/src/SchM_Can.c:836:6:SchM_Exit_Can_CAN_EXCLUSIVE_AREA_11	16	static
../RTD/src/SchM_Can.c:850:6:SchM_Enter_Can_CAN_EXCLUSIVE_AREA_12	16	static
../RTD/src/SchM_Can.c:872:6:SchM_Exit_Can_CAN_EXCLUSIVE_AREA_12	16	static
../RTD/src/SchM_Can.c:886:6:SchM_Enter_Can_CAN_EXCLUSIVE_AREA_13	16	static
../RTD/src/SchM_Can.c:908:6:SchM_Exit_Can_CAN_EXCLUSIVE_AREA_13	16	static
../RTD/src/SchM_Can.c:922:6:SchM_Enter_Can_CAN_EXCLUSIVE_AREA_14	16	static
../RTD/src/SchM_Can.c:944:6:SchM_Exit_Can_CAN_EXCLUSIVE_AREA_14	16	static
../RTD/src/SchM_Can.c:958:6:SchM_Enter_Can_CAN_EXCLUSIVE_AREA_15	16	static
../RTD/src/SchM_Can.c:980:6:SchM_Exit_Can_CAN_EXCLUSIVE_AREA_15	16	static
../RTD/src/SchM_Can.c:994:6:SchM_Enter_Can_CAN_EXCLUSIVE_AREA_16	16	static
../RTD/src/SchM_Can.c:1016:6:SchM_Exit_Can_CAN_EXCLUSIVE_AREA_16	16	static
../RTD/src/SchM_Can.c:1030:6:SchM_Enter_Can_CAN_EXCLUSIVE_AREA_17	16	static
../RTD/src/SchM_Can.c:1052:6:SchM_Exit_Can_CAN_EXCLUSIVE_AREA_17	16	static
../RTD/src/SchM_Can.c:1066:6:SchM_Enter_Can_CAN_EXCLUSIVE_AREA_18	16	static
../RTD/src/SchM_Can.c:1088:6:SchM_Exit_Can_CAN_EXCLUSIVE_AREA_18	16	static
../RTD/src/SchM_Can.c:1102:6:SchM_Enter_Can_CAN_EXCLUSIVE_AREA_19	16	static
../RTD/src/SchM_Can.c:1124:6:SchM_Exit_Can_CAN_EXCLUSIVE_AREA_19	16	static
../RTD/src/SchM_Can.c:1138:6:SchM_Enter_Can_CAN_EXCLUSIVE_AREA_20	16	static
../RTD/src/SchM_Can.c:1160:6:SchM_Exit_Can_CAN_EXCLUSIVE_AREA_20	16	static
