C:/NXP/S32DS.3.6.0/S32DS/software/PlatformSDK_S32K3_2022_03/SW32K3_RTD_4_4_2_0_0_D2203/Base_TS_T40D34M20I0R0/include/Devassert.h:85:20:DevAssert	8	static
../RTD/src/Siul2_Port_Ip.c:263:13:Siul2_Port_Ip_PinInit	24	static
../RTD/src/Siul2_Port_Ip.c:361:20:Siul2_Port_Ip_WriteDCMConfiguration	24	static
../RTD/src/Siul2_Port_Ip.c:396:20:Siul2_Port_Ip_WriteIMCRConfiguration	24	static
../RTD/src/Siul2_Port_Ip.c:462:20:Siul2_Port_Ip_GetMSCRConfiguration	32	static
../RTD/src/Siul2_Port_Ip.c:564:30:Siul2_Port_Ip_Init	24	static
../RTD/src/Siul2_Port_Ip.c:596:6:Siul2_Port_Ip_SetPullSel	40	static
../RTD/src/Siul2_Port_Ip.c:670:6:Siul2_Port_Ip_SetOutputBuffer	24	static
../RTD/src/Siul2_Port_Ip.c:702:6:Siul2_Port_Ip_SetInputBuffer	40	static
../RTD/src/Siul2_Port_Ip.c:763:6:Siul2_Port_Ip_SetPinDirection	24	static
../RTD/src/Siul2_Port_Ip.c:809:8:Siul2_Port_Ip_RevertPinConfiguration	40	static
../RTD/src/Siul2_Port_Ip.c:863:6:Siul2_Port_Ip_GetPinConfiguration	48	static
