Archive member included to satisfy reference by file (symbol)

c:/nxp/s32ds.3.5/s32ds/build_tools/gcc_v10.2/gcc-10.2-arm32-eabi/bin/../lib/gcc/arm-none-eabi/10.2.0/../../../../arm-none-eabi/lib/thumb/v7e-m+fp/hard\libc_nano.a(lib_a-memcpy-stub.o)
                              ./FreeRTOS/Source/queue.o (memcpy)
c:/nxp/s32ds.3.5/s32ds/build_tools/gcc_v10.2/gcc-10.2-arm32-eabi/bin/../lib/gcc/arm-none-eabi/10.2.0/../../../../arm-none-eabi/lib/thumb/v7e-m+fp/hard\libc_nano.a(lib_a-memmove.o)
                              ./RTD/src/Siul2_Port_Ip.o (memmove)
c:/nxp/s32ds.3.5/s32ds/build_tools/gcc_v10.2/gcc-10.2-arm32-eabi/bin/../lib/gcc/arm-none-eabi/10.2.0/../../../../arm-none-eabi/lib/thumb/v7e-m+fp/hard\libc_nano.a(lib_a-memset.o)
                              ./FreeRTOS/Source/stream_buffer.o (memset)
c:/nxp/s32ds.3.5/s32ds/build_tools/gcc_v10.2/gcc-10.2-arm32-eabi/bin/../lib/gcc/arm-none-eabi/10.2.0/../../../../arm-none-eabi/lib/thumb/v7e-m+fp/hard\libc_nano.a(lib_a-sprintf.o)
                              ./FreeRTOS/Source/tasks.o (sprintf)
c:/nxp/s32ds.3.5/s32ds/build_tools/gcc_v10.2/gcc-10.2-arm32-eabi/bin/../lib/gcc/arm-none-eabi/10.2.0/../../../../arm-none-eabi/lib/thumb/v7e-m+fp/hard\libc_nano.a(lib_a-strcpy.o)
                              ./FreeRTOS/Source/tasks.o (strcpy)
c:/nxp/s32ds.3.5/s32ds/build_tools/gcc_v10.2/gcc-10.2-arm32-eabi/bin/../lib/gcc/arm-none-eabi/10.2.0/../../../../arm-none-eabi/lib/thumb/v7e-m+fp/hard\libc_nano.a(lib_a-strlen.o)
                              ./FreeRTOS/Source/tasks.o (strlen)
c:/nxp/s32ds.3.5/s32ds/build_tools/gcc_v10.2/gcc-10.2-arm32-eabi/bin/../lib/gcc/arm-none-eabi/10.2.0/../../../../arm-none-eabi/lib/thumb/v7e-m+fp/hard\libc_nano.a(lib_a-impure.o)
                              c:/nxp/s32ds.3.5/s32ds/build_tools/gcc_v10.2/gcc-10.2-arm32-eabi/bin/../lib/gcc/arm-none-eabi/10.2.0/../../../../arm-none-eabi/lib/thumb/v7e-m+fp/hard\libc_nano.a(lib_a-sprintf.o) (_impure_ptr)
c:/nxp/s32ds.3.5/s32ds/build_tools/gcc_v10.2/gcc-10.2-arm32-eabi/bin/../lib/gcc/arm-none-eabi/10.2.0/../../../../arm-none-eabi/lib/thumb/v7e-m+fp/hard\libc_nano.a(lib_a-nano-svfprintf.o)
                              c:/nxp/s32ds.3.5/s32ds/build_tools/gcc_v10.2/gcc-10.2-arm32-eabi/bin/../lib/gcc/arm-none-eabi/10.2.0/../../../../arm-none-eabi/lib/thumb/v7e-m+fp/hard\libc_nano.a(lib_a-sprintf.o) (_svfprintf_r)
c:/nxp/s32ds.3.5/s32ds/build_tools/gcc_v10.2/gcc-10.2-arm32-eabi/bin/../lib/gcc/arm-none-eabi/10.2.0/../../../../arm-none-eabi/lib/thumb/v7e-m+fp/hard\libc_nano.a(lib_a-nano-vfprintf_i.o)
                              c:/nxp/s32ds.3.5/s32ds/build_tools/gcc_v10.2/gcc-10.2-arm32-eabi/bin/../lib/gcc/arm-none-eabi/10.2.0/../../../../arm-none-eabi/lib/thumb/v7e-m+fp/hard\libc_nano.a(lib_a-nano-svfprintf.o) (_printf_i)
c:/nxp/s32ds.3.5/s32ds/build_tools/gcc_v10.2/gcc-10.2-arm32-eabi/bin/../lib/gcc/arm-none-eabi/10.2.0/../../../../arm-none-eabi/lib/thumb/v7e-m+fp/hard\libc_nano.a(lib_a-memchr.o)
                              c:/nxp/s32ds.3.5/s32ds/build_tools/gcc_v10.2/gcc-10.2-arm32-eabi/bin/../lib/gcc/arm-none-eabi/10.2.0/../../../../arm-none-eabi/lib/thumb/v7e-m+fp/hard\libc_nano.a(lib_a-nano-svfprintf.o) (memchr)
c:/nxp/s32ds.3.5/s32ds/build_tools/gcc_v10.2/gcc-10.2-arm32-eabi/bin/../lib/gcc/arm-none-eabi/10.2.0/../../../../arm-none-eabi/lib/thumb/v7e-m+fp/hard\libc_nano.a(lib_a-nano-freer.o)
                              c:/nxp/s32ds.3.5/s32ds/build_tools/gcc_v10.2/gcc-10.2-arm32-eabi/bin/../lib/gcc/arm-none-eabi/10.2.0/../../../../arm-none-eabi/lib/thumb/v7e-m+fp/hard\libc_nano.a(lib_a-nano-svfprintf.o) (_free_r)
c:/nxp/s32ds.3.5/s32ds/build_tools/gcc_v10.2/gcc-10.2-arm32-eabi/bin/../lib/gcc/arm-none-eabi/10.2.0/../../../../arm-none-eabi/lib/thumb/v7e-m+fp/hard\libc_nano.a(lib_a-nano-mallocr.o)
                              c:/nxp/s32ds.3.5/s32ds/build_tools/gcc_v10.2/gcc-10.2-arm32-eabi/bin/../lib/gcc/arm-none-eabi/10.2.0/../../../../arm-none-eabi/lib/thumb/v7e-m+fp/hard\libc_nano.a(lib_a-nano-svfprintf.o) (_malloc_r)
c:/nxp/s32ds.3.5/s32ds/build_tools/gcc_v10.2/gcc-10.2-arm32-eabi/bin/../lib/gcc/arm-none-eabi/10.2.0/../../../../arm-none-eabi/lib/thumb/v7e-m+fp/hard\libc_nano.a(lib_a-nano-reallocr.o)
                              c:/nxp/s32ds.3.5/s32ds/build_tools/gcc_v10.2/gcc-10.2-arm32-eabi/bin/../lib/gcc/arm-none-eabi/10.2.0/../../../../arm-none-eabi/lib/thumb/v7e-m+fp/hard\libc_nano.a(lib_a-nano-svfprintf.o) (_realloc_r)
c:/nxp/s32ds.3.5/s32ds/build_tools/gcc_v10.2/gcc-10.2-arm32-eabi/bin/../lib/gcc/arm-none-eabi/10.2.0/../../../../arm-none-eabi/lib/thumb/v7e-m+fp/hard\libc_nano.a(lib_a-sbrkr.o)
                              c:/nxp/s32ds.3.5/s32ds/build_tools/gcc_v10.2/gcc-10.2-arm32-eabi/bin/../lib/gcc/arm-none-eabi/10.2.0/../../../../arm-none-eabi/lib/thumb/v7e-m+fp/hard\libc_nano.a(lib_a-nano-mallocr.o) (_sbrk_r)
[...]
Memory Configuration

Name             Origin             Length             Attributes
int_pflash       0x00400000         0x003d4000
int_dflash       0x10000000         0x00020000
int_itcm         0x00000000         0x00010000
int_dtcm         0x20000000         0x0001f000
int_stack_dtcm   0x2001f000         0x00001000
int_sram         0x20400000         0x0002ff00
int_sram_fls_rsv 0x2042ff00         0x00000100
int_sram_no_cacheable 0x20430000         0x0000ff00
int_sram_results 0x2043ff00         0x00000100
int_sram_shareable 0x20440000         0x00004000
ram_rsvd2        0x20444000         0x00000000
*default*        0x00000000         0xffffffff

Linker script and memory map

LOAD ./FreeRTOS/Source/croutine.o
LOAD ./FreeRTOS/Source/event_groups.o
LOAD ./FreeRTOS/Source/list.o
LOAD ./FreeRTOS/Source/queue.o
LOAD ./FreeRTOS/Source/stream_buffer.o
LOAD ./FreeRTOS/Source/tasks.o
LOAD ./FreeRTOS/Source/timers.o
LOAD ./FreeRTOS/Source/portable/GCC/ARM_CM7/r0p1/port.o
LOAD ./FreeRTOS/Source/portable/MemMang/heap_1.o
LOAD ./Project_Settings/Startup_Code/Vector_Table.o
LOAD ./Project_Settings/Startup_Code/exceptions.o
LOAD ./Project_Settings/Startup_Code/nvic.o
LOAD ./Project_Settings/Startup_Code/startup.o
LOAD ./Project_Settings/Startup_Code/startup_cm7.o
LOAD ./Project_Settings/Startup_Code/system.o
LOAD ./RTD/src/Clock_Ip.o
LOAD ./RTD/src/Clock_Ip_Data.o
LOAD ./RTD/src/Clock_Ip_Divider.o
LOAD ./RTD/src/Clock_Ip_DividerTrigger.o
LOAD ./RTD/src/Clock_Ip_ExtOsc.o
LOAD ./RTD/src/Clock_Ip_FracDiv.o
LOAD ./RTD/src/Clock_Ip_Frequency.o
LOAD ./RTD/src/Clock_Ip_Gate.o
LOAD ./RTD/src/Clock_Ip_IntOsc.o
LOAD ./RTD/src/Clock_Ip_Irq.o
LOAD ./RTD/src/Clock_Ip_Monitor.o
LOAD ./RTD/src/Clock_Ip_Pll.o
LOAD ./RTD/src/Clock_Ip_ProgFreqSwitch.o
LOAD ./RTD/src/Clock_Ip_Selector.o
LOAD ./RTD/src/Clock_Ip_Specific.o
LOAD ./RTD/src/Det.o
LOAD ./RTD/src/Det_stub.o
LOAD ./RTD/src/Igf_Port_Ip.o
LOAD ./RTD/src/OsIf_Interrupts.o
LOAD ./RTD/src/OsIf_Timer.o
LOAD ./RTD/src/OsIf_Timer_System.o
LOAD ./RTD/src/OsIf_Timer_System_Internal_Systick.o
LOAD ./RTD/src/SchM_Dio.o
LOAD ./RTD/src/SchM_Mcu.o
LOAD ./RTD/src/SchM_Port.o
LOAD ./RTD/src/Siul2_Dio_Ip.o
LOAD ./RTD/src/Siul2_Port_Ip.o
LOAD ./RTD/src/Tspc_Port_Ip.o
LOAD ./board/Siul2_Port_Ip_Cfg.o
LOAD ./board/Tspc_Port_Ip_Cfg.o
LOAD ./generate/src/Clock_Ip_Cfg.o
LOAD ./generate/src/Igf_Port_Ip_Cfg.o
LOAD ./generate/src/OsIf_Cfg.o
LOAD ./src/main.o
LOAD c:/nxp/s32ds.3.5/s32ds/build_tools/gcc_v10.2/gcc-10.2-arm32-eabi/bin/../lib/gcc/arm-none-eabi/10.2.0/../../../../arm-none-eabi/lib/thumb/v7e-m+fp/hard\libc_nano.a
LOAD c:/nxp/s32ds.3.5/s32ds/build_tools/gcc_v10.2/gcc-10.2-arm32-eabi/bin/../lib/gcc/arm-none-eabi/10.2.0/../../../../arm-none-eabi/lib/thumb/v7e-m+fp/hard\libm.a
LOAD c:/nxp/s32ds.3.5/s32ds/build_tools/gcc_v10.2/gcc-10.2-arm32-eabi/bin/../lib/gcc/arm-none-eabi/10.2.0/thumb/v7e-m+fp/hard\libgcc.a
START GROUP
LOAD c:/nxp/s32ds.3.5/s32ds/build_tools/gcc_v10.2/gcc-10.2-arm32-eabi/bin/../lib/gcc/arm-none-eabi/10.2.0/thumb/v7e-m+fp/hard\libgcc.a
LOAD c:/nxp/s32ds.3.5/s32ds/build_tools/gcc_v10.2/gcc-10.2-arm32-eabi/bin/../lib/gcc/arm-none-eabi/10.2.0/../../../../arm-none-eabi/lib/thumb/v7e-m+fp/hard\libg_nano.a
LOAD c:/nxp/s32ds.3.5/s32ds/build_tools/gcc_v10.2/gcc-10.2-arm32-eabi/bin/../lib/gcc/arm-none-eabi/10.2.0/../../../../arm-none-eabi/lib/thumb/v7e-m+fp/hard\libc_nano.a
END GROUP
START GROUP
LOAD c:/nxp/s32ds.3.5/s32ds/build_tools/gcc_v10.2/gcc-10.2-arm32-eabi/bin/../lib/gcc/arm-none-eabi/10.2.0/thumb/v7e-m+fp/hard\libgcc.a
LOAD c:/nxp/s32ds.3.5/s32ds/build_tools/gcc_v10.2/gcc-10.2-arm32-eabi/bin/../lib/gcc/arm-none-eabi/10.2.0/../../../../arm-none-eabi/lib/thumb/v7e-m+fp/hard\libc_nano.a
LOAD c:/nxp/s32ds.3.5/s32ds/build_tools/gcc_v10.2/gcc-10.2-arm32-eabi/bin/../lib/gcc/arm-none-eabi/10.2.0/../../../../arm-none-eabi/lib/thumb/v7e-m+fp/hard\libnosys.a
END GROUP
START GROUP
LOAD c:/nxp/s32ds.3.5/s32ds/build_tools/gcc_v10.2/gcc-10.2-arm32-eabi/bin/../lib/gcc/arm-none-eabi/10.2.0/thumb/v7e-m+fp/hard\libgcc.a
LOAD c:/nxp/s32ds.3.5/s32ds/build_tools/gcc_v10.2/gcc-10.2-arm32-eabi/bin/../lib/gcc/arm-none-eabi/10.2.0/../../../../arm-none-eabi/lib/thumb/v7e-m+fp/hard\libc_nano.a
LOAD c:/nxp/s32ds.3.5/s32ds/build_tools/gcc_v10.2/gcc-10.2-arm32-eabi/bin/../lib/gcc/arm-none-eabi/10.2.0/../../../../arm-none-eabi/lib/thumb/v7e-m+fp/hard\libnosys.a
END GROUP
                0x00002000                HEAP_SIZE = DEFINED (__heap_size__)?__heap_size__:0x2000
                0x20407fff                __STANDBY_RAM_LIMIT_END = 0x20407fff

.pflash         0x00400000     0xa888
 *(.boot_header)
 .boot_header   0x00400000       0x30 ./Project_Settings/Startup_Code/startup_cm7.o
                0x00400800                . = ALIGN (0x800)
 *fill*         0x00400030      0x7d0 
                0x00400800                __text_start = .
                0x00400800                __interrupts_init_start = .
 *(.intc_vector)
 .intc_vector   0x00400800      0x408 ./Project_Settings/Startup_Code/Vector_Table.o
                0x00400800                VTABLE
                0x00400c08                . = ALIGN (0x4)
                0x00400c08                __interrupts_init_end = .
 *(.core_loop)
 .core_loop     0x00400c08        0xc ./Project_Settings/Startup_Code/startup_cm7.o
                0x00400c08                _core_loop
                0x00400c14                . = ALIGN (0x4)
 *(.startup)
 *fill*         0x00400c14        0xc 
 .startup       0x00400c20      0x1dc ./Project_Settings/Startup_Code/startup_cm7.o
                0x00400c20                Reset_Handler
                0x00400c20                _start
                0x00400d8c                MCAL_LTB_TRACE_OFF
                0x00400d8e                _end_of_eunit_test
                0x00400dfc                . = ALIGN (0x4)
 *(.systeminit)
                0x00400dfc                . = ALIGN (0x4)
 *(.text.startup)
 .text.startup  0x00400dfc       0x60 ./src/main.o
                0x00400dfc                main
                0x00400e5c                . = ALIGN (0x4)
 *(.text)
 .text          0x00400e5c        0x0 ./FreeRTOS/Source/croutine.o
 .text          0x00400e5c      0x3b0 ./FreeRTOS/Source/event_groups.o
                0x00400e5c                xEventGroupCreate
                0x00400e76                xEventGroupWaitBits
                0x00400f96                xEventGroupClearBits
                0x00400fe4                vEventGroupClearBitsCallback
                0x00400fe8                xEventGroupClearBitsFromISR
                0x00400ff8                xEventGroupGetBitsFromISR
                0x00401018                xEventGroupSetBits
                0x004010a6                xEventGroupSync
                0x0040118e                vEventGroupSetBitsCallback
                0x00401192                vEventGroupDelete
                0x004011ee                xEventGroupSetBitsFromISR
                0x00401200                uxEventGroupGetNumber
                0x00401206                vEventGroupSetNumber
 .text          0x0040120c       0x82 ./FreeRTOS/Source/list.o
                0x0040120c                vListInitialise
                0x00401222                vListInitialiseItem
                0x00401228                vListInsertEnd
                0x00401240                vListInsert
                0x0040126e                uxListRemove
 *fill*         0x0040128e        0x2 
 .text          0x00401290      0xdfc ./FreeRTOS/Source/queue.o
                0x004013aa                xQueueGenericReset
                0x0040144c                xQueueGenericCreate
                0x004014a4                xQueueGetMutexHolder
                0x004014d6                xQueueGetMutexHolderFromISR
                0x004014fa                xQueueCreateCountingSemaphore
                0x00401528                xQueueGenericSend
                0x0040169e                xQueueCreateMutex
                0x004016c2                xQueueGiveMutexRecursive
                0x00401702                xQueueGenericSendFromISR
                0x004017f8                xQueueGiveFromISR
                0x004018d2                xQueueReceive
                0x00401a1c                xQueueSemaphoreTake
                0x00401b9a                xQueueTakeMutexRecursive
                0x00401be2                xQueuePeek
                0x00401d2c                xQueueReceiveFromISR
                0x00401dfa                xQueuePeekFromISR
                0x00401e80                uxQueueMessagesWaiting
                0x00401eae                uxQueueSpacesAvailable
                0x00401ee0                uxQueueMessagesWaitingFromISR
                0x00401efc                uxQueueGetQueueNumber
                0x00401f00                vQueueSetQueueNumber
                0x00401f04                ucQueueGetQueueType
                0x00401f0a                xQueueIsQueueEmptyFromISR
                0x00401f2c                xQueueIsQueueFullFromISR
                0x00401f50                vQueueAddToRegistry
                0x00401fa4                pcQueueGetName
                0x00401fe0                vQueueUnregisterQueue
                0x00402020                vQueueDelete
                0x00402046                vQueueWaitForMessageRestricted
 .text          0x0040208c      0x82a ./FreeRTOS/Source/stream_buffer.o
                0x0040225a                xStreamBufferGenericCreate
                0x004022e8                vStreamBufferDelete
                0x00402312                xStreamBufferReset
                0x00402362                xStreamBufferSetTriggerLevel
                0x0040238e                xStreamBufferSpacesAvailable
                0x004023c4                xStreamBufferBytesAvailable
                0x004023de                xStreamBufferSend
                0x00402516                xStreamBufferSendFromISR
                0x004025be                xStreamBufferReceive
                0x004026ac                xStreamBufferNextMessageLengthBytes
                0x00402706                xStreamBufferReceiveFromISR
                0x004027a2                xStreamBufferIsEmpty
                0x004027c6                xStreamBufferIsFull
                0x004027fa                xStreamBufferSendCompletedFromISR
                0x00402850                xStreamBufferReceiveCompletedFromISR
                0x004028a6                uxStreamBufferGetStreamBufferNumber
                0x004028aa                vStreamBufferSetStreamBufferNumber
                0x004028ae                ucStreamBufferGetStreamBufferType
 *fill*         0x004028b6        0x2 
 .text          0x004028b8     0x1b14 ./FreeRTOS/Source/tasks.o
                0x00402a2c                xTaskCreate
                0x00402bd0                vTaskDelete
                0x00402c78                eTaskGetState
                0x00402cf4                uxTaskPriorityGet
                0x00402d14                uxTaskPriorityGetFromISR
                0x00402d48                vTaskPrioritySet
                0x00402e24                vTaskResume
                0x00402eb8                xTaskResumeFromISR
                0x00402f74                vTaskStartScheduler
                0x00402ff0                vTaskEndScheduler
                0x00403014                vTaskSuspendAll
                0x00403028                xTaskGetTickCount
                0x00403034                xTaskGetTickCountFromISR
                0x00403044                uxTaskGetNumberOfTasks
                0x00403050                pcTaskGetName
                0x00403078                xTaskIncrementTick
                0x004031b8                xTaskResumeAll
                0x004032dc                xTaskDelayUntil
                0x00403380                vTaskDelay
                0x004033d0                xTaskGetHandle
                0x00403454                xTaskCatchUpTicks
                0x00403498                xTaskAbortDelay
                0x00403534                vTaskSwitchContext
                0x004035a4                vTaskSuspend
                0x0040364c                vTaskPlaceOnEventList
                0x00403684                vTaskPlaceOnUnorderedEventList
                0x004036f8                vTaskPlaceOnEventListRestricted
                0x00403758                xTaskRemoveFromEventList
                0x00403824                vTaskRemoveFromUnorderedEventList
                0x004038e4                vTaskSetTimeOutState
                0x0040391c                vTaskInternalSetTimeOutState
                0x00403930                xTaskCheckForTimeOut
                0x004039c0                vTaskMissedYield
                0x004039d0                uxTaskGetTaskNumber
                0x004039d6                vTaskSetTaskNumber
                0x004039dc                vTaskGetInfo
                0x00403ab4                uxTaskGetSystemState
                0x00403b4c                uxTaskGetStackHighWaterMark
                0x00403b6c                xTaskGetCurrentTaskHandle
                0x00403b78                xTaskGetSchedulerState
                0x00403b98                xTaskPriorityInherit
                0x00403c28                xTaskPriorityDisinherit
                0x00403cc4                vTaskPriorityDisinheritAfterTimeout
                0x00403d74                vTaskList
                0x00403e38                uxTaskResetEventItemValue
                0x00403e50                pvTaskIncrementMutexHeldCount
                0x00403e68                ulTaskGenericNotifyTake
                0x00403ee4                xTaskGenericNotifyWait
                0x00403f8c                xTaskGenericNotify
                0x004040b8                xTaskGenericNotifyFromISR
                0x0040422c                vTaskGenericNotifyGiveFromISR
                0x00404354                xTaskGenericNotifyStateClear
                0x0040439c                ulTaskGenericNotifyValueClear
 .text          0x004043cc      0x580 ./FreeRTOS/Source/timers.o
                0x00404658                xTimerCreateTimerTask
                0x004046a4                xTimerCreate
                0x00404702                xTimerGenericCommand
                0x0040475c                xTimerGetTimerDaemonTaskHandle
                0x00404780                xTimerGetPeriod
                0x0040479c                vTimerSetReloadMode
                0x004047da                xTimerGetReloadMode
                0x0040480e                uxTimerGetReloadMode
                0x00404812                xTimerGetExpiryTime
                0x0040482e                pcTimerGetName
                0x0040484a                xTimerIsTimerActive
                0x0040487e                pvTimerGetTimerID
                0x004048ac                vTimerSetTimerID
                0x004048d8                xTimerPendFunctionCallFromISR
                0x00404900                xTimerPendFunctionCall
                0x00404944                uxTimerGetTimerNumber
                0x00404948                vTimerSetTimerNumber
 *fill*         0x0040494c        0x4 
 .text          0x00404950      0x33c ./FreeRTOS/Source/portable/GCC/ARM_CM7/r0p1/port.o
                0x004049d4                pxPortInitialiseStack
                0x004049f8                SVC_Handler
                0x00404a24                vPortEndScheduler
                0x00404a4c                vPortEnterCritical
                0x00404a94                vPortExitCritical
                0x00404ac0                PendSV_Handler
                0x00404b24                SysTick_Handler
                0x00404b54                vPortSetupTimerInterrupt
                0x00404b6c                xPortStartScheduler
                0x00404c30                vPortValidateInterruptPriority
 .text          0x00404c8c       0x8c ./FreeRTOS/Source/portable/MemMang/heap_1.o
                0x00404c8c                pvPortMalloc
                0x00404ce0                vPortFree
                0x00404cfa                vPortInitialiseBlocks
                0x00404d08                xPortGetFreeHeapSize
 .text          0x00404d18        0x0 ./Project_Settings/Startup_Code/Vector_Table.o
 .text          0x00404d18        0x0 ./Project_Settings/Startup_Code/exceptions.o
 .text          0x00404d18        0x0 ./Project_Settings/Startup_Code/nvic.o
 .text          0x00404d18        0x0 ./Project_Settings/Startup_Code/startup.o
 .text          0x00404d18        0x0 ./Project_Settings/Startup_Code/startup_cm7.o
 .text          0x00404d18       0x10 ./Project_Settings/Startup_Code/system.o
                0x00404d18                Sys_GetCoreID
 .text          0x00404d28        0x0 ./RTD/src/Clock_Ip.o
 .text          0x00404d28        0x0 ./RTD/src/Clock_Ip_Data.o
 .text          0x00404d28        0x0 ./RTD/src/Clock_Ip_Divider.o
 .text          0x00404d28        0x0 ./RTD/src/Clock_Ip_DividerTrigger.o
 .text          0x00404d28        0x0 ./RTD/src/Clock_Ip_ExtOsc.o
 .text          0x00404d28        0x0 ./RTD/src/Clock_Ip_FracDiv.o
 .text          0x00404d28        0x0 ./RTD/src/Clock_Ip_Frequency.o
 .text          0x00404d28        0x0 ./RTD/src/Clock_Ip_Gate.o
 .text          0x00404d28        0x0 ./RTD/src/Clock_Ip_IntOsc.o
 .text          0x00404d28        0x0 ./RTD/src/Clock_Ip_Irq.o
 .text          0x00404d28        0x0 ./RTD/src/Clock_Ip_Monitor.o
 .text          0x00404d28        0x0 ./RTD/src/Clock_Ip_Pll.o
 .text          0x00404d28        0x0 ./RTD/src/Clock_Ip_ProgFreqSwitch.o
 .text          0x00404d28        0x0 ./RTD/src/Clock_Ip_Selector.o
 .text          0x00404d28        0x0 ./RTD/src/Clock_Ip_Specific.o
 .text          0x00404d28        0x0 ./RTD/src/Det.o
 .text          0x00404d28        0x0 ./RTD/src/Det_stub.o
 .text          0x00404d28        0x0 ./RTD/src/Igf_Port_Ip.o
 .text          0x00404d28        0x0 ./RTD/src/OsIf_Interrupts.o
 .text          0x00404d28        0x0 ./RTD/src/OsIf_Timer.o
 .text          0x00404d28        0x0 ./RTD/src/OsIf_Timer_System.o
 .text          0x00404d28        0x0 ./RTD/src/OsIf_Timer_System_Internal_Systick.o
 .text          0x00404d28        0x6 ./RTD/src/SchM_Dio.o
                0x00404d28                Dio_schm_read_msr
 .text          0x00404d2e        0x6 ./RTD/src/SchM_Mcu.o
                0x00404d2e                Mcu_schm_read_msr
 .text          0x00404d34        0x6 ./RTD/src/SchM_Port.o
                0x00404d34                Port_schm_read_msr
 .text          0x00404d3a       0x14 ./RTD/src/Siul2_Dio_Ip.o
 .text          0x00404d4e       0x14 ./RTD/src/Siul2_Port_Ip.o
 .text          0x00404d62        0x0 ./RTD/src/Tspc_Port_Ip.o
 .text          0x00404d62        0x0 ./board/Siul2_Port_Ip_Cfg.o
 .text          0x00404d62        0x0 ./board/Tspc_Port_Ip_Cfg.o
 .text          0x00404d62        0x0 ./generate/src/Clock_Ip_Cfg.o
 .text          0x00404d62        0x0 ./generate/src/Igf_Port_Ip_Cfg.o
 .text          0x00404d62        0x0 ./generate/src/OsIf_Cfg.o
 .text          0x00404d62        0x0 ./src/main.o
 .text          0x00404d62        0x0 c:/nxp/s32ds.3.5/s32ds/build_tools/gcc_v10.2/gcc-10.2-arm32-eabi/bin/../lib/gcc/arm-none-eabi/10.2.0/../../../../arm-none-eabi/lib/thumb/v7e-m+fp/hard\libc_nano.a(lib_a-memcpy-stub.o)
 .text          0x00404d62        0x0 c:/nxp/s32ds.3.5/s32ds/build_tools/gcc_v10.2/gcc-10.2-arm32-eabi/bin/../lib/gcc/arm-none-eabi/10.2.0/../../../../arm-none-eabi/lib/thumb/v7e-m+fp/hard\libc_nano.a(lib_a-memmove.o)
 .text          0x00404d62        0x0 c:/nxp/s32ds.3.5/s32ds/build_tools/gcc_v10.2/gcc-10.2-arm32-eabi/bin/../lib/gcc/arm-none-eabi/10.2.0/../../../../arm-none-eabi/lib/thumb/v7e-m+fp/hard\libc_nano.a(lib_a-memset.o)
 .text          0x00404d62        0x0 c:/nxp/s32ds.3.5/s32ds/build_tools/gcc_v10.2/gcc-10.2-arm32-eabi/bin/../lib/gcc/arm-none-eabi/10.2.0/../../../../arm-none-eabi/lib/thumb/v7e-m+fp/hard\libc_nano.a(lib_a-sprintf.o)
 .text          0x00404d62        0x0 c:/nxp/s32ds.3.5/s32ds/build_tools/gcc_v10.2/gcc-10.2-arm32-eabi/bin/../lib/gcc/arm-none-eabi/10.2.0/../../../../arm-none-eabi/lib/thumb/v7e-m+fp/hard\libc_nano.a(lib_a-strcpy.o)
 .text          0x00404d62       0x10 c:/nxp/s32ds.3.5/s32ds/build_tools/gcc_v10.2/gcc-10.2-arm32-eabi/bin/../lib/gcc/arm-none-eabi/10.2.0/../../../../arm-none-eabi/lib/thumb/v7e-m+fp/hard\libc_nano.a(lib_a-strlen.o)
                0x00404d62                strlen
 .text          0x00404d72        0x0 c:/nxp/s32ds.3.5/s32ds/build_tools/gcc_v10.2/gcc-10.2-arm32-eabi/bin/../lib/gcc/arm-none-eabi/10.2.0/../../../../arm-none-eabi/lib/thumb/v7e-m+fp/hard\libc_nano.a(lib_a-impure.o)
 .text          0x00404d72        0x0 c:/nxp/s32ds.3.5/s32ds/build_tools/gcc_v10.2/gcc-10.2-arm32-eabi/bin/../lib/gcc/arm-none-eabi/10.2.0/../../../../arm-none-eabi/lib/thumb/v7e-m+fp/hard\libc_nano.a(lib_a-nano-svfprintf.o)
 .text          0x00404d72        0x0 c:/nxp/s32ds.3.5/s32ds/build_tools/gcc_v10.2/gcc-10.2-arm32-eabi/bin/../lib/gcc/arm-none-eabi/10.2.0/../../../../arm-none-eabi/lib/thumb/v7e-m+fp/hard\libc_nano.a(lib_a-nano-vfprintf_i.o)
 *fill*         0x00404d72        0xe 
 .text          0x00404d80       0xa0 c:/nxp/s32ds.3.5/s32ds/build_tools/gcc_v10.2/gcc-10.2-arm32-eabi/bin/../lib/gcc/arm-none-eabi/10.2.0/../../../../arm-none-eabi/lib/thumb/v7e-m+fp/hard\libc_nano.a(lib_a-memchr.o)
                0x00404d80                memchr
 .text          0x00404e20        0x0 c:/nxp/s32ds.3.5/s32ds/build_tools/gcc_v10.2/gcc-10.2-arm32-eabi/bin/../lib/gcc/arm-none-eabi/10.2.0/../../../../arm-none-eabi/lib/thumb/v7e-m+fp/hard\libc_nano.a(lib_a-nano-freer.o)
 .text          0x00404e20        0x0 c:/nxp/s32ds.3.5/s32ds/build_tools/gcc_v10.2/gcc-10.2-arm32-eabi/bin/../lib/gcc/arm-none-eabi/10.2.0/../../../../arm-none-eabi/lib/thumb/v7e-m+fp/hard\libc_nano.a(lib_a-nano-mallocr.o)
 .text          0x00404e20        0x0 c:/nxp/s32ds.3.5/s32ds/build_tools/gcc_v10.2/gcc-10.2-arm32-eabi/bin/../lib/gcc/arm-none-eabi/10.2.0/../../../../arm-none-eabi/lib/thumb/v7e-m+fp/hard\libc_nano.a(lib_a-nano-reallocr.o)
 .text          0x00404e20        0x0 c:/nxp/s32ds.3.5/s32ds/build_tools/gcc_v10.2/gcc-10.2-arm32-eabi/bin/../lib/gcc/arm-none-eabi/10.2.0/../../../../arm-none-eabi/lib/thumb/v7e-m+fp/hard\libc_nano.a(lib_a-sbrkr.o)
 .text          0x00404e20        0x0 c:/nxp/s32ds.3.5/s32ds/build_tools/gcc_v10.2/gcc-10.2-arm32-eabi/bin/../lib/gcc/arm-none-eabi/10.2.0/../../../../arm-none-eabi/lib/thumb/v7e-m+fp/hard\libc_nano.a(lib_a-mlock.o)
 .text          0x00404e20        0x0 c:/nxp/s32ds.3.5/s32ds/build_tools/gcc_v10.2/gcc-10.2-arm32-eabi/bin/../lib/gcc/arm-none-eabi/10.2.0/../../../../arm-none-eabi/lib/thumb/v7e-m+fp/hard\libc_nano.a(lib_a-nano-msizer.o)
 .text          0x00404e20        0x0 c:/nxp/s32ds.3.5/s32ds/build_tools/gcc_v10.2/gcc-10.2-arm32-eabi/bin/../lib/gcc/arm-none-eabi/10.2.0/../../../../arm-none-eabi/lib/thumb/v7e-m+fp/hard\libc_nano.a(lib_a-reent.o)
 .text          0x00404e20        0x0 c:/nxp/s32ds.3.5/s32ds/build_tools/gcc_v10.2/gcc-10.2-arm32-eabi/bin/../lib/gcc/arm-none-eabi/10.2.0/../../../../arm-none-eabi/lib/thumb/v7e-m+fp/hard\libnosys.a(sbrk.o)
 *(.text*)
 .text.memcpy   0x00404e20       0x1c c:/nxp/s32ds.3.5/s32ds/build_tools/gcc_v10.2/gcc-10.2-arm32-eabi/bin/../lib/gcc/arm-none-eabi/10.2.0/../../../../arm-none-eabi/lib/thumb/v7e-m+fp/hard\libc_nano.a(lib_a-memcpy-stub.o)
                0x00404e20                memcpy
 .text.memmove  0x00404e3c       0x34 c:/nxp/s32ds.3.5/s32ds/build_tools/gcc_v10.2/gcc-10.2-arm32-eabi/bin/../lib/gcc/arm-none-eabi/10.2.0/../../../../arm-none-eabi/lib/thumb/v7e-m+fp/hard\libc_nano.a(lib_a-memmove.o)
                0x00404e3c                memmove
 .text.memset   0x00404e70       0x10 c:/nxp/s32ds.3.5/s32ds/build_tools/gcc_v10.2/gcc-10.2-arm32-eabi/bin/../lib/gcc/arm-none-eabi/10.2.0/../../../../arm-none-eabi/lib/thumb/v7e-m+fp/hard\libc_nano.a(lib_a-memset.o)
                0x00404e70                memset
 .text._sprintf_r
                0x00404e80       0x38 c:/nxp/s32ds.3.5/s32ds/build_tools/gcc_v10.2/gcc-10.2-arm32-eabi/bin/../lib/gcc/arm-none-eabi/10.2.0/../../../../arm-none-eabi/lib/thumb/v7e-m+fp/hard\libc_nano.a(lib_a-sprintf.o)
                0x00404e80                _sprintf_r
                0x00404e80                _siprintf_r
 .text.sprintf  0x00404eb8       0x40 c:/nxp/s32ds.3.5/s32ds/build_tools/gcc_v10.2/gcc-10.2-arm32-eabi/bin/../lib/gcc/arm-none-eabi/10.2.0/../../../../arm-none-eabi/lib/thumb/v7e-m+fp/hard\libc_nano.a(lib_a-sprintf.o)
                0x00404eb8                siprintf
                0x00404eb8                sprintf
 .text.strcpy   0x00404ef8       0x10 c:/nxp/s32ds.3.5/s32ds/build_tools/gcc_v10.2/gcc-10.2-arm32-eabi/bin/../lib/gcc/arm-none-eabi/10.2.0/../../../../arm-none-eabi/lib/thumb/v7e-m+fp/hard\libc_nano.a(lib_a-strcpy.o)
                0x00404ef8                strcpy
 .text.__ssputs_r
                0x00404f08       0xb6 c:/nxp/s32ds.3.5/s32ds/build_tools/gcc_v10.2/gcc-10.2-arm32-eabi/bin/../lib/gcc/arm-none-eabi/10.2.0/../../../../arm-none-eabi/lib/thumb/v7e-m+fp/hard\libc_nano.a(lib_a-nano-svfprintf.o)
                0x00404f08                __ssputs_r
 .text.__ssprint_r
                0x00404fbe       0xf6 c:/nxp/s32ds.3.5/s32ds/build_tools/gcc_v10.2/gcc-10.2-arm32-eabi/bin/../lib/gcc/arm-none-eabi/10.2.0/../../../../arm-none-eabi/lib/thumb/v7e-m+fp/hard\libc_nano.a(lib_a-nano-svfprintf.o)
                0x00404fbe                __ssprint_r
 .text._svfprintf_r
                0x004050b4      0x200 c:/nxp/s32ds.3.5/s32ds/build_tools/gcc_v10.2/gcc-10.2-arm32-eabi/bin/../lib/gcc/arm-none-eabi/10.2.0/../../../../arm-none-eabi/lib/thumb/v7e-m+fp/hard\libc_nano.a(lib_a-nano-svfprintf.o)
                0x004050b4                _svfiprintf_r
                0x004050b4                _svfprintf_r
 .text._printf_common
                0x004052b4       0xda c:/nxp/s32ds.3.5/s32ds/build_tools/gcc_v10.2/gcc-10.2-arm32-eabi/bin/../lib/gcc/arm-none-eabi/10.2.0/../../../../arm-none-eabi/lib/thumb/v7e-m+fp/hard\libc_nano.a(lib_a-nano-vfprintf_i.o)
                0x004052b4                _printf_common
 *fill*         0x0040538e        0x2 
 .text._printf_i
                0x00405390      0x24c c:/nxp/s32ds.3.5/s32ds/build_tools/gcc_v10.2/gcc-10.2-arm32-eabi/bin/../lib/gcc/arm-none-eabi/10.2.0/../../../../arm-none-eabi/lib/thumb/v7e-m+fp/hard\libc_nano.a(lib_a-nano-vfprintf_i.o)
                0x00405390                _printf_i
 .text._free_r  0x004055dc       0x98 c:/nxp/s32ds.3.5/s32ds/build_tools/gcc_v10.2/gcc-10.2-arm32-eabi/bin/../lib/gcc/arm-none-eabi/10.2.0/../../../../arm-none-eabi/lib/thumb/v7e-m+fp/hard\libc_nano.a(lib_a-nano-freer.o)
                0x004055dc                _free_r
 .text._malloc_r
                0x00405674       0xb4 c:/nxp/s32ds.3.5/s32ds/build_tools/gcc_v10.2/gcc-10.2-arm32-eabi/bin/../lib/gcc/arm-none-eabi/10.2.0/../../../../arm-none-eabi/lib/thumb/v7e-m+fp/hard\libc_nano.a(lib_a-nano-mallocr.o)
                0x00405674                _malloc_r
 .text._realloc_r
                0x00405728       0x4c c:/nxp/s32ds.3.5/s32ds/build_tools/gcc_v10.2/gcc-10.2-arm32-eabi/bin/../lib/gcc/arm-none-eabi/10.2.0/../../../../arm-none-eabi/lib/thumb/v7e-m+fp/hard\libc_nano.a(lib_a-nano-reallocr.o)
                0x00405728                _realloc_r
 .text._sbrk_r  0x00405774       0x20 c:/nxp/s32ds.3.5/s32ds/build_tools/gcc_v10.2/gcc-10.2-arm32-eabi/bin/../lib/gcc/arm-none-eabi/10.2.0/../../../../arm-none-eabi/lib/thumb/v7e-m+fp/hard\libc_nano.a(lib_a-sbrkr.o)
                0x00405774                _sbrk_r
 .text.__malloc_lock
                0x00405794        0x2 c:/nxp/s32ds.3.5/s32ds/build_tools/gcc_v10.2/gcc-10.2-arm32-eabi/bin/../lib/gcc/arm-none-eabi/10.2.0/../../../../arm-none-eabi/lib/thumb/v7e-m+fp/hard\libc_nano.a(lib_a-mlock.o)
                0x00405794                __malloc_lock
 .text.__malloc_unlock
                0x00405796        0x2 c:/nxp/s32ds.3.5/s32ds/build_tools/gcc_v10.2/gcc-10.2-arm32-eabi/bin/../lib/gcc/arm-none-eabi/10.2.0/../../../../arm-none-eabi/lib/thumb/v7e-m+fp/hard\libc_nano.a(lib_a-mlock.o)
                0x00405796                __malloc_unlock
 .text._malloc_usable_size_r
                0x00405798       0x10 c:/nxp/s32ds.3.5/s32ds/build_tools/gcc_v10.2/gcc-10.2-arm32-eabi/bin/../lib/gcc/arm-none-eabi/10.2.0/../../../../arm-none-eabi/lib/thumb/v7e-m+fp/hard\libc_nano.a(lib_a-nano-msizer.o)
                0x00405798                _malloc_usable_size_r
 .text.cleanup_glue
                0x004057a8       0x1a c:/nxp/s32ds.3.5/s32ds/build_tools/gcc_v10.2/gcc-10.2-arm32-eabi/bin/../lib/gcc/arm-none-eabi/10.2.0/../../../../arm-none-eabi/lib/thumb/v7e-m+fp/hard\libc_nano.a(lib_a-reent.o)
                0x004057a8                cleanup_glue
 *fill*         0x004057c2        0x2 
 .text._reclaim_reent
                0x004057c4       0xb8 c:/nxp/s32ds.3.5/s32ds/build_tools/gcc_v10.2/gcc-10.2-arm32-eabi/bin/../lib/gcc/arm-none-eabi/10.2.0/../../../../arm-none-eabi/lib/thumb/v7e-m+fp/hard\libc_nano.a(lib_a-reent.o)
                0x004057c4                _reclaim_reent
 .text._sbrk    0x0040587c       0x1c c:/nxp/s32ds.3.5/s32ds/build_tools/gcc_v10.2/gcc-10.2-arm32-eabi/bin/../lib/gcc/arm-none-eabi/10.2.0/../../../../arm-none-eabi/lib/thumb/v7e-m+fp/hard\libnosys.a(sbrk.o)
                0x0040587c                _sbrk
                0x00405898                . = ALIGN (0x4)
 *(.mcal_text)
 .mcal_text     0x00405898       0x14 ./Project_Settings/Startup_Code/exceptions.o
                0x00405898                NMI_Handler
                0x0040589a                HardFault_Handler
                0x0040589c                MemManage_Handler
                0x0040589e                BusFault_Handler
                0x004058a0                UsageFault_Handler
                0x004058a4                DebugMon_Handler
                0x004058aa                undefined_handler
 .mcal_text     0x004058ac       0x52 ./Project_Settings/Startup_Code/nvic.o
                0x004058ac                NVIC_SetPriorityGrouping
                0x004058c0                NVIC_EnableIRQ
                0x004058d8                NVIC_DisableIRQ
                0x004058f0                NVIC_SetPriority
 *fill*         0x004058fe        0x2 
 .mcal_text     0x00405900       0xe8 ./Project_Settings/Startup_Code/startup.o
                0x00405900                init_data_bss
                0x0040598c                init_data_bss_core2
 .mcal_text     0x004059e8      0x2ec ./Project_Settings/Startup_Code/system.o
                0x004059e8                startup_go_to_user_mode
                0x004059ea                default_interrupt_routine
                0x004059ec                SystemInit
 .mcal_text     0x00405cd4      0x88c ./RTD/src/Clock_Ip.o
                0x00405cd6                Clock_Ip_InitClock
                0x00406284                Clock_Ip_GetPllStatus
                0x00406328                Clock_Ip_DistributePll
                0x00406414                Clock_Ip_Init
                0x00406438                Clock_Ip_DisableClockMonitor
                0x0040645c                Clock_Ip_InstallNotificationsCallback
                0x00406468                Clock_Ip_DisableModuleClock
                0x00406490                Clock_Ip_EnableModuleClock
                0x004064b8                Clock_Ip_DisableFircInStandby
                0x004064d0                Clock_Ip_EnableFircInStandby
                0x004064e8                Clock_Ip_DisableSircInStandby
                0x00406500                Clock_Ip_EnableSircInStandby
                0x00406518                Clock_Ip_ReportClockErrors
                0x00406524                Clock_Ip_StartTimeout
                0x00406544                Clock_Ip_TimeoutExpired
 .mcal_text     0x00406560      0x120 ./RTD/src/Clock_Ip_Divider.o
 .mcal_text     0x00406680       0x9c ./RTD/src/Clock_Ip_DividerTrigger.o
 .mcal_text     0x0040671c      0x1c4 ./RTD/src/Clock_Ip_ExtOsc.o
 .mcal_text     0x004068e0        0x6 ./RTD/src/Clock_Ip_FracDiv.o
 .mcal_text     0x004068e6        0x2 ./RTD/src/Clock_Ip_Frequency.o
                0x004068e6                Clock_Ip_SetExternalSignalFrequency
 .mcal_text     0x004068e8      0x128 ./RTD/src/Clock_Ip_Gate.o
 .mcal_text     0x00406a10      0x104 ./RTD/src/Clock_Ip_IntOsc.o
 .mcal_text     0x00406b14        0x4 ./RTD/src/Clock_Ip_Irq.o
                0x00406b14                Mcu_Cmu_ClockFail_IRQHandler
 .mcal_text     0x00406b18      0x204 ./RTD/src/Clock_Ip_Monitor.o
                0x00406cc4                Clock_Ip_CMU_GetInterruptStatus
                0x00406cd8                Clock_Ip_CMU_ClockFailInt
 .mcal_text     0x00406d1c      0x17c ./RTD/src/Clock_Ip_Pll.o
 .mcal_text     0x00406e98      0x154 ./RTD/src/Clock_Ip_ProgFreqSwitch.o
 .mcal_text     0x00406fec      0x3dc ./RTD/src/Clock_Ip_Selector.o
                0x0040739c                Clock_Ip_SetRtcRtccClksel_TrustedCall
 .mcal_text     0x004073c8      0x2c8 ./RTD/src/Clock_Ip_Specific.o
                0x004073c8                Clock_Ip_McMeEnterKey
                0x004073dc                Clock_Ip_PowerClockIpModules
                0x004075dc                DisableFircInStandbyMode
                0x004075ec                EnableFircInStandbyMode
                0x00407608                DisableSircInStandbyMode
                0x00407618                EnableSircInStandbyMode
                0x00407634                Clock_Ip_Command
                0x00407684                Clock_Ip_FLASH_SetFlashIWS
                0x00407688                Clock_Ip_SetFlashWaitStates
                0x0040768c                Clock_Ip_SetRamWaitStates
 .mcal_text     0x00407690       0xa4 ./RTD/src/Det.o
                0x00407690                Det_Init
                0x00407692                Det_ReportError
                0x004076c8                Det_ReportRuntimeError
                0x004076fc                Det_ReportTransientFault
                0x00407730                Det_Start
 .mcal_text     0x00407734      0x21c ./RTD/src/Det_stub.o
                0x00407734                Det_TestLastReportError
                0x0040779c                Det_TestLastReportRuntimeError
                0x00407804                Det_TestLastReportTransientFault
                0x0040786c                Det_TestNoError
                0x004078b8                Det_TestNoRuntimeError
                0x00407904                Det_TestNoTransientFault
 .mcal_text     0x00407950       0x1e ./RTD/src/OsIf_Timer.o
                0x00407950                OsIf_Init
                0x00407958                OsIf_GetCounter
                0x0040795c                OsIf_GetElapsed
                0x00407964                OsIf_SetTimerFrequency
                0x00407966                OsIf_MicrosToTicks
 .mcal_text     0x0040796e       0x42 ./RTD/src/OsIf_Timer_System_Internal_Systick.o
                0x0040796e                OsIf_Timer_System_Internal_Init
                0x00407984                OsIf_Timer_System_Internal_GetCounter
                0x00407990                OsIf_Timer_System_Internal_GetElapsed
 .mcal_text     0x004079b0       0xc8 ./RTD/src/SchM_Dio.o
                0x004079b0                SchM_Enter_Dio_DIO_EXCLUSIVE_AREA_00
                0x004079e4                SchM_Exit_Dio_DIO_EXCLUSIVE_AREA_00
                0x00407a14                SchM_Enter_Dio_DIO_EXCLUSIVE_AREA_01
                0x00407a48                SchM_Exit_Dio_DIO_EXCLUSIVE_AREA_01
 .mcal_text     0x00407a78      0x12c ./RTD/src/SchM_Mcu.o
                0x00407a78                SchM_Enter_Mcu_MCU_EXCLUSIVE_AREA_00
                0x00407aac                SchM_Exit_Mcu_MCU_EXCLUSIVE_AREA_00
                0x00407adc                SchM_Enter_Mcu_MCU_EXCLUSIVE_AREA_01
                0x00407b10                SchM_Exit_Mcu_MCU_EXCLUSIVE_AREA_01
                0x00407b40                SchM_Enter_Mcu_MCU_EXCLUSIVE_AREA_02
                0x00407b74                SchM_Exit_Mcu_MCU_EXCLUSIVE_AREA_02
 .mcal_text     0x00407ba4      0xaf0 ./RTD/src/SchM_Port.o
                0x00407ba4                SchM_Enter_Port_PORT_EXCLUSIVE_AREA_00
                0x00407bd8                SchM_Exit_Port_PORT_EXCLUSIVE_AREA_00
                0x00407c08                SchM_Enter_Port_PORT_EXCLUSIVE_AREA_01
                0x00407c3c                SchM_Exit_Port_PORT_EXCLUSIVE_AREA_01
                0x00407c6c                SchM_Enter_Port_PORT_EXCLUSIVE_AREA_02
                0x00407ca0                SchM_Exit_Port_PORT_EXCLUSIVE_AREA_02
                0x00407cd0                SchM_Enter_Port_PORT_EXCLUSIVE_AREA_03
                0x00407d04                SchM_Exit_Port_PORT_EXCLUSIVE_AREA_03
                0x00407d34                SchM_Enter_Port_PORT_EXCLUSIVE_AREA_04
                0x00407d68                SchM_Exit_Port_PORT_EXCLUSIVE_AREA_04
                0x00407d98                SchM_Enter_Port_PORT_EXCLUSIVE_AREA_05
                0x00407dcc                SchM_Exit_Port_PORT_EXCLUSIVE_AREA_05
                0x00407dfc                SchM_Enter_Port_PORT_EXCLUSIVE_AREA_06
                0x00407e30                SchM_Exit_Port_PORT_EXCLUSIVE_AREA_06
                0x00407e60                SchM_Enter_Port_PORT_EXCLUSIVE_AREA_07
                0x00407e94                SchM_Exit_Port_PORT_EXCLUSIVE_AREA_07
                0x00407ec4                SchM_Enter_Port_PORT_EXCLUSIVE_AREA_08
                0x00407ef8                SchM_Exit_Port_PORT_EXCLUSIVE_AREA_08
                0x00407f28                SchM_Enter_Port_PORT_EXCLUSIVE_AREA_09
                0x00407f5c                SchM_Exit_Port_PORT_EXCLUSIVE_AREA_09
                0x00407f8c                SchM_Enter_Port_PORT_EXCLUSIVE_AREA_10
                0x00407fc0                SchM_Exit_Port_PORT_EXCLUSIVE_AREA_10
                0x00407ff0                SchM_Enter_Port_PORT_EXCLUSIVE_AREA_11
                0x00408024                SchM_Exit_Port_PORT_EXCLUSIVE_AREA_11
                0x00408054                SchM_Enter_Port_PORT_EXCLUSIVE_AREA_12
                0x00408088                SchM_Exit_Port_PORT_EXCLUSIVE_AREA_12
                0x004080b8                SchM_Enter_Port_PORT_EXCLUSIVE_AREA_13
                0x004080ec                SchM_Exit_Port_PORT_EXCLUSIVE_AREA_13
                0x0040811c                SchM_Enter_Port_PORT_EXCLUSIVE_AREA_14
                0x00408150                SchM_Exit_Port_PORT_EXCLUSIVE_AREA_14
                0x00408180                SchM_Enter_Port_PORT_EXCLUSIVE_AREA_15
                0x004081b4                SchM_Exit_Port_PORT_EXCLUSIVE_AREA_15
                0x004081e4                SchM_Enter_Port_PORT_EXCLUSIVE_AREA_16
                0x00408218                SchM_Exit_Port_PORT_EXCLUSIVE_AREA_16
                0x00408248                SchM_Enter_Port_PORT_EXCLUSIVE_AREA_17
                0x0040827c                SchM_Exit_Port_PORT_EXCLUSIVE_AREA_17
                0x004082ac                SchM_Enter_Port_PORT_EXCLUSIVE_AREA_18
                0x004082e0                SchM_Exit_Port_PORT_EXCLUSIVE_AREA_18
                0x00408310                SchM_Enter_Port_PORT_EXCLUSIVE_AREA_19
                0x00408344                SchM_Exit_Port_PORT_EXCLUSIVE_AREA_19
                0x00408374                SchM_Enter_Port_PORT_EXCLUSIVE_AREA_20
                0x004083a8                SchM_Exit_Port_PORT_EXCLUSIVE_AREA_20
                0x004083d8                SchM_Enter_Port_PORT_EXCLUSIVE_AREA_21
                0x0040840c                SchM_Exit_Port_PORT_EXCLUSIVE_AREA_21
                0x0040843c                SchM_Enter_Port_PORT_EXCLUSIVE_AREA_22
                0x00408470                SchM_Exit_Port_PORT_EXCLUSIVE_AREA_22
                0x004084a0                SchM_Enter_Port_PORT_EXCLUSIVE_AREA_23
                0x004084d4                SchM_Exit_Port_PORT_EXCLUSIVE_AREA_23
                0x00408504                SchM_Enter_Port_PORT_EXCLUSIVE_AREA_24
                0x00408538                SchM_Exit_Port_PORT_EXCLUSIVE_AREA_24
                0x00408568                SchM_Enter_Port_PORT_EXCLUSIVE_AREA_25
                0x0040859c                SchM_Exit_Port_PORT_EXCLUSIVE_AREA_25
                0x004085cc                SchM_Enter_Port_PORT_EXCLUSIVE_AREA_26
                0x00408600                SchM_Exit_Port_PORT_EXCLUSIVE_AREA_26
                0x00408630                SchM_Enter_Port_PORT_EXCLUSIVE_AREA_27
                0x00408664                SchM_Exit_Port_PORT_EXCLUSIVE_AREA_27
 .mcal_text     0x00408694      0x190 ./RTD/src/Siul2_Dio_Ip.o
                0x004086ca                Siul2_Dio_Ip_WritePin
                0x0040871e                Siul2_Dio_Ip_WritePins
                0x00408736                Siul2_Dio_Ip_GetPinsOutput
                0x0040874e                Siul2_Dio_Ip_SetPins
                0x0040876c                Siul2_Dio_Ip_ClearPins
                0x0040878c                Siul2_Dio_Ip_TogglePins
                0x004087aa                Siul2_Dio_Ip_ReadPins
                0x004087c4                Siul2_Dio_Ip_ReadPin
                0x004087f6                Siul2_Dio_Ip_MaskedWritePins
 .mcal_text     0x00408824      0x458 ./RTD/src/Siul2_Port_Ip.o
                0x00408978                Siul2_Port_Ip_Init
                0x004089a8                Siul2_Port_Ip_SetPullSel
                0x00408a04                Siul2_Port_Ip_SetOutputBuffer
                0x00408a6a                Siul2_Port_Ip_SetInputBuffer
                0x00408ada                Siul2_Port_Ip_SetPinDirection
                0x00408b52                Siul2_Port_Ip_RevertPinConfiguration
                0x00408bb4                Siul2_Port_Ip_GetPinConfiguration
 .mcal_text     0x00408c7c       0xd0 ./RTD/src/Tspc_Port_Ip.o
                0x00408c7c                Tspc_Port_Ip_EnableObeGroup
                0x00408cac                Tspc_Port_Ip_ConfigureObeGroup
                0x00408d4c                . = ALIGN (0x4)
 *(.acmcu_code_rom)
                0x00408d4c                . = ALIGN (0x4)
                0x00408d4c                __acfls_code_rom_start = .
 *(.acfls_code_rom)
 .acfls_code_rom
                0x00408d4c       0x58 ./RTD/src/Clock_Ip_Specific.o
                0x00408d4c                Clock_Ip_PRAMCSetRamIWS
 *fill*         0x00408da4        0x4 
 .acfls_code_rom.__stub
                0x00408da8        0x8 linker stubs
                0x00408db0                . = ALIGN (0x4)
                0x00408db0                __acfls_code_rom_end = .
 *(.init)
                0x00408db0                . = ALIGN (0x4)
 *(.fini)
                0x00408db0                . = ALIGN (0x4)
 *(.rodata)
 .rodata        0x00408db0        0x5 ./FreeRTOS/Source/tasks.o
 .rodata        0x00408db5        0x3 ./RTD/src/Clock_Ip_IntOsc.o
 .rodata        0x00408db8        0x4 ./RTD/src/Siul2_Port_Ip.o
                0x00408db8                Port_au32Siul2BaseAddr
 *(.rodata*)
 .rodata.str1.1
                0x00408dbc       0x14 ./FreeRTOS/Source/tasks.o
 .rodata.str1.1
                0x00408dd0        0xd ./FreeRTOS/Source/timers.o
 *fill*         0x00408ddd        0x3 
 .rodata._global_impure_ptr
                0x00408de0        0x4 c:/nxp/s32ds.3.5/s32ds/build_tools/gcc_v10.2/gcc-10.2-arm32-eabi/bin/../lib/gcc/arm-none-eabi/10.2.0/../../../../arm-none-eabi/lib/thumb/v7e-m+fp/hard\libc_nano.a(lib_a-impure.o)
                0x00408de0                _global_impure_ptr
 .rodata._svfprintf_r.str1.1
                0x00408de4       0x11 c:/nxp/s32ds.3.5/s32ds/build_tools/gcc_v10.2/gcc-10.2-arm32-eabi/bin/../lib/gcc/arm-none-eabi/10.2.0/../../../../arm-none-eabi/lib/thumb/v7e-m+fp/hard\libc_nano.a(lib_a-nano-svfprintf.o)
 .rodata._printf_i.str1.1
                0x00408df5       0x22 c:/nxp/s32ds.3.5/s32ds/build_tools/gcc_v10.2/gcc-10.2-arm32-eabi/bin/../lib/gcc/arm-none-eabi/10.2.0/../../../../arm-none-eabi/lib/thumb/v7e-m+fp/hard\libc_nano.a(lib_a-nano-vfprintf_i.o)
                0x00408e18                . = ALIGN (0x4)
 *fill*         0x00408e17        0x1 
 *(.mcal_const_cfg)
 .mcal_const_cfg
                0x00408e18      0x234 ./board/Siul2_Port_Ip_Cfg.o
                0x00408e18                g_pin_mux_InitConfigArr0
 .mcal_const_cfg
                0x0040904c      0x5d8 ./generate/src/Clock_Ip_Cfg.o
                0x0040904c                Clock_Ip_aClockConfig
                0x00409624                . = ALIGN (0x4)
 *(.mcal_const)
 .mcal_const    0x00409624     0x10da ./RTD/src/Clock_Ip_Data.o
                0x00409624                Clock_Ip_axGateInfo
                0x00409cfc                Clock_Ip_axFeatureExtensions
                0x00409f1c                Clock_Ip_aeHwDfsName
                0x00409f20                Clock_Ip_aeHwPllName
                0x00409f24                Clock_Ip_aeSourceTypeClockName
                0x00409f7c                Clock_Ip_apxMcMeTriggerPartitions
                0x00409f8c                Clock_Ip_apxMcMeGetPartitions
                0x00409f9c                Clock_Ip_apxMcMeSetPartitions
                0x00409fac                Clock_Ip_axCmuInfo
                0x0040a01c                Clock_Ip_aeCmuNames
                0x0040a038                Clock_Ip_apxCmu
                0x0040a054                Clock_Ip_apxPll
                0x0040a064                Clock_Ip_apxXosc
                0x0040a06c                Clock_Ip_apxCgmPcfs
                0x0040a070                Clock_Ip_apxCgm
                0x0040a0c0                Clock_Ip_au16SelectorEntryRtcHardwareValue
                0x0040a0ec                Clock_Ip_au16SelectorEntryHardwareValue
                0x0040a118                Clock_Ip_au8SoftwareMuxResetValue
                0x0040a1a6                Clock_Ip_au8ClockFeatures
                0x0040a6a4                Clock_Ip_au8CmuCallbackIndex
                0x0040a6ad                Clock_Ip_au8PcfsCallbackIndex
                0x0040a6b6                Clock_Ip_au8SelectorCallbackIndex
                0x0040a6bf                Clock_Ip_au8PllCallbackIndex
                0x0040a6c8                Clock_Ip_au8FractionalDividerCallbackIndex
                0x0040a6d1                Clock_Ip_au8GateCallbackIndex
                0x0040a6da                Clock_Ip_au8IrcoscCallbackIndex
                0x0040a6e3                Clock_Ip_au8XoscCallbackIndex
                0x0040a6ec                Clock_Ip_au8DividerTriggerCallbackIndex
                0x0040a6f5                Clock_Ip_au8DividerCallbackIndex
 *fill*         0x0040a6fe        0x2 
 .mcal_const    0x0040a700       0x10 ./RTD/src/Clock_Ip_Divider.o
                0x0040a700                Clock_Ip_axDividerCallbacks
 .mcal_const    0x0040a710       0x10 ./RTD/src/Clock_Ip_DividerTrigger.o
                0x0040a710                Clock_Ip_axDividerTriggerCallbacks
 .mcal_const    0x0040a720       0x3c ./RTD/src/Clock_Ip_ExtOsc.o
                0x0040a720                Clock_Ip_axExtOscCallbacks
 .mcal_const    0x0040a75c        0xc ./RTD/src/Clock_Ip_FracDiv.o
                0x0040a75c                Clock_Ip_axFracDivCallbacks
 .mcal_const    0x0040a768       0x10 ./RTD/src/Clock_Ip_Gate.o
                0x0040a768                Clock_Ip_axGateCallbacks
 .mcal_const    0x0040a778       0x30 ./RTD/src/Clock_Ip_IntOsc.o
                0x0040a778                Clock_Ip_axIntOscCallbacks
 .mcal_const    0x0040a7a8       0x20 ./RTD/src/Clock_Ip_Monitor.o
                0x0040a7a8                Clock_Ip_axCmuCallbacks
 .mcal_const    0x0040a7c8       0x28 ./RTD/src/Clock_Ip_Pll.o
                0x0040a7c8                Clock_Ip_axPllCallbacks
 .mcal_const    0x0040a7f0        0x8 ./RTD/src/Clock_Ip_ProgFreqSwitch.o
                0x0040a7f0                Clock_Ip_axPcfsCallbacks
 .mcal_const    0x0040a7f8       0x28 ./RTD/src/Clock_Ip_Selector.o
                0x0040a7f8                Clock_Ip_axSelectorCallbacks
                0x0040a820                . = ALIGN (0x4)
                0x0040a820                __init_table = .
 *(.init_table)
 .init_table    0x0040a820       0x4c ./Project_Settings/Startup_Code/startup_cm7.o
                0x0040a86c                . = ALIGN (0x4)
                0x0040a86c                __zero_table = .
 *(.zero_table)
 .zero_table    0x0040a86c       0x1c ./Project_Settings/Startup_Code/startup_cm7.o

.glue_7         0x0040a888        0x0
 .glue_7        0x0040a888        0x0 linker stubs

.glue_7t        0x0040a888        0x0
 .glue_7t       0x0040a888        0x0 linker stubs

.vfp11_veneer   0x0040a888        0x0
 .vfp11_veneer  0x0040a888        0x0 linker stubs

.v4_bx          0x0040a888        0x0
 .v4_bx         0x0040a888        0x0 linker stubs

.iplt           0x0040a888        0x0
 .iplt          0x0040a888        0x0 ./FreeRTOS/Source/event_groups.o

.rel.dyn        0x0040a888        0x0
 .rel.iplt      0x0040a888        0x0 ./FreeRTOS/Source/event_groups.o
                0x0040a888                . = ALIGN (0x4)
                0x0040a888                __text_end = .
                0x0040a888                __sram_data_rom = __text_end

.sram_bss       0x20400000     0x22b8
                0x20400000                . = ALIGN (0x8)
                0x20400000                __standby_ram_begin__ = .
 *(.standby_data)
                0x20400000                . = ALIGN (0x8)
                0x20400000                __standby_ram_end__ = .
                0x20400000                . = ALIGN (0x10)
                0x20400000                __sram_bss_start = .
 *(.bss)
 .bss           0x20400000        0x0 ./FreeRTOS/Source/croutine.o
 .bss           0x20400000        0x0 ./FreeRTOS/Source/event_groups.o
 .bss           0x20400000        0x0 ./FreeRTOS/Source/list.o
 .bss           0x20400000       0x10 ./FreeRTOS/Source/queue.o
                0x20400000                xQueueRegistry
 .bss           0x20400010        0x0 ./FreeRTOS/Source/stream_buffer.o
 .bss           0x20400010      0x104 ./FreeRTOS/Source/tasks.o
                0x20400014                pxCurrentTCB
 .bss           0x20400114       0x3c ./FreeRTOS/Source/timers.o
 .bss           0x20400150        0x8 ./FreeRTOS/Source/portable/GCC/ARM_CM7/r0p1/port.o
 .bss           0x20400158     0x2008 ./FreeRTOS/Source/portable/MemMang/heap_1.o
 .bss           0x20402160        0x0 ./Project_Settings/Startup_Code/Vector_Table.o
 .bss           0x20402160        0x0 ./Project_Settings/Startup_Code/exceptions.o
 .bss           0x20402160        0x0 ./Project_Settings/Startup_Code/nvic.o
 .bss           0x20402160        0x0 ./Project_Settings/Startup_Code/startup.o
 .bss           0x20402160        0x0 ./Project_Settings/Startup_Code/startup_cm7.o
 .bss           0x20402160       0x78 ./Project_Settings/Startup_Code/system.o
                0x20402160                rbar
                0x2040219c                rasr
 .bss           0x204021d8        0x0 ./RTD/src/Clock_Ip.o
 .bss           0x204021d8        0x0 ./RTD/src/Clock_Ip_Data.o
 .bss           0x204021d8        0x0 ./RTD/src/Clock_Ip_Divider.o
 .bss           0x204021d8        0x0 ./RTD/src/Clock_Ip_DividerTrigger.o
 .bss           0x204021d8        0x0 ./RTD/src/Clock_Ip_ExtOsc.o
 .bss           0x204021d8        0x0 ./RTD/src/Clock_Ip_FracDiv.o
 .bss           0x204021d8        0x0 ./RTD/src/Clock_Ip_Frequency.o
 .bss           0x204021d8        0x0 ./RTD/src/Clock_Ip_Gate.o
 .bss           0x204021d8        0x0 ./RTD/src/Clock_Ip_IntOsc.o
 .bss           0x204021d8        0x0 ./RTD/src/Clock_Ip_Irq.o
 .bss           0x204021d8        0x0 ./RTD/src/Clock_Ip_Monitor.o
 .bss           0x204021d8        0x0 ./RTD/src/Clock_Ip_Pll.o
 .bss           0x204021d8        0x0 ./RTD/src/Clock_Ip_ProgFreqSwitch.o
 .bss           0x204021d8        0x0 ./RTD/src/Clock_Ip_Selector.o
 .bss           0x204021d8        0x0 ./RTD/src/Clock_Ip_Specific.o
 .bss           0x204021d8        0x0 ./RTD/src/Det.o
 .bss           0x204021d8        0x0 ./RTD/src/Det_stub.o
 .bss           0x204021d8        0x0 ./RTD/src/Igf_Port_Ip.o
 .bss           0x204021d8        0x0 ./RTD/src/OsIf_Interrupts.o
 .bss           0x204021d8        0x0 ./RTD/src/OsIf_Timer.o
 .bss           0x204021d8        0x0 ./RTD/src/OsIf_Timer_System.o
 .bss           0x204021d8        0x0 ./RTD/src/OsIf_Timer_System_Internal_Systick.o
 .bss           0x204021d8        0x0 ./RTD/src/SchM_Dio.o
 .bss           0x204021d8        0x0 ./RTD/src/SchM_Mcu.o
 .bss           0x204021d8        0x0 ./RTD/src/SchM_Port.o
 .bss           0x204021d8        0x0 ./RTD/src/Siul2_Dio_Ip.o
 .bss           0x204021d8        0x0 ./RTD/src/Siul2_Port_Ip.o
 .bss           0x204021d8        0x0 ./RTD/src/Tspc_Port_Ip.o
 .bss           0x204021d8        0x0 ./board/Siul2_Port_Ip_Cfg.o
 .bss           0x204021d8        0x0 ./board/Tspc_Port_Ip_Cfg.o
 .bss           0x204021d8        0x0 ./generate/src/Clock_Ip_Cfg.o
 .bss           0x204021d8        0x0 ./generate/src/Igf_Port_Ip_Cfg.o
 .bss           0x204021d8        0x0 ./generate/src/OsIf_Cfg.o
 .bss           0x204021d8        0x1 ./src/main.o
                0x204021d8                exit_code
 .bss           0x204021d9        0x0 c:/nxp/s32ds.3.5/s32ds/build_tools/gcc_v10.2/gcc-10.2-arm32-eabi/bin/../lib/gcc/arm-none-eabi/10.2.0/../../../../arm-none-eabi/lib/thumb/v7e-m+fp/hard\libc_nano.a(lib_a-memcpy-stub.o)
 .bss           0x204021d9        0x0 c:/nxp/s32ds.3.5/s32ds/build_tools/gcc_v10.2/gcc-10.2-arm32-eabi/bin/../lib/gcc/arm-none-eabi/10.2.0/../../../../arm-none-eabi/lib/thumb/v7e-m+fp/hard\libc_nano.a(lib_a-memmove.o)
 .bss           0x204021d9        0x0 c:/nxp/s32ds.3.5/s32ds/build_tools/gcc_v10.2/gcc-10.2-arm32-eabi/bin/../lib/gcc/arm-none-eabi/10.2.0/../../../../arm-none-eabi/lib/thumb/v7e-m+fp/hard\libc_nano.a(lib_a-memset.o)
 .bss           0x204021d9        0x0 c:/nxp/s32ds.3.5/s32ds/build_tools/gcc_v10.2/gcc-10.2-arm32-eabi/bin/../lib/gcc/arm-none-eabi/10.2.0/../../../../arm-none-eabi/lib/thumb/v7e-m+fp/hard\libc_nano.a(lib_a-sprintf.o)
 .bss           0x204021d9        0x0 c:/nxp/s32ds.3.5/s32ds/build_tools/gcc_v10.2/gcc-10.2-arm32-eabi/bin/../lib/gcc/arm-none-eabi/10.2.0/../../../../arm-none-eabi/lib/thumb/v7e-m+fp/hard\libc_nano.a(lib_a-strcpy.o)
 .bss           0x204021d9        0x0 c:/nxp/s32ds.3.5/s32ds/build_tools/gcc_v10.2/gcc-10.2-arm32-eabi/bin/../lib/gcc/arm-none-eabi/10.2.0/../../../../arm-none-eabi/lib/thumb/v7e-m+fp/hard\libc_nano.a(lib_a-strlen.o)
 .bss           0x204021d9        0x0 c:/nxp/s32ds.3.5/s32ds/build_tools/gcc_v10.2/gcc-10.2-arm32-eabi/bin/../lib/gcc/arm-none-eabi/10.2.0/../../../../arm-none-eabi/lib/thumb/v7e-m+fp/hard\libc_nano.a(lib_a-impure.o)
 .bss           0x204021d9        0x0 c:/nxp/s32ds.3.5/s32ds/build_tools/gcc_v10.2/gcc-10.2-arm32-eabi/bin/../lib/gcc/arm-none-eabi/10.2.0/../../../../arm-none-eabi/lib/thumb/v7e-m+fp/hard\libc_nano.a(lib_a-nano-svfprintf.o)
 .bss           0x204021d9        0x0 c:/nxp/s32ds.3.5/s32ds/build_tools/gcc_v10.2/gcc-10.2-arm32-eabi/bin/../lib/gcc/arm-none-eabi/10.2.0/../../../../arm-none-eabi/lib/thumb/v7e-m+fp/hard\libc_nano.a(lib_a-nano-vfprintf_i.o)
 .bss           0x204021d9        0x0 c:/nxp/s32ds.3.5/s32ds/build_tools/gcc_v10.2/gcc-10.2-arm32-eabi/bin/../lib/gcc/arm-none-eabi/10.2.0/../../../../arm-none-eabi/lib/thumb/v7e-m+fp/hard\libc_nano.a(lib_a-memchr.o)
 .bss           0x204021d9        0x0 c:/nxp/s32ds.3.5/s32ds/build_tools/gcc_v10.2/gcc-10.2-arm32-eabi/bin/../lib/gcc/arm-none-eabi/10.2.0/../../../../arm-none-eabi/lib/thumb/v7e-m+fp/hard\libc_nano.a(lib_a-nano-freer.o)
 .bss           0x204021d9        0x0 c:/nxp/s32ds.3.5/s32ds/build_tools/gcc_v10.2/gcc-10.2-arm32-eabi/bin/../lib/gcc/arm-none-eabi/10.2.0/../../../../arm-none-eabi/lib/thumb/v7e-m+fp/hard\libc_nano.a(lib_a-nano-mallocr.o)
 .bss           0x204021d9        0x0 c:/nxp/s32ds.3.5/s32ds/build_tools/gcc_v10.2/gcc-10.2-arm32-eabi/bin/../lib/gcc/arm-none-eabi/10.2.0/../../../../arm-none-eabi/lib/thumb/v7e-m+fp/hard\libc_nano.a(lib_a-nano-reallocr.o)
 .bss           0x204021d9        0x0 c:/nxp/s32ds.3.5/s32ds/build_tools/gcc_v10.2/gcc-10.2-arm32-eabi/bin/../lib/gcc/arm-none-eabi/10.2.0/../../../../arm-none-eabi/lib/thumb/v7e-m+fp/hard\libc_nano.a(lib_a-sbrkr.o)
 .bss           0x204021d9        0x0 c:/nxp/s32ds.3.5/s32ds/build_tools/gcc_v10.2/gcc-10.2-arm32-eabi/bin/../lib/gcc/arm-none-eabi/10.2.0/../../../../arm-none-eabi/lib/thumb/v7e-m+fp/hard\libc_nano.a(lib_a-mlock.o)
 .bss           0x204021d9        0x0 c:/nxp/s32ds.3.5/s32ds/build_tools/gcc_v10.2/gcc-10.2-arm32-eabi/bin/../lib/gcc/arm-none-eabi/10.2.0/../../../../arm-none-eabi/lib/thumb/v7e-m+fp/hard\libc_nano.a(lib_a-nano-msizer.o)
 .bss           0x204021d9        0x0 c:/nxp/s32ds.3.5/s32ds/build_tools/gcc_v10.2/gcc-10.2-arm32-eabi/bin/../lib/gcc/arm-none-eabi/10.2.0/../../../../arm-none-eabi/lib/thumb/v7e-m+fp/hard\libc_nano.a(lib_a-reent.o)
 .bss           0x204021d9        0x0 c:/nxp/s32ds.3.5/s32ds/build_tools/gcc_v10.2/gcc-10.2-arm32-eabi/bin/../lib/gcc/arm-none-eabi/10.2.0/../../../../arm-none-eabi/lib/thumb/v7e-m+fp/hard\libnosys.a(sbrk.o)
 *(.bss*)
 *fill*         0x204021d9        0x3 
 .bss.__malloc_free_list
                0x204021dc        0x4 c:/nxp/s32ds.3.5/s32ds/build_tools/gcc_v10.2/gcc-10.2-arm32-eabi/bin/../lib/gcc/arm-none-eabi/10.2.0/../../../../arm-none-eabi/lib/thumb/v7e-m+fp/hard\libc_nano.a(lib_a-nano-mallocr.o)
                0x204021dc                __malloc_free_list
 .bss.__malloc_sbrk_start
                0x204021e0        0x4 c:/nxp/s32ds.3.5/s32ds/build_tools/gcc_v10.2/gcc-10.2-arm32-eabi/bin/../lib/gcc/arm-none-eabi/10.2.0/../../../../arm-none-eabi/lib/thumb/v7e-m+fp/hard\libc_nano.a(lib_a-nano-mallocr.o)
                0x204021e0                __malloc_sbrk_start
 .bss.errno     0x204021e4        0x4 c:/nxp/s32ds.3.5/s32ds/build_tools/gcc_v10.2/gcc-10.2-arm32-eabi/bin/../lib/gcc/arm-none-eabi/10.2.0/../../../../arm-none-eabi/lib/thumb/v7e-m+fp/hard\libc_nano.a(lib_a-reent.o)
                0x204021e4                errno
 .bss.heap_end.0
                0x204021e8        0x4 c:/nxp/s32ds.3.5/s32ds/build_tools/gcc_v10.2/gcc-10.2-arm32-eabi/bin/../lib/gcc/arm-none-eabi/10.2.0/../../../../arm-none-eabi/lib/thumb/v7e-m+fp/hard\libnosys.a(sbrk.o)
                0x204021f0                . = ALIGN (0x10)
 *fill*         0x204021ec        0x4 
 *(.mcal_bss)
 .mcal_bss      0x204021f0        0x4 ./Project_Settings/Startup_Code/system.o
                0x204021f0                RESET_CATCH_CORE
 .mcal_bss      0x204021f4       0x99 ./RTD/src/Clock_Ip.o
                0x204021f8                Clock_Ip_FreqIds
                0x20402288                Clock_Ip_pxConfig
 *fill*         0x2040228d        0x3 
 .mcal_bss      0x20402290       0x10 ./RTD/src/Clock_Ip_Monitor.o
 .mcal_bss      0x204022a0        0x4 ./RTD/src/Clock_Ip_ProgFreqSwitch.o
 .mcal_bss      0x204022a4        0xc ./RTD/src/Clock_Ip_Specific.o
 .mcal_bss      0x204022b0        0x8 ./RTD/src/Siul2_Port_Ip.o
                0x204022b8                . = ALIGN (0x4)
                0x204022b8                __sram_bss_end = .

.sram_data      0x204022b8      0x11c load address 0x0040a888
                0x204022b8                . = ALIGN (0x4)
                0x204022b8                __sram_data_begin__ = .
                0x204022b8                . = ALIGN (0x4)
 *(.ramcode)
 .ramcode       0x204022b8       0x90 ./RTD/src/Clock_Ip_Specific.o
                0x20402348                . = ALIGN (0x4)
 *(.data)
 .data          0x20402348        0x0 ./FreeRTOS/Source/croutine.o
 .data          0x20402348        0x0 ./FreeRTOS/Source/event_groups.o
 .data          0x20402348        0x0 ./FreeRTOS/Source/list.o
 .data          0x20402348        0x0 ./FreeRTOS/Source/queue.o
 .data          0x20402348        0x0 ./FreeRTOS/Source/stream_buffer.o
 .data          0x20402348        0x4 ./FreeRTOS/Source/tasks.o
                0x20402348                uxTopUsedPriority
 .data          0x2040234c        0x0 ./FreeRTOS/Source/timers.o
 .data          0x2040234c        0x4 ./FreeRTOS/Source/portable/GCC/ARM_CM7/r0p1/port.o
 .data          0x20402350        0x0 ./FreeRTOS/Source/portable/MemMang/heap_1.o
 .data          0x20402350        0x0 ./Project_Settings/Startup_Code/Vector_Table.o
 .data          0x20402350        0x0 ./Project_Settings/Startup_Code/exceptions.o
 .data          0x20402350        0x0 ./Project_Settings/Startup_Code/nvic.o
 .data          0x20402350        0x0 ./Project_Settings/Startup_Code/startup.o
 .data          0x20402350        0x0 ./Project_Settings/Startup_Code/startup_cm7.o
 .data          0x20402350        0x0 ./Project_Settings/Startup_Code/system.o
 .data          0x20402350        0x4 ./RTD/src/Clock_Ip.o
 .data          0x20402354        0x0 ./RTD/src/Clock_Ip_Data.o
 .data          0x20402354        0x0 ./RTD/src/Clock_Ip_Divider.o
 .data          0x20402354        0x0 ./RTD/src/Clock_Ip_DividerTrigger.o
 .data          0x20402354        0x0 ./RTD/src/Clock_Ip_ExtOsc.o
 .data          0x20402354        0x0 ./RTD/src/Clock_Ip_FracDiv.o
 .data          0x20402354        0x0 ./RTD/src/Clock_Ip_Frequency.o
 .data          0x20402354        0x0 ./RTD/src/Clock_Ip_Gate.o
 .data          0x20402354        0x0 ./RTD/src/Clock_Ip_IntOsc.o
 .data          0x20402354        0x0 ./RTD/src/Clock_Ip_Irq.o
 .data          0x20402354        0x0 ./RTD/src/Clock_Ip_Monitor.o
 .data          0x20402354        0x0 ./RTD/src/Clock_Ip_Pll.o
 .data          0x20402354        0x0 ./RTD/src/Clock_Ip_ProgFreqSwitch.o
 .data          0x20402354        0x0 ./RTD/src/Clock_Ip_Selector.o
 .data          0x20402354        0x0 ./RTD/src/Clock_Ip_Specific.o
 .data          0x20402354        0x0 ./RTD/src/Det.o
 .data          0x20402354        0x0 ./RTD/src/Det_stub.o
 .data          0x20402354        0x0 ./RTD/src/Igf_Port_Ip.o
 .data          0x20402354        0x0 ./RTD/src/OsIf_Interrupts.o
 .data          0x20402354        0x0 ./RTD/src/OsIf_Timer.o
 .data          0x20402354        0x0 ./RTD/src/OsIf_Timer_System.o
 .data          0x20402354        0x0 ./RTD/src/OsIf_Timer_System_Internal_Systick.o
 .data          0x20402354        0x0 ./RTD/src/SchM_Dio.o
 .data          0x20402354        0x0 ./RTD/src/SchM_Mcu.o
 .data          0x20402354        0x0 ./RTD/src/SchM_Port.o
 .data          0x20402354        0x0 ./RTD/src/Siul2_Dio_Ip.o
 .data          0x20402354        0x0 ./RTD/src/Siul2_Port_Ip.o
 .data          0x20402354        0x0 ./RTD/src/Tspc_Port_Ip.o
 .data          0x20402354        0x0 ./board/Siul2_Port_Ip_Cfg.o
 .data          0x20402354        0x0 ./board/Tspc_Port_Ip_Cfg.o
 .data          0x20402354        0x0 ./generate/src/Clock_Ip_Cfg.o
 .data          0x20402354        0x0 ./generate/src/Igf_Port_Ip_Cfg.o
 .data          0x20402354        0x0 ./generate/src/OsIf_Cfg.o
 .data          0x20402354       0x18 ./src/main.o
                0x20402354                status
                0x20402356                GREEN_LED
                0x20402358                GPIOC_L
                0x2040235c                RED_LED
                0x20402360                GPIOA_H
                0x20402364                GPIOA_L
                0x20402368                GPIOC_H
 .data          0x2040236c        0x0 c:/nxp/s32ds.3.5/s32ds/build_tools/gcc_v10.2/gcc-10.2-arm32-eabi/bin/../lib/gcc/arm-none-eabi/10.2.0/../../../../arm-none-eabi/lib/thumb/v7e-m+fp/hard\libc_nano.a(lib_a-memcpy-stub.o)
 .data          0x2040236c        0x0 c:/nxp/s32ds.3.5/s32ds/build_tools/gcc_v10.2/gcc-10.2-arm32-eabi/bin/../lib/gcc/arm-none-eabi/10.2.0/../../../../arm-none-eabi/lib/thumb/v7e-m+fp/hard\libc_nano.a(lib_a-memmove.o)
 .data          0x2040236c        0x0 c:/nxp/s32ds.3.5/s32ds/build_tools/gcc_v10.2/gcc-10.2-arm32-eabi/bin/../lib/gcc/arm-none-eabi/10.2.0/../../../../arm-none-eabi/lib/thumb/v7e-m+fp/hard\libc_nano.a(lib_a-memset.o)
 .data          0x2040236c        0x0 c:/nxp/s32ds.3.5/s32ds/build_tools/gcc_v10.2/gcc-10.2-arm32-eabi/bin/../lib/gcc/arm-none-eabi/10.2.0/../../../../arm-none-eabi/lib/thumb/v7e-m+fp/hard\libc_nano.a(lib_a-sprintf.o)
 .data          0x2040236c        0x0 c:/nxp/s32ds.3.5/s32ds/build_tools/gcc_v10.2/gcc-10.2-arm32-eabi/bin/../lib/gcc/arm-none-eabi/10.2.0/../../../../arm-none-eabi/lib/thumb/v7e-m+fp/hard\libc_nano.a(lib_a-strcpy.o)
 .data          0x2040236c        0x0 c:/nxp/s32ds.3.5/s32ds/build_tools/gcc_v10.2/gcc-10.2-arm32-eabi/bin/../lib/gcc/arm-none-eabi/10.2.0/../../../../arm-none-eabi/lib/thumb/v7e-m+fp/hard\libc_nano.a(lib_a-strlen.o)
 .data          0x2040236c        0x0 c:/nxp/s32ds.3.5/s32ds/build_tools/gcc_v10.2/gcc-10.2-arm32-eabi/bin/../lib/gcc/arm-none-eabi/10.2.0/../../../../arm-none-eabi/lib/thumb/v7e-m+fp/hard\libc_nano.a(lib_a-impure.o)
 .data          0x2040236c        0x0 c:/nxp/s32ds.3.5/s32ds/build_tools/gcc_v10.2/gcc-10.2-arm32-eabi/bin/../lib/gcc/arm-none-eabi/10.2.0/../../../../arm-none-eabi/lib/thumb/v7e-m+fp/hard\libc_nano.a(lib_a-nano-svfprintf.o)
 .data          0x2040236c        0x0 c:/nxp/s32ds.3.5/s32ds/build_tools/gcc_v10.2/gcc-10.2-arm32-eabi/bin/../lib/gcc/arm-none-eabi/10.2.0/../../../../arm-none-eabi/lib/thumb/v7e-m+fp/hard\libc_nano.a(lib_a-nano-vfprintf_i.o)
 .data          0x2040236c        0x0 c:/nxp/s32ds.3.5/s32ds/build_tools/gcc_v10.2/gcc-10.2-arm32-eabi/bin/../lib/gcc/arm-none-eabi/10.2.0/../../../../arm-none-eabi/lib/thumb/v7e-m+fp/hard\libc_nano.a(lib_a-memchr.o)
 .data          0x2040236c        0x0 c:/nxp/s32ds.3.5/s32ds/build_tools/gcc_v10.2/gcc-10.2-arm32-eabi/bin/../lib/gcc/arm-none-eabi/10.2.0/../../../../arm-none-eabi/lib/thumb/v7e-m+fp/hard\libc_nano.a(lib_a-nano-freer.o)
 .data          0x2040236c        0x0 c:/nxp/s32ds.3.5/s32ds/build_tools/gcc_v10.2/gcc-10.2-arm32-eabi/bin/../lib/gcc/arm-none-eabi/10.2.0/../../../../arm-none-eabi/lib/thumb/v7e-m+fp/hard\libc_nano.a(lib_a-nano-mallocr.o)
 .data          0x2040236c        0x0 c:/nxp/s32ds.3.5/s32ds/build_tools/gcc_v10.2/gcc-10.2-arm32-eabi/bin/../lib/gcc/arm-none-eabi/10.2.0/../../../../arm-none-eabi/lib/thumb/v7e-m+fp/hard\libc_nano.a(lib_a-nano-reallocr.o)
 .data          0x2040236c        0x0 c:/nxp/s32ds.3.5/s32ds/build_tools/gcc_v10.2/gcc-10.2-arm32-eabi/bin/../lib/gcc/arm-none-eabi/10.2.0/../../../../arm-none-eabi/lib/thumb/v7e-m+fp/hard\libc_nano.a(lib_a-sbrkr.o)
 .data          0x2040236c        0x0 c:/nxp/s32ds.3.5/s32ds/build_tools/gcc_v10.2/gcc-10.2-arm32-eabi/bin/../lib/gcc/arm-none-eabi/10.2.0/../../../../arm-none-eabi/lib/thumb/v7e-m+fp/hard\libc_nano.a(lib_a-mlock.o)
 .data          0x2040236c        0x0 c:/nxp/s32ds.3.5/s32ds/build_tools/gcc_v10.2/gcc-10.2-arm32-eabi/bin/../lib/gcc/arm-none-eabi/10.2.0/../../../../arm-none-eabi/lib/thumb/v7e-m+fp/hard\libc_nano.a(lib_a-nano-msizer.o)
 .data          0x2040236c        0x0 c:/nxp/s32ds.3.5/s32ds/build_tools/gcc_v10.2/gcc-10.2-arm32-eabi/bin/../lib/gcc/arm-none-eabi/10.2.0/../../../../arm-none-eabi/lib/thumb/v7e-m+fp/hard\libc_nano.a(lib_a-reent.o)
 .data          0x2040236c        0x0 c:/nxp/s32ds.3.5/s32ds/build_tools/gcc_v10.2/gcc-10.2-arm32-eabi/bin/../lib/gcc/arm-none-eabi/10.2.0/../../../../arm-none-eabi/lib/thumb/v7e-m+fp/hard\libnosys.a(sbrk.o)
 *(.data*)
 .data._impure_ptr
                0x2040236c        0x4 c:/nxp/s32ds.3.5/s32ds/build_tools/gcc_v10.2/gcc-10.2-arm32-eabi/bin/../lib/gcc/arm-none-eabi/10.2.0/../../../../arm-none-eabi/lib/thumb/v7e-m+fp/hard\libc_nano.a(lib_a-impure.o)
                0x2040236c                _impure_ptr
 .data.impure_data
                0x20402370       0x60 c:/nxp/s32ds.3.5/s32ds/build_tools/gcc_v10.2/gcc-10.2-arm32-eabi/bin/../lib/gcc/arm-none-eabi/10.2.0/../../../../arm-none-eabi/lib/thumb/v7e-m+fp/hard\libc_nano.a(lib_a-impure.o)
                0x204023d0                . = ALIGN (0x4)
 *(.mcal_data)
 .mcal_data     0x204023d0        0x4 ./RTD/src/Siul2_Dio_Ip.o
                0x204023d0                Siul2_Dio_Ip_au32BaseAdresses
                0x204023d4                . = ALIGN (0x4)
                0x204023d4                __sram_data_end__ = .
                0x0040a9a4                __sram_data_rom_end = (__sram_data_rom + (__sram_data_end__ - __sram_data_begin__))

.heap           0x204023d4     0x2000 load address 0x0040a9a4
                0x00000000                . = (. + ALIGN (0x4))
                0x204023d4                _end = .
                0x204023d4                end = .
                0x204023d4                _heap_start = .
                0x00002000                . = (. + HEAP_SIZE)
 *fill*         0x204023d4     0x2000 
                0x204043d4                _heap_end = .

.acfls_code_ram
                0x2042ff00        0x0
                0x2042ff00                acfls_code_ram_start = .
 *(.acfls_code_ram)
                0x2042ff00                acfls_code_ram_stop = .
                0x0040a9a4                __non_cacheable_data_rom = __sram_data_rom_end

.non_cacheable_data
                0x20430000        0x4 load address 0x0040a9a4
                0x20430000                . = ALIGN (0x4)
                0x20430000                __non_cacheable_data_start__ = .
 *(.mcal_data_no_cacheable)
                0x20430000                . = ALIGN (0x4)
 *(.mcal_const_no_cacheable)
                0x20430000                . = ALIGN (0x4)
                0x20430000                HSE_LOOP_ADDR = .
                0x20430000        0x4 LONG 0x0
                0x20430004                __non_cacheable_data_end__ = .
                0x0040a9a8                __non_cacheable_data_rom_end = (__non_cacheable_data_rom + (__non_cacheable_data_end__ - __non_cacheable_data_start__))

.igot.plt       0x20430004        0x0 load address 0x0040a9a8
 .igot.plt      0x20430004        0x0 ./FreeRTOS/Source/event_groups.o

.non_cacheable_bss
                0x20430004      0x468 load address 0x0040a9a8
                0x20430010                . = ALIGN (0x10)
 *fill*         0x20430004        0xc 
                0x20430010                __non_cacheable_bss_start = .
 *(.mcal_bss_no_cacheable)
 .mcal_bss_no_cacheable
                0x20430010       0x3c ./RTD/src/Det.o
                0x20430010                Det_TransientModuleId
                0x20430018                Det_ApiId
                0x2043001c                Det_TransientInstanceId
                0x20430020                Det_ErrorId
                0x20430024                Det_TransientApiId
                0x20430028                Det_RuntimeModuleId
                0x20430030                Det_TransientFaultId
                0x20430034                Det_RuntimeInstanceId
                0x20430038                Det_RuntimeApiId
                0x2043003c                Det_ModuleId
                0x20430044                Det_RuntimeErrorId
                0x20430048                Det_InstanceId
 .mcal_bss_no_cacheable
                0x2043004c       0x40 ./RTD/src/SchM_Dio.o
 .mcal_bss_no_cacheable
                0x2043008c       0x60 ./RTD/src/SchM_Mcu.o
 .mcal_bss_no_cacheable
                0x204300ec      0x380 ./RTD/src/SchM_Port.o
                0x2043046c                . = ALIGN (0x4)
                0x2043046c                __non_cacheable_bss_end = .

.int_results    0x2043ff00      0x100
                0x2043ff00                . = ALIGN (0x4)
 *(.int_results)
                0x20440000                . = (. + 0x100)
 *fill*         0x2043ff00      0x100 
                0x0040a9a8                __shareable_data_rom = __non_cacheable_data_rom_end

.shareable_data
                0x20440000        0x0 load address 0x0040a9a8
                0x20440000                . = ALIGN (0x4)
                0x20440000                __shareable_data_start__ = .
 *(.mcal_shared_data)
                0x20440000                . = ALIGN (0x4)
                0x20440000                __shareable_data_end__ = .
                0x0040a9a8                __shareable_data_rom_end = (__shareable_data_rom + (__shareable_data_end__ - __shareable_data_start__))

.int_vector     0x20000000      0x408
                0x20000000                . = ALIGN (0x800)
                0x20000000                __interrupts_ram_start = .
                0x20000408                . = (. + (__interrupts_init_end - __interrupts_init_start))
 *fill*         0x20000000      0x408 
                0x20000408                . = ALIGN (0x4)
                0x20000408                __interrupts_ram_end = .
                0x0040a9a8                __tcm_data_rom = __shareable_data_rom_end

.data_tcm_data  0x20000408        0x0 load address 0x0040a9a8
                0x20000408                . = ALIGN (0x4)
                0x20000408                __dtcm_data_start__ = .
 *(.dtcm_data*)
                0x20000408                . = ALIGN (0x4)
                0x20000408                __dtcm_data_end__ = .
                0x0040a9a8                __tcm_data_rom_end = (__tcm_data_rom + (__dtcm_data_end__ - __dtcm_data_start__))

.bss_tcm_data   0x20000408        0x0
                0x20000408                . = ALIGN (0x4)
                0x20000408                __dtcm_bss_start__ = .
 *(.dtcm_bss*)
                0x20000408                . = ALIGN (0x4)
                0x20000408                __dtcm_bss_end__ = .
                0x0040a9a8                __tcm_code_rom_start = __tcm_data_rom_end

.itcm_text      0x00000000        0x0 load address 0x0040a9a8
                0x00000000                . = ALIGN (0x4)
                0x00000000                __itcm_start__ = .
 *(.itcm_text*)
                0x00000000                . = ALIGN (0x4)
                0x00000000                __itcm_end__ = .
                0x0040a9a8                __tcm_code_rom_end = (__tcm_code_rom_start + (__itcm_end__ - __itcm_start__))

.shareable_bss  0x20440000        0x0
                0x20440000                . = ALIGN (0x10)
                0x20440000                __shareable_bss_start = .
 *(.mcal_shared_bss)
                0x20440000                . = ALIGN (0x4)
                0x20440000                __shareable_bss_end = .
                0x2001f000                __Stack_dtcm_end = ORIGIN (int_stack_dtcm)
                0x20020000                __Stack_dtcm_start = (ORIGIN (int_stack_dtcm) + LENGTH (int_stack_dtcm))
                0x20400000                __INT_SRAM_START = ORIGIN (int_sram)
                0x20444000                __INT_SRAM_END = ORIGIN (ram_rsvd2)
                0x00000000                __INT_ITCM_START = ORIGIN (int_itcm)
                0x00010000                __INT_ITCM_END = (ORIGIN (int_itcm) + LENGTH (int_itcm))
                0x20000000                __INT_DTCM_START = ORIGIN (int_dtcm)
                0x20020000                __INT_DTCM_END = ((ORIGIN (int_dtcm) + LENGTH (int_dtcm)) + LENGTH (int_stack_dtcm))
                0x20440000                __RAM_SHAREABLE_START = ORIGIN (int_sram_shareable)
                0x20444000                __RAM_SHAREABLE_END = (ORIGIN (int_sram_shareable) + LENGTH (int_sram_shareable))
                0x0000000e                __RAM_SHAREABLE_SIZE = 0xe
                0x0040a9a8                __ROM_SHAREABLE_START = __shareable_data_rom
                0x0040a9a8                __ROM_SHAREABLE_END = __shareable_data_rom_end
                0x20430000                __RAM_NO_CACHEABLE_START = ORIGIN (int_sram_no_cacheable)
                0x2043ffff                __RAM_NO_CACHEABLE_END = (ORIGIN (int_sram_shareable) - 0x1)
                0x00000010                __RAM_NO_CACHEABLE_SIZE = 0x10
                0x0040a9a4                __ROM_NO_CACHEABLE_START = __non_cacheable_data_rom
                0x0040a9a8                __ROM_NO_CACHEABLE_END = __non_cacheable_data_rom_end
                0x204022b8                __RAM_CACHEABLE_START = __sram_data_begin__
                0x2042ffff                __RAM_CACHEABLE_END = (ORIGIN (int_sram_no_cacheable) - 0x1)
                0x00000012                __RAM_CACHEABLE_SIZE = 0x12
                0x0040a888                __ROM_CACHEABLE_START = __sram_data_rom
                0x0040a9a4                __ROM_CACHEABLE_END = __sram_data_rom_end
                0x00400000                __ROM_CODE_START = ORIGIN (int_pflash)
                0x10000000                __ROM_DATA_START = ORIGIN (int_dflash)
                0x20400000                __BSS_SRAM_START = __sram_bss_start
                0x204022b8                __BSS_SRAM_END = __sram_bss_end
                0x000022b8                __BSS_SRAM_SIZE = (__sram_bss_end - __sram_bss_start)
                0x20430010                __BSS_SRAM_NC_START = __non_cacheable_bss_start
                0x0000045c                __BSS_SRAM_NC_SIZE = (__non_cacheable_bss_end - __non_cacheable_bss_start)
                0x2043046c                __BSS_SRAM_NC_END = __non_cacheable_bss_end
                0x20440000                __BSS_SRAM_SH_START = __shareable_bss_start
                0x00000000                __BSS_SRAM_SH_SIZE = (__shareable_bss_end - __shareable_bss_start)
                0x20440000                __BSS_SRAM_SH_END = __shareable_bss_end
                0x20000000                __RAM_INTERRUPT_START = __interrupts_ram_start
                0x00400800                __INIT_INTERRUPT_START = __interrupts_init_start
                0x00400c08                __INIT_INTERRUPT_END = __interrupts_init_end
                0x00000000                __RAM_ITCM_START = __itcm_start__
                0x0040a9a8                __ROM_ITCM_START = __tcm_code_rom_start
                0x0040a9a8                __ROM_ITCM_END = __tcm_code_rom_end
                0x20000408                __RAM_DTCM_DATA_START = __dtcm_data_start__
                0x0040a9a8                __ROM_DTCM_DATA_START = __tcm_data_rom
                0x0040a9a8                __ROM_DTCM_END = __tcm_data_rom_end
                0x0040a820                __INIT_TABLE = __init_table
                0x0040a86c                __ZERO_TABLE = __zero_table
                0x00000001                __RAM_INIT = 0x1
                0x00000001                __ITCM_INIT = 0x1
                0x00000001                __DTCM_INIT = 0x1
                0x00408d4c                Fls_ACEraseRomStart = __acfls_code_rom_start
                0x00408db0                Fls_ACEraseRomEnd = __acfls_code_rom_end
                0x00000019                Fls_ACEraseSize = ((__acfls_code_rom_end - __acfls_code_rom_start) / 0x4)
                0x00408d4c                Fls_ACWriteRomStart = __acfls_code_rom_start
                0x00408db0                Fls_ACWriteRomEnd = __acfls_code_rom_end
                0x00000019                Fls_ACWriteSize = ((__acfls_code_rom_end - __acfls_code_rom_start) / 0x4)
                0x2042ff00                _ERASE_FUNC_ADDRESS_ = ADDR (.acfls_code_ram)
                0x2042ff00                _WRITE_FUNC_ADDRESS_ = ADDR (.acfls_code_ram)
                0x00400800                __ENTRY_VTABLE = __INIT_INTERRUPT_START
                0x00400800                __CORE0_VTOR = __INIT_INTERRUPT_START
                0x00400800                __CORE1_VTOR = __INIT_INTERRUPT_START
                0x00400800                __CORE2_VTOR = __INIT_INTERRUPT_START
                0x00000003                __INDEX_COPY_CORE2 = 0x3
                0x00000001                ASSERT ((__standby_ram_end__ <= __STANDBY_RAM_LIMIT_END), Memory for standby ram overflow)
OUTPUT(Led_Blink_K344.elf elf32-littlearm)
LOAD linker stubs

.debug_info     0x00000000    0x2771f
 .debug_info    0x00000000       0x6f ./FreeRTOS/Source/croutine.o
 .debug_info    0x0000006f      0xeef ./FreeRTOS/Source/event_groups.o
 .debug_info    0x00000f5e      0x2dd ./FreeRTOS/Source/list.o
 .debug_info    0x0000123b     0x255d ./FreeRTOS/Source/queue.o
 .debug_info    0x00003798     0x1d43 ./FreeRTOS/Source/stream_buffer.o
 .debug_info    0x000054db     0x39c2 ./FreeRTOS/Source/tasks.o
 .debug_info    0x00008e9d     0x15b2 ./FreeRTOS/Source/timers.o
 .debug_info    0x0000a44f      0x562 ./FreeRTOS/Source/portable/GCC/ARM_CM7/r0p1/port.o
 .debug_info    0x0000a9b1      0x1f2 ./FreeRTOS/Source/portable/MemMang/heap_1.o
 .debug_info    0x0000aba3      0x139 ./Project_Settings/Startup_Code/exceptions.o
 .debug_info    0x0000acdc      0x76a ./Project_Settings/Startup_Code/nvic.o
 .debug_info    0x0000b446      0x36f ./Project_Settings/Startup_Code/startup.o
 .debug_info    0x0000b7b5       0x22 ./Project_Settings/Startup_Code/startup_cm7.o
 .debug_info    0x0000b7d7      0xbb0 ./Project_Settings/Startup_Code/system.o
 .debug_info    0x0000c387     0x1fc6 ./RTD/src/Clock_Ip.o
 .debug_info    0x0000e34d     0x1676 ./RTD/src/Clock_Ip_Data.o
 .debug_info    0x0000f9c3      0xa42 ./RTD/src/Clock_Ip_Divider.o
 .debug_info    0x00010405      0x820 ./RTD/src/Clock_Ip_DividerTrigger.o
 .debug_info    0x00010c25      0xacf ./RTD/src/Clock_Ip_ExtOsc.o
 .debug_info    0x000116f4      0x5e3 ./RTD/src/Clock_Ip_FracDiv.o
 .debug_info    0x00011cd7      0x451 ./RTD/src/Clock_Ip_Frequency.o
 .debug_info    0x00012128      0xa04 ./RTD/src/Clock_Ip_Gate.o
 .debug_info    0x00012b2c      0xd4f ./RTD/src/Clock_Ip_IntOsc.o
 .debug_info    0x0001387b       0xb2 ./RTD/src/Clock_Ip_Irq.o
 .debug_info    0x0001392d     0x13ab ./RTD/src/Clock_Ip_Monitor.o
 .debug_info    0x00014cd8      0xaef ./RTD/src/Clock_Ip_Pll.o
 .debug_info    0x000157c7      0xfc0 ./RTD/src/Clock_Ip_ProgFreqSwitch.o
 .debug_info    0x00016787     0x1067 ./RTD/src/Clock_Ip_Selector.o
 .debug_info    0x000177ee     0x18d5 ./RTD/src/Clock_Ip_Specific.o
 .debug_info    0x000190c3      0x420 ./RTD/src/Det.o
 .debug_info    0x000194e3      0x471 ./RTD/src/Det_stub.o
 .debug_info    0x00019954       0x7d ./RTD/src/Igf_Port_Ip.o
 .debug_info    0x000199d1       0x7d ./RTD/src/OsIf_Interrupts.o
 .debug_info    0x00019a4e      0x2c7 ./RTD/src/OsIf_Timer.o
 .debug_info    0x00019d15       0x7d ./RTD/src/OsIf_Timer_System.o
 .debug_info    0x00019d92      0x196 ./RTD/src/OsIf_Timer_System_Internal_Systick.o
 .debug_info    0x00019f28      0x2ce ./RTD/src/SchM_Dio.o
 .debug_info    0x0001a1f6      0x39b ./RTD/src/SchM_Mcu.o
 .debug_info    0x0001a591     0x17a0 ./RTD/src/SchM_Port.o
 .debug_info    0x0001bd31     0x240e ./RTD/src/Siul2_Dio_Ip.o
 .debug_info    0x0001e13f     0x3000 ./RTD/src/Siul2_Port_Ip.o
 .debug_info    0x0002113f      0x347 ./RTD/src/Tspc_Port_Ip.o
 .debug_info    0x00021486     0x22f4 ./board/Siul2_Port_Ip_Cfg.o
 .debug_info    0x0002377a       0x7d ./board/Tspc_Port_Ip_Cfg.o
 .debug_info    0x000237f7      0xe14 ./generate/src/Clock_Ip_Cfg.o
 .debug_info    0x0002460b       0x7d ./generate/src/Igf_Port_Ip_Cfg.o
 .debug_info    0x00024688       0x7d ./generate/src/OsIf_Cfg.o
 .debug_info    0x00024705     0x301a ./src/main.o

.debug_abbrev   0x00000000     0x4eff
 .debug_abbrev  0x00000000       0x29 ./FreeRTOS/Source/croutine.o
 .debug_abbrev  0x00000029      0x2fd ./FreeRTOS/Source/event_groups.o
 .debug_abbrev  0x00000326      0x109 ./FreeRTOS/Source/list.o
 .debug_abbrev  0x0000042f      0x388 ./FreeRTOS/Source/queue.o
 .debug_abbrev  0x000007b7      0x351 ./FreeRTOS/Source/stream_buffer.o
 .debug_abbrev  0x00000b08      0x490 ./FreeRTOS/Source/tasks.o
 .debug_abbrev  0x00000f98      0x3ab ./FreeRTOS/Source/timers.o
 .debug_abbrev  0x00001343      0x28a ./FreeRTOS/Source/portable/GCC/ARM_CM7/r0p1/port.o
 .debug_abbrev  0x000015cd      0x175 ./FreeRTOS/Source/portable/MemMang/heap_1.o
 .debug_abbrev  0x00001742       0x47 ./Project_Settings/Startup_Code/exceptions.o
 .debug_abbrev  0x00001789      0x102 ./Project_Settings/Startup_Code/nvic.o
 .debug_abbrev  0x0000188b      0x119 ./Project_Settings/Startup_Code/startup.o
 .debug_abbrev  0x000019a4       0x12 ./Project_Settings/Startup_Code/startup_cm7.o
 .debug_abbrev  0x000019b6      0x229 ./Project_Settings/Startup_Code/system.o
 .debug_abbrev  0x00001bdf      0x39d ./RTD/src/Clock_Ip.o
 .debug_abbrev  0x00001f7c      0x14c ./RTD/src/Clock_Ip_Data.o
 .debug_abbrev  0x000020c8      0x21e ./RTD/src/Clock_Ip_Divider.o
 .debug_abbrev  0x000022e6      0x1b0 ./RTD/src/Clock_Ip_DividerTrigger.o
 .debug_abbrev  0x00002496      0x283 ./RTD/src/Clock_Ip_ExtOsc.o
 .debug_abbrev  0x00002719      0x163 ./RTD/src/Clock_Ip_FracDiv.o
 .debug_abbrev  0x0000287c       0x92 ./RTD/src/Clock_Ip_Frequency.o
 .debug_abbrev  0x0000290e      0x1ac ./RTD/src/Clock_Ip_Gate.o
 .debug_abbrev  0x00002aba      0x25d ./RTD/src/Clock_Ip_IntOsc.o
 .debug_abbrev  0x00002d17       0x6a ./RTD/src/Clock_Ip_Irq.o
 .debug_abbrev  0x00002d81      0x27d ./RTD/src/Clock_Ip_Monitor.o
 .debug_abbrev  0x00002ffe      0x231 ./RTD/src/Clock_Ip_Pll.o
 .debug_abbrev  0x0000322f      0x1aa ./RTD/src/Clock_Ip_ProgFreqSwitch.o
 .debug_abbrev  0x000033d9      0x2f8 ./RTD/src/Clock_Ip_Selector.o
 .debug_abbrev  0x000036d1      0x31b ./RTD/src/Clock_Ip_Specific.o
 .debug_abbrev  0x000039ec      0x14e ./RTD/src/Det.o
 .debug_abbrev  0x00003b3a       0xc5 ./RTD/src/Det_stub.o
 .debug_abbrev  0x00003bff       0x29 ./RTD/src/Igf_Port_Ip.o
 .debug_abbrev  0x00003c28       0x29 ./RTD/src/OsIf_Interrupts.o
 .debug_abbrev  0x00003c51      0x1a7 ./RTD/src/OsIf_Timer.o
 .debug_abbrev  0x00003df8       0x29 ./RTD/src/OsIf_Timer_System.o
 .debug_abbrev  0x00003e21      0x125 ./RTD/src/OsIf_Timer_System_Internal_Systick.o
 .debug_abbrev  0x00003f46      0x124 ./RTD/src/SchM_Dio.o
 .debug_abbrev  0x0000406a      0x124 ./RTD/src/SchM_Mcu.o
 .debug_abbrev  0x0000418e      0x124 ./RTD/src/SchM_Port.o
 .debug_abbrev  0x000042b2      0x298 ./RTD/src/Siul2_Dio_Ip.o
 .debug_abbrev  0x0000454a      0x385 ./RTD/src/Siul2_Port_Ip.o
 .debug_abbrev  0x000048cf      0x185 ./RTD/src/Tspc_Port_Ip.o
 .debug_abbrev  0x00004a54      0x146 ./board/Siul2_Port_Ip_Cfg.o
 .debug_abbrev  0x00004b9a       0x29 ./board/Tspc_Port_Ip_Cfg.o
 .debug_abbrev  0x00004bc3      0x103 ./generate/src/Clock_Ip_Cfg.o
 .debug_abbrev  0x00004cc6       0x29 ./generate/src/Igf_Port_Ip_Cfg.o
 .debug_abbrev  0x00004cef       0x29 ./generate/src/OsIf_Cfg.o
 .debug_abbrev  0x00004d18      0x1e7 ./src/main.o

.debug_aranges  0x00000000      0xb98
 .debug_aranges
                0x00000000       0x18 ./FreeRTOS/Source/croutine.o
 .debug_aranges
                0x00000018       0x20 ./FreeRTOS/Source/event_groups.o
 .debug_aranges
                0x00000038       0x20 ./FreeRTOS/Source/list.o
 .debug_aranges
                0x00000058       0x20 ./FreeRTOS/Source/queue.o
 .debug_aranges
                0x00000078       0x20 ./FreeRTOS/Source/stream_buffer.o
 .debug_aranges
                0x00000098       0x20 ./FreeRTOS/Source/tasks.o
 .debug_aranges
                0x000000b8       0x20 ./FreeRTOS/Source/timers.o
 .debug_aranges
                0x000000d8       0x20 ./FreeRTOS/Source/portable/GCC/ARM_CM7/r0p1/port.o
 .debug_aranges
                0x000000f8       0x20 ./FreeRTOS/Source/portable/MemMang/heap_1.o
 .debug_aranges
                0x00000118       0x68 ./Project_Settings/Startup_Code/exceptions.o
 .debug_aranges
                0x00000180       0x38 ./Project_Settings/Startup_Code/nvic.o
 .debug_aranges
                0x000001b8       0x28 ./Project_Settings/Startup_Code/startup.o
 .debug_aranges
                0x000001e0       0x28 ./Project_Settings/Startup_Code/startup_cm7.o
 .debug_aranges
                0x00000208       0x38 ./Project_Settings/Startup_Code/system.o
 .debug_aranges
                0x00000240       0x98 ./RTD/src/Clock_Ip.o
 .debug_aranges
                0x000002d8       0x18 ./RTD/src/Clock_Ip_Data.o
 .debug_aranges
                0x000002f0       0x38 ./RTD/src/Clock_Ip_Divider.o
 .debug_aranges
                0x00000328       0x30 ./RTD/src/Clock_Ip_DividerTrigger.o
 .debug_aranges
                0x00000358       0x60 ./RTD/src/Clock_Ip_ExtOsc.o
 .debug_aranges
                0x000003b8       0x28 ./RTD/src/Clock_Ip_FracDiv.o
 .debug_aranges
                0x000003e0       0x20 ./RTD/src/Clock_Ip_Frequency.o
 .debug_aranges
                0x00000400       0x38 ./RTD/src/Clock_Ip_Gate.o
 .debug_aranges
                0x00000438       0x60 ./RTD/src/Clock_Ip_IntOsc.o
 .debug_aranges
                0x00000498       0x20 ./RTD/src/Clock_Ip_Irq.o
 .debug_aranges
                0x000004b8       0x60 ./RTD/src/Clock_Ip_Monitor.o
 .debug_aranges
                0x00000518       0x50 ./RTD/src/Clock_Ip_Pll.o
 .debug_aranges
                0x00000568       0x28 ./RTD/src/Clock_Ip_ProgFreqSwitch.o
 .debug_aranges
                0x00000590       0x58 ./RTD/src/Clock_Ip_Selector.o
 .debug_aranges
                0x000005e8       0x78 ./RTD/src/Clock_Ip_Specific.o
 .debug_aranges
                0x00000660       0x38 ./RTD/src/Det.o
 .debug_aranges
                0x00000698       0x48 ./RTD/src/Det_stub.o
 .debug_aranges
                0x000006e0       0x18 ./RTD/src/Igf_Port_Ip.o
 .debug_aranges
                0x000006f8       0x18 ./RTD/src/OsIf_Interrupts.o
 .debug_aranges
                0x00000710       0x40 ./RTD/src/OsIf_Timer.o
 .debug_aranges
                0x00000750       0x18 ./RTD/src/OsIf_Timer_System.o
 .debug_aranges
                0x00000768       0x30 ./RTD/src/OsIf_Timer_System_Internal_Systick.o
 .debug_aranges
                0x00000798       0x40 ./RTD/src/SchM_Dio.o
 .debug_aranges
                0x000007d8       0x50 ./RTD/src/SchM_Mcu.o
 .debug_aranges
                0x00000828      0x1e0 ./RTD/src/SchM_Port.o
 .debug_aranges
                0x00000a08       0x70 ./RTD/src/Siul2_Dio_Ip.o
 .debug_aranges
                0x00000a78       0x60 ./RTD/src/Siul2_Port_Ip.o
 .debug_aranges
                0x00000ad8       0x28 ./RTD/src/Tspc_Port_Ip.o
 .debug_aranges
                0x00000b00       0x18 ./board/Siul2_Port_Ip_Cfg.o
 .debug_aranges
                0x00000b18       0x18 ./board/Tspc_Port_Ip_Cfg.o
 .debug_aranges
                0x00000b30       0x18 ./generate/src/Clock_Ip_Cfg.o
 .debug_aranges
                0x00000b48       0x18 ./generate/src/Igf_Port_Ip_Cfg.o
 .debug_aranges
                0x00000b60       0x18 ./generate/src/OsIf_Cfg.o
 .debug_aranges
                0x00000b78       0x20 ./src/main.o

.debug_macro    0x00000000    0x55c1e
 .debug_macro   0x00000000       0xde ./FreeRTOS/Source/croutine.o
 .debug_macro   0x000000de      0xa9c ./FreeRTOS/Source/croutine.o
 .debug_macro   0x00000b7a      0x16d ./FreeRTOS/Source/croutine.o
 .debug_macro   0x00000ce7       0x22 ./FreeRTOS/Source/croutine.o
 .debug_macro   0x00000d09       0x56 ./FreeRTOS/Source/croutine.o
 .debug_macro   0x00000d5f       0x51 ./FreeRTOS/Source/croutine.o
 .debug_macro   0x00000db0      0x103 ./FreeRTOS/Source/croutine.o
 .debug_macro   0x00000eb3       0x6a ./FreeRTOS/Source/croutine.o
 .debug_macro   0x00000f1d      0x1df ./FreeRTOS/Source/croutine.o
 .debug_macro   0x000010fc      0x1ba ./FreeRTOS/Source/croutine.o
 .debug_macro   0x000012b6      0x15a ./FreeRTOS/Source/croutine.o
 .debug_macro   0x00001410       0xcf ./FreeRTOS/Source/croutine.o
 .debug_macro   0x000014df       0x28 ./FreeRTOS/Source/croutine.o
 .debug_macro   0x00001507       0x1f ./FreeRTOS/Source/croutine.o
 .debug_macro   0x00001526       0x12 ./FreeRTOS/Source/croutine.o
 .debug_macro   0x00001538      0x471 ./FreeRTOS/Source/croutine.o
 .debug_macro   0x000019a9       0xc3 ./FreeRTOS/Source/croutine.o
 .debug_macro   0x00001a6c      0x120 ./FreeRTOS/Source/croutine.o
 .debug_macro   0x00001b8c       0x49 ./FreeRTOS/Source/croutine.o
 .debug_macro   0x00001bd5      0x1cf ./FreeRTOS/Source/event_groups.o
 .debug_macro   0x00001da4       0x18 ./FreeRTOS/Source/event_groups.o
 .debug_macro   0x00001dbc       0x52 ./FreeRTOS/Source/event_groups.o
 .debug_macro   0x00001e0e       0x5c ./FreeRTOS/Source/event_groups.o
 .debug_macro   0x00001e6a       0x35 ./FreeRTOS/Source/event_groups.o
 .debug_macro   0x00001e9f       0x34 ./FreeRTOS/Source/event_groups.o
 .debug_macro   0x00001ed3       0x16 ./FreeRTOS/Source/event_groups.o
 .debug_macro   0x00001ee9      0x10e ./FreeRTOS/Source/event_groups.o
 .debug_macro   0x00001ff7       0x86 ./FreeRTOS/Source/event_groups.o
 .debug_macro   0x0000207d       0x16 ./FreeRTOS/Source/event_groups.o
 .debug_macro   0x00002093       0x43 ./FreeRTOS/Source/event_groups.o
 .debug_macro   0x000020d6       0x57 ./FreeRTOS/Source/event_groups.o
 .debug_macro   0x0000212d       0x34 ./FreeRTOS/Source/event_groups.o
 .debug_macro   0x00002161       0x10 ./FreeRTOS/Source/event_groups.o
 .debug_macro   0x00002171       0x52 ./FreeRTOS/Source/event_groups.o
 .debug_macro   0x000021c3      0x182 ./FreeRTOS/Source/event_groups.o
 .debug_macro   0x00002345      0x356 ./FreeRTOS/Source/event_groups.o
 .debug_macro   0x0000269b       0x22 ./FreeRTOS/Source/event_groups.o
 .debug_macro   0x000026bd       0x91 ./FreeRTOS/Source/event_groups.o
 .debug_macro   0x0000274e      0x180 ./FreeRTOS/Source/list.o
 .debug_macro   0x000028ce      0x1fe ./FreeRTOS/Source/queue.o
 .debug_macro   0x00002acc       0x16 ./FreeRTOS/Source/queue.o
 .debug_macro   0x00002ae2       0x35 ./FreeRTOS/Source/queue.o
 .debug_macro   0x00002b17       0x80 ./FreeRTOS/Source/queue.o
 .debug_macro   0x00002b97      0x1da ./FreeRTOS/Source/stream_buffer.o
 .debug_macro   0x00002d71       0x58 ./FreeRTOS/Source/stream_buffer.o
 .debug_macro   0x00002dc9       0x10 ./FreeRTOS/Source/stream_buffer.o
 .debug_macro   0x00002dd9       0x18 ./FreeRTOS/Source/stream_buffer.o
 .debug_macro   0x00002df1      0x2a8 ./FreeRTOS/Source/tasks.o
 .debug_macro   0x00003099       0x17 ./FreeRTOS/Source/tasks.o
 .debug_macro   0x000030b0       0x1c ./FreeRTOS/Source/tasks.o
 .debug_macro   0x000030cc       0x10 ./FreeRTOS/Source/tasks.o
 .debug_macro   0x000030dc       0xbe ./FreeRTOS/Source/tasks.o
 .debug_macro   0x0000319a       0x16 ./FreeRTOS/Source/tasks.o
 .debug_macro   0x000031b0      0x129 ./FreeRTOS/Source/tasks.o
 .debug_macro   0x000032d9      0x1cf ./FreeRTOS/Source/timers.o
 .debug_macro   0x000034a8       0x97 ./FreeRTOS/Source/timers.o
 .debug_macro   0x0000353f      0x195 ./FreeRTOS/Source/portable/GCC/ARM_CM7/r0p1/port.o
 .debug_macro   0x000036d4      0x195 ./FreeRTOS/Source/portable/MemMang/heap_1.o
 .debug_macro   0x00003869      0x164 ./Project_Settings/Startup_Code/exceptions.o
 .debug_macro   0x000039cd       0x22 ./Project_Settings/Startup_Code/exceptions.o
 .debug_macro   0x000039ef       0x82 ./Project_Settings/Startup_Code/exceptions.o
 .debug_macro   0x00003a71      0x97b ./Project_Settings/Startup_Code/exceptions.o